[GC (Allocation Failure) [DefNew: 13129K->1600K(14784K), 0.0039379 secs] 13129K->1834K(47552K), 0.0039679 secs] [Times: user=0.01 sys=0.01, real=0.00 secs] 
[GC (Allocation Failure) [DefNew: 14784K->1089K(14784K), 0.0048802 secs] 15018K->2916K(47552K), 0.0049083 secs] [Times: user=0.01 sys=0.00, real=0.00 secs] 
[GC (Allocation Failure) [DefNew: 14273K->699K(14784K), 0.0026842 secs] 16100K->3212K(47552K), 0.0027120 secs] [Times: user=0.00 sys=0.00, real=0.00 secs] 
[GC (Allocation Failure) [DefNew: 13883K->953K(14784K), 0.0019456 secs] 16396K->3466K(47552K), 0.0019745 secs] [Times: user=0.00 sys=0.00, real=0.00 secs] 
[GC (Allocation Failure) [DefNew: 14137K->959K(14784K), 0.0029313 secs] 16650K->3817K(47552K), 0.0029593 secs] [Times: user=0.00 sys=0.00, real=0.00 secs] 
[GC (Allocation Failure) [DefNew: 14143K->446K(14784K), 0.0018738 secs] 17001K->3543K(47552K), 0.0019016 secs] [Times: user=0.01 sys=0.00, real=0.00 secs] 
[GC (Allocation Failure) [DefNew: 13630K->759K(14784K), 0.0022166 secs] 16727K->3857K(47552K), 0.0022462 secs] [Times: user=0.01 sys=0.00, real=0.01 secs] 
[GC (Allocation Failure) [DefNew: 13943K->1235K(14784K), 0.0026942 secs] 17041K->4332K(47552K), 0.0027198 secs] [Times: user=0.00 sys=0.00, real=0.00 secs] 
[GC (Allocation Failure) [DefNew: 14415K->117K(14784K), 0.0019160 secs] 17512K->3805K(47552K), 0.0019406 secs] [Times: user=0.01 sys=0.00, real=0.00 secs] 
[GC (Allocation Failure) [DefNew: 13301K->859K(14784K), 0.0021773 secs] 16989K->4546K(47552K), 0.0022040 secs] [Times: user=0.00 sys=0.00, real=0.00 secs] 
[GC (Allocation Failure) [DefNew: 14043K->447K(14784K), 0.0021216 secs] 17730K->4201K(47552K), 0.0021530 secs] [Times: user=0.00 sys=0.00, real=0.00 secs] 
[GC (Allocation Failure) [DefNew: 13631K->1518K(14784K), 0.0039715 secs] 17385K->5273K(47552K), 0.0040002 secs] [Times: user=0.00 sys=0.00, real=0.00 secs] 
[GC (Allocation Failure) [DefNew: 14702K->822K(14784K), 0.0040473 secs] 18457K->5499K(47552K), 0.0040708 secs] [Times: user=0.01 sys=0.00, real=0.00 secs] 
[GC (Allocation Failure) [DefNew: 14006K->826K(14784K), 0.0035927 secs] 18683K->5610K(47552K), 0.0036193 secs] [Times: user=0.00 sys=0.00, real=0.00 secs] 
[GC (Allocation Failure) [DefNew: 14010K->222K(14784K), 0.0023406 secs] 18794K->5710K(47552K), 0.0023662 secs] [Times: user=0.00 sys=0.00, real=0.00 secs] 
[GC (Allocation Failure) [DefNew: 13406K->820K(14784K), 0.0031612 secs] 18894K->6308K(47552K), 0.0031917 secs] [Times: user=0.00 sys=0.00, real=0.01 secs] 
[GC (Allocation Failure) [DefNew: 14004K->1196K(14784K), 0.0036947 secs] 19492K->6717K(47552K), 0.0037241 secs] [Times: user=0.00 sys=0.00, real=0.01 secs] 
[GC (Allocation Failure) [DefNew: 14380K->1599K(14784K), 0.0055289 secs] 19901K->8137K(47552K), 0.0055554 secs] [Times: user=0.02 sys=0.00, real=0.01 secs] 
[GC (Allocation Failure) [DefNew: 14783K->756K(14784K), 0.0072409 secs] 21321K->8840K(47552K), 0.0072753 secs] [Times: user=0.01 sys=0.00, real=0.01 secs] 
[GC (Allocation Failure) [DefNew: 13940K->1084K(14784K), 0.0033523 secs] 22024K->9168K(47552K), 0.0033775 secs] [Times: user=0.01 sys=0.00, real=0.00 secs] 
[GC (Allocation Failure) [DefNew: 14268K->540K(14784K), 0.0059456 secs] 22352K->9523K(47552K), 0.0059823 secs] [Times: user=0.01 sys=0.00, real=0.00 secs] 
[GC (Allocation Failure) [DefNew: 13724K->992K(14784K), 0.0030081 secs] 22707K->9975K(47552K), 0.0030353 secs] [Times: user=0.00 sys=0.00, real=0.00 secs] 
[GC (Allocation Failure) [DefNew: 14176K->1341K(14784K), 0.0036933 secs] 23159K->10520K(47552K), 0.0037190 secs] [Times: user=0.02 sys=0.00, real=0.01 secs] 
[GC (Allocation Failure) [DefNew: 14525K->1008K(14784K), 0.0545380 secs] 23704K->10892K(47552K), 0.0545680 secs] [Times: user=0.01 sys=0.00, real=0.06 secs] 
[GC (Allocation Failure) [DefNew: 14192K->268K(14784K), 0.0042353 secs] 24076K->10419K(47552K), 0.0042687 secs] [Times: user=0.01 sys=0.00, real=0.01 secs] 
[GC (Allocation Failure) [DefNew: 13452K->293K(14784K), 0.0021147 secs] 23603K->10444K(47552K), 0.0021393 secs] [Times: user=0.00 sys=0.00, real=0.00 secs] 
[GC (Allocation Failure) [DefNew: 13477K->411K(14784K), 0.0625142 secs] 23628K->10562K(47552K), 0.0625476 secs] [Times: user=0.01 sys=0.00, real=0.07 secs] 
[GC (Allocation Failure) [DefNew: 13595K->477K(14784K), 0.0020366 secs] 23746K->10628K(47552K), 0.0020615 secs] [Times: user=0.01 sys=0.00, real=0.00 secs] 
[Full GC (Metadata GC Threshold) [Tenured: 10150K->10706K(32768K), 0.0725482 secs] 15135K->10706K(47552K), [Metaspace: 20153K->20153K(1067008K)], 0.0726089 secs] [Times: user=0.06 sys=0.00, real=0.08 secs] 
[GC (Allocation Failure) [DefNew: 13248K->543K(14848K), 0.0026352 secs] 23954K->11250K(47616K), 0.0026617 secs] [Times: user=0.00 sys=0.00, real=0.00 secs] 
[GC (Allocation Failure) [DefNew: 13791K->1321K(14848K), 0.0068846 secs] 24498K->12028K(47616K), 0.0069185 secs] [Times: user=0.01 sys=0.00, real=0.00 secs] 
[GC (Allocation Failure) [DefNew: 14569K->189K(14848K), 0.0032855 secs] 25276K->11703K(47616K), 0.0033121 secs] [Times: user=0.00 sys=0.00, real=0.00 secs] 
[GC (Allocation Failure) [DefNew: 13437K->666K(14848K), 0.0024418 secs] 24951K->12181K(47616K), 0.0024711 secs] [Times: user=0.01 sys=0.00, real=0.00 secs] 
[GC (Allocation Failure) [DefNew: 13914K->896K(14848K), 0.0023563 secs] 25429K->12411K(47616K), 0.0023825 secs] [Times: user=0.00 sys=0.00, real=0.00 secs] 
[GC (Allocation Failure) [DefNew: 14144K->1168K(14848K), 0.0038033 secs] 25659K->12855K(47616K), 0.0038311 secs] [Times: user=0.01 sys=0.00, real=0.01 secs] 
[GC (Allocation Failure) [DefNew: 14416K->1379K(14848K), 0.0649199 secs] 26103K->13441K(47616K), 0.0649501 secs] [Times: user=0.02 sys=0.00, real=0.07 secs] 
[GC (Allocation Failure) [DefNew: 14627K->910K(14848K), 0.0053000 secs] 26689K->14343K(47616K), 0.0053309 secs] [Times: user=0.01 sys=0.00, real=0.00 secs] 
  _____  _____            _____          _____  ______ __  __ _____ _____            _____ _____ 
 / ____|/ ____|     /\   / ____|   /\   |  __ \|  ____|  \/  |_   _/ ____|     /\   |  __ \_   _|
| (___ | |         /  \ | |       /  \  | |  | | |__  | \  / | | || |         /  \  | |__) || |  
 \___ \| |        / /\ \| |      / /\ \ | |  | |  __| | |\/| | | || |        / /\ \ |  ___/ | |  
 ____) | |____   / ____ \ |____ / ____ \| |__| | |____| |  | |_| || |____   / ____ \| |    _| |_ 
|_____/ \_____| /_/    \_\_____/_/    \_\_____/|______|_|  |_|_____\_____| /_/    \_\_|   |_____|

[GC (Allocation Failure) [DefNew: 14158K->688K(14848K), 0.0035940 secs] 27591K->14829K(47616K), 0.0036217 secs] [Times: user=0.01 sys=0.00, real=0.00 secs] 
[GC (Allocation Failure) [DefNew: 13936K->1413K(14848K), 0.0033661 secs] 28077K->15553K(47616K), 0.0033955 secs] [Times: user=0.00 sys=0.00, real=0.00 secs] 
[GC (Allocation Failure) [DefNew: 14661K->549K(14848K), 0.0033598 secs] 28801K->15345K(47616K), 0.0033907 secs] [Times: user=0.01 sys=0.00, real=0.00 secs] 
[GC (Allocation Failure) [DefNew: 13797K->486K(14848K), 0.0021394 secs] 28593K->15282K(47616K), 0.0021697 secs] [Times: user=0.01 sys=0.00, real=0.01 secs] 
[GC (Allocation Failure) [DefNew: 13734K->575K(14848K), 0.0527456 secs] 28530K->15371K(47616K), 0.0527758 secs] [Times: user=0.01 sys=0.00, real=0.06 secs] 
[GC (Allocation Failure) [DefNew: 13822K->725K(14848K), 0.0028150 secs] 28618K->15521K(47616K), 0.0028395 secs] [Times: user=0.00 sys=0.00, real=0.00 secs] 
[GC (Allocation Failure) [DefNew: 13973K->1300K(14848K), 0.0035620 secs] 28769K->16096K(47616K), 0.0035894 secs] [Times: user=0.00 sys=0.00, real=0.01 secs] 
[GC (Allocation Failure) [DefNew: 14548K->903K(14848K), 0.0042835 secs] 29344K->16191K(47616K), 0.0043095 secs] [Times: user=0.01 sys=0.00, real=0.00 secs] 
2025-06-11 12:06:19.543  INFO 1 --- [           main] b.c.PropertySourceBootstrapConfiguration : Located property source: [BootstrapPropertySource {name='bootstrapProperties-configmap.sc-academic-api-config.predev'}]
[GC (Allocation Failure) [DefNew: 14151K->1089K(14848K), 0.0043167 secs] 29439K->16710K(47616K), 0.0043421 secs] [Times: user=0.01 sys=0.00, real=0.00 secs] 
2025-06-11 12:06:19.566  INFO 1 --- [           main] sg.gov.moe.sc.academic.ScAcademicApi     : The following profiles are active: kubernetes
[GC (Allocation Failure) [DefNew: 14337K->1283K(14848K), 0.0054865 secs] 29958K->17640K(47616K), 0.0055102 secs] [Times: user=0.00 sys=0.00, real=0.00 secs] 
[GC (Allocation Failure) [DefNew: 14531K->145K(14848K), 0.0024670 secs] 30888K->16743K(47616K), 0.0024901 secs] [Times: user=0.00 sys=0.00, real=0.01 secs] 
[GC (Allocation Failure) [DefNew: 13393K->833K(14848K), 0.0027021 secs] 29991K->17432K(47616K), 0.0027242 secs] [Times: user=0.01 sys=0.00, real=0.00 secs] 
[GC (Allocation Failure) [DefNew: 14081K->1019K(14848K), 0.0032643 secs] 30680K->17712K(47616K), 0.0032861 secs] [Times: user=0.01 sys=0.00, real=0.00 secs] 
[GC (Allocation Failure) [DefNew: 14267K->1600K(14848K), 0.0054908 secs] 30960K->18754K(47616K), 0.0055169 secs] [Times: user=0.00 sys=0.00, real=0.00 secs] 
[GC (Allocation Failure) [DefNew: 14848K->268K(14848K), 0.0642898 secs] 32002K->18804K(47616K), 0.0643180 secs] [Times: user=0.01 sys=0.00, real=0.07 secs] 
[GC (Allocation Failure) [DefNew: 13516K->1228K(14848K), 0.0033647 secs] 32052K->19764K(47616K), 0.0033914 secs] [Times: user=0.01 sys=0.00, real=0.01 secs] 
[GC (Allocation Failure) [DefNew: 14476K->567K(14848K), 0.0028093 secs] 33012K->19252K(47616K), 0.0028344 secs] [Times: user=0.01 sys=0.00, real=0.00 secs] 
[GC (Allocation Failure) [DefNew: 13815K->1004K(14848K), 0.0029985 secs] 32500K->19688K(47616K), 0.0030241 secs] [Times: user=0.01 sys=0.00, real=0.00 secs] 
[GC (Allocation Failure) [DefNew: 14252K->686K(14848K), 0.0035264 secs] 32936K->19793K(47616K), 0.0035519 secs] [Times: user=0.00 sys=0.00, real=0.00 secs] 
[GC (Allocation Failure) [DefNew: 13934K->913K(14848K), 0.0629233 secs] 33041K->20020K(47616K), 0.0629497 secs] [Times: user=0.02 sys=0.00, real=0.07 secs] 
[GC (Allocation Failure) [DefNew: 14161K->1273K(14848K), 0.0041029 secs] 33268K->20593K(47616K), 0.0041292 secs] [Times: user=0.01 sys=0.00, real=0.01 secs] 
[GC (Allocation Failure) [DefNew: 14521K->1392K(14848K), 0.0048334 secs] 33841K->21190K(47616K), 0.0048629 secs] [Times: user=0.01 sys=0.00, real=0.00 secs] 
[GC (Allocation Failure) [DefNew: 14640K->1599K(14848K), 0.0066177 secs] 34438K->22621K(47616K), 0.0066455 secs] [Times: user=0.00 sys=0.00, real=0.01 secs] 
[GC (Allocation Failure) [DefNew: 14847K->1599K(14848K), 0.0049918 secs] 35869K->22947K(47616K), 0.0050212 secs] [Times: user=0.00 sys=0.00, real=0.00 secs] 
[GC (Allocation Failure) [DefNew: 14847K->1600K(14848K), 0.0050022 secs] 36195K->23365K(47616K), 0.0050281 secs] [Times: user=0.00 sys=0.00, real=0.01 secs] 
[GC (Allocation Failure) [DefNew: 14848K->1599K(14848K), 0.0045557 secs] 36613K->23584K(47616K), 0.0045858 secs] [Times: user=0.01 sys=0.00, real=0.01 secs] 
[GC (Allocation Failure) [DefNew: 14847K->1599K(14848K), 0.0048404 secs] 36832K->23813K(47616K), 0.0048682 secs] [Times: user=0.00 sys=0.00, real=0.01 secs] 
[GC (Allocation Failure) [DefNew: 14847K->1599K(14848K), 0.0049543 secs] 37061K->24053K(47616K), 0.0049838 secs] [Times: user=0.01 sys=0.00, real=0.01 secs] 
[GC (Allocation Failure) [DefNew: 14847K->1599K(14848K), 0.0064734 secs] 37301K->24367K(47616K), 0.0065012 secs] [Times: user=0.00 sys=0.00, real=0.00 secs] 
[GC (Allocation Failure) [DefNew: 14847K->1600K(14848K), 0.0047898 secs] 37615K->24631K(47616K), 0.0048183 secs] [Times: user=0.00 sys=0.00, real=0.01 secs] 
[GC (Allocation Failure) [DefNew: 14848K->1600K(14848K), 0.0043215 secs] 37879K->24684K(47616K), 0.0043590 secs] [Times: user=0.01 sys=0.00, real=0.01 secs] 
[GC (Allocation Failure) [DefNew: 14848K->1569K(14848K), 0.0042379 secs] 37932K->24678K(47616K), 0.0042614 secs] [Times: user=0.00 sys=0.00, real=0.00 secs] 
[GC (Allocation Failure) [DefNew: 14817K->1564K(14848K), 0.0049593 secs] 37926K->24758K(47616K), 0.0049861 secs] [Times: user=0.00 sys=0.00, real=0.01 secs] 
[GC (Allocation Failure) [DefNew: 14812K->398K(14848K), 0.0029176 secs] 38006K->24258K(47616K), 0.0029406 secs] [Times: user=0.00 sys=0.00, real=0.00 secs] 
[GC (Allocation Failure) [DefNew: 13646K->696K(14848K), 0.0024334 secs] 37506K->24556K(47616K), 0.0024580 secs] [Times: user=0.00 sys=0.00, real=0.00 secs] 
[GC (Allocation Failure) [DefNew: 13944K->1145K(14848K), 0.0033851 secs] 37804K->25005K(47616K), 0.0034157 secs] [Times: user=0.00 sys=0.00, real=0.00 secs] 
[GC (Allocation Failure) [DefNew: 14393K->550K(14848K), 0.0034060 secs] 38253K->24780K(47616K), 0.0034340 secs] [Times: user=0.01 sys=0.00, real=0.00 secs] 
[GC (Allocation Failure) [DefNew: 13798K->645K(14848K), 0.0026589 secs] 38028K->24875K(47616K), 0.0026840 secs] [Times: user=0.00 sys=0.00, real=0.00 secs] 
[GC (Allocation Failure) [DefNew: 13893K->895K(14848K), 0.0630183 secs] 38123K->25126K(47616K), 0.0630485 secs] [Times: user=0.02 sys=0.00, real=0.07 secs] 
[Full GC (Metadata GC Threshold) [Tenured: 24230K->20367K(32768K), 0.1054616 secs] 26451K->20367K(47616K), [Metaspace: 33882K->33882K(1081344K)], 0.1055498 secs] [Times: user=0.10 sys=0.00, real=0.10 secs] 
[GC (Allocation Failure) [DefNew: 13696K->1371K(15360K), 0.0041929 secs] 34063K->21738K(49308K), 0.0042147 secs] [Times: user=0.01 sys=0.00, real=0.00 secs] 
[GC (Allocation Failure) [DefNew: 15067K->467K(15360K), 0.0022557 secs] 35434K->20859K(49308K), 0.0022790 secs] [Times: user=0.00 sys=0.00, real=0.00 secs] 
[GC (Allocation Failure) [DefNew: 14163K->648K(15360K), 0.0025487 secs] 34555K->21040K(49308K), 0.0025688 secs] [Times: user=0.00 sys=0.00, real=0.00 secs] 
[GC (Allocation Failure) [DefNew: 14344K->1542K(15360K), 0.0040714 secs] 34736K->21934K(49308K), 0.0040947 secs] [Times: user=0.01 sys=0.00, real=0.00 secs] 
[GC (Allocation Failure) [DefNew: 15238K->757K(15360K), 0.0633772 secs] 35630K->21411K(49308K), 0.0634024 secs] [Times: user=0.01 sys=0.00, real=0.07 secs] 
[GC (Allocation Failure) [DefNew: 14453K->881K(15360K), 0.0027966 secs] 35107K->21535K(49308K), 0.0028188 secs] [Times: user=0.00 sys=0.00, real=0.00 secs] 
2025-06-11 12:06:22.158  WARN 1 --- [           main] o.s.boot.actuate.endpoint.EndpointId     : Endpoint ID 'hystrix.stream' contains invalid characters, please migrate to a valid format.
[GC (Allocation Failure) [DefNew: 14577K->400K(15360K), 0.0023861 secs] 35231K->21115K(49308K), 0.0024077 secs] [Times: user=0.01 sys=0.00, real=0.00 secs] 
[GC (Allocation Failure) [DefNew: 14096K->1144K(15360K), 0.0033885 secs] 34811K->21858K(49308K), 0.0034106 secs] [Times: user=0.01 sys=0.00, real=0.00 secs] 
[GC (Allocation Failure) [DefNew: 14840K->1244K(15360K), 0.0044187 secs] 35554K->22284K(49308K), 0.0044414 secs] [Times: user=0.01 sys=0.00, real=0.01 secs] 
[GC (Allocation Failure) [DefNew: 14940K->599K(15360K), 0.0028746 secs] 35980K->21922K(49308K), 0.0028946 secs] [Times: user=0.00 sys=0.00, real=0.00 secs] 
[GC (Allocation Failure) [DefNew: 14295K->894K(15360K), 0.0030060 secs] 35618K->22217K(49308K), 0.0030348 secs] [Times: user=0.01 sys=0.00, real=0.00 secs] 
[GC (Allocation Failure) [DefNew: 14590K->768K(15360K), 0.0028142 secs] 35913K->22166K(49308K), 0.0028362 secs] [Times: user=0.01 sys=0.00, real=0.00 secs] 
[GC (Allocation Failure) [DefNew: 14464K->1233K(15360K), 0.0035734 secs] 35862K->22632K(49308K), 0.0035969 secs] [Times: user=0.00 sys=0.00, real=0.00 secs] 
[GC (Allocation Failure) [DefNew: 14929K->218K(15360K), 0.0022105 secs] 36328K->21887K(49308K), 0.0022315 secs] [Times: user=0.01 sys=0.00, real=0.01 secs] 
[GC (Allocation Failure) [DefNew: 13914K->1457K(15360K), 0.0040107 secs] 35583K->23126K(49308K), 0.0040368 secs] [Times: user=0.01 sys=0.00, real=0.01 secs] 
[GC (Allocation Failure) [DefNew: 15153K->629K(15360K), 0.0029460 secs] 36822K->22505K(49308K), 0.0029724 secs] [Times: user=0.00 sys=0.00, real=0.00 secs] 
[GC (Allocation Failure) [DefNew: 14325K->846K(15360K), 0.0029955 secs] 36201K->22722K(49308K), 0.0030206 secs] [Times: user=0.00 sys=0.00, real=0.00 secs] 
[GC (Allocation Failure) [DefNew: 14542K->1473K(15360K), 0.0059337 secs] 36418K->23486K(49308K), 0.0059661 secs] [Times: user=0.02 sys=0.00, real=0.01 secs] 
[GC (Allocation Failure) [DefNew: 15169K->1000K(15360K), 0.0038874 secs] 37182K->23354K(49308K), 0.0039102 secs] [Times: user=0.00 sys=0.00, real=0.00 secs] 
[GC (Allocation Failure) [DefNew: 14696K->1018K(15360K), 0.0041552 secs] 37050K->23591K(49308K), 0.0041778 secs] [Times: user=0.01 sys=0.00, real=0.01 secs] 
[GC (Allocation Failure) [DefNew: 14714K->995K(15360K), 0.0037086 secs] 37287K->23750K(49308K), 0.0037322 secs] [Times: user=0.01 sys=0.00, real=0.00 secs] 
[GC (Allocation Failure) [DefNew: 14691K->752K(15360K), 0.0033973 secs] 37446K->23631K(49308K), 0.0034209 secs] [Times: user=0.00 sys=0.00, real=0.00 secs] 
[GC (Allocation Failure) [DefNew: 14448K->629K(15360K), 0.0028035 secs] 37327K->23508K(49308K), 0.0028258 secs] [Times: user=0.00 sys=0.00, real=0.01 secs] 
[GC (Allocation Failure) [DefNew: 14325K->988K(15360K), 0.0534547 secs] 37204K->23868K(49308K), 0.0534815 secs] [Times: user=0.01 sys=0.00, real=0.06 secs] 
[GC (Allocation Failure) [DefNew: 14684K->865K(15360K), 0.0040282 secs] 37564K->24211K(49308K), 0.0040535 secs] [Times: user=0.01 sys=0.00, real=0.01 secs] 
[GC (Allocation Failure) [DefNew: 14561K->1000K(15360K), 0.0037541 secs] 37907K->24499K(49308K), 0.0037772 secs] [Times: user=0.01 sys=0.00, real=0.01 secs] 
[GC (Allocation Failure) [DefNew: 14696K->725K(15360K), 0.0034316 secs] 38195K->24440K(49308K), 0.0034563 secs] [Times: user=0.01 sys=0.00, real=0.00 secs] 
[GC (Allocation Failure) [DefNew: 14421K->889K(15360K), 0.0031764 secs] 38136K->24604K(49308K), 0.0032014 secs] [Times: user=0.00 sys=0.00, real=0.00 secs] 
[GC (Allocation Failure) [DefNew: 14585K->712K(15360K), 0.0034785 secs] 38300K->24613K(49308K), 0.0035028 secs] [Times: user=0.01 sys=0.00, real=0.00 secs] 
[GC (Allocation Failure) [DefNew: 14408K->1021K(15360K), 0.0036164 secs] 38309K->24922K(49308K), 0.0036424 secs] [Times: user=0.01 sys=0.00, real=0.00 secs] 
[GC (Allocation Failure) [DefNew: 14717K->1152K(15360K), 0.0043026 secs] 38618K->25294K(49308K), 0.0043293 secs] [Times: user=0.01 sys=0.00, real=0.01 secs] 
[GC (Allocation Failure) [DefNew: 14848K->657K(15360K), 0.0036560 secs] 38990K->25135K(49308K), 0.0036799 secs] [Times: user=0.01 sys=0.00, real=0.01 secs] 
2025-06-11 12:06:24.060  INFO 1 --- [           main] .s.d.r.c.RepositoryConfigurationDelegate : Bootstrapping Spring Data JPA repositories in DEFAULT mode.
[GC (Allocation Failure) [DefNew: 14353K->519K(15360K), 0.0025383 secs] 38831K->24996K(49308K), 0.0025631 secs] [Times: user=0.01 sys=0.00, real=0.00 secs] 
[GC (Allocation Failure) [DefNew: 14215K->1099K(15360K), 0.0035434 secs] 38692K->25576K(49308K), 0.0035687 secs] [Times: user=0.01 sys=0.00, real=0.00 secs] 
[GC (Allocation Failure) [DefNew: 14795K->1317K(15360K), 0.0048045 secs] 39272K->26122K(49308K), 0.0048286 secs] [Times: user=0.00 sys=0.01, real=0.00 secs] 
[GC (Allocation Failure) [DefNew: 15013K->948K(15360K), 0.0039592 secs] 39818K->26052K(49308K), 0.0039809 secs] [Times: user=0.00 sys=0.00, real=0.00 secs] 
[GC (Allocation Failure) [DefNew: 14644K->58K(15360K), 0.0016845 secs] 39748K->25180K(49308K), 0.0017101 secs] [Times: user=0.00 sys=0.00, real=0.00 secs] 
[GC (Allocation Failure) [DefNew: 13754K->84K(15360K), 0.0017098 secs] 38876K->25206K(49308K), 0.0017340 secs] [Times: user=0.00 sys=0.00, real=0.00 secs] 
[GC (Allocation Failure) [DefNew: 13780K->102K(15360K), 0.0017743 secs] 38902K->25224K(49308K), 0.0017994 secs] [Times: user=0.01 sys=0.00, real=0.00 secs] 
[GC (Allocation Failure) [DefNew: 13798K->119K(15360K), 0.0017413 secs] 38920K->25241K(49308K), 0.0017636 secs] [Times: user=0.00 sys=0.00, real=0.00 secs] 
[GC (Allocation Failure) [DefNew: 13815K->214K(15360K), 0.0019573 secs] 38937K->25336K(49308K), 0.0019808 secs] [Times: user=0.00 sys=0.00, real=0.00 secs] 
[GC (Allocation Failure) [DefNew: 13910K->1596K(15360K), 0.0044115 secs] 39032K->26718K(49308K), 0.0044338 secs] [Times: user=0.01 sys=0.00, real=0.00 secs] 
[GC (Allocation Failure) [DefNew: 15292K->1663K(15360K), 0.0455314 secs] 40414K->27039K(49308K), 0.0455579 secs] [Times: user=0.01 sys=0.00, real=0.05 secs] 
[GC (Allocation Failure) [DefNew: 15359K->1664K(15360K), 0.0047692 secs] 40735K->27245K(49308K), 0.0047912 secs] [Times: user=0.01 sys=0.00, real=0.00 secs] 
[GC (Allocation Failure) [DefNew: 15360K->1664K(15360K), 0.0049180 secs] 40941K->27445K(49308K), 0.0049414 secs] [Times: user=0.02 sys=0.00, real=0.01 secs] 
[GC (Allocation Failure) [DefNew: 15360K->1664K(15360K), 0.0049865 secs] 41141K->27614K(49308K), 0.0050172 secs] [Times: user=0.01 sys=0.00, real=0.00 secs] 
[GC (Allocation Failure) [DefNew: 15360K->1663K(15360K), 0.0051503 secs] 41310K->27813K(49308K), 0.0051760 secs] [Times: user=0.01 sys=0.00, real=0.00 secs] 
[GC (Allocation Failure) [DefNew: 15359K->1663K(15360K), 0.0047140 secs] 41509K->27923K(49308K), 0.0047382 secs] [Times: user=0.01 sys=0.00, real=0.00 secs] 
[GC (Allocation Failure) [DefNew: 15359K->1664K(15360K), 0.0048937 secs] 41619K->28125K(49308K), 0.0049207 secs] [Times: user=0.01 sys=0.00, real=0.01 secs] 
[GC (Allocation Failure) [DefNew: 15360K->1663K(15360K), 0.0048767 secs] 41821K->28307K(49308K), 0.0049057 secs] [Times: user=0.01 sys=0.00, real=0.00 secs] 
[GC (Allocation Failure) [DefNew: 15359K->1663K(15360K), 0.0052319 secs] 42003K->28503K(49308K), 0.0052627 secs] [Times: user=0.00 sys=0.00, real=0.00 secs] 
[GC (Allocation Failure) [DefNew: 15359K->1664K(15360K), 0.0048105 secs] 42199K->28653K(49308K), 0.0048372 secs] [Times: user=0.01 sys=0.00, real=0.01 secs] 
[GC (Allocation Failure) [DefNew: 15360K->1664K(15360K), 0.0048847 secs] 42349K->28867K(49308K), 0.0049094 secs] [Times: user=0.00 sys=0.00, real=0.01 secs] 
[GC (Allocation Failure) [DefNew: 15360K->1663K(15360K), 0.0049069 secs] 42563K->29012K(49308K), 0.0049343 secs] [Times: user=0.00 sys=0.00, real=0.01 secs] 
[GC (Allocation Failure) [DefNew: 15359K->1663K(15360K), 0.0048674 secs] 42708K->29185K(49308K), 0.0048957 secs] [Times: user=0.01 sys=0.00, real=0.00 secs] 
[GC (Allocation Failure) [DefNew: 15359K->1663K(15360K), 0.0049246 secs] 42881K->29358K(49308K), 0.0049523 secs] [Times: user=0.00 sys=0.00, real=0.00 secs] 
[GC (Allocation Failure) [DefNew: 15359K->1664K(15360K), 0.0049057 secs] 43054K->29535K(49308K), 0.0049324 secs] [Times: user=0.01 sys=0.00, real=0.00 secs] 
[GC (Allocation Failure) [DefNew: 15360K->1424K(15360K), 0.0044020 secs] 43231K->29343K(49308K), 0.0044231 secs] [Times: user=0.01 sys=0.00, real=0.01 secs] 
[GC (Allocation Failure) [DefNew: 15120K->626K(15360K), 0.0027966 secs] 43039K->28605K(49308K), 0.0028194 secs] [Times: user=0.00 sys=0.00, real=0.00 secs] 
2025-06-11 12:06:25.435  INFO 1 --- [           main] .s.d.r.c.RepositoryConfigurationDelegate : Finished Spring Data repository scanning in 1310 ms. Found 74 JPA repository interfaces.
[GC (Allocation Failure) [DefNew: 14322K->1663K(15360K), 0.0038727 secs] 42301K->29732K(49308K), 0.0038957 secs] [Times: user=0.00 sys=0.00, real=0.00 secs] 
[GC (Allocation Failure) [DefNew: 15359K->559K(15360K), 0.0048960 secs] 43428K->30017K(49308K), 0.0049192 secs] [Times: user=0.01 sys=0.00, real=0.00 secs] 
[GC (Allocation Failure) [DefNew: 14255K->517K(15360K), 0.0026205 secs] 43713K->29975K(49308K), 0.0026464 secs] [Times: user=0.00 sys=0.00, real=0.01 secs] 
[GC (Allocation Failure) [DefNew: 14213K->648K(15360K), 0.0029514 secs] 43671K->30106K(49308K), 0.0029745 secs] [Times: user=0.00 sys=0.00, real=0.00 secs] 
[GC (Allocation Failure) [DefNew: 14344K->683K(15360K), 0.0030095 secs] 43802K->30141K(49308K), 0.0030343 secs] [Times: user=0.00 sys=0.00, real=0.01 secs] 
[GC (Allocation Failure) [DefNew: 14379K->1203K(15360K), 0.0036739 secs] 43837K->30661K(49308K), 0.0036980 secs] [Times: user=0.01 sys=0.00, real=0.01 secs] 
[GC (Allocation Failure) [DefNew: 14899K->590K(15360K), 0.0041982 secs] 44357K->30523K(49308K), 0.0042228 secs] [Times: user=0.00 sys=0.00, real=0.00 secs] 
[GC (Allocation Failure) [DefNew: 14286K->626K(15360K), 0.0031763 secs] 44219K->30558K(49308K), 0.0032011 secs] [Times: user=0.01 sys=0.00, real=0.00 secs] 
[GC (Allocation Failure) [DefNew: 14322K->783K(15360K), 0.0032851 secs] 44254K->30715K(49308K), 0.0033095 secs] [Times: user=0.01 sys=0.00, real=0.01 secs] 
[GC (Allocation Failure) [DefNew: 14479K->1112K(15360K), 0.0041760 secs] 44411K->31044K(49308K), 0.0042006 secs] [Times: user=0.01 sys=0.00, real=0.00 secs] 
[GC (Allocation Failure) [DefNew: 14808K->531K(15360K), 0.0042995 secs] 44740K->30962K(49308K), 0.0043222 secs] [Times: user=0.02 sys=0.00, real=0.01 secs] 
[GC (Allocation Failure) [DefNew: 14227K->551K(15360K), 0.0030206 secs] 44658K->30982K(49308K), 0.0030442 secs] [Times: user=0.00 sys=0.00, real=0.00 secs] 
2025-06-11 12:06:26.460  INFO 1 --- [           main] o.s.cloud.context.scope.GenericScope     : BeanFactory id=b1068e18-e7d3-310d-9136-573d22adaf23
[GC (Allocation Failure) [DefNew: 14247K->1664K(15360K), 0.0053395 secs] 44678K->32138K(49308K), 0.0053655 secs] [Times: user=0.01 sys=0.00, real=0.00 secs] 
[GC (Allocation Failure) [DefNew: 15360K->43K(15360K), 0.0052406 secs] 45834K->31962K(49308K), 0.0052667 secs] [Times: user=0.01 sys=0.00, real=0.00 secs] 
[GC (Allocation Failure) [DefNew: 13739K->782K(15360K), 0.0037449 secs] 45658K->32701K(49308K), 0.0037700 secs] [Times: user=0.01 sys=0.00, real=0.00 secs] 
[GC (Allocation Failure) [DefNew: 14478K->418K(15360K), 0.0026416 secs] 46397K->32337K(49308K), 0.0026645 secs] [Times: user=0.01 sys=0.00, real=0.00 secs] 
2025-06-11 12:06:26.758  INFO 1 --- [           main] trationDelegate$BeanPostProcessorChecker : Bean 'credentialsProvider' of type [com.amazonaws.auth.DefaultAWSCredentialsProviderChain] is not eligible for getting processed by all BeanPostProcessors (for example: not eligible for auto-proxying)
[GC (Allocation Failure) [DefNew: 14114K->1054K(15360K), 0.0038190 secs] 46033K->32973K(49308K), 0.0038422 secs] [Times: user=0.00 sys=0.00, real=0.00 secs] 
[GC (Allocation Failure) [DefNew: 14750K->521K(15360K), 0.0037668 secs] 46669K->32727K(49308K), 0.0037888 secs] [Times: user=0.01 sys=0.00, real=0.00 secs] 
[GC (Allocation Failure) [DefNew: 14217K->1198K(15360K), 0.0046480 secs] 46423K->33405K(49308K), 0.0046722 secs] [Times: user=0.01 sys=0.00, real=0.00 secs] 
[GC (Allocation Failure) [DefNew: 14894K->705K(15360K), 0.0058805 secs] 47101K->33578K(49308K), 0.0059066 secs] [Times: user=0.00 sys=0.00, real=0.00 secs] 
[GC (Allocation Failure) [DefNew: 14401K->861K(15360K), 0.0036489 secs] 47274K->33734K(49308K), 0.0036738 secs] [Times: user=0.01 sys=0.00, real=0.00 secs] 
[GC (Allocation Failure) [DefNew: 14557K->374K(15360K), 0.0044780 secs] 47430K->33825K(49308K), 0.0045032 secs] [Times: user=0.00 sys=0.00, real=0.00 secs] 
2025-06-11 12:06:27.436  INFO 1 --- [           main] trationDelegate$BeanPostProcessorChecker : Bean 'sc.monitor-sg.gov.moe.sc.monitor.autoconfiguration.ScMonitorProperties' of type [sg.gov.moe.sc.monitor.autoconfiguration.ScMonitorProperties] is not eligible for getting processed by all BeanPostProcessors (for example: not eligible for auto-proxying)
2025-06-11 12:06:27.439  INFO 1 --- [           main] trationDelegate$BeanPostProcessorChecker : Bean 'sg.gov.moe.sc.monitor.autoconfiguration.ScMonitorAutoConfiguration' of type [sg.gov.moe.sc.monitor.autoconfiguration.ScMonitorAutoConfiguration$$EnhancerBySpringCGLIB$$ea5a7914] is not eligible for getting processed by all BeanPostProcessors (for example: not eligible for auto-proxying)
[GC (Allocation Failure) [DefNew: 14070K->1325K(15360K), 0.0048041 secs] 47521K->34776K(49308K), 0.0048288 secs] [Times: user=0.00 sys=0.00, real=0.00 secs] 
2025-06-11 12:06:27.459  INFO 1 --- [           main] trationDelegate$BeanPostProcessorChecker : Bean 'scDefaultMonitorInterceptor' of type [sg.gov.moe.sc.monitor.autoconfiguration.ScDefaultMonitorInterceptor] is not eligible for getting processed by all BeanPostProcessors (for example: not eligible for auto-proxying)
2025-06-11 12:06:27.461  INFO 1 --- [           main] trationDelegate$BeanPostProcessorChecker : Bean 'serviceLogAdvisor' of type [org.springframework.aop.aspectj.AspectJExpressionPointcutAdvisor] is not eligible for getting processed by all BeanPostProcessors (for example: not eligible for auto-proxying)
[GC (Allocation Failure) [DefNew: 15021K->118K(15360K), 0.0047576 secs][Tenured: 34579K->29533K(34716K), 0.1121007 secs] 48472K->29533K(50076K), [Metaspace: 45848K->45848K(1091584K)], 0.1169827 secs] [Times: user=0.09 sys=0.00, real=0.12 secs] 
[GC (Allocation Failure) [DefNew: 19776K->686K(22208K), 0.0039741 secs] 49309K->30219K(71432K), 0.0039981 secs] [Times: user=0.01 sys=0.00, real=0.01 secs] 
2025-06-11 12:06:27.745  INFO 1 --- [           main] trationDelegate$BeanPostProcessorChecker : Bean 'org.springframework.security.access.expression.method.DefaultMethodSecurityExpressionHandler@5d465e4b' of type [org.springframework.security.access.expression.method.DefaultMethodSecurityExpressionHandler] is not eligible for getting processed by all BeanPostProcessors (for example: not eligible for auto-proxying)
[GC (Allocation Failure) [DefNew: 20462K->580K(22208K), 0.0034224 secs] 49995K->30113K(71432K), 0.0034441 secs] [Times: user=0.00 sys=0.00, real=0.00 secs] 
2025-06-11 12:06:27.826  INFO 1 --- [           main] trationDelegate$BeanPostProcessorChecker : Bean 'methodSecurityMetadataSource' of type [org.springframework.security.access.method.DelegatingMethodSecurityMetadataSource] is not eligible for getting processed by all BeanPostProcessors (for example: not eligible for auto-proxying)
[GC (Allocation Failure) [DefNew: 20356K->654K(22208K), 0.0036506 secs] 49889K->30187K(71432K), 0.0036761 secs] [Times: user=0.00 sys=0.00, real=0.00 secs] 
[GC (Allocation Failure) [DefNew: 20430K->963K(22208K), 0.0041814 secs] 49963K->30496K(71432K), 0.0042055 secs] [Times: user=0.01 sys=0.00, real=0.01 secs] 
[GC (Allocation Failure) [DefNew: 20739K->1246K(22208K), 0.0052482 secs] 50272K->30779K(71432K), 0.0052734 secs] [Times: user=0.00 sys=0.01, real=0.01 secs] 
[GC (Allocation Failure) [DefNew: 21022K->1184K(22208K), 0.0653603 secs] 50555K->30921K(71432K), 0.0653883 secs] [Times: user=0.02 sys=0.00, real=0.07 secs] 
[GC (Allocation Failure) [DefNew: 20960K->1699K(22208K), 0.0060286 secs] 50697K->31436K(71432K), 0.0060547 secs] [Times: user=0.01 sys=0.00, real=0.00 secs] 
2025-06-11 12:06:28.662  INFO 1 --- [           main] o.s.b.w.embedded.tomcat.TomcatWebServer  : Tomcat initialized with port(s): 8080 (http)
2025-06-11 12:06:28.724  INFO 1 --- [           main] o.apache.catalina.core.StandardService   : Starting service [Tomcat]
2025-06-11 12:06:28.724  INFO 1 --- [           main] org.apache.catalina.core.StandardEngine  : Starting Servlet engine: [Apache Tomcat/9.0.43]
[GC (Allocation Failure) [DefNew: 21475K->2163K(22208K), 0.0086604 secs] 51212K->32666K(71432K), 0.0086825 secs] [Times: user=0.02 sys=0.00, real=0.01 secs] 
2025-06-11 12:06:28.839  INFO 1 --- [           main] o.a.c.c.C.[.[.[/sc-academic-api]         : Initializing Spring embedded WebApplicationContext
2025-06-11 12:06:28.839  INFO 1 --- [           main] w.s.c.ServletWebServerApplicationContext : Root WebApplicationContext: initialization completed in 9191 ms
[GC (Allocation Failure) [DefNew: 21939K->1211K(22208K), 0.0079605 secs] 52442K->33079K(71432K), 0.0079921 secs] [Times: user=0.02 sys=0.00, real=0.01 secs] 
2025-06-11 12:06:29.147  WARN 1 --- [           main] c.n.c.sources.URLConfigurationSource     : No URLs will be polled as dynamic configuration sources.
2025-06-11 12:06:29.147  INFO 1 --- [           main] c.n.c.sources.URLConfigurationSource     : To enable URLs as dynamic configuration sources, define System property archaius.configurationSource.additionalUrls or make config.properties available on classpath.
[GC (Allocation Failure) [DefNew: 20987K->1670K(22208K), 0.0060554 secs] 52855K->33538K(71432K), 0.0060815 secs] [Times: user=0.00 sys=0.00, real=0.00 secs] 
2025-06-11 12:06:29.230  INFO 1 --- [           main] c.netflix.config.DynamicPropertyFactory  : DynamicPropertyFactory is initialized with configuration sources: com.netflix.config.ConcurrentCompositeConfiguration@41394595
[GC (Allocation Failure) [DefNew: 21446K->906K(22208K), 0.0058510 secs] 53314K->33382K(71432K), 0.0058885 secs] [Times: user=0.01 sys=0.00, real=0.01 secs] 
[GC (Allocation Failure) [DefNew: 20682K->1410K(22208K), 0.0061178 secs] 53158K->33886K(71432K), 0.0061448 secs] [Times: user=0.02 sys=0.00, real=0.01 secs] 
[GC (Allocation Failure) [DefNew: 21186K->1884K(22208K), 0.0074768 secs] 53662K->34684K(71432K), 0.0075048 secs] [Times: user=0.01 sys=0.00, real=0.00 secs] 
2025-06-11 12:06:29.760  INFO 1 --- [           main] o.s.b.a.e.web.ServletEndpointRegistrar   : Registered '/actuator/hystrix.stream' to hystrix.stream-actuator-endpoint
[GC (Allocation Failure) [DefNew: 21660K->1368K(22208K), 0.0072937 secs] 54460K->34906K(71432K), 0.0073251 secs] [Times: user=0.02 sys=0.00, real=0.01 secs] 
[GC (Allocation Failure) [DefNew: 21144K->2432K(22208K), 0.0097439 secs] 54682K->37382K(71432K), 0.0097733 secs] [Times: user=0.01 sys=0.00, real=0.01 secs] 
[GC (Allocation Failure) [DefNew: 22208K->1183K(22208K), 0.0078732 secs] 57158K->38331K(71432K), 0.0079068 secs] [Times: user=0.01 sys=0.00, real=0.01 secs] 
[GC (Allocation Failure) [DefNew: 20959K->1772K(22208K), 0.0055101 secs] 58107K->38920K(71432K), 0.0055539 secs] [Times: user=0.01 sys=0.00, real=0.01 secs] 
[GC (Allocation Failure) [DefNew: 21548K->1759K(22208K), 0.0074893 secs] 58696K->39936K(71432K), 0.0075333 secs] [Times: user=0.01 sys=0.00, real=0.01 secs] 
[GC (Allocation Failure) [DefNew: 21535K->115K(22208K), 0.0035335 secs] 59712K->38452K(71432K), 0.0035622 secs] [Times: user=0.01 sys=0.00, real=0.00 secs] 
[GC (Allocation Failure) [DefNew: 19891K->779K(22208K), 0.0043046 secs] 58228K->39116K(71432K), 0.0043433 secs] [Times: user=0.00 sys=0.00, real=0.00 secs] 
[GC (Allocation Failure) [DefNew: 20555K->1081K(22208K), 0.0051560 secs] 58892K->39418K(71432K), 0.0051884 secs] [Times: user=0.00 sys=0.00, real=0.00 secs] 
[GC (Allocation Failure) [DefNew: 20857K->2268K(22208K), 0.0071044 secs] 59194K->40605K(71432K), 0.0071382 secs] [Times: user=0.02 sys=0.00, real=0.01 secs] 
[GC (Allocation Failure) [DefNew: 22044K->588K(22208K), 0.0063529 secs] 60381K->39854K(71432K), 0.0063805 secs] [Times: user=0.02 sys=0.00, real=0.01 secs] 
2025-06-11 12:06:31.048  INFO 1 --- [           main] com.zaxxer.hikari.HikariDataSource       : HikariPool-1 - Starting...
[GC (Allocation Failure) [DefNew: 20364K->953K(22208K), 0.0050807 secs] 59630K->40219K(71432K), 0.0051096 secs] [Times: user=0.02 sys=0.00, real=0.01 secs] 
[GC (Allocation Failure) [DefNew: 20729K->1094K(22208K), 0.0049387 secs] 59995K->40360K(71432K), 0.0049674 secs] [Times: user=0.01 sys=0.00, real=0.00 secs] 
2025-06-11 12:06:31.425  INFO 1 --- [           main] com.zaxxer.hikari.HikariDataSource       : HikariPool-1 - Start completed.
[GC (Allocation Failure) [DefNew: 20870K->1208K(22208K), 0.0049490 secs] 60136K->40474K(71432K), 0.0049782 secs] [Times: user=0.00 sys=0.00, real=0.00 secs] 
[GC (Allocation Failure) [DefNew: 20984K->1601K(22208K), 0.0056687 secs] 60250K->40867K(71432K), 0.0056990 secs] [Times: user=0.00 sys=0.00, real=0.00 secs] 
2025-06-11 12:06:31.639  INFO 1 --- [           main] o.hibernate.jpa.internal.util.LogHelper  : HHH000204: Processing PersistenceUnitInfo [name: default]
[GC (Allocation Failure) [DefNew: 21377K->1352K(22208K), 0.0068077 secs] 60643K->41191K(71432K), 0.0068389 secs] [Times: user=0.00 sys=0.00, real=0.00 secs] 
[GC (Allocation Failure) [DefNew: 21128K->1324K(22208K), 0.0556090 secs] 60967K->41329K(71432K), 0.0556388 secs] [Times: user=0.01 sys=0.00, real=0.06 secs] 
[GC (Allocation Failure) [DefNew: 21100K->1659K(22208K), 0.0059747 secs] 61105K->41835K(71432K), 0.0060028 secs] [Times: user=0.00 sys=0.00, real=0.00 secs] 
2025-06-11 12:06:31.954  INFO 1 --- [           main] org.hibernate.Version                    : HHH000412: Hibernate ORM core version 5.4.28.Final
[GC (Allocation Failure) [DefNew: 21435K->1248K(22208K), 0.0051539 secs] 61611K->41540K(71432K), 0.0051830 secs] [Times: user=0.02 sys=0.00, real=0.01 secs] 
[GC (Allocation Failure) [DefNew: 21024K->795K(22208K), 0.0040624 secs] 61316K->41151K(71432K), 0.0040920 secs] [Times: user=0.01 sys=0.00, real=0.00 secs] 
[GC (Allocation Failure) [DefNew: 20571K->361K(22208K), 0.0031833 secs] 60927K->40718K(71432K), 0.0032112 secs] [Times: user=0.01 sys=0.00, real=0.01 secs] 
[GC (Allocation Failure) [DefNew: 20137K->353K(22208K), 0.0031909 secs] 60494K->40709K(71432K), 0.0032189 secs] [Times: user=0.00 sys=0.00, real=0.00 secs] 
[GC (Allocation Failure) [DefNew: 20129K->364K(22208K), 0.0033368 secs] 60485K->40720K(71432K), 0.0033633 secs] [Times: user=0.00 sys=0.00, real=0.00 secs] 
[GC (Allocation Failure) [DefNew: 20140K->813K(22208K), 0.0542008 secs] 60496K->41170K(71432K), 0.0542334 secs] [Times: user=0.00 sys=0.00, real=0.06 secs] 
[GC (Allocation Failure) [DefNew: 20589K->761K(22208K), 0.0039367 secs] 60946K->41117K(71432K), 0.0039644 secs] [Times: user=0.01 sys=0.00, real=0.01 secs] 
2025-06-11 12:06:32.471  INFO 1 --- [           main] o.hibernate.annotations.common.Version   : HCANN000001: Hibernate Commons Annotations {5.1.2.Final}
[GC (Allocation Failure) [DefNew: 20537K->1393K(22208K), 0.0052130 secs] 60893K->41749K(71432K), 0.0052419 secs] [Times: user=0.01 sys=0.00, real=0.01 secs] 
[GC (Allocation Failure) [DefNew: 21169K->347K(22208K), 0.0051091 secs] 61525K->40897K(71432K), 0.0051406 secs] [Times: user=0.01 sys=0.00, real=0.00 secs] 
[GC (Allocation Failure) [DefNew: 20123K->460K(22208K), 0.0035068 secs] 60673K->41010K(71432K), 0.0035332 secs] [Times: user=0.00 sys=0.00, real=0.00 secs] 
[GC (Allocation Failure) [DefNew: 20236K->425K(22208K), 0.0034703 secs] 60786K->40976K(71432K), 0.0034995 secs] [Times: user=0.00 sys=0.00, real=0.00 secs] 
[GC (Allocation Failure) [DefNew: 20201K->1014K(22208K), 0.0045242 secs] 60752K->41564K(71432K), 0.0045487 secs] [Times: user=0.01 sys=0.00, real=0.00 secs] 
[GC (Allocation Failure) [DefNew: 20790K->1039K(22208K), 0.0046311 secs] 61340K->41590K(71432K), 0.0046573 secs] [Times: user=0.00 sys=0.00, real=0.00 secs] 
2025-06-11 12:06:32.934  INFO 1 --- [           main] org.hibernate.dialect.Dialect            : HHH000400: Using dialect: org.hibernate.dialect.PostgreSQLDialect
[GC (Allocation Failure) [DefNew: 20815K->1121K(22208K), 0.0063706 secs] 61366K->41671K(71432K), 0.0064067 secs] [Times: user=0.00 sys=0.00, real=0.00 secs] 
[GC (Allocation Failure) [DefNew: 20897K->2432K(22208K), 0.0085754 secs] 61447K->44345K(71432K), 0.0086022 secs] [Times: user=0.02 sys=0.00, real=0.01 secs] 
[GC (Allocation Failure) [DefNew: 22208K->2432K(22208K), 0.0215877 secs] 64121K->47547K(71432K), 0.0216200 secs] [Times: user=0.01 sys=0.01, real=0.02 secs] 
[GC (Allocation Failure) [DefNew: 22208K->2431K(22208K), 0.0229736 secs][Tenured: 52053K->45989K(52104K), 0.1632895 secs] 67323K->45989K(74312K), [Metaspace: 62975K->62975K(1105920K)], 0.1864109 secs] [Times: user=0.18 sys=0.00, real=0.19 secs] 
[GC (Allocation Failure) [DefNew: 30720K->3840K(34560K), 0.0248962 secs] 76709K->55602K(111212K), 0.0249243 secs] [Times: user=0.03 sys=0.00, real=0.03 secs] 
[GC (Allocation Failure) [DefNew: 34560K->251K(34560K), 0.0100188 secs] 86322K->55851K(111212K), 0.0100473 secs] [Times: user=0.02 sys=0.00, real=0.01 secs] 
[GC (Allocation Failure) [DefNew: 30971K->468K(34560K), 0.0037060 secs] 86571K->56069K(111212K), 0.0037339 secs] [Times: user=0.00 sys=0.00, real=0.00 secs] 
[GC (Allocation Failure) [DefNew: 31188K->423K(34560K), 0.0041650 secs] 86789K->56024K(111212K), 0.0041915 secs] [Times: user=0.01 sys=0.00, real=0.01 secs] 
2025-06-11 12:06:34.543  WARN 1 --- [           main] org.hibernate.id.UUIDHexGenerator        : HHH000409: Using org.hibernate.id.UUIDHexGenerator which does not generate IETF RFC 4122 compliant UUID values; consider using org.hibernate.id.UUIDGenerator instead
[GC (Allocation Failure) [DefNew: 31143K->2693K(34560K), 0.0080217 secs] 86744K->58294K(111212K), 0.0080468 secs] [Times: user=0.02 sys=0.00, real=0.01 secs] 
[GC (Allocation Failure) [DefNew: 33413K->784K(34560K), 0.0096037 secs] 89014K->59005K(111212K), 0.0096275 secs] [Times: user=0.02 sys=0.00, real=0.01 secs] 
[GC (Allocation Failure) [DefNew: 31504K->393K(34560K), 0.0033581 secs] 89725K->58613K(111212K), 0.0033825 secs] [Times: user=0.00 sys=0.00, real=0.00 secs] 
[GC (Allocation Failure) [DefNew: 31113K->434K(34560K), 0.0040552 secs] 89333K->58655K(111212K), 0.0040942 secs] [Times: user=0.00 sys=0.00, real=0.00 secs] 
[GC (Allocation Failure) [DefNew: 31154K->1113K(34560K), 0.0074312 secs] 89375K->59333K(111212K), 0.0074689 secs] [Times: user=0.01 sys=0.00, real=0.01 secs] 
[GC (Allocation Failure) [DefNew: 31833K->1457K(34560K), 0.0085214 secs] 90053K->59677K(111212K), 0.0085581 secs] [Times: user=0.01 sys=0.00, real=0.01 secs] 
[GC (Allocation Failure) [DefNew: 32177K->1618K(34560K), 0.0059420 secs] 90397K->59838K(111212K), 0.0059680 secs] [Times: user=0.01 sys=0.00, real=0.01 secs] 
[GC (Allocation Failure) [DefNew: 32338K->1252K(34560K), 0.0071449 secs] 90558K->59473K(111212K), 0.0071749 secs] [Times: user=0.03 sys=0.00, real=0.01 secs] 
[GC (Allocation Failure) [DefNew: 31972K->1383K(34560K), 0.0054596 secs] 90193K->59603K(111212K), 0.0054887 secs] [Times: user=0.01 sys=0.00, real=0.00 secs] 
[GC (Allocation Failure) [DefNew: 32103K->1504K(34560K), 0.0055466 secs] 90323K->59725K(111212K), 0.0055731 secs] [Times: user=0.01 sys=0.00, real=0.01 secs] 
2025-06-11 12:06:35.663  WARN 1 --- [           main] org.hibernate.mapping.RootClass          : HHH000038: Composite-id class does not override equals(): sg.gov.moe.sc.academic.entity.pk.SubjGradingDtlsPk
2025-06-11 12:06:35.663  WARN 1 --- [           main] org.hibernate.mapping.RootClass          : HHH000039: Composite-id class does not override hashCode(): sg.gov.moe.sc.academic.entity.pk.SubjGradingDtlsPk
2025-06-11 12:06:35.664  WARN 1 --- [           main] org.hibernate.mapping.RootClass          : HHH000038: Composite-id class does not override equals(): sg.gov.moe.sc.academic.entity.SalStudSubjLinkPk
2025-06-11 12:06:35.665  WARN 1 --- [           main] org.hibernate.mapping.RootClass          : HHH000039: Composite-id class does not override hashCode(): sg.gov.moe.sc.academic.entity.SalStudSubjLinkPk
2025-06-11 12:06:35.665  WARN 1 --- [           main] org.hibernate.mapping.RootClass          : HHH000038: Composite-id class does not override equals(): sg.gov.moe.sc.academic.entity.pk.SubjCombinationPk
2025-06-11 12:06:35.665  WARN 1 --- [           main] org.hibernate.mapping.RootClass          : HHH000039: Composite-id class does not override hashCode(): sg.gov.moe.sc.academic.entity.pk.SubjCombinationPk
2025-06-11 12:06:35.665  WARN 1 --- [           main] org.hibernate.mapping.RootClass          : HHH000038: Composite-id class does not override equals(): sg.gov.moe.sc.academic.entity.pk.GradingSchemeDtlsPk
2025-06-11 12:06:35.665  WARN 1 --- [           main] org.hibernate.mapping.RootClass          : HHH000039: Composite-id class does not override hashCode(): sg.gov.moe.sc.academic.entity.pk.GradingSchemeDtlsPk
2025-06-11 12:06:35.665  WARN 1 --- [           main] org.hibernate.mapping.RootClass          : HHH000038: Composite-id class does not override equals(): sg.gov.moe.sc.academic.entity.pk.GradingSchemePk
2025-06-11 12:06:35.666  WARN 1 --- [           main] org.hibernate.mapping.RootClass          : HHH000039: Composite-id class does not override hashCode(): sg.gov.moe.sc.academic.entity.pk.GradingSchemePk
2025-06-11 12:06:35.667  WARN 1 --- [           main] org.hibernate.mapping.RootClass          : HHH000038: Composite-id class does not override equals(): sg.gov.moe.sc.academic.entity.SubjCombinationSubjLinkPk
2025-06-11 12:06:35.667  WARN 1 --- [           main] org.hibernate.mapping.RootClass          : HHH000039: Composite-id class does not override hashCode(): sg.gov.moe.sc.academic.entity.SubjCombinationSubjLinkPk
2025-06-11 12:06:35.667  WARN 1 --- [           main] org.hibernate.mapping.RootClass          : HHH000038: Composite-id class does not override equals(): sg.gov.moe.sc.academic.entity.pk.CodeSubjectPk
2025-06-11 12:06:35.667  WARN 1 --- [           main] org.hibernate.mapping.RootClass          : HHH000039: Composite-id class does not override hashCode(): sg.gov.moe.sc.academic.entity.pk.CodeSubjectPk
[GC (Allocation Failure) [DefNew: 32224K->2151K(34560K), 0.0076480 secs] 90445K->60372K(111212K), 0.0076748 secs] [Times: user=0.01 sys=0.00, real=0.00 secs] 
[GC (Allocation Failure) [DefNew: 32871K->1723K(34560K), 0.0071640 secs] 91092K->60231K(111212K), 0.0071916 secs] [Times: user=0.01 sys=0.00, real=0.01 secs] 
[GC (Allocation Failure) [DefNew: 32443K->1710K(34560K), 0.0058038 secs] 90951K->60219K(111212K), 0.0058345 secs] [Times: user=0.00 sys=0.00, real=0.01 secs] 
[GC (Allocation Failure) [DefNew: 32430K->2176K(34560K), 0.0072433 secs] 90939K->60684K(111212K), 0.0072696 secs] [Times: user=0.01 sys=0.00, real=0.01 secs] 
2025-06-11 12:06:36.643  INFO 1 --- [           main] org.hibernate.tuple.PojoInstantiator     : HHH000182: No default (no-argument) constructor for class: sg.gov.moe.sc.academic.entity.CourseSubjLinkAuditEntity (class must be instantiated by Interceptor)
[GC (Allocation Failure) [DefNew: 32896K->2087K(34560K), 0.0073981 secs] 91404K->61075K(111212K), 0.0074261 secs] [Times: user=0.01 sys=0.00, real=0.01 secs] 
[GC (Allocation Failure) [DefNew: 32807K->2105K(34560K), 0.0092721 secs] 91795K->61350K(111212K), 0.0093076 secs] [Times: user=0.02 sys=0.00, real=0.01 secs] 
[GC (Allocation Failure) [DefNew: 32825K->2275K(34560K), 0.0065438 secs] 92070K->61746K(111212K), 0.0065714 secs] [Times: user=0.00 sys=0.00, real=0.01 secs] 
[GC (Allocation Failure) [DefNew: 32995K->2531K(34560K), 0.0082332 secs] 92466K->62671K(111212K), 0.0082550 secs] [Times: user=0.01 sys=0.00, real=0.01 secs] 
[GC (Allocation Failure) [DefNew: 33251K->1695K(34560K), 0.0064025 secs] 93391K->62633K(111212K), 0.0064265 secs] [Times: user=0.01 sys=0.00, real=0.01 secs] 
[GC (Allocation Failure) [DefNew: 32415K->1653K(34560K), 0.0048284 secs] 93353K->62591K(111212K), 0.0048489 secs] [Times: user=0.00 sys=0.00, real=0.00 secs] 
2025-06-11 12:06:37.329  INFO 1 --- [           main] o.h.e.t.j.p.i.JtaPlatformInitiator       : HHH000490: Using JtaPlatform implementation: [org.hibernate.engine.transaction.jta.platform.internal.NoJtaPlatform]
[GC (Allocation Failure) [DefNew: 32373K->1808K(34560K), 0.0052230 secs] 93311K->62746K(111212K), 0.0052444 secs] [Times: user=0.01 sys=0.00, real=0.01 secs] 
2025-06-11 12:06:37.352  INFO 1 --- [           main] j.LocalContainerEntityManagerFactoryBean : Initialized JPA EntityManagerFactory for persistence unit 'default'
[GC (Allocation Failure) [DefNew: 32528K->2181K(34560K), 0.0063575 secs] 93466K->63119K(111212K), 0.0063788 secs] [Times: user=0.01 sys=0.00, real=0.00 secs] 
[GC (Allocation Failure) [DefNew: 32901K->2571K(34560K), 0.0082030 secs] 93839K->63900K(111212K), 0.0082256 secs] [Times: user=0.02 sys=0.00, real=0.01 secs] 
[GC (Allocation Failure) [DefNew: 33291K->2018K(34560K), 0.0095553 secs] 94620K->64457K(111212K), 0.0095765 secs] [Times: user=0.03 sys=0.00, real=0.01 secs] 
[GC (Allocation Failure) [DefNew: 32738K->3308K(34560K), 0.0100057 secs] 95177K->65848K(111212K), 0.0100294 secs] [Times: user=0.02 sys=0.00, real=0.01 secs] 
[GC (Allocation Failure) [DefNew: 34028K->1412K(34560K), 0.0097964 secs] 96568K->65010K(111212K), 0.0098231 secs] [Times: user=0.02 sys=0.00, real=0.01 secs] 
[GC (Allocation Failure) [DefNew: 32132K->2469K(34560K), 0.0097882 secs] 95730K->66067K(111212K), 0.0098208 secs] [Times: user=0.02 sys=0.00, real=0.01 secs] 
[GC (Allocation Failure) [DefNew: 33189K->2377K(34560K), 0.0113002 secs] 96787K->66697K(111212K), 0.0113277 secs] [Times: user=0.03 sys=0.00, real=0.01 secs] 
[GC (Allocation Failure) [DefNew: 33097K->2246K(34560K), 0.0112428 secs] 97417K->67547K(111212K), 0.0112715 secs] [Times: user=0.03 sys=0.00, real=0.01 secs] 
[GC (Allocation Failure) [DefNew: 32966K->1471K(34560K), 0.0104452 secs] 98267K->67938K(111212K), 0.0104810 secs] [Times: user=0.01 sys=0.00, real=0.01 secs] 
[GC (Allocation Failure) [DefNew: 32191K->1181K(34560K), 0.0073842 secs] 98658K->67647K(111212K), 0.0074192 secs] [Times: user=0.01 sys=0.00, real=0.00 secs] 
[GC (Allocation Failure) [DefNew: 31901K->1625K(34560K), 0.0065668 secs] 98367K->68091K(111212K), 0.0065933 secs] [Times: user=0.01 sys=0.00, real=0.00 secs] 
[GC (Allocation Failure) [DefNew: 32345K->2029K(34560K), 0.0073398 secs] 98811K->68495K(111212K), 0.0073665 secs] [Times: user=0.01 sys=0.00, real=0.00 secs] 
[GC (Allocation Failure) [DefNew: 32749K->1792K(34560K), 0.0088252 secs] 99215K->68895K(111212K), 0.0088515 secs] [Times: user=0.02 sys=0.00, real=0.01 secs] 
[GC (Allocation Failure) [DefNew: 32512K->2115K(34560K), 0.0681992 secs] 99615K->69217K(111212K), 0.0682323 secs] [Times: user=0.02 sys=0.00, real=0.07 secs] 
[GC (Allocation Failure) [DefNew: 32835K->2686K(34560K), 0.0089576 secs] 99937K->70012K(111212K), 0.0089849 secs] [Times: user=0.02 sys=0.00, real=0.01 secs] 
[GC (Allocation Failure) [DefNew: 33406K->1250K(34560K), 0.0579931 secs] 100732K->69441K(111212K), 0.0580208 secs] [Times: user=0.02 sys=0.00, real=0.06 secs] 
[GC (Allocation Failure) [DefNew: 31970K->2052K(34560K), 0.0574543 secs] 100161K->70243K(111212K), 0.0574826 secs] [Times: user=0.01 sys=0.00, real=0.06 secs] 
[GC (Allocation Failure) [DefNew: 32772K->2530K(34560K), 0.0690995 secs] 100963K->71119K(111212K), 0.0691283 secs] [Times: user=0.03 sys=0.00, real=0.07 secs] 
[GC (Allocation Failure) [DefNew: 33250K->2280K(34560K), 0.0092029 secs] 101839K->71509K(111212K), 0.0092319 secs] [Times: user=0.02 sys=0.00, real=0.01 secs] 
[GC (Allocation Failure) [DefNew: 33000K->2152K(34560K), 0.0095900 secs] 102229K->72255K(111212K), 0.0096375 secs] [Times: user=0.00 sys=0.01, real=0.01 secs] 
[GC (Allocation Failure) [DefNew: 32872K->3319K(34560K), 0.0108379 secs] 102975K->74036K(111212K), 0.0108730 secs] [Times: user=0.01 sys=0.00, real=0.01 secs] 
[GC (Allocation Failure) [DefNew: 34039K->1236K(34560K), 0.0088859 secs] 104756K->73433K(111212K), 0.0089200 secs] [Times: user=0.02 sys=0.00, real=0.01 secs] 
[GC (Allocation Failure) [DefNew: 31956K->1561K(34560K), 0.0664423 secs] 104153K->73757K(111212K), 0.0664778 secs] [Times: user=0.03 sys=0.00, real=0.07 secs] 
[GC (Allocation Failure) [DefNew: 32281K->2410K(34560K), 0.0085395 secs] 104477K->74607K(111212K), 0.0085697 secs] [Times: user=0.01 sys=0.00, real=0.01 secs] 
[GC (Allocation Failure) [DefNew: 33130K->2689K(34560K), 0.0100002 secs] 105327K->75514K(111212K), 0.0100318 secs] [Times: user=0.02 sys=0.00, real=0.01 secs] 
[GC (Allocation Failure) [DefNew: 33409K->2109K(34560K), 0.0511899 secs] 106234K->76632K(111212K), 0.0512279 secs] [Times: user=0.02 sys=0.00, real=0.05 secs] 
[GC (Allocation Failure) [DefNew: 32829K->2054K(34560K), 0.0088254 secs] 107352K->77508K(111212K), 0.0088570 secs] [Times: user=0.01 sys=0.00, real=0.01 secs] 
[GC (Allocation Failure) [DefNew: 32774K->1711K(34560K), 0.0088289 secs] 108228K->78274K(111212K), 0.0088622 secs] [Times: user=0.02 sys=0.00, real=0.01 secs] 
[GC (Allocation Failure) [DefNew: 32431K->3840K(34560K), 0.0109968 secs][Tenured: 76953K->71274K(77036K), 0.2861759 secs] 108994K->71274K(111596K), [Metaspace: 81608K->81608K(1124352K)], 0.2973475 secs] [Times: user=0.27 sys=0.00, real=0.30 secs] 
[GC (Allocation Failure) [DefNew: 47680K->1848K(53568K), 0.0092917 secs] 118954K->73122K(172360K), 0.0093206 secs] [Times: user=0.03 sys=0.00, real=0.01 secs] 
[GC (Allocation Failure) [DefNew: 49528K->3140K(53568K), 0.0110675 secs] 120802K->74414K(172360K), 0.0110946 secs] [Times: user=0.02 sys=0.00, real=0.01 secs] 
[GC (Allocation Failure) [DefNew: 50820K->2881K(53568K), 0.0120837 secs] 122094K->75680K(172360K), 0.0121237 secs] [Times: user=0.03 sys=0.00, real=0.02 secs] 
[GC (Allocation Failure) [DefNew: 50561K->4204K(53568K), 0.0123776 secs] 123360K->77003K(172360K), 0.0124099 secs] [Times: user=0.02 sys=0.00, real=0.01 secs] 
[GC (Allocation Failure) [DefNew: 51884K->2600K(53568K), 0.0624584 secs] 124683K->78198K(172360K), 0.0624876 secs] [Times: user=0.04 sys=0.00, real=0.06 secs] 
[GC (Allocation Failure) [DefNew: 50280K->3833K(53568K), 0.0102590 secs] 125878K->79431K(172360K), 0.0102897 secs] [Times: user=0.02 sys=0.00, real=0.01 secs] 
[GC (Allocation Failure) [DefNew: 51513K->4301K(53568K), 0.0141149 secs] 127111K->81205K(172360K), 0.0141440 secs] [Times: user=0.03 sys=0.00, real=0.01 secs] 
[GC (Allocation Failure) [DefNew: 51981K->3094K(53568K), 0.0637104 secs] 128885K->82454K(172360K), 0.0637503 secs] [Times: user=0.02 sys=0.00, real=0.07 secs] 
[GC (Allocation Failure) [DefNew: 50774K->2430K(53568K), 0.0116729 secs] 130134K->83546K(172360K), 0.0117005 secs] [Times: user=0.02 sys=0.00, real=0.01 secs] 
[GC (Allocation Failure) [DefNew: 50110K->3825K(53568K), 0.0111590 secs] 131226K->84941K(172360K), 0.0111858 secs] [Times: user=0.01 sys=0.00, real=0.01 secs] 
[GC (Allocation Failure) [DefNew: 51505K->4932K(53568K), 0.0164794 secs] 132621K->87305K(172360K), 0.0165069 secs] [Times: user=0.03 sys=0.01, real=0.02 secs] 
[GC (Allocation Failure) [DefNew: 52612K->3856K(53568K), 0.0174693 secs] 134985K->88652K(172360K), 0.0174943 secs] [Times: user=0.02 sys=0.00, real=0.02 secs] 
[GC (Allocation Failure) [DefNew: 51536K->3796K(53568K), 0.0171494 secs] 136332K->90298K(172360K), 0.0171779 secs] [Times: user=0.01 sys=0.00, real=0.02 secs] 
2025-06-11 12:06:48.237  INFO 1 --- [           main] o.s.b.a.e.web.EndpointLinksResolver      : Exposing 3 endpoint(s) beneath base path '/actuator'
[GC (Allocation Failure) [DefNew: 51476K->2895K(53568K), 0.0149324 secs] 137978K->90954K(172360K), 0.0149588 secs] [Times: user=0.03 sys=0.00, real=0.02 secs] 
[GC (Allocation Failure) [DefNew: 50575K->3960K(53568K), 0.0631778 secs] 138634K->92019K(172360K), 0.0632102 secs] [Times: user=0.03 sys=0.00, real=0.07 secs] 
[GC (Allocation Failure) [DefNew: 51640K->3502K(53568K), 0.0658890 secs] 139699K->93203K(172360K), 0.0659242 secs] [Times: user=0.03 sys=0.00, real=0.07 secs] 
2025-06-11 12:06:48.874  INFO 1 --- [           main] o.s.s.web.DefaultSecurityFilterChain     : Will secure any request with [org.springframework.security.web.context.request.async.WebAsyncManagerIntegrationFilter@1618b4fa, org.springframework.security.web.context.SecurityContextPersistenceFilter@2ae56ac6, org.springframework.security.web.header.HeaderWriterFilter@2c9ecf5, org.springframework.web.filter.CorsFilter@7babfd29, org.springframework.security.web.authentication.logout.LogoutFilter@69c071db, sg.gov.moe.sc.comp.security.common.autoconfiguration.filter.AuthenticationFilter@482f59f4, org.springframework.security.web.savedrequest.RequestCacheAwareFilter@2d7d92a7, org.springframework.security.web.servletapi.SecurityContextHolderAwareRequestFilter@7a1bcfb1, org.springframework.security.web.authentication.AnonymousAuthenticationFilter@3f2fd933, org.springframework.security.web.session.SessionManagementFilter@30e67f98, org.springframework.security.web.access.ExceptionTranslationFilter@640b5373, org.springframework.security.web.access.intercept.FilterSecurityInterceptor@5cb63d05]
[GC (Allocation Failure) [DefNew: 51182K->1657K(53568K), 0.0718334 secs] 140883K->92370K(172360K), 0.0718680 secs] [Times: user=0.02 sys=0.00, real=0.07 secs] 
[GC (Allocation Failure) [DefNew: 49337K->3600K(53568K), 0.0119864 secs] 140050K->94313K(172360K), 0.0120199 secs] [Times: user=0.01 sys=0.00, real=0.01 secs] 
2025-06-11 12:06:49.185  WARN 1 --- [           main] c.n.c.sources.URLConfigurationSource     : No URLs will be polled as dynamic configuration sources.
2025-06-11 12:06:49.185  INFO 1 --- [           main] c.n.c.sources.URLConfigurationSource     : To enable URLs as dynamic configuration sources, define System property archaius.configurationSource.additionalUrls or make config.properties available on classpath.
[GC (Allocation Failure) [DefNew: 51280K->1658K(53568K), 0.0123154 secs] 141993K->93679K(172360K), 0.0123537 secs] [Times: user=0.02 sys=0.00, real=0.01 secs] 
[GC (Allocation Failure) [DefNew: 49338K->2205K(53568K), 0.0097306 secs] 141359K->94226K(172360K), 0.0097604 secs] [Times: user=0.01 sys=0.00, real=0.01 secs] 
[GC (Allocation Failure) [DefNew: 49885K->4044K(53568K), 0.0738173 secs] 141906K->96065K(172360K), 0.0738520 secs] [Times: user=0.02 sys=0.00, real=0.08 secs] 
[GC (Allocation Failure) [DefNew: 51724K->3431K(53568K), 0.0670339 secs] 143745K->96990K(172360K), 0.0670679 secs] [Times: user=0.03 sys=0.00, real=0.07 secs] 
[GC (Allocation Failure) [DefNew: 51111K->1977K(53568K), 0.0112625 secs] 144670K->96344K(172360K), 0.0112974 secs] [Times: user=0.02 sys=0.00, real=0.01 secs] 
[GC (Allocation Failure) [DefNew: 49657K->2968K(53568K), 0.0107101 secs] 144024K->97336K(172360K), 0.0107482 secs] [Times: user=0.02 sys=0.00, real=0.01 secs] 
[GC (Allocation Failure) [DefNew: 50648K->1703K(53568K), 0.0102669 secs] 145016K->96926K(172360K), 0.0103033 secs] [Times: user=0.01 sys=0.00, real=0.01 secs] 
[GC (Allocation Failure) [DefNew: 49383K->3564K(53568K), 0.0113113 secs] 144606K->98787K(172360K), 0.0113452 secs] [Times: user=0.02 sys=0.00, real=0.01 secs] 
[GC (Allocation Failure) [DefNew: 51244K->2078K(53568K), 0.0113363 secs] 146467K->98464K(172360K), 0.0113680 secs] [Times: user=0.02 sys=0.00, real=0.01 secs] 
[GC (Allocation Failure) [DefNew: 49758K->3224K(53568K), 0.0114077 secs] 146144K->99610K(172360K), 0.0114399 secs] [Times: user=0.01 sys=0.00, real=0.01 secs] 
[GC (Allocation Failure) [DefNew: 50904K->1650K(53568K), 0.0118693 secs] 147290K->99297K(172360K), 0.0119026 secs] [Times: user=0.01 sys=0.00, real=0.02 secs] 
[GC (Allocation Failure) [DefNew: 49330K->5050K(53568K), 0.0154942 secs] 146977K->102697K(172360K), 0.0155272 secs] [Times: user=0.04 sys=0.00, real=0.02 secs] 
2025-06-11 12:06:52.224  INFO 1 --- [           main] .f.c.r.EventBasedConfigMapChangeDetector : Added new Kubernetes watch: config-maps-watch-event
2025-06-11 12:06:52.224  INFO 1 --- [           main] .f.c.r.EventBasedConfigMapChangeDetector : Kubernetes event-based configMap change detector activated
2025-06-11 12:06:52.231  WARN 1 --- [           main] iguration$LoadBalancerCaffeineWarnLogger : Spring Cloud LoadBalancer is currently working with the default cache. You can switch to using Caffeine cache, by adding it and org.springframework.cache.caffeine.CaffeineCacheManager to the classpath.
[GC (Allocation Failure) [DefNew: 52730K->2145K(53568K), 0.0148987 secs] 150377K->101512K(172360K), 0.0149326 secs] [Times: user=0.04 sys=0.00, real=0.02 secs] 
[GC (Allocation Failure) [DefNew: 49825K->4089K(53568K), 0.0138126 secs] 149192K->103455K(172360K), 0.0138496 secs] [Times: user=0.02 sys=0.00, real=0.01 secs] 
[GC (Allocation Failure) [DefNew: 51769K->1568K(53568K), 0.0713988 secs] 151135K->101775K(172360K), 0.0714391 secs] [Times: user=0.01 sys=0.00, real=0.07 secs] 
2025-06-11 12:06:52.839  INFO 1 --- [           main] o.s.b.w.embedded.tomcat.TomcatWebServer  : Tomcat started on port(s): 8080 (http) with context path '/sc-academic-api'
[GC (Allocation Failure) [DefNew: 49248K->1609K(53568K), 0.0079285 secs] 149455K->101816K(172360K), 0.0079559 secs] [Times: user=0.01 sys=0.00, real=0.01 secs] 
2025-06-11 12:06:53.225  INFO 1 --- [           main] s.g.m.s.m.a.ScDefaultMonitorInterceptor  : Start executing the springfox.documentation.schema.property.ModelSpecificationFactory.create method
2025-06-11 12:06:53.231  INFO 1 --- [           main] s.g.m.s.m.a.ScDefaultMonitorInterceptor  : Stop executing the springfox.documentation.schema.property.ModelSpecificationFactory.create method
[GC (Allocation Failure) [DefNew: 49289K->3041K(53568K), 0.0103510 secs] 149496K->103248K(172360K), 0.0103849 secs] [Times: user=0.02 sys=0.00, real=0.01 secs] 
2025-06-11 12:06:53.256  INFO 1 --- [           main] s.g.m.s.m.a.ScDefaultMonitorInterceptor  : Start executing the springfox.documentation.schema.property.ModelSpecificationFactory.create method
2025-06-11 12:06:53.257  INFO 1 --- [           main] s.g.m.s.m.a.ScDefaultMonitorInterceptor  : Stop executing the springfox.documentation.schema.property.ModelSpecificationFactory.create method
2025-06-11 12:06:53.328  INFO 1 --- [           main] s.g.m.s.m.a.ScDefaultMonitorInterceptor  : Start executing the springfox.documentation.schema.property.ModelSpecificationFactory.create method
2025-06-11 12:06:53.328  INFO 1 --- [           main] s.g.m.s.m.a.ScDefaultMonitorInterceptor  : Stop executing the springfox.documentation.schema.property.ModelSpecificationFactory.create method
2025-06-11 12:06:53.329  INFO 1 --- [           main] s.g.m.s.m.a.ScDefaultMonitorInterceptor  : Start executing the springfox.documentation.schema.property.ModelSpecificationFactory.create method
2025-06-11 12:06:53.330  INFO 1 --- [           main] s.g.m.s.m.a.ScDefaultMonitorInterceptor  : Stop executing the springfox.documentation.schema.property.ModelSpecificationFactory.create method
2025-06-11 12:06:53.330  INFO 1 --- [           main] s.g.m.s.m.a.ScDefaultMonitorInterceptor  : Start executing the springfox.documentation.schema.property.ModelSpecificationFactory.create method
2025-06-11 12:06:53.330  INFO 1 --- [           main] s.g.m.s.m.a.ScDefaultMonitorInterceptor  : Stop executing the springfox.documentation.schema.property.ModelSpecificationFactory.create method
2025-06-11 12:06:53.331  INFO 1 --- [           main] s.g.m.s.m.a.ScDefaultMonitorInterceptor  : Start executing the springfox.documentation.schema.property.ModelSpecificationFactory.create method
2025-06-11 12:06:53.331  INFO 1 --- [           main] s.g.m.s.m.a.ScDefaultMonitorInterceptor  : Stop executing the springfox.documentation.schema.property.ModelSpecificationFactory.create method
2025-06-11 12:06:53.433  INFO 1 --- [           main] s.g.m.s.m.a.ScDefaultMonitorInterceptor  : Start executing the springfox.documentation.schema.property.ModelSpecificationFactory.create method
2025-06-11 12:06:53.433  INFO 1 --- [           main] s.g.m.s.m.a.ScDefaultMonitorInterceptor  : Stop executing the springfox.documentation.schema.property.ModelSpecificationFactory.create method
2025-06-11 12:06:53.434  INFO 1 --- [           main] s.g.m.s.m.a.ScDefaultMonitorInterceptor  : Start executing the springfox.documentation.schema.property.ModelSpecificationFactory.create method
2025-06-11 12:06:53.436  INFO 1 --- [           main] s.g.m.s.m.a.ScDefaultMonitorInterceptor  : Stop executing the springfox.documentation.schema.property.ModelSpecificationFactory.create method
2025-06-11 12:06:53.436  INFO 1 --- [           main] s.g.m.s.m.a.ScDefaultMonitorInterceptor  : Start executing the springfox.documentation.schema.property.ModelSpecificationFactory.create method
2025-06-11 12:06:53.436  INFO 1 --- [           main] s.g.m.s.m.a.ScDefaultMonitorInterceptor  : Stop executing the springfox.documentation.schema.property.ModelSpecificationFactory.create method
2025-06-11 12:06:53.437  INFO 1 --- [           main] s.g.m.s.m.a.ScDefaultMonitorInterceptor  : Start executing the springfox.documentation.schema.property.ModelSpecificationFactory.create method
2025-06-11 12:06:53.437  INFO 1 --- [           main] s.g.m.s.m.a.ScDefaultMonitorInterceptor  : Stop executing the springfox.documentation.schema.property.ModelSpecificationFactory.create method
2025-06-11 12:06:53.437  INFO 1 --- [           main] s.g.m.s.m.a.ScDefaultMonitorInterceptor  : Start executing the springfox.documentation.schema.property.ModelSpecificationFactory.create method
2025-06-11 12:06:53.437  INFO 1 --- [           main] s.g.m.s.m.a.ScDefaultMonitorInterceptor  : Stop executing the springfox.documentation.schema.property.ModelSpecificationFactory.create method
2025-06-11 12:06:53.438  INFO 1 --- [           main] s.g.m.s.m.a.ScDefaultMonitorInterceptor  : Start executing the springfox.documentation.schema.property.ModelSpecificationFactory.create method
2025-06-11 12:06:53.438  INFO 1 --- [           main] s.g.m.s.m.a.ScDefaultMonitorInterceptor  : Stop executing the springfox.documentation.schema.property.ModelSpecificationFactory.create method
2025-06-11 12:06:53.440  INFO 1 --- [           main] s.g.m.s.m.a.ScDefaultMonitorInterceptor  : Start executing the springfox.documentation.schema.property.ModelSpecificationFactory.create method
2025-06-11 12:06:53.440  INFO 1 --- [           main] s.g.m.s.m.a.ScDefaultMonitorInterceptor  : Stop executing the springfox.documentation.schema.property.ModelSpecificationFactory.create method
2025-06-11 12:06:53.440  INFO 1 --- [           main] s.g.m.s.m.a.ScDefaultMonitorInterceptor  : Start executing the springfox.documentation.schema.property.ModelSpecificationFactory.create method
2025-06-11 12:06:53.440  INFO 1 --- [           main] s.g.m.s.m.a.ScDefaultMonitorInterceptor  : Stop executing the springfox.documentation.schema.property.ModelSpecificationFactory.create method
2025-06-11 12:06:53.441  INFO 1 --- [           main] s.g.m.s.m.a.ScDefaultMonitorInterceptor  : Start executing the springfox.documentation.schema.property.ModelSpecificationFactory.create method
2025-06-11 12:06:53.441  INFO 1 --- [           main] s.g.m.s.m.a.ScDefaultMonitorInterceptor  : Stop executing the springfox.documentation.schema.property.ModelSpecificationFactory.create method
2025-06-11 12:06:53.441  INFO 1 --- [           main] s.g.m.s.m.a.ScDefaultMonitorInterceptor  : Start executing the springfox.documentation.schema.property.ModelSpecificationFactory.create method
2025-06-11 12:06:53.441  INFO 1 --- [           main] s.g.m.s.m.a.ScDefaultMonitorInterceptor  : Stop executing the springfox.documentation.schema.property.ModelSpecificationFactory.create method
2025-06-11 12:06:53.441  INFO 1 --- [           main] s.g.m.s.m.a.ScDefaultMonitorInterceptor  : Start executing the springfox.documentation.schema.property.ModelSpecificationFactory.create method
2025-06-11 12:06:53.441  INFO 1 --- [           main] s.g.m.s.m.a.ScDefaultMonitorInterceptor  : Stop executing the springfox.documentation.schema.property.ModelSpecificationFactory.create method
2025-06-11 12:06:53.442  INFO 1 --- [           main] s.g.m.s.m.a.ScDefaultMonitorInterceptor  : Start executing the springfox.documentation.schema.property.ModelSpecificationFactory.create method
2025-06-11 12:06:53.442  INFO 1 --- [           main] s.g.m.s.m.a.ScDefaultMonitorInterceptor  : Stop executing the springfox.documentation.schema.property.ModelSpecificationFactory.create method
2025-06-11 12:06:53.442  INFO 1 --- [           main] s.g.m.s.m.a.ScDefaultMonitorInterceptor  : Start executing the springfox.documentation.schema.property.ModelSpecificationFactory.create method
2025-06-11 12:06:53.442  INFO 1 --- [           main] s.g.m.s.m.a.ScDefaultMonitorInterceptor  : Stop executing the springfox.documentation.schema.property.ModelSpecificationFactory.create method
2025-06-11 12:06:53.442  INFO 1 --- [           main] s.g.m.s.m.a.ScDefaultMonitorInterceptor  : Start executing the springfox.documentation.schema.property.ModelSpecificationFactory.create method
2025-06-11 12:06:53.442  INFO 1 --- [           main] s.g.m.s.m.a.ScDefaultMonitorInterceptor  : Stop executing the springfox.documentation.schema.property.ModelSpecificationFactory.create method
2025-06-11 12:06:53.443  INFO 1 --- [           main] s.g.m.s.m.a.ScDefaultMonitorInterceptor  : Start executing the springfox.documentation.schema.property.ModelSpecificationFactory.create method
2025-06-11 12:06:53.443  INFO 1 --- [           main] s.g.m.s.m.a.ScDefaultMonitorInterceptor  : Stop executing the springfox.documentation.schema.property.ModelSpecificationFactory.create method
2025-06-11 12:06:53.443  INFO 1 --- [           main] s.g.m.s.m.a.ScDefaultMonitorInterceptor  : Start executing the springfox.documentation.schema.property.ModelSpecificationFactory.create method
2025-06-11 12:06:53.444  INFO 1 --- [           main] s.g.m.s.m.a.ScDefaultMonitorInterceptor  : Stop executing the springfox.documentation.schema.property.ModelSpecificationFactory.create method
2025-06-11 12:06:53.444  INFO 1 --- [           main] s.g.m.s.m.a.ScDefaultMonitorInterceptor  : Start executing the springfox.documentation.schema.property.ModelSpecificationFactory.create method
2025-06-11 12:06:53.445  INFO 1 --- [           main] s.g.m.s.m.a.ScDefaultMonitorInterceptor  : Stop executing the springfox.documentation.schema.property.ModelSpecificationFactory.create method
2025-06-11 12:06:53.445  INFO 1 --- [           main] s.g.m.s.m.a.ScDefaultMonitorInterceptor  : Start executing the springfox.documentation.schema.property.ModelSpecificationFactory.create method
2025-06-11 12:06:53.445  INFO 1 --- [           main] s.g.m.s.m.a.ScDefaultMonitorInterceptor  : Stop executing the springfox.documentation.schema.property.ModelSpecificationFactory.create method
2025-06-11 12:06:53.445  INFO 1 --- [           main] s.g.m.s.m.a.ScDefaultMonitorInterceptor  : Start executing the springfox.documentation.schema.property.ModelSpecificationFactory.create method
2025-06-11 12:06:53.445  INFO 1 --- [           main] s.g.m.s.m.a.ScDefaultMonitorInterceptor  : Stop executing the springfox.documentation.schema.property.ModelSpecificationFactory.create method
2025-06-11 12:06:53.446  INFO 1 --- [           main] s.g.m.s.m.a.ScDefaultMonitorInterceptor  : Start executing the springfox.documentation.schema.property.ModelSpecificationFactory.create method
2025-06-11 12:06:53.446  INFO 1 --- [           main] s.g.m.s.m.a.ScDefaultMonitorInterceptor  : Stop executing the springfox.documentation.schema.property.ModelSpecificationFactory.create method
2025-06-11 12:06:53.446  INFO 1 --- [           main] s.g.m.s.m.a.ScDefaultMonitorInterceptor  : Start executing the springfox.documentation.schema.property.ModelSpecificationFactory.create method
2025-06-11 12:06:53.446  INFO 1 --- [           main] s.g.m.s.m.a.ScDefaultMonitorInterceptor  : Stop executing the springfox.documentation.schema.property.ModelSpecificationFactory.create method
2025-06-11 12:06:53.452  INFO 1 --- [           main] s.g.m.s.m.a.ScDefaultMonitorInterceptor  : Start executing the springfox.documentation.schema.property.ModelSpecificationFactory.create method
2025-06-11 12:06:53.452  INFO 1 --- [           main] s.g.m.s.m.a.ScDefaultMonitorInterceptor  : Stop executing the springfox.documentation.schema.property.ModelSpecificationFactory.create method
2025-06-11 12:06:53.524  INFO 1 --- [           main] s.g.m.s.m.a.ScDefaultMonitorInterceptor  : Start executing the springfox.documentation.schema.property.ModelSpecificationFactory.create method
2025-06-11 12:06:53.524  INFO 1 --- [           main] s.g.m.s.m.a.ScDefaultMonitorInterceptor  : Stop executing the springfox.documentation.schema.property.ModelSpecificationFactory.create method
2025-06-11 12:06:53.524  INFO 1 --- [           main] s.g.m.s.m.a.ScDefaultMonitorInterceptor  : Start executing the springfox.documentation.schema.property.ModelSpecificationFactory.create method
2025-06-11 12:06:53.524  INFO 1 --- [           main] s.g.m.s.m.a.ScDefaultMonitorInterceptor  : Stop executing the springfox.documentation.schema.property.ModelSpecificationFactory.create method
2025-06-11 12:06:53.525  INFO 1 --- [           main] s.g.m.s.m.a.ScDefaultMonitorInterceptor  : Start executing the springfox.documentation.schema.property.ModelSpecificationFactory.create method
2025-06-11 12:06:53.525  INFO 1 --- [           main] s.g.m.s.m.a.ScDefaultMonitorInterceptor  : Stop executing the springfox.documentation.schema.property.ModelSpecificationFactory.create method
2025-06-11 12:06:53.533  INFO 1 --- [           main] s.g.m.s.m.a.ScDefaultMonitorInterceptor  : Start executing the springfox.documentation.schema.property.ModelSpecificationFactory.create method
2025-06-11 12:06:53.533  INFO 1 --- [           main] s.g.m.s.m.a.ScDefaultMonitorInterceptor  : Stop executing the springfox.documentation.schema.property.ModelSpecificationFactory.create method
2025-06-11 12:06:53.534  INFO 1 --- [           main] s.g.m.s.m.a.ScDefaultMonitorInterceptor  : Start executing the springfox.documentation.schema.property.ModelSpecificationFactory.create method
2025-06-11 12:06:53.534  INFO 1 --- [           main] s.g.m.s.m.a.ScDefaultMonitorInterceptor  : Stop executing the springfox.documentation.schema.property.ModelSpecificationFactory.create method
2025-06-11 12:06:53.534  INFO 1 --- [           main] s.g.m.s.m.a.ScDefaultMonitorInterceptor  : Start executing the springfox.documentation.schema.property.ModelSpecificationFactory.create method
2025-06-11 12:06:53.534  INFO 1 --- [           main] s.g.m.s.m.a.ScDefaultMonitorInterceptor  : Stop executing the springfox.documentation.schema.property.ModelSpecificationFactory.create method
2025-06-11 12:06:53.534  INFO 1 --- [           main] s.g.m.s.m.a.ScDefaultMonitorInterceptor  : Start executing the springfox.documentation.schema.property.ModelSpecificationFactory.create method
2025-06-11 12:06:53.534  INFO 1 --- [           main] s.g.m.s.m.a.ScDefaultMonitorInterceptor  : Stop executing the springfox.documentation.schema.property.ModelSpecificationFactory.create method
2025-06-11 12:06:53.535  INFO 1 --- [           main] s.g.m.s.m.a.ScDefaultMonitorInterceptor  : Start executing the springfox.documentation.schema.property.ModelSpecificationFactory.create method
2025-06-11 12:06:53.535  INFO 1 --- [           main] s.g.m.s.m.a.ScDefaultMonitorInterceptor  : Stop executing the springfox.documentation.schema.property.ModelSpecificationFactory.create method
2025-06-11 12:06:53.535  INFO 1 --- [           main] s.g.m.s.m.a.ScDefaultMonitorInterceptor  : Start executing the springfox.documentation.schema.property.ModelSpecificationFactory.create method
2025-06-11 12:06:53.535  INFO 1 --- [           main] s.g.m.s.m.a.ScDefaultMonitorInterceptor  : Stop executing the springfox.documentation.schema.property.ModelSpecificationFactory.create method
2025-06-11 12:06:53.536  INFO 1 --- [           main] s.g.m.s.m.a.ScDefaultMonitorInterceptor  : Start executing the springfox.documentation.schema.property.ModelSpecificationFactory.create method
2025-06-11 12:06:53.536  INFO 1 --- [           main] s.g.m.s.m.a.ScDefaultMonitorInterceptor  : Stop executing the springfox.documentation.schema.property.ModelSpecificationFactory.create method
2025-06-11 12:06:53.536  INFO 1 --- [           main] s.g.m.s.m.a.ScDefaultMonitorInterceptor  : Start executing the springfox.documentation.schema.property.ModelSpecificationFactory.create method
2025-06-11 12:06:53.536  INFO 1 --- [           main] s.g.m.s.m.a.ScDefaultMonitorInterceptor  : Stop executing the springfox.documentation.schema.property.ModelSpecificationFactory.create method
2025-06-11 12:06:53.537  INFO 1 --- [           main] s.g.m.s.m.a.ScDefaultMonitorInterceptor  : Start executing the springfox.documentation.schema.property.ModelSpecificationFactory.create method
2025-06-11 12:06:53.537  INFO 1 --- [           main] s.g.m.s.m.a.ScDefaultMonitorInterceptor  : Stop executing the springfox.documentation.schema.property.ModelSpecificationFactory.create method
2025-06-11 12:06:53.537  INFO 1 --- [           main] s.g.m.s.m.a.ScDefaultMonitorInterceptor  : Start executing the springfox.documentation.schema.property.ModelSpecificationFactory.create method
2025-06-11 12:06:53.537  INFO 1 --- [           main] s.g.m.s.m.a.ScDefaultMonitorInterceptor  : Stop executing the springfox.documentation.schema.property.ModelSpecificationFactory.create method
2025-06-11 12:06:53.537  INFO 1 --- [           main] s.g.m.s.m.a.ScDefaultMonitorInterceptor  : Start executing the springfox.documentation.schema.property.ModelSpecificationFactory.create method
2025-06-11 12:06:53.537  INFO 1 --- [           main] s.g.m.s.m.a.ScDefaultMonitorInterceptor  : Stop executing the springfox.documentation.schema.property.ModelSpecificationFactory.create method
2025-06-11 12:06:53.538  INFO 1 --- [           main] s.g.m.s.m.a.ScDefaultMonitorInterceptor  : Start executing the springfox.documentation.schema.property.ModelSpecificationFactory.create method
2025-06-11 12:06:53.538  INFO 1 --- [           main] s.g.m.s.m.a.ScDefaultMonitorInterceptor  : Stop executing the springfox.documentation.schema.property.ModelSpecificationFactory.create method
2025-06-11 12:06:53.538  INFO 1 --- [           main] s.g.m.s.m.a.ScDefaultMonitorInterceptor  : Start executing the springfox.documentation.schema.property.ModelSpecificationFactory.create method
2025-06-11 12:06:53.538  INFO 1 --- [           main] s.g.m.s.m.a.ScDefaultMonitorInterceptor  : Stop executing the springfox.documentation.schema.property.ModelSpecificationFactory.create method
2025-06-11 12:06:53.538  INFO 1 --- [           main] s.g.m.s.m.a.ScDefaultMonitorInterceptor  : Start executing the springfox.documentation.schema.property.ModelSpecificationFactory.create method
2025-06-11 12:06:53.538  INFO 1 --- [           main] s.g.m.s.m.a.ScDefaultMonitorInterceptor  : Stop executing the springfox.documentation.schema.property.ModelSpecificationFactory.create method
2025-06-11 12:06:53.538  INFO 1 --- [           main] s.g.m.s.m.a.ScDefaultMonitorInterceptor  : Start executing the springfox.documentation.schema.property.ModelSpecificationFactory.create method
2025-06-11 12:06:53.539  INFO 1 --- [           main] s.g.m.s.m.a.ScDefaultMonitorInterceptor  : Stop executing the springfox.documentation.schema.property.ModelSpecificationFactory.create method
2025-06-11 12:06:53.539  INFO 1 --- [           main] s.g.m.s.m.a.ScDefaultMonitorInterceptor  : Start executing the springfox.documentation.schema.property.ModelSpecificationFactory.create method
2025-06-11 12:06:53.539  INFO 1 --- [           main] s.g.m.s.m.a.ScDefaultMonitorInterceptor  : Stop executing the springfox.documentation.schema.property.ModelSpecificationFactory.create method
2025-06-11 12:06:53.539  INFO 1 --- [           main] s.g.m.s.m.a.ScDefaultMonitorInterceptor  : Start executing the springfox.documentation.schema.property.ModelSpecificationFactory.create method
2025-06-11 12:06:53.539  INFO 1 --- [           main] s.g.m.s.m.a.ScDefaultMonitorInterceptor  : Stop executing the springfox.documentation.schema.property.ModelSpecificationFactory.create method
2025-06-11 12:06:53.539  INFO 1 --- [           main] s.g.m.s.m.a.ScDefaultMonitorInterceptor  : Start executing the springfox.documentation.schema.property.ModelSpecificationFactory.create method
2025-06-11 12:06:53.540  INFO 1 --- [           main] s.g.m.s.m.a.ScDefaultMonitorInterceptor  : Stop executing the springfox.documentation.schema.property.ModelSpecificationFactory.create method
2025-06-11 12:06:53.540  INFO 1 --- [           main] s.g.m.s.m.a.ScDefaultMonitorInterceptor  : Start executing the springfox.documentation.schema.property.ModelSpecificationFactory.create method
2025-06-11 12:06:53.541  INFO 1 --- [           main] s.g.m.s.m.a.ScDefaultMonitorInterceptor  : Stop executing the springfox.documentation.schema.property.ModelSpecificationFactory.create method
2025-06-11 12:06:53.541  INFO 1 --- [           main] s.g.m.s.m.a.ScDefaultMonitorInterceptor  : Start executing the springfox.documentation.schema.property.ModelSpecificationFactory.create method
2025-06-11 12:06:53.541  INFO 1 --- [           main] s.g.m.s.m.a.ScDefaultMonitorInterceptor  : Stop executing the springfox.documentation.schema.property.ModelSpecificationFactory.create method
2025-06-11 12:06:53.541  INFO 1 --- [           main] s.g.m.s.m.a.ScDefaultMonitorInterceptor  : Start executing the springfox.documentation.schema.property.ModelSpecificationFactory.create method
2025-06-11 12:06:53.542  INFO 1 --- [           main] s.g.m.s.m.a.ScDefaultMonitorInterceptor  : Stop executing the springfox.documentation.schema.property.ModelSpecificationFactory.create method
2025-06-11 12:06:53.542  INFO 1 --- [           main] s.g.m.s.m.a.ScDefaultMonitorInterceptor  : Start executing the springfox.documentation.schema.property.ModelSpecificationFactory.create method
2025-06-11 12:06:53.542  INFO 1 --- [           main] s.g.m.s.m.a.ScDefaultMonitorInterceptor  : Stop executing the springfox.documentation.schema.property.ModelSpecificationFactory.create method
2025-06-11 12:06:53.542  INFO 1 --- [           main] s.g.m.s.m.a.ScDefaultMonitorInterceptor  : Start executing the springfox.documentation.schema.property.ModelSpecificationFactory.create method
2025-06-11 12:06:53.542  INFO 1 --- [           main] s.g.m.s.m.a.ScDefaultMonitorInterceptor  : Stop executing the springfox.documentation.schema.property.ModelSpecificationFactory.create method
2025-06-11 12:06:53.548  INFO 1 --- [           main] s.g.m.s.m.a.ScDefaultMonitorInterceptor  : Start executing the springfox.documentation.schema.property.ModelSpecificationFactory.create method
2025-06-11 12:06:53.549  INFO 1 --- [           main] s.g.m.s.m.a.ScDefaultMonitorInterceptor  : Stop executing the springfox.documentation.schema.property.ModelSpecificationFactory.create method
2025-06-11 12:06:53.549  INFO 1 --- [           main] s.g.m.s.m.a.ScDefaultMonitorInterceptor  : Start executing the springfox.documentation.schema.property.ModelSpecificationFactory.create method
2025-06-11 12:06:53.549  INFO 1 --- [           main] s.g.m.s.m.a.ScDefaultMonitorInterceptor  : Stop executing the springfox.documentation.schema.property.ModelSpecificationFactory.create method
2025-06-11 12:06:53.549  INFO 1 --- [           main] s.g.m.s.m.a.ScDefaultMonitorInterceptor  : Start executing the springfox.documentation.schema.property.ModelSpecificationFactory.create method
2025-06-11 12:06:53.549  INFO 1 --- [           main] s.g.m.s.m.a.ScDefaultMonitorInterceptor  : Stop executing the springfox.documentation.schema.property.ModelSpecificationFactory.create method
2025-06-11 12:06:53.550  INFO 1 --- [           main] s.g.m.s.m.a.ScDefaultMonitorInterceptor  : Start executing the springfox.documentation.schema.property.ModelSpecificationFactory.create method
2025-06-11 12:06:53.550  INFO 1 --- [           main] s.g.m.s.m.a.ScDefaultMonitorInterceptor  : Stop executing the springfox.documentation.schema.property.ModelSpecificationFactory.create method
2025-06-11 12:06:53.550  INFO 1 --- [           main] s.g.m.s.m.a.ScDefaultMonitorInterceptor  : Start executing the springfox.documentation.schema.property.ModelSpecificationFactory.create method
2025-06-11 12:06:53.550  INFO 1 --- [           main] s.g.m.s.m.a.ScDefaultMonitorInterceptor  : Stop executing the springfox.documentation.schema.property.ModelSpecificationFactory.create method
2025-06-11 12:06:53.550  INFO 1 --- [           main] s.g.m.s.m.a.ScDefaultMonitorInterceptor  : Start executing the springfox.documentation.schema.property.ModelSpecificationFactory.create method
2025-06-11 12:06:53.550  INFO 1 --- [           main] s.g.m.s.m.a.ScDefaultMonitorInterceptor  : Stop executing the springfox.documentation.schema.property.ModelSpecificationFactory.create method
2025-06-11 12:06:53.551  INFO 1 --- [           main] s.g.m.s.m.a.ScDefaultMonitorInterceptor  : Start executing the springfox.documentation.schema.property.ModelSpecificationFactory.create method
2025-06-11 12:06:53.551  INFO 1 --- [           main] s.g.m.s.m.a.ScDefaultMonitorInterceptor  : Stop executing the springfox.documentation.schema.property.ModelSpecificationFactory.create method
2025-06-11 12:06:53.551  INFO 1 --- [           main] s.g.m.s.m.a.ScDefaultMonitorInterceptor  : Start executing the springfox.documentation.schema.property.ModelSpecificationFactory.create method
2025-06-11 12:06:53.551  INFO 1 --- [           main] s.g.m.s.m.a.ScDefaultMonitorInterceptor  : Stop executing the springfox.documentation.schema.property.ModelSpecificationFactory.create method
2025-06-11 12:06:53.552  INFO 1 --- [           main] s.g.m.s.m.a.ScDefaultMonitorInterceptor  : Start executing the springfox.documentation.schema.property.ModelSpecificationFactory.create method
2025-06-11 12:06:53.552  INFO 1 --- [           main] s.g.m.s.m.a.ScDefaultMonitorInterceptor  : Stop executing the springfox.documentation.schema.property.ModelSpecificationFactory.create method
2025-06-11 12:06:53.552  INFO 1 --- [           main] s.g.m.s.m.a.ScDefaultMonitorInterceptor  : Start executing the springfox.documentation.schema.property.ModelSpecificationFactory.create method
2025-06-11 12:06:53.552  INFO 1 --- [           main] s.g.m.s.m.a.ScDefaultMonitorInterceptor  : Stop executing the springfox.documentation.schema.property.ModelSpecificationFactory.create method
2025-06-11 12:06:53.553  INFO 1 --- [           main] s.g.m.s.m.a.ScDefaultMonitorInterceptor  : Start executing the springfox.documentation.schema.property.ModelSpecificationFactory.create method
2025-06-11 12:06:53.553  INFO 1 --- [           main] s.g.m.s.m.a.ScDefaultMonitorInterceptor  : Stop executing the springfox.documentation.schema.property.ModelSpecificationFactory.create method
2025-06-11 12:06:53.553  INFO 1 --- [           main] s.g.m.s.m.a.ScDefaultMonitorInterceptor  : Start executing the springfox.documentation.schema.property.ModelSpecificationFactory.create method
2025-06-11 12:06:53.553  INFO 1 --- [           main] s.g.m.s.m.a.ScDefaultMonitorInterceptor  : Stop executing the springfox.documentation.schema.property.ModelSpecificationFactory.create method
2025-06-11 12:06:53.556  INFO 1 --- [           main] s.g.m.s.m.a.ScDefaultMonitorInterceptor  : Start executing the springfox.documentation.schema.property.ModelSpecificationFactory.create method
2025-06-11 12:06:53.556  INFO 1 --- [           main] s.g.m.s.m.a.ScDefaultMonitorInterceptor  : Stop executing the springfox.documentation.schema.property.ModelSpecificationFactory.create method
2025-06-11 12:06:53.557  INFO 1 --- [           main] s.g.m.s.m.a.ScDefaultMonitorInterceptor  : Start executing the springfox.documentation.schema.property.ModelSpecificationFactory.create method
2025-06-11 12:06:53.557  INFO 1 --- [           main] s.g.m.s.m.a.ScDefaultMonitorInterceptor  : Stop executing the springfox.documentation.schema.property.ModelSpecificationFactory.create method
2025-06-11 12:06:53.562  INFO 1 --- [           main] s.g.m.s.m.a.ScDefaultMonitorInterceptor  : Start executing the springfox.documentation.schema.property.ModelSpecificationFactory.create method
2025-06-11 12:06:53.562  INFO 1 --- [           main] s.g.m.s.m.a.ScDefaultMonitorInterceptor  : Stop executing the springfox.documentation.schema.property.ModelSpecificationFactory.create method
2025-06-11 12:06:53.562  INFO 1 --- [           main] s.g.m.s.m.a.ScDefaultMonitorInterceptor  : Start executing the springfox.documentation.schema.property.ModelSpecificationFactory.create method
2025-06-11 12:06:53.562  INFO 1 --- [           main] s.g.m.s.m.a.ScDefaultMonitorInterceptor  : Stop executing the springfox.documentation.schema.property.ModelSpecificationFactory.create method
2025-06-11 12:06:53.562  INFO 1 --- [           main] s.g.m.s.m.a.ScDefaultMonitorInterceptor  : Start executing the springfox.documentation.schema.property.ModelSpecificationFactory.create method
2025-06-11 12:06:53.562  INFO 1 --- [           main] s.g.m.s.m.a.ScDefaultMonitorInterceptor  : Stop executing the springfox.documentation.schema.property.ModelSpecificationFactory.create method
2025-06-11 12:06:53.563  INFO 1 --- [           main] s.g.m.s.m.a.ScDefaultMonitorInterceptor  : Start executing the springfox.documentation.schema.property.ModelSpecificationFactory.create method
2025-06-11 12:06:53.563  INFO 1 --- [           main] s.g.m.s.m.a.ScDefaultMonitorInterceptor  : Stop executing the springfox.documentation.schema.property.ModelSpecificationFactory.create method
2025-06-11 12:06:53.623  INFO 1 --- [           main] s.g.m.s.m.a.ScDefaultMonitorInterceptor  : Start executing the springfox.documentation.schema.property.ModelSpecificationFactory.create method
2025-06-11 12:06:53.623  INFO 1 --- [           main] s.g.m.s.m.a.ScDefaultMonitorInterceptor  : Stop executing the springfox.documentation.schema.property.ModelSpecificationFactory.create method
2025-06-11 12:06:53.623  INFO 1 --- [           main] s.g.m.s.m.a.ScDefaultMonitorInterceptor  : Start executing the springfox.documentation.schema.property.ModelSpecificationFactory.create method
2025-06-11 12:06:53.624  INFO 1 --- [           main] s.g.m.s.m.a.ScDefaultMonitorInterceptor  : Stop executing the springfox.documentation.schema.property.ModelSpecificationFactory.create method
2025-06-11 12:06:53.624  INFO 1 --- [           main] s.g.m.s.m.a.ScDefaultMonitorInterceptor  : Start executing the springfox.documentation.schema.property.ModelSpecificationFactory.create method
2025-06-11 12:06:53.624  INFO 1 --- [           main] s.g.m.s.m.a.ScDefaultMonitorInterceptor  : Stop executing the springfox.documentation.schema.property.ModelSpecificationFactory.create method
2025-06-11 12:06:53.625  INFO 1 --- [           main] s.g.m.s.m.a.ScDefaultMonitorInterceptor  : Start executing the springfox.documentation.schema.property.ModelSpecificationFactory.create method
2025-06-11 12:06:53.625  INFO 1 --- [           main] s.g.m.s.m.a.ScDefaultMonitorInterceptor  : Stop executing the springfox.documentation.schema.property.ModelSpecificationFactory.create method
2025-06-11 12:06:53.625  INFO 1 --- [           main] s.g.m.s.m.a.ScDefaultMonitorInterceptor  : Start executing the springfox.documentation.schema.property.ModelSpecificationFactory.create method
2025-06-11 12:06:53.625  INFO 1 --- [           main] s.g.m.s.m.a.ScDefaultMonitorInterceptor  : Stop executing the springfox.documentation.schema.property.ModelSpecificationFactory.create method
2025-06-11 12:06:53.634  INFO 1 --- [           main] s.g.m.s.m.a.ScDefaultMonitorInterceptor  : Start executing the springfox.documentation.schema.property.ModelSpecificationFactory.create method
2025-06-11 12:06:53.635  INFO 1 --- [           main] s.g.m.s.m.a.ScDefaultMonitorInterceptor  : Stop executing the springfox.documentation.schema.property.ModelSpecificationFactory.create method
2025-06-11 12:06:53.635  INFO 1 --- [           main] s.g.m.s.m.a.ScDefaultMonitorInterceptor  : Start executing the springfox.documentation.schema.property.ModelSpecificationFactory.create method
2025-06-11 12:06:53.635  INFO 1 --- [           main] s.g.m.s.m.a.ScDefaultMonitorInterceptor  : Stop executing the springfox.documentation.schema.property.ModelSpecificationFactory.create method
2025-06-11 12:06:53.635  INFO 1 --- [           main] s.g.m.s.m.a.ScDefaultMonitorInterceptor  : Start executing the springfox.documentation.schema.property.ModelSpecificationFactory.create method
2025-06-11 12:06:53.635  INFO 1 --- [           main] s.g.m.s.m.a.ScDefaultMonitorInterceptor  : Stop executing the springfox.documentation.schema.property.ModelSpecificationFactory.create method
2025-06-11 12:06:53.636  INFO 1 --- [           main] s.g.m.s.m.a.ScDefaultMonitorInterceptor  : Start executing the springfox.documentation.schema.property.ModelSpecificationFactory.create method
2025-06-11 12:06:53.636  INFO 1 --- [           main] s.g.m.s.m.a.ScDefaultMonitorInterceptor  : Stop executing the springfox.documentation.schema.property.ModelSpecificationFactory.create method
2025-06-11 12:06:53.636  INFO 1 --- [           main] s.g.m.s.m.a.ScDefaultMonitorInterceptor  : Start executing the springfox.documentation.schema.property.ModelSpecificationFactory.create method
2025-06-11 12:06:53.636  INFO 1 --- [           main] s.g.m.s.m.a.ScDefaultMonitorInterceptor  : Stop executing the springfox.documentation.schema.property.ModelSpecificationFactory.create method
2025-06-11 12:06:53.636  INFO 1 --- [           main] s.g.m.s.m.a.ScDefaultMonitorInterceptor  : Start executing the springfox.documentation.schema.property.ModelSpecificationFactory.create method
2025-06-11 12:06:53.636  INFO 1 --- [           main] s.g.m.s.m.a.ScDefaultMonitorInterceptor  : Stop executing the springfox.documentation.schema.property.ModelSpecificationFactory.create method
2025-06-11 12:06:53.637  INFO 1 --- [           main] s.g.m.s.m.a.ScDefaultMonitorInterceptor  : Start executing the springfox.documentation.schema.property.ModelSpecificationFactory.create method
2025-06-11 12:06:53.637  INFO 1 --- [           main] s.g.m.s.m.a.ScDefaultMonitorInterceptor  : Stop executing the springfox.documentation.schema.property.ModelSpecificationFactory.create method
2025-06-11 12:06:53.638  INFO 1 --- [           main] s.g.m.s.m.a.ScDefaultMonitorInterceptor  : Start executing the springfox.documentation.schema.property.ModelSpecificationFactory.create method
2025-06-11 12:06:53.638  INFO 1 --- [           main] s.g.m.s.m.a.ScDefaultMonitorInterceptor  : Stop executing the springfox.documentation.schema.property.ModelSpecificationFactory.create method
2025-06-11 12:06:53.638  INFO 1 --- [           main] s.g.m.s.m.a.ScDefaultMonitorInterceptor  : Start executing the springfox.documentation.schema.property.ModelSpecificationFactory.create method
2025-06-11 12:06:53.638  INFO 1 --- [           main] s.g.m.s.m.a.ScDefaultMonitorInterceptor  : Stop executing the springfox.documentation.schema.property.ModelSpecificationFactory.create method
2025-06-11 12:06:53.638  INFO 1 --- [           main] s.g.m.s.m.a.ScDefaultMonitorInterceptor  : Start executing the springfox.documentation.schema.property.ModelSpecificationFactory.create method
2025-06-11 12:06:53.638  INFO 1 --- [           main] s.g.m.s.m.a.ScDefaultMonitorInterceptor  : Stop executing the springfox.documentation.schema.property.ModelSpecificationFactory.create method
2025-06-11 12:06:53.638  INFO 1 --- [           main] s.g.m.s.m.a.ScDefaultMonitorInterceptor  : Start executing the springfox.documentation.schema.property.ModelSpecificationFactory.create method
2025-06-11 12:06:53.639  INFO 1 --- [           main] s.g.m.s.m.a.ScDefaultMonitorInterceptor  : Stop executing the springfox.documentation.schema.property.ModelSpecificationFactory.create method
2025-06-11 12:06:53.639  INFO 1 --- [           main] s.g.m.s.m.a.ScDefaultMonitorInterceptor  : Start executing the springfox.documentation.schema.property.ModelSpecificationFactory.create method
2025-06-11 12:06:53.639  INFO 1 --- [           main] s.g.m.s.m.a.ScDefaultMonitorInterceptor  : Stop executing the springfox.documentation.schema.property.ModelSpecificationFactory.create method
2025-06-11 12:06:53.639  INFO 1 --- [           main] s.g.m.s.m.a.ScDefaultMonitorInterceptor  : Start executing the springfox.documentation.schema.property.ModelSpecificationFactory.create method
2025-06-11 12:06:53.639  INFO 1 --- [           main] s.g.m.s.m.a.ScDefaultMonitorInterceptor  : Stop executing the springfox.documentation.schema.property.ModelSpecificationFactory.create method
2025-06-11 12:06:53.639  INFO 1 --- [           main] s.g.m.s.m.a.ScDefaultMonitorInterceptor  : Start executing the springfox.documentation.schema.property.ModelSpecificationFactory.create method
2025-06-11 12:06:53.639  INFO 1 --- [           main] s.g.m.s.m.a.ScDefaultMonitorInterceptor  : Stop executing the springfox.documentation.schema.property.ModelSpecificationFactory.create method
2025-06-11 12:06:53.640  INFO 1 --- [           main] s.g.m.s.m.a.ScDefaultMonitorInterceptor  : Start executing the springfox.documentation.schema.property.ModelSpecificationFactory.create method
2025-06-11 12:06:53.640  INFO 1 --- [           main] s.g.m.s.m.a.ScDefaultMonitorInterceptor  : Stop executing the springfox.documentation.schema.property.ModelSpecificationFactory.create method
2025-06-11 12:06:53.640  INFO 1 --- [           main] s.g.m.s.m.a.ScDefaultMonitorInterceptor  : Start executing the springfox.documentation.schema.property.ModelSpecificationFactory.create method
2025-06-11 12:06:53.640  INFO 1 --- [           main] s.g.m.s.m.a.ScDefaultMonitorInterceptor  : Stop executing the springfox.documentation.schema.property.ModelSpecificationFactory.create method
2025-06-11 12:06:53.640  INFO 1 --- [           main] s.g.m.s.m.a.ScDefaultMonitorInterceptor  : Start executing the springfox.documentation.schema.property.ModelSpecificationFactory.create method
2025-06-11 12:06:53.640  INFO 1 --- [           main] s.g.m.s.m.a.ScDefaultMonitorInterceptor  : Stop executing the springfox.documentation.schema.property.ModelSpecificationFactory.create method
2025-06-11 12:06:53.640  INFO 1 --- [           main] s.g.m.s.m.a.ScDefaultMonitorInterceptor  : Start executing the springfox.documentation.schema.property.ModelSpecificationFactory.create method
2025-06-11 12:06:53.641  INFO 1 --- [           main] s.g.m.s.m.a.ScDefaultMonitorInterceptor  : Stop executing the springfox.documentation.schema.property.ModelSpecificationFactory.create method
2025-06-11 12:06:53.641  INFO 1 --- [           main] s.g.m.s.m.a.ScDefaultMonitorInterceptor  : Start executing the springfox.documentation.schema.property.ModelSpecificationFactory.create method
2025-06-11 12:06:53.641  INFO 1 --- [           main] s.g.m.s.m.a.ScDefaultMonitorInterceptor  : Stop executing the springfox.documentation.schema.property.ModelSpecificationFactory.create method
2025-06-11 12:06:53.641  INFO 1 --- [           main] s.g.m.s.m.a.ScDefaultMonitorInterceptor  : Start executing the springfox.documentation.schema.property.ModelSpecificationFactory.create method
2025-06-11 12:06:53.641  INFO 1 --- [           main] s.g.m.s.m.a.ScDefaultMonitorInterceptor  : Stop executing the springfox.documentation.schema.property.ModelSpecificationFactory.create method
2025-06-11 12:06:53.641  INFO 1 --- [           main] s.g.m.s.m.a.ScDefaultMonitorInterceptor  : Start executing the springfox.documentation.schema.property.ModelSpecificationFactory.create method
2025-06-11 12:06:53.642  INFO 1 --- [           main] s.g.m.s.m.a.ScDefaultMonitorInterceptor  : Stop executing the springfox.documentation.schema.property.ModelSpecificationFactory.create method
2025-06-11 12:06:53.642  INFO 1 --- [           main] s.g.m.s.m.a.ScDefaultMonitorInterceptor  : Start executing the springfox.documentation.schema.property.ModelSpecificationFactory.create method
2025-06-11 12:06:53.642  INFO 1 --- [           main] s.g.m.s.m.a.ScDefaultMonitorInterceptor  : Stop executing the springfox.documentation.schema.property.ModelSpecificationFactory.create method
2025-06-11 12:06:53.642  INFO 1 --- [           main] s.g.m.s.m.a.ScDefaultMonitorInterceptor  : Start executing the springfox.documentation.schema.property.ModelSpecificationFactory.create method
2025-06-11 12:06:53.642  INFO 1 --- [           main] s.g.m.s.m.a.ScDefaultMonitorInterceptor  : Stop executing the springfox.documentation.schema.property.ModelSpecificationFactory.create method
2025-06-11 12:06:53.642  INFO 1 --- [           main] s.g.m.s.m.a.ScDefaultMonitorInterceptor  : Start executing the springfox.documentation.schema.property.ModelSpecificationFactory.create method
2025-06-11 12:06:53.642  INFO 1 --- [           main] s.g.m.s.m.a.ScDefaultMonitorInterceptor  : Stop executing the springfox.documentation.schema.property.ModelSpecificationFactory.create method
2025-06-11 12:06:53.643  INFO 1 --- [           main] s.g.m.s.m.a.ScDefaultMonitorInterceptor  : Start executing the springfox.documentation.schema.property.ModelSpecificationFactory.create method
2025-06-11 12:06:53.643  INFO 1 --- [           main] s.g.m.s.m.a.ScDefaultMonitorInterceptor  : Stop executing the springfox.documentation.schema.property.ModelSpecificationFactory.create method
2025-06-11 12:06:53.643  INFO 1 --- [           main] s.g.m.s.m.a.ScDefaultMonitorInterceptor  : Start executing the springfox.documentation.schema.property.ModelSpecificationFactory.create method
2025-06-11 12:06:53.643  INFO 1 --- [           main] s.g.m.s.m.a.ScDefaultMonitorInterceptor  : Stop executing the springfox.documentation.schema.property.ModelSpecificationFactory.create method
2025-06-11 12:06:53.643  INFO 1 --- [           main] s.g.m.s.m.a.ScDefaultMonitorInterceptor  : Start executing the springfox.documentation.schema.property.ModelSpecificationFactory.create method
2025-06-11 12:06:53.643  INFO 1 --- [           main] s.g.m.s.m.a.ScDefaultMonitorInterceptor  : Stop executing the springfox.documentation.schema.property.ModelSpecificationFactory.create method
2025-06-11 12:06:53.644  INFO 1 --- [           main] s.g.m.s.m.a.ScDefaultMonitorInterceptor  : Start executing the springfox.documentation.schema.property.ModelSpecificationFactory.create method
2025-06-11 12:06:53.644  INFO 1 --- [           main] s.g.m.s.m.a.ScDefaultMonitorInterceptor  : Stop executing the springfox.documentation.schema.property.ModelSpecificationFactory.create method
2025-06-11 12:06:53.644  INFO 1 --- [           main] s.g.m.s.m.a.ScDefaultMonitorInterceptor  : Start executing the springfox.documentation.schema.property.ModelSpecificationFactory.create method
2025-06-11 12:06:53.644  INFO 1 --- [           main] s.g.m.s.m.a.ScDefaultMonitorInterceptor  : Stop executing the springfox.documentation.schema.property.ModelSpecificationFactory.create method
2025-06-11 12:06:53.644  INFO 1 --- [           main] s.g.m.s.m.a.ScDefaultMonitorInterceptor  : Start executing the springfox.documentation.schema.property.ModelSpecificationFactory.create method
2025-06-11 12:06:53.644  INFO 1 --- [           main] s.g.m.s.m.a.ScDefaultMonitorInterceptor  : Stop executing the springfox.documentation.schema.property.ModelSpecificationFactory.create method
2025-06-11 12:06:53.645  INFO 1 --- [           main] s.g.m.s.m.a.ScDefaultMonitorInterceptor  : Start executing the springfox.documentation.schema.property.ModelSpecificationFactory.create method
2025-06-11 12:06:53.645  INFO 1 --- [           main] s.g.m.s.m.a.ScDefaultMonitorInterceptor  : Stop executing the springfox.documentation.schema.property.ModelSpecificationFactory.create method
2025-06-11 12:06:53.646  INFO 1 --- [           main] s.g.m.s.m.a.ScDefaultMonitorInterceptor  : Start executing the springfox.documentation.schema.property.ModelSpecificationFactory.create method
2025-06-11 12:06:53.646  INFO 1 --- [           main] s.g.m.s.m.a.ScDefaultMonitorInterceptor  : Stop executing the springfox.documentation.schema.property.ModelSpecificationFactory.create method
2025-06-11 12:06:53.651  INFO 1 --- [           main] s.g.m.s.m.a.ScDefaultMonitorInterceptor  : Start executing the springfox.documentation.schema.property.ModelSpecificationFactory.create method
2025-06-11 12:06:53.651  INFO 1 --- [           main] s.g.m.s.m.a.ScDefaultMonitorInterceptor  : Stop executing the springfox.documentation.schema.property.ModelSpecificationFactory.create method
2025-06-11 12:06:53.652  INFO 1 --- [           main] s.g.m.s.m.a.ScDefaultMonitorInterceptor  : Start executing the springfox.documentation.schema.property.ModelSpecificationFactory.create method
2025-06-11 12:06:53.652  INFO 1 --- [           main] s.g.m.s.m.a.ScDefaultMonitorInterceptor  : Stop executing the springfox.documentation.schema.property.ModelSpecificationFactory.create method
2025-06-11 12:06:53.652  INFO 1 --- [           main] s.g.m.s.m.a.ScDefaultMonitorInterceptor  : Start executing the springfox.documentation.schema.property.ModelSpecificationFactory.create method
2025-06-11 12:06:53.652  INFO 1 --- [           main] s.g.m.s.m.a.ScDefaultMonitorInterceptor  : Stop executing the springfox.documentation.schema.property.ModelSpecificationFactory.create method
2025-06-11 12:06:53.652  INFO 1 --- [           main] s.g.m.s.m.a.ScDefaultMonitorInterceptor  : Start executing the springfox.documentation.schema.property.ModelSpecificationFactory.create method
2025-06-11 12:06:53.652  INFO 1 --- [           main] s.g.m.s.m.a.ScDefaultMonitorInterceptor  : Stop executing the springfox.documentation.schema.property.ModelSpecificationFactory.create method
2025-06-11 12:06:53.652  INFO 1 --- [           main] s.g.m.s.m.a.ScDefaultMonitorInterceptor  : Start executing the springfox.documentation.schema.property.ModelSpecificationFactory.create method
2025-06-11 12:06:53.653  INFO 1 --- [           main] s.g.m.s.m.a.ScDefaultMonitorInterceptor  : Stop executing the springfox.documentation.schema.property.ModelSpecificationFactory.create method
2025-06-11 12:06:53.653  INFO 1 --- [           main] s.g.m.s.m.a.ScDefaultMonitorInterceptor  : Start executing the springfox.documentation.schema.property.ModelSpecificationFactory.create method
2025-06-11 12:06:53.653  INFO 1 --- [           main] s.g.m.s.m.a.ScDefaultMonitorInterceptor  : Stop executing the springfox.documentation.schema.property.ModelSpecificationFactory.create method
2025-06-11 12:06:53.654  INFO 1 --- [           main] s.g.m.s.m.a.ScDefaultMonitorInterceptor  : Start executing the springfox.documentation.schema.property.ModelSpecificationFactory.create method
2025-06-11 12:06:53.654  INFO 1 --- [           main] s.g.m.s.m.a.ScDefaultMonitorInterceptor  : Stop executing the springfox.documentation.schema.property.ModelSpecificationFactory.create method
2025-06-11 12:06:53.654  INFO 1 --- [           main] s.g.m.s.m.a.ScDefaultMonitorInterceptor  : Start executing the springfox.documentation.schema.property.ModelSpecificationFactory.create method
2025-06-11 12:06:53.654  INFO 1 --- [           main] s.g.m.s.m.a.ScDefaultMonitorInterceptor  : Stop executing the springfox.documentation.schema.property.ModelSpecificationFactory.create method
2025-06-11 12:06:53.654  INFO 1 --- [           main] s.g.m.s.m.a.ScDefaultMonitorInterceptor  : Start executing the springfox.documentation.schema.property.ModelSpecificationFactory.create method
2025-06-11 12:06:53.654  INFO 1 --- [           main] s.g.m.s.m.a.ScDefaultMonitorInterceptor  : Stop executing the springfox.documentation.schema.property.ModelSpecificationFactory.create method
2025-06-11 12:06:53.654  INFO 1 --- [           main] s.g.m.s.m.a.ScDefaultMonitorInterceptor  : Start executing the springfox.documentation.schema.property.ModelSpecificationFactory.create method
2025-06-11 12:06:53.654  INFO 1 --- [           main] s.g.m.s.m.a.ScDefaultMonitorInterceptor  : Stop executing the springfox.documentation.schema.property.ModelSpecificationFactory.create method
2025-06-11 12:06:53.655  INFO 1 --- [           main] s.g.m.s.m.a.ScDefaultMonitorInterceptor  : Start executing the springfox.documentation.schema.property.ModelSpecificationFactory.create method
2025-06-11 12:06:53.655  INFO 1 --- [           main] s.g.m.s.m.a.ScDefaultMonitorInterceptor  : Stop executing the springfox.documentation.schema.property.ModelSpecificationFactory.create method
2025-06-11 12:06:53.655  INFO 1 --- [           main] s.g.m.s.m.a.ScDefaultMonitorInterceptor  : Start executing the springfox.documentation.schema.property.ModelSpecificationFactory.create method
2025-06-11 12:06:53.655  INFO 1 --- [           main] s.g.m.s.m.a.ScDefaultMonitorInterceptor  : Stop executing the springfox.documentation.schema.property.ModelSpecificationFactory.create method
2025-06-11 12:06:53.655  INFO 1 --- [           main] s.g.m.s.m.a.ScDefaultMonitorInterceptor  : Start executing the springfox.documentation.schema.property.ModelSpecificationFactory.create method
2025-06-11 12:06:53.655  INFO 1 --- [           main] s.g.m.s.m.a.ScDefaultMonitorInterceptor  : Stop executing the springfox.documentation.schema.property.ModelSpecificationFactory.create method
2025-06-11 12:06:53.656  INFO 1 --- [           main] s.g.m.s.m.a.ScDefaultMonitorInterceptor  : Start executing the springfox.documentation.schema.property.ModelSpecificationFactory.create method
2025-06-11 12:06:53.656  INFO 1 --- [           main] s.g.m.s.m.a.ScDefaultMonitorInterceptor  : Stop executing the springfox.documentation.schema.property.ModelSpecificationFactory.create method
2025-06-11 12:06:53.656  INFO 1 --- [           main] s.g.m.s.m.a.ScDefaultMonitorInterceptor  : Start executing the springfox.documentation.schema.property.ModelSpecificationFactory.create method
2025-06-11 12:06:53.656  INFO 1 --- [           main] s.g.m.s.m.a.ScDefaultMonitorInterceptor  : Stop executing the springfox.documentation.schema.property.ModelSpecificationFactory.create method
2025-06-11 12:06:53.657  INFO 1 --- [           main] s.g.m.s.m.a.ScDefaultMonitorInterceptor  : Start executing the springfox.documentation.schema.property.ModelSpecificationFactory.create method
2025-06-11 12:06:53.657  INFO 1 --- [           main] s.g.m.s.m.a.ScDefaultMonitorInterceptor  : Stop executing the springfox.documentation.schema.property.ModelSpecificationFactory.create method
2025-06-11 12:06:53.657  INFO 1 --- [           main] s.g.m.s.m.a.ScDefaultMonitorInterceptor  : Start executing the springfox.documentation.schema.property.ModelSpecificationFactory.create method
2025-06-11 12:06:53.657  INFO 1 --- [           main] s.g.m.s.m.a.ScDefaultMonitorInterceptor  : Stop executing the springfox.documentation.schema.property.ModelSpecificationFactory.create method
2025-06-11 12:06:53.662  INFO 1 --- [           main] s.g.m.s.m.a.ScDefaultMonitorInterceptor  : Start executing the springfox.documentation.schema.property.ModelSpecificationFactory.create method
2025-06-11 12:06:53.662  INFO 1 --- [           main] s.g.m.s.m.a.ScDefaultMonitorInterceptor  : Stop executing the springfox.documentation.schema.property.ModelSpecificationFactory.create method
2025-06-11 12:06:53.662  INFO 1 --- [           main] s.g.m.s.m.a.ScDefaultMonitorInterceptor  : Start executing the springfox.documentation.schema.property.ModelSpecificationFactory.create method
2025-06-11 12:06:53.662  INFO 1 --- [           main] s.g.m.s.m.a.ScDefaultMonitorInterceptor  : Stop executing the springfox.documentation.schema.property.ModelSpecificationFactory.create method
2025-06-11 12:06:53.663  INFO 1 --- [           main] s.g.m.s.m.a.ScDefaultMonitorInterceptor  : Start executing the springfox.documentation.schema.property.ModelSpecificationFactory.create method
2025-06-11 12:06:53.663  INFO 1 --- [           main] s.g.m.s.m.a.ScDefaultMonitorInterceptor  : Stop executing the springfox.documentation.schema.property.ModelSpecificationFactory.create method
2025-06-11 12:06:53.723  INFO 1 --- [           main] s.g.m.s.m.a.ScDefaultMonitorInterceptor  : Start executing the springfox.documentation.schema.property.ModelSpecificationFactory.create method
2025-06-11 12:06:53.723  INFO 1 --- [           main] s.g.m.s.m.a.ScDefaultMonitorInterceptor  : Stop executing the springfox.documentation.schema.property.ModelSpecificationFactory.create method
2025-06-11 12:06:53.723  INFO 1 --- [           main] s.g.m.s.m.a.ScDefaultMonitorInterceptor  : Start executing the springfox.documentation.schema.property.ModelSpecificationFactory.create method
2025-06-11 12:06:53.724  INFO 1 --- [           main] s.g.m.s.m.a.ScDefaultMonitorInterceptor  : Stop executing the springfox.documentation.schema.property.ModelSpecificationFactory.create method
2025-06-11 12:06:53.724  INFO 1 --- [           main] s.g.m.s.m.a.ScDefaultMonitorInterceptor  : Start executing the springfox.documentation.schema.property.ModelSpecificationFactory.create method
2025-06-11 12:06:53.724  INFO 1 --- [           main] s.g.m.s.m.a.ScDefaultMonitorInterceptor  : Stop executing the springfox.documentation.schema.property.ModelSpecificationFactory.create method
2025-06-11 12:06:53.725  INFO 1 --- [           main] s.g.m.s.m.a.ScDefaultMonitorInterceptor  : Start executing the springfox.documentation.schema.property.ModelSpecificationFactory.create method
2025-06-11 12:06:53.725  INFO 1 --- [           main] s.g.m.s.m.a.ScDefaultMonitorInterceptor  : Stop executing the springfox.documentation.schema.property.ModelSpecificationFactory.create method
2025-06-11 12:06:53.725  INFO 1 --- [           main] s.g.m.s.m.a.ScDefaultMonitorInterceptor  : Start executing the springfox.documentation.schema.property.ModelSpecificationFactory.create method
2025-06-11 12:06:53.725  INFO 1 --- [           main] s.g.m.s.m.a.ScDefaultMonitorInterceptor  : Stop executing the springfox.documentation.schema.property.ModelSpecificationFactory.create method
2025-06-11 12:06:53.725  INFO 1 --- [           main] s.g.m.s.m.a.ScDefaultMonitorInterceptor  : Start executing the springfox.documentation.schema.property.ModelSpecificationFactory.create method
2025-06-11 12:06:53.725  INFO 1 --- [           main] s.g.m.s.m.a.ScDefaultMonitorInterceptor  : Stop executing the springfox.documentation.schema.property.ModelSpecificationFactory.create method
2025-06-11 12:06:53.725  INFO 1 --- [           main] s.g.m.s.m.a.ScDefaultMonitorInterceptor  : Start executing the springfox.documentation.schema.property.ModelSpecificationFactory.create method
2025-06-11 12:06:53.725  INFO 1 --- [           main] s.g.m.s.m.a.ScDefaultMonitorInterceptor  : Stop executing the springfox.documentation.schema.property.ModelSpecificationFactory.create method
2025-06-11 12:06:53.725  INFO 1 --- [           main] s.g.m.s.m.a.ScDefaultMonitorInterceptor  : Start executing the springfox.documentation.schema.property.ModelSpecificationFactory.create method
2025-06-11 12:06:53.725  INFO 1 --- [           main] s.g.m.s.m.a.ScDefaultMonitorInterceptor  : Stop executing the springfox.documentation.schema.property.ModelSpecificationFactory.create method
2025-06-11 12:06:53.726  INFO 1 --- [           main] s.g.m.s.m.a.ScDefaultMonitorInterceptor  : Start executing the springfox.documentation.schema.property.ModelSpecificationFactory.create method
2025-06-11 12:06:53.726  INFO 1 --- [           main] s.g.m.s.m.a.ScDefaultMonitorInterceptor  : Stop executing the springfox.documentation.schema.property.ModelSpecificationFactory.create method
2025-06-11 12:06:53.731  INFO 1 --- [           main] s.g.m.s.m.a.ScDefaultMonitorInterceptor  : Start executing the springfox.documentation.schema.property.ModelSpecificationFactory.create method
2025-06-11 12:06:53.731  INFO 1 --- [           main] s.g.m.s.m.a.ScDefaultMonitorInterceptor  : Stop executing the springfox.documentation.schema.property.ModelSpecificationFactory.create method
2025-06-11 12:06:53.731  INFO 1 --- [           main] s.g.m.s.m.a.ScDefaultMonitorInterceptor  : Start executing the springfox.documentation.schema.property.ModelSpecificationFactory.create method
2025-06-11 12:06:53.732  INFO 1 --- [           main] s.g.m.s.m.a.ScDefaultMonitorInterceptor  : Stop executing the springfox.documentation.schema.property.ModelSpecificationFactory.create method
2025-06-11 12:06:53.732  INFO 1 --- [           main] s.g.m.s.m.a.ScDefaultMonitorInterceptor  : Start executing the springfox.documentation.schema.property.ModelSpecificationFactory.create method
2025-06-11 12:06:53.732  INFO 1 --- [           main] s.g.m.s.m.a.ScDefaultMonitorInterceptor  : Stop executing the springfox.documentation.schema.property.ModelSpecificationFactory.create method
2025-06-11 12:06:53.732  INFO 1 --- [           main] s.g.m.s.m.a.ScDefaultMonitorInterceptor  : Start executing the springfox.documentation.schema.property.ModelSpecificationFactory.create method
2025-06-11 12:06:53.732  INFO 1 --- [           main] s.g.m.s.m.a.ScDefaultMonitorInterceptor  : Stop executing the springfox.documentation.schema.property.ModelSpecificationFactory.create method
2025-06-11 12:06:53.732  INFO 1 --- [           main] s.g.m.s.m.a.ScDefaultMonitorInterceptor  : Start executing the springfox.documentation.schema.property.ModelSpecificationFactory.create method
2025-06-11 12:06:53.732  INFO 1 --- [           main] s.g.m.s.m.a.ScDefaultMonitorInterceptor  : Stop executing the springfox.documentation.schema.property.ModelSpecificationFactory.create method
2025-06-11 12:06:53.733  INFO 1 --- [           main] s.g.m.s.m.a.ScDefaultMonitorInterceptor  : Start executing the springfox.documentation.schema.property.ModelSpecificationFactory.create method
2025-06-11 12:06:53.733  INFO 1 --- [           main] s.g.m.s.m.a.ScDefaultMonitorInterceptor  : Stop executing the springfox.documentation.schema.property.ModelSpecificationFactory.create method
2025-06-11 12:06:53.733  INFO 1 --- [           main] s.g.m.s.m.a.ScDefaultMonitorInterceptor  : Start executing the springfox.documentation.schema.property.ModelSpecificationFactory.create method
2025-06-11 12:06:53.733  INFO 1 --- [           main] s.g.m.s.m.a.ScDefaultMonitorInterceptor  : Stop executing the springfox.documentation.schema.property.ModelSpecificationFactory.create method
2025-06-11 12:06:53.734  INFO 1 --- [           main] s.g.m.s.m.a.ScDefaultMonitorInterceptor  : Start executing the springfox.documentation.schema.property.ModelSpecificationFactory.create method
2025-06-11 12:06:53.734  INFO 1 --- [           main] s.g.m.s.m.a.ScDefaultMonitorInterceptor  : Stop executing the springfox.documentation.schema.property.ModelSpecificationFactory.create method
2025-06-11 12:06:53.734  INFO 1 --- [           main] s.g.m.s.m.a.ScDefaultMonitorInterceptor  : Start executing the springfox.documentation.schema.property.ModelSpecificationFactory.create method
2025-06-11 12:06:53.734  INFO 1 --- [           main] s.g.m.s.m.a.ScDefaultMonitorInterceptor  : Stop executing the springfox.documentation.schema.property.ModelSpecificationFactory.create method
2025-06-11 12:06:53.735  INFO 1 --- [           main] s.g.m.s.m.a.ScDefaultMonitorInterceptor  : Start executing the springfox.documentation.schema.property.ModelSpecificationFactory.create method
2025-06-11 12:06:53.735  INFO 1 --- [           main] s.g.m.s.m.a.ScDefaultMonitorInterceptor  : Stop executing the springfox.documentation.schema.property.ModelSpecificationFactory.create method
2025-06-11 12:06:53.735  INFO 1 --- [           main] s.g.m.s.m.a.ScDefaultMonitorInterceptor  : Start executing the springfox.documentation.schema.property.ModelSpecificationFactory.create method
2025-06-11 12:06:53.735  INFO 1 --- [           main] s.g.m.s.m.a.ScDefaultMonitorInterceptor  : Stop executing the springfox.documentation.schema.property.ModelSpecificationFactory.create method
2025-06-11 12:06:53.743  INFO 1 --- [           main] s.g.m.s.m.a.ScDefaultMonitorInterceptor  : Start executing the springfox.documentation.schema.property.ModelSpecificationFactory.create method
2025-06-11 12:06:53.743  INFO 1 --- [           main] s.g.m.s.m.a.ScDefaultMonitorInterceptor  : Stop executing the springfox.documentation.schema.property.ModelSpecificationFactory.create method
2025-06-11 12:06:53.743  INFO 1 --- [           main] s.g.m.s.m.a.ScDefaultMonitorInterceptor  : Start executing the springfox.documentation.schema.property.ModelSpecificationFactory.create method
2025-06-11 12:06:53.744  INFO 1 --- [           main] s.g.m.s.m.a.ScDefaultMonitorInterceptor  : Stop executing the springfox.documentation.schema.property.ModelSpecificationFactory.create method
2025-06-11 12:06:53.744  INFO 1 --- [           main] s.g.m.s.m.a.ScDefaultMonitorInterceptor  : Start executing the springfox.documentation.schema.property.ModelSpecificationFactory.create method
2025-06-11 12:06:53.744  INFO 1 --- [           main] s.g.m.s.m.a.ScDefaultMonitorInterceptor  : Stop executing the springfox.documentation.schema.property.ModelSpecificationFactory.create method
2025-06-11 12:06:53.744  INFO 1 --- [           main] s.g.m.s.m.a.ScDefaultMonitorInterceptor  : Start executing the springfox.documentation.schema.property.ModelSpecificationFactory.create method
2025-06-11 12:06:53.744  INFO 1 --- [           main] s.g.m.s.m.a.ScDefaultMonitorInterceptor  : Stop executing the springfox.documentation.schema.property.ModelSpecificationFactory.create method
2025-06-11 12:06:53.744  INFO 1 --- [           main] s.g.m.s.m.a.ScDefaultMonitorInterceptor  : Start executing the springfox.documentation.schema.property.ModelSpecificationFactory.create method
2025-06-11 12:06:53.744  INFO 1 --- [           main] s.g.m.s.m.a.ScDefaultMonitorInterceptor  : Stop executing the springfox.documentation.schema.property.ModelSpecificationFactory.create method
2025-06-11 12:06:53.745  INFO 1 --- [           main] s.g.m.s.m.a.ScDefaultMonitorInterceptor  : Start executing the springfox.documentation.schema.property.ModelSpecificationFactory.create method
2025-06-11 12:06:53.745  INFO 1 --- [           main] s.g.m.s.m.a.ScDefaultMonitorInterceptor  : Stop executing the springfox.documentation.schema.property.ModelSpecificationFactory.create method
2025-06-11 12:06:53.745  INFO 1 --- [           main] s.g.m.s.m.a.ScDefaultMonitorInterceptor  : Start executing the springfox.documentation.schema.property.ModelSpecificationFactory.create method
2025-06-11 12:06:53.745  INFO 1 --- [           main] s.g.m.s.m.a.ScDefaultMonitorInterceptor  : Stop executing the springfox.documentation.schema.property.ModelSpecificationFactory.create method
2025-06-11 12:06:53.746  INFO 1 --- [           main] s.g.m.s.m.a.ScDefaultMonitorInterceptor  : Start executing the springfox.documentation.schema.property.ModelSpecificationFactory.create method
2025-06-11 12:06:53.746  INFO 1 --- [           main] s.g.m.s.m.a.ScDefaultMonitorInterceptor  : Stop executing the springfox.documentation.schema.property.ModelSpecificationFactory.create method
2025-06-11 12:06:53.746  INFO 1 --- [           main] s.g.m.s.m.a.ScDefaultMonitorInterceptor  : Start executing the springfox.documentation.schema.property.ModelSpecificationFactory.create method
2025-06-11 12:06:53.746  INFO 1 --- [           main] s.g.m.s.m.a.ScDefaultMonitorInterceptor  : Stop executing the springfox.documentation.schema.property.ModelSpecificationFactory.create method
2025-06-11 12:06:53.747  INFO 1 --- [           main] s.g.m.s.m.a.ScDefaultMonitorInterceptor  : Start executing the springfox.documentation.schema.property.ModelSpecificationFactory.create method
2025-06-11 12:06:53.747  INFO 1 --- [           main] s.g.m.s.m.a.ScDefaultMonitorInterceptor  : Stop executing the springfox.documentation.schema.property.ModelSpecificationFactory.create method
2025-06-11 12:06:53.747  INFO 1 --- [           main] s.g.m.s.m.a.ScDefaultMonitorInterceptor  : Start executing the springfox.documentation.schema.property.ModelSpecificationFactory.create method
2025-06-11 12:06:53.747  INFO 1 --- [           main] s.g.m.s.m.a.ScDefaultMonitorInterceptor  : Stop executing the springfox.documentation.schema.property.ModelSpecificationFactory.create method
2025-06-11 12:06:53.747  INFO 1 --- [           main] s.g.m.s.m.a.ScDefaultMonitorInterceptor  : Start executing the springfox.documentation.schema.property.ModelSpecificationFactory.create method
2025-06-11 12:06:53.747  INFO 1 --- [           main] s.g.m.s.m.a.ScDefaultMonitorInterceptor  : Stop executing the springfox.documentation.schema.property.ModelSpecificationFactory.create method
2025-06-11 12:06:53.748  INFO 1 --- [           main] s.g.m.s.m.a.ScDefaultMonitorInterceptor  : Start executing the springfox.documentation.schema.property.ModelSpecificationFactory.create method
2025-06-11 12:06:53.748  INFO 1 --- [           main] s.g.m.s.m.a.ScDefaultMonitorInterceptor  : Stop executing the springfox.documentation.schema.property.ModelSpecificationFactory.create method
2025-06-11 12:06:53.748  INFO 1 --- [           main] s.g.m.s.m.a.ScDefaultMonitorInterceptor  : Start executing the springfox.documentation.schema.property.ModelSpecificationFactory.create method
2025-06-11 12:06:53.748  INFO 1 --- [           main] s.g.m.s.m.a.ScDefaultMonitorInterceptor  : Stop executing the springfox.documentation.schema.property.ModelSpecificationFactory.create method
2025-06-11 12:06:53.748  INFO 1 --- [           main] s.g.m.s.m.a.ScDefaultMonitorInterceptor  : Start executing the springfox.documentation.schema.property.ModelSpecificationFactory.create method
2025-06-11 12:06:53.748  INFO 1 --- [           main] s.g.m.s.m.a.ScDefaultMonitorInterceptor  : Stop executing the springfox.documentation.schema.property.ModelSpecificationFactory.create method
2025-06-11 12:06:53.748  INFO 1 --- [           main] s.g.m.s.m.a.ScDefaultMonitorInterceptor  : Start executing the springfox.documentation.schema.property.ModelSpecificationFactory.create method
2025-06-11 12:06:53.748  INFO 1 --- [           main] s.g.m.s.m.a.ScDefaultMonitorInterceptor  : Stop executing the springfox.documentation.schema.property.ModelSpecificationFactory.create method
2025-06-11 12:06:53.749  INFO 1 --- [           main] s.g.m.s.m.a.ScDefaultMonitorInterceptor  : Start executing the springfox.documentation.schema.property.ModelSpecificationFactory.create method
2025-06-11 12:06:53.749  INFO 1 --- [           main] s.g.m.s.m.a.ScDefaultMonitorInterceptor  : Stop executing the springfox.documentation.schema.property.ModelSpecificationFactory.create method
2025-06-11 12:06:53.749  INFO 1 --- [           main] s.g.m.s.m.a.ScDefaultMonitorInterceptor  : Start executing the springfox.documentation.schema.property.ModelSpecificationFactory.create method
2025-06-11 12:06:53.749  INFO 1 --- [           main] s.g.m.s.m.a.ScDefaultMonitorInterceptor  : Stop executing the springfox.documentation.schema.property.ModelSpecificationFactory.create method
2025-06-11 12:06:53.749  INFO 1 --- [           main] s.g.m.s.m.a.ScDefaultMonitorInterceptor  : Start executing the springfox.documentation.schema.property.ModelSpecificationFactory.create method
2025-06-11 12:06:53.749  INFO 1 --- [           main] s.g.m.s.m.a.ScDefaultMonitorInterceptor  : Stop executing the springfox.documentation.schema.property.ModelSpecificationFactory.create method
2025-06-11 12:06:53.750  INFO 1 --- [           main] s.g.m.s.m.a.ScDefaultMonitorInterceptor  : Start executing the springfox.documentation.schema.property.ModelSpecificationFactory.create method
2025-06-11 12:06:53.750  INFO 1 --- [           main] s.g.m.s.m.a.ScDefaultMonitorInterceptor  : Stop executing the springfox.documentation.schema.property.ModelSpecificationFactory.create method
2025-06-11 12:06:53.750  INFO 1 --- [           main] s.g.m.s.m.a.ScDefaultMonitorInterceptor  : Start executing the springfox.documentation.schema.property.ModelSpecificationFactory.create method
2025-06-11 12:06:53.750  INFO 1 --- [           main] s.g.m.s.m.a.ScDefaultMonitorInterceptor  : Stop executing the springfox.documentation.schema.property.ModelSpecificationFactory.create method
2025-06-11 12:06:53.750  INFO 1 --- [           main] s.g.m.s.m.a.ScDefaultMonitorInterceptor  : Start executing the springfox.documentation.schema.property.ModelSpecificationFactory.create method
2025-06-11 12:06:53.750  INFO 1 --- [           main] s.g.m.s.m.a.ScDefaultMonitorInterceptor  : Stop executing the springfox.documentation.schema.property.ModelSpecificationFactory.create method
2025-06-11 12:06:53.750  INFO 1 --- [           main] s.g.m.s.m.a.ScDefaultMonitorInterceptor  : Start executing the springfox.documentation.schema.property.ModelSpecificationFactory.create method
2025-06-11 12:06:53.750  INFO 1 --- [           main] s.g.m.s.m.a.ScDefaultMonitorInterceptor  : Stop executing the springfox.documentation.schema.property.ModelSpecificationFactory.create method
2025-06-11 12:06:53.751  INFO 1 --- [           main] s.g.m.s.m.a.ScDefaultMonitorInterceptor  : Start executing the springfox.documentation.schema.property.ModelSpecificationFactory.create method
2025-06-11 12:06:53.751  INFO 1 --- [           main] s.g.m.s.m.a.ScDefaultMonitorInterceptor  : Stop executing the springfox.documentation.schema.property.ModelSpecificationFactory.create method
2025-06-11 12:06:53.752  INFO 1 --- [           main] s.g.m.s.m.a.ScDefaultMonitorInterceptor  : Start executing the springfox.documentation.schema.property.ModelSpecificationFactory.create method
2025-06-11 12:06:53.752  INFO 1 --- [           main] s.g.m.s.m.a.ScDefaultMonitorInterceptor  : Stop executing the springfox.documentation.schema.property.ModelSpecificationFactory.create method
2025-06-11 12:06:53.752  INFO 1 --- [           main] s.g.m.s.m.a.ScDefaultMonitorInterceptor  : Start executing the springfox.documentation.schema.property.ModelSpecificationFactory.create method
2025-06-11 12:06:53.752  INFO 1 --- [           main] s.g.m.s.m.a.ScDefaultMonitorInterceptor  : Stop executing the springfox.documentation.schema.property.ModelSpecificationFactory.create method
2025-06-11 12:06:53.848  INFO 1 --- [           main] s.g.m.s.m.a.ScDefaultMonitorInterceptor  : Start executing the springfox.documentation.schema.property.ModelSpecificationFactory.create method
2025-06-11 12:06:53.848  INFO 1 --- [           main] s.g.m.s.m.a.ScDefaultMonitorInterceptor  : Stop executing the springfox.documentation.schema.property.ModelSpecificationFactory.create method
2025-06-11 12:06:53.849  INFO 1 --- [           main] s.g.m.s.m.a.ScDefaultMonitorInterceptor  : Start executing the springfox.documentation.schema.property.ModelSpecificationFactory.create method
2025-06-11 12:06:53.849  INFO 1 --- [           main] s.g.m.s.m.a.ScDefaultMonitorInterceptor  : Stop executing the springfox.documentation.schema.property.ModelSpecificationFactory.create method
2025-06-11 12:06:53.849  INFO 1 --- [           main] s.g.m.s.m.a.ScDefaultMonitorInterceptor  : Start executing the springfox.documentation.schema.property.ModelSpecificationFactory.create method
2025-06-11 12:06:53.849  INFO 1 --- [           main] s.g.m.s.m.a.ScDefaultMonitorInterceptor  : Stop executing the springfox.documentation.schema.property.ModelSpecificationFactory.create method
2025-06-11 12:06:53.849  INFO 1 --- [           main] s.g.m.s.m.a.ScDefaultMonitorInterceptor  : Start executing the springfox.documentation.schema.property.ModelSpecificationFactory.create method
2025-06-11 12:06:53.849  INFO 1 --- [           main] s.g.m.s.m.a.ScDefaultMonitorInterceptor  : Stop executing the springfox.documentation.schema.property.ModelSpecificationFactory.create method
2025-06-11 12:06:53.849  INFO 1 --- [           main] s.g.m.s.m.a.ScDefaultMonitorInterceptor  : Start executing the springfox.documentation.schema.property.ModelSpecificationFactory.create method
2025-06-11 12:06:53.850  INFO 1 --- [           main] s.g.m.s.m.a.ScDefaultMonitorInterceptor  : Stop executing the springfox.documentation.schema.property.ModelSpecificationFactory.create method
2025-06-11 12:06:53.850  INFO 1 --- [           main] s.g.m.s.m.a.ScDefaultMonitorInterceptor  : Start executing the springfox.documentation.schema.property.ModelSpecificationFactory.create method
2025-06-11 12:06:53.850  INFO 1 --- [           main] s.g.m.s.m.a.ScDefaultMonitorInterceptor  : Stop executing the springfox.documentation.schema.property.ModelSpecificationFactory.create method
2025-06-11 12:06:53.850  INFO 1 --- [           main] s.g.m.s.m.a.ScDefaultMonitorInterceptor  : Start executing the springfox.documentation.schema.property.ModelSpecificationFactory.create method
2025-06-11 12:06:53.850  INFO 1 --- [           main] s.g.m.s.m.a.ScDefaultMonitorInterceptor  : Stop executing the springfox.documentation.schema.property.ModelSpecificationFactory.create method
2025-06-11 12:06:53.851  INFO 1 --- [           main] s.g.m.s.m.a.ScDefaultMonitorInterceptor  : Start executing the springfox.documentation.schema.property.ModelSpecificationFactory.create method
2025-06-11 12:06:53.851  INFO 1 --- [           main] s.g.m.s.m.a.ScDefaultMonitorInterceptor  : Stop executing the springfox.documentation.schema.property.ModelSpecificationFactory.create method
2025-06-11 12:06:53.852  INFO 1 --- [           main] s.g.m.s.m.a.ScDefaultMonitorInterceptor  : Start executing the springfox.documentation.schema.property.ModelSpecificationFactory.create method
2025-06-11 12:06:53.852  INFO 1 --- [           main] s.g.m.s.m.a.ScDefaultMonitorInterceptor  : Stop executing the springfox.documentation.schema.property.ModelSpecificationFactory.create method
2025-06-11 12:06:53.924  INFO 1 --- [           main] s.g.m.s.m.a.ScDefaultMonitorInterceptor  : Start executing the springfox.documentation.schema.property.ModelSpecificationFactory.create method
2025-06-11 12:06:53.924  INFO 1 --- [           main] s.g.m.s.m.a.ScDefaultMonitorInterceptor  : Stop executing the springfox.documentation.schema.property.ModelSpecificationFactory.create method
2025-06-11 12:06:53.929  INFO 1 --- [           main] s.g.m.s.m.a.ScDefaultMonitorInterceptor  : Start executing the springfox.documentation.schema.property.ModelSpecificationFactory.create method
2025-06-11 12:06:53.929  INFO 1 --- [           main] s.g.m.s.m.a.ScDefaultMonitorInterceptor  : Stop executing the springfox.documentation.schema.property.ModelSpecificationFactory.create method
2025-06-11 12:06:53.929  INFO 1 --- [           main] s.g.m.s.m.a.ScDefaultMonitorInterceptor  : Start executing the springfox.documentation.schema.property.ModelSpecificationFactory.create method
2025-06-11 12:06:53.929  INFO 1 --- [           main] s.g.m.s.m.a.ScDefaultMonitorInterceptor  : Stop executing the springfox.documentation.schema.property.ModelSpecificationFactory.create method
2025-06-11 12:06:53.929  INFO 1 --- [           main] s.g.m.s.m.a.ScDefaultMonitorInterceptor  : Start executing the springfox.documentation.schema.property.ModelSpecificationFactory.create method
2025-06-11 12:06:53.929  INFO 1 --- [           main] s.g.m.s.m.a.ScDefaultMonitorInterceptor  : Stop executing the springfox.documentation.schema.property.ModelSpecificationFactory.create method
2025-06-11 12:06:53.930  INFO 1 --- [           main] s.g.m.s.m.a.ScDefaultMonitorInterceptor  : Start executing the springfox.documentation.schema.property.ModelSpecificationFactory.create method
2025-06-11 12:06:53.930  INFO 1 --- [           main] s.g.m.s.m.a.ScDefaultMonitorInterceptor  : Stop executing the springfox.documentation.schema.property.ModelSpecificationFactory.create method
2025-06-11 12:06:53.930  INFO 1 --- [           main] s.g.m.s.m.a.ScDefaultMonitorInterceptor  : Start executing the springfox.documentation.schema.property.ModelSpecificationFactory.create method
2025-06-11 12:06:53.930  INFO 1 --- [           main] s.g.m.s.m.a.ScDefaultMonitorInterceptor  : Stop executing the springfox.documentation.schema.property.ModelSpecificationFactory.create method
2025-06-11 12:06:53.930  INFO 1 --- [           main] s.g.m.s.m.a.ScDefaultMonitorInterceptor  : Start executing the springfox.documentation.schema.property.ModelSpecificationFactory.create method
2025-06-11 12:06:53.930  INFO 1 --- [           main] s.g.m.s.m.a.ScDefaultMonitorInterceptor  : Stop executing the springfox.documentation.schema.property.ModelSpecificationFactory.create method
2025-06-11 12:06:53.931  INFO 1 --- [           main] s.g.m.s.m.a.ScDefaultMonitorInterceptor  : Start executing the springfox.documentation.schema.property.ModelSpecificationFactory.create method
2025-06-11 12:06:53.931  INFO 1 --- [           main] s.g.m.s.m.a.ScDefaultMonitorInterceptor  : Stop executing the springfox.documentation.schema.property.ModelSpecificationFactory.create method
2025-06-11 12:06:53.931  INFO 1 --- [           main] s.g.m.s.m.a.ScDefaultMonitorInterceptor  : Start executing the springfox.documentation.schema.property.ModelSpecificationFactory.create method
2025-06-11 12:06:53.931  INFO 1 --- [           main] s.g.m.s.m.a.ScDefaultMonitorInterceptor  : Stop executing the springfox.documentation.schema.property.ModelSpecificationFactory.create method
[GC (Allocation Failure) [DefNew: 50721K->2604K(53568K), 0.0110471 secs] 150928K->103167K(172360K), 0.0110767 secs] [Times: user=0.01 sys=0.00, real=0.02 secs] 
2025-06-11 12:06:53.948  INFO 1 --- [           main] s.g.m.s.m.a.ScDefaultMonitorInterceptor  : Start executing the springfox.documentation.schema.property.ModelSpecificationFactory.create method
2025-06-11 12:06:53.948  INFO 1 --- [           main] s.g.m.s.m.a.ScDefaultMonitorInterceptor  : Stop executing the springfox.documentation.schema.property.ModelSpecificationFactory.create method
2025-06-11 12:06:53.948  INFO 1 --- [           main] s.g.m.s.m.a.ScDefaultMonitorInterceptor  : Start executing the springfox.documentation.schema.property.ModelSpecificationFactory.create method
2025-06-11 12:06:53.948  INFO 1 --- [           main] s.g.m.s.m.a.ScDefaultMonitorInterceptor  : Stop executing the springfox.documentation.schema.property.ModelSpecificationFactory.create method
2025-06-11 12:06:53.948  INFO 1 --- [           main] s.g.m.s.m.a.ScDefaultMonitorInterceptor  : Start executing the springfox.documentation.schema.property.ModelSpecificationFactory.create method
2025-06-11 12:06:53.948  INFO 1 --- [           main] s.g.m.s.m.a.ScDefaultMonitorInterceptor  : Stop executing the springfox.documentation.schema.property.ModelSpecificationFactory.create method
2025-06-11 12:06:53.949  INFO 1 --- [           main] s.g.m.s.m.a.ScDefaultMonitorInterceptor  : Start executing the springfox.documentation.schema.property.ModelSpecificationFactory.create method
2025-06-11 12:06:53.949  INFO 1 --- [           main] s.g.m.s.m.a.ScDefaultMonitorInterceptor  : Stop executing the springfox.documentation.schema.property.ModelSpecificationFactory.create method
2025-06-11 12:06:53.949  INFO 1 --- [           main] s.g.m.s.m.a.ScDefaultMonitorInterceptor  : Start executing the springfox.documentation.schema.property.ModelSpecificationFactory.create method
2025-06-11 12:06:53.949  INFO 1 --- [           main] s.g.m.s.m.a.ScDefaultMonitorInterceptor  : Stop executing the springfox.documentation.schema.property.ModelSpecificationFactory.create method
2025-06-11 12:06:53.949  INFO 1 --- [           main] s.g.m.s.m.a.ScDefaultMonitorInterceptor  : Start executing the springfox.documentation.schema.property.ModelSpecificationFactory.create method
2025-06-11 12:06:53.949  INFO 1 --- [           main] s.g.m.s.m.a.ScDefaultMonitorInterceptor  : Stop executing the springfox.documentation.schema.property.ModelSpecificationFactory.create method
2025-06-11 12:06:53.950  INFO 1 --- [           main] s.g.m.s.m.a.ScDefaultMonitorInterceptor  : Start executing the springfox.documentation.schema.property.ModelSpecificationFactory.create method
2025-06-11 12:06:53.950  INFO 1 --- [           main] s.g.m.s.m.a.ScDefaultMonitorInterceptor  : Stop executing the springfox.documentation.schema.property.ModelSpecificationFactory.create method
2025-06-11 12:06:53.950  INFO 1 --- [           main] s.g.m.s.m.a.ScDefaultMonitorInterceptor  : Start executing the springfox.documentation.schema.property.ModelSpecificationFactory.create method
2025-06-11 12:06:53.950  INFO 1 --- [           main] s.g.m.s.m.a.ScDefaultMonitorInterceptor  : Stop executing the springfox.documentation.schema.property.ModelSpecificationFactory.create method
2025-06-11 12:06:53.950  INFO 1 --- [           main] s.g.m.s.m.a.ScDefaultMonitorInterceptor  : Start executing the springfox.documentation.schema.property.ModelSpecificationFactory.create method
2025-06-11 12:06:53.950  INFO 1 --- [           main] s.g.m.s.m.a.ScDefaultMonitorInterceptor  : Stop executing the springfox.documentation.schema.property.ModelSpecificationFactory.create method
2025-06-11 12:06:53.950  INFO 1 --- [           main] s.g.m.s.m.a.ScDefaultMonitorInterceptor  : Start executing the springfox.documentation.schema.property.ModelSpecificationFactory.create method
2025-06-11 12:06:53.950  INFO 1 --- [           main] s.g.m.s.m.a.ScDefaultMonitorInterceptor  : Stop executing the springfox.documentation.schema.property.ModelSpecificationFactory.create method
2025-06-11 12:06:53.950  INFO 1 --- [           main] s.g.m.s.m.a.ScDefaultMonitorInterceptor  : Start executing the springfox.documentation.schema.property.ModelSpecificationFactory.create method
2025-06-11 12:06:53.950  INFO 1 --- [           main] s.g.m.s.m.a.ScDefaultMonitorInterceptor  : Stop executing the springfox.documentation.schema.property.ModelSpecificationFactory.create method
2025-06-11 12:06:53.951  INFO 1 --- [           main] s.g.m.s.m.a.ScDefaultMonitorInterceptor  : Start executing the springfox.documentation.schema.property.ModelSpecificationFactory.create method
2025-06-11 12:06:53.951  INFO 1 --- [           main] s.g.m.s.m.a.ScDefaultMonitorInterceptor  : Stop executing the springfox.documentation.schema.property.ModelSpecificationFactory.create method
2025-06-11 12:06:53.951  INFO 1 --- [           main] s.g.m.s.m.a.ScDefaultMonitorInterceptor  : Start executing the springfox.documentation.schema.property.ModelSpecificationFactory.create method
2025-06-11 12:06:53.951  INFO 1 --- [           main] s.g.m.s.m.a.ScDefaultMonitorInterceptor  : Stop executing the springfox.documentation.schema.property.ModelSpecificationFactory.create method
2025-06-11 12:06:53.951  INFO 1 --- [           main] s.g.m.s.m.a.ScDefaultMonitorInterceptor  : Start executing the springfox.documentation.schema.property.ModelSpecificationFactory.create method
2025-06-11 12:06:53.951  INFO 1 --- [           main] s.g.m.s.m.a.ScDefaultMonitorInterceptor  : Stop executing the springfox.documentation.schema.property.ModelSpecificationFactory.create method
2025-06-11 12:06:53.951  INFO 1 --- [           main] s.g.m.s.m.a.ScDefaultMonitorInterceptor  : Start executing the springfox.documentation.schema.property.ModelSpecificationFactory.create method
2025-06-11 12:06:53.951  INFO 1 --- [           main] s.g.m.s.m.a.ScDefaultMonitorInterceptor  : Stop executing the springfox.documentation.schema.property.ModelSpecificationFactory.create method
2025-06-11 12:06:53.951  INFO 1 --- [           main] s.g.m.s.m.a.ScDefaultMonitorInterceptor  : Start executing the springfox.documentation.schema.property.ModelSpecificationFactory.create method
2025-06-11 12:06:53.952  INFO 1 --- [           main] s.g.m.s.m.a.ScDefaultMonitorInterceptor  : Stop executing the springfox.documentation.schema.property.ModelSpecificationFactory.create method
2025-06-11 12:06:53.952  INFO 1 --- [           main] s.g.m.s.m.a.ScDefaultMonitorInterceptor  : Start executing the springfox.documentation.schema.property.ModelSpecificationFactory.create method
2025-06-11 12:06:53.952  INFO 1 --- [           main] s.g.m.s.m.a.ScDefaultMonitorInterceptor  : Stop executing the springfox.documentation.schema.property.ModelSpecificationFactory.create method
2025-06-11 12:06:53.953  INFO 1 --- [           main] s.g.m.s.m.a.ScDefaultMonitorInterceptor  : Start executing the springfox.documentation.schema.property.ModelSpecificationFactory.create method
2025-06-11 12:06:53.953  INFO 1 --- [           main] s.g.m.s.m.a.ScDefaultMonitorInterceptor  : Stop executing the springfox.documentation.schema.property.ModelSpecificationFactory.create method
2025-06-11 12:06:53.953  INFO 1 --- [           main] s.g.m.s.m.a.ScDefaultMonitorInterceptor  : Start executing the springfox.documentation.schema.property.ModelSpecificationFactory.create method
2025-06-11 12:06:53.953  INFO 1 --- [           main] s.g.m.s.m.a.ScDefaultMonitorInterceptor  : Stop executing the springfox.documentation.schema.property.ModelSpecificationFactory.create method
2025-06-11 12:06:53.960  INFO 1 --- [           main] s.g.m.s.m.a.ScDefaultMonitorInterceptor  : Start executing the springfox.documentation.schema.property.ModelSpecificationFactory.create method
2025-06-11 12:06:53.960  INFO 1 --- [           main] s.g.m.s.m.a.ScDefaultMonitorInterceptor  : Stop executing the springfox.documentation.schema.property.ModelSpecificationFactory.create method
2025-06-11 12:06:53.961  INFO 1 --- [           main] s.g.m.s.m.a.ScDefaultMonitorInterceptor  : Start executing the springfox.documentation.schema.property.ModelSpecificationFactory.create method
2025-06-11 12:06:53.961  INFO 1 --- [           main] s.g.m.s.m.a.ScDefaultMonitorInterceptor  : Stop executing the springfox.documentation.schema.property.ModelSpecificationFactory.create method
2025-06-11 12:06:53.961  INFO 1 --- [           main] s.g.m.s.m.a.ScDefaultMonitorInterceptor  : Start executing the springfox.documentation.schema.property.ModelSpecificationFactory.create method
2025-06-11 12:06:53.961  INFO 1 --- [           main] s.g.m.s.m.a.ScDefaultMonitorInterceptor  : Stop executing the springfox.documentation.schema.property.ModelSpecificationFactory.create method
2025-06-11 12:06:53.963  INFO 1 --- [           main] s.g.m.s.m.a.ScDefaultMonitorInterceptor  : Start executing the springfox.documentation.schema.property.ModelSpecificationFactory.create method
2025-06-11 12:06:54.023  INFO 1 --- [           main] s.g.m.s.m.a.ScDefaultMonitorInterceptor  : Stop executing the springfox.documentation.schema.property.ModelSpecificationFactory.create method
2025-06-11 12:06:54.024  INFO 1 --- [           main] s.g.m.s.m.a.ScDefaultMonitorInterceptor  : Start executing the springfox.documentation.schema.property.ModelSpecificationFactory.create method
2025-06-11 12:06:54.024  INFO 1 --- [           main] s.g.m.s.m.a.ScDefaultMonitorInterceptor  : Stop executing the springfox.documentation.schema.property.ModelSpecificationFactory.create method
2025-06-11 12:06:54.024  INFO 1 --- [           main] s.g.m.s.m.a.ScDefaultMonitorInterceptor  : Start executing the springfox.documentation.schema.property.ModelSpecificationFactory.create method
2025-06-11 12:06:54.024  INFO 1 --- [           main] s.g.m.s.m.a.ScDefaultMonitorInterceptor  : Stop executing the springfox.documentation.schema.property.ModelSpecificationFactory.create method
2025-06-11 12:06:54.029  INFO 1 --- [           main] s.g.m.s.m.a.ScDefaultMonitorInterceptor  : Start executing the springfox.documentation.schema.property.ModelSpecificationFactory.create method
2025-06-11 12:06:54.029  INFO 1 --- [           main] s.g.m.s.m.a.ScDefaultMonitorInterceptor  : Stop executing the springfox.documentation.schema.property.ModelSpecificationFactory.create method
2025-06-11 12:06:54.029  INFO 1 --- [           main] s.g.m.s.m.a.ScDefaultMonitorInterceptor  : Start executing the springfox.documentation.schema.property.ModelSpecificationFactory.create method
2025-06-11 12:06:54.029  INFO 1 --- [           main] s.g.m.s.m.a.ScDefaultMonitorInterceptor  : Stop executing the springfox.documentation.schema.property.ModelSpecificationFactory.create method
2025-06-11 12:06:54.029  INFO 1 --- [           main] s.g.m.s.m.a.ScDefaultMonitorInterceptor  : Start executing the springfox.documentation.schema.property.ModelSpecificationFactory.create method
2025-06-11 12:06:54.030  INFO 1 --- [           main] s.g.m.s.m.a.ScDefaultMonitorInterceptor  : Stop executing the springfox.documentation.schema.property.ModelSpecificationFactory.create method
2025-06-11 12:06:54.030  INFO 1 --- [           main] s.g.m.s.m.a.ScDefaultMonitorInterceptor  : Start executing the springfox.documentation.schema.property.ModelSpecificationFactory.create method
2025-06-11 12:06:54.030  INFO 1 --- [           main] s.g.m.s.m.a.ScDefaultMonitorInterceptor  : Stop executing the springfox.documentation.schema.property.ModelSpecificationFactory.create method
2025-06-11 12:06:54.030  INFO 1 --- [           main] s.g.m.s.m.a.ScDefaultMonitorInterceptor  : Start executing the springfox.documentation.schema.property.ModelSpecificationFactory.create method
2025-06-11 12:06:54.030  INFO 1 --- [           main] s.g.m.s.m.a.ScDefaultMonitorInterceptor  : Stop executing the springfox.documentation.schema.property.ModelSpecificationFactory.create method
2025-06-11 12:06:54.030  INFO 1 --- [           main] s.g.m.s.m.a.ScDefaultMonitorInterceptor  : Start executing the springfox.documentation.schema.property.ModelSpecificationFactory.create method
2025-06-11 12:06:54.030  INFO 1 --- [           main] s.g.m.s.m.a.ScDefaultMonitorInterceptor  : Stop executing the springfox.documentation.schema.property.ModelSpecificationFactory.create method
2025-06-11 12:06:54.031  INFO 1 --- [           main] s.g.m.s.m.a.ScDefaultMonitorInterceptor  : Start executing the springfox.documentation.schema.property.ModelSpecificationFactory.create method
2025-06-11 12:06:54.031  INFO 1 --- [           main] s.g.m.s.m.a.ScDefaultMonitorInterceptor  : Stop executing the springfox.documentation.schema.property.ModelSpecificationFactory.create method
2025-06-11 12:06:54.031  INFO 1 --- [           main] s.g.m.s.m.a.ScDefaultMonitorInterceptor  : Start executing the springfox.documentation.schema.property.ModelSpecificationFactory.create method
2025-06-11 12:06:54.031  INFO 1 --- [           main] s.g.m.s.m.a.ScDefaultMonitorInterceptor  : Stop executing the springfox.documentation.schema.property.ModelSpecificationFactory.create method
2025-06-11 12:06:54.031  INFO 1 --- [           main] s.g.m.s.m.a.ScDefaultMonitorInterceptor  : Start executing the springfox.documentation.schema.property.ModelSpecificationFactory.create method
2025-06-11 12:06:54.031  INFO 1 --- [           main] s.g.m.s.m.a.ScDefaultMonitorInterceptor  : Stop executing the springfox.documentation.schema.property.ModelSpecificationFactory.create method
2025-06-11 12:06:54.032  INFO 1 --- [           main] s.g.m.s.m.a.ScDefaultMonitorInterceptor  : Start executing the springfox.documentation.schema.property.ModelSpecificationFactory.create method
2025-06-11 12:06:54.032  INFO 1 --- [           main] s.g.m.s.m.a.ScDefaultMonitorInterceptor  : Stop executing the springfox.documentation.schema.property.ModelSpecificationFactory.create method
2025-06-11 12:06:54.032  INFO 1 --- [           main] s.g.m.s.m.a.ScDefaultMonitorInterceptor  : Start executing the springfox.documentation.schema.property.ModelSpecificationFactory.create method
2025-06-11 12:06:54.032  INFO 1 --- [           main] s.g.m.s.m.a.ScDefaultMonitorInterceptor  : Stop executing the springfox.documentation.schema.property.ModelSpecificationFactory.create method
2025-06-11 12:06:54.032  INFO 1 --- [           main] s.g.m.s.m.a.ScDefaultMonitorInterceptor  : Start executing the springfox.documentation.schema.property.ModelSpecificationFactory.create method
2025-06-11 12:06:54.033  INFO 1 --- [           main] s.g.m.s.m.a.ScDefaultMonitorInterceptor  : Stop executing the springfox.documentation.schema.property.ModelSpecificationFactory.create method
2025-06-11 12:06:54.033  INFO 1 --- [           main] s.g.m.s.m.a.ScDefaultMonitorInterceptor  : Start executing the springfox.documentation.schema.property.ModelSpecificationFactory.create method
2025-06-11 12:06:54.033  INFO 1 --- [           main] s.g.m.s.m.a.ScDefaultMonitorInterceptor  : Stop executing the springfox.documentation.schema.property.ModelSpecificationFactory.create method
2025-06-11 12:06:54.033  INFO 1 --- [           main] s.g.m.s.m.a.ScDefaultMonitorInterceptor  : Start executing the springfox.documentation.schema.property.ModelSpecificationFactory.create method
2025-06-11 12:06:54.033  INFO 1 --- [           main] s.g.m.s.m.a.ScDefaultMonitorInterceptor  : Stop executing the springfox.documentation.schema.property.ModelSpecificationFactory.create method
2025-06-11 12:06:54.042  INFO 1 --- [           main] s.g.m.s.m.a.ScDefaultMonitorInterceptor  : Start executing the springfox.documentation.schema.property.ModelSpecificationFactory.create method
2025-06-11 12:06:54.042  INFO 1 --- [           main] s.g.m.s.m.a.ScDefaultMonitorInterceptor  : Stop executing the springfox.documentation.schema.property.ModelSpecificationFactory.create method
2025-06-11 12:06:54.042  INFO 1 --- [           main] s.g.m.s.m.a.ScDefaultMonitorInterceptor  : Start executing the springfox.documentation.schema.property.ModelSpecificationFactory.create method
2025-06-11 12:06:54.042  INFO 1 --- [           main] s.g.m.s.m.a.ScDefaultMonitorInterceptor  : Stop executing the springfox.documentation.schema.property.ModelSpecificationFactory.create method
2025-06-11 12:06:54.042  INFO 1 --- [           main] s.g.m.s.m.a.ScDefaultMonitorInterceptor  : Start executing the springfox.documentation.schema.property.ModelSpecificationFactory.create method
2025-06-11 12:06:54.042  INFO 1 --- [           main] s.g.m.s.m.a.ScDefaultMonitorInterceptor  : Stop executing the springfox.documentation.schema.property.ModelSpecificationFactory.create method
2025-06-11 12:06:54.043  INFO 1 --- [           main] s.g.m.s.m.a.ScDefaultMonitorInterceptor  : Start executing the springfox.documentation.schema.property.ModelSpecificationFactory.create method
2025-06-11 12:06:54.043  INFO 1 --- [           main] s.g.m.s.m.a.ScDefaultMonitorInterceptor  : Stop executing the springfox.documentation.schema.property.ModelSpecificationFactory.create method
2025-06-11 12:06:54.043  INFO 1 --- [           main] s.g.m.s.m.a.ScDefaultMonitorInterceptor  : Start executing the springfox.documentation.schema.property.ModelSpecificationFactory.create method
2025-06-11 12:06:54.043  INFO 1 --- [           main] s.g.m.s.m.a.ScDefaultMonitorInterceptor  : Stop executing the springfox.documentation.schema.property.ModelSpecificationFactory.create method
2025-06-11 12:06:54.043  INFO 1 --- [           main] s.g.m.s.m.a.ScDefaultMonitorInterceptor  : Start executing the springfox.documentation.schema.property.ModelSpecificationFactory.create method
2025-06-11 12:06:54.043  INFO 1 --- [           main] s.g.m.s.m.a.ScDefaultMonitorInterceptor  : Stop executing the springfox.documentation.schema.property.ModelSpecificationFactory.create method
2025-06-11 12:06:54.044  INFO 1 --- [           main] s.g.m.s.m.a.ScDefaultMonitorInterceptor  : Start executing the springfox.documentation.schema.property.ModelSpecificationFactory.create method
2025-06-11 12:06:54.044  INFO 1 --- [           main] s.g.m.s.m.a.ScDefaultMonitorInterceptor  : Stop executing the springfox.documentation.schema.property.ModelSpecificationFactory.create method
2025-06-11 12:06:54.044  INFO 1 --- [           main] s.g.m.s.m.a.ScDefaultMonitorInterceptor  : Start executing the springfox.documentation.schema.property.ModelSpecificationFactory.create method
2025-06-11 12:06:54.044  INFO 1 --- [           main] s.g.m.s.m.a.ScDefaultMonitorInterceptor  : Stop executing the springfox.documentation.schema.property.ModelSpecificationFactory.create method
2025-06-11 12:06:54.044  INFO 1 --- [           main] s.g.m.s.m.a.ScDefaultMonitorInterceptor  : Start executing the springfox.documentation.schema.property.ModelSpecificationFactory.create method
2025-06-11 12:06:54.044  INFO 1 --- [           main] s.g.m.s.m.a.ScDefaultMonitorInterceptor  : Stop executing the springfox.documentation.schema.property.ModelSpecificationFactory.create method
2025-06-11 12:06:54.044  INFO 1 --- [           main] s.g.m.s.m.a.ScDefaultMonitorInterceptor  : Start executing the springfox.documentation.schema.property.ModelSpecificationFactory.create method
2025-06-11 12:06:54.044  INFO 1 --- [           main] s.g.m.s.m.a.ScDefaultMonitorInterceptor  : Stop executing the springfox.documentation.schema.property.ModelSpecificationFactory.create method
2025-06-11 12:06:54.045  INFO 1 --- [           main] s.g.m.s.m.a.ScDefaultMonitorInterceptor  : Start executing the springfox.documentation.schema.property.ModelSpecificationFactory.create method
2025-06-11 12:06:54.045  INFO 1 --- [           main] s.g.m.s.m.a.ScDefaultMonitorInterceptor  : Stop executing the springfox.documentation.schema.property.ModelSpecificationFactory.create method
2025-06-11 12:06:54.045  INFO 1 --- [           main] s.g.m.s.m.a.ScDefaultMonitorInterceptor  : Start executing the springfox.documentation.schema.property.ModelSpecificationFactory.create method
2025-06-11 12:06:54.045  INFO 1 --- [           main] s.g.m.s.m.a.ScDefaultMonitorInterceptor  : Stop executing the springfox.documentation.schema.property.ModelSpecificationFactory.create method
2025-06-11 12:06:54.045  INFO 1 --- [           main] s.g.m.s.m.a.ScDefaultMonitorInterceptor  : Start executing the springfox.documentation.schema.property.ModelSpecificationFactory.create method
2025-06-11 12:06:54.045  INFO 1 --- [           main] s.g.m.s.m.a.ScDefaultMonitorInterceptor  : Stop executing the springfox.documentation.schema.property.ModelSpecificationFactory.create method
2025-06-11 12:06:54.045  INFO 1 --- [           main] s.g.m.s.m.a.ScDefaultMonitorInterceptor  : Start executing the springfox.documentation.schema.property.ModelSpecificationFactory.create method
2025-06-11 12:06:54.045  INFO 1 --- [           main] s.g.m.s.m.a.ScDefaultMonitorInterceptor  : Stop executing the springfox.documentation.schema.property.ModelSpecificationFactory.create method
2025-06-11 12:06:54.045  INFO 1 --- [           main] s.g.m.s.m.a.ScDefaultMonitorInterceptor  : Start executing the springfox.documentation.schema.property.ModelSpecificationFactory.create method
2025-06-11 12:06:54.045  INFO 1 --- [           main] s.g.m.s.m.a.ScDefaultMonitorInterceptor  : Stop executing the springfox.documentation.schema.property.ModelSpecificationFactory.create method
2025-06-11 12:06:54.045  INFO 1 --- [           main] s.g.m.s.m.a.ScDefaultMonitorInterceptor  : Start executing the springfox.documentation.schema.property.ModelSpecificationFactory.create method
2025-06-11 12:06:54.046  INFO 1 --- [           main] s.g.m.s.m.a.ScDefaultMonitorInterceptor  : Stop executing the springfox.documentation.schema.property.ModelSpecificationFactory.create method
2025-06-11 12:06:54.046  INFO 1 --- [           main] s.g.m.s.m.a.ScDefaultMonitorInterceptor  : Start executing the springfox.documentation.schema.property.ModelSpecificationFactory.create method
2025-06-11 12:06:54.046  INFO 1 --- [           main] s.g.m.s.m.a.ScDefaultMonitorInterceptor  : Stop executing the springfox.documentation.schema.property.ModelSpecificationFactory.create method
2025-06-11 12:06:54.046  INFO 1 --- [           main] s.g.m.s.m.a.ScDefaultMonitorInterceptor  : Start executing the springfox.documentation.schema.property.ModelSpecificationFactory.create method
2025-06-11 12:06:54.046  INFO 1 --- [           main] s.g.m.s.m.a.ScDefaultMonitorInterceptor  : Stop executing the springfox.documentation.schema.property.ModelSpecificationFactory.create method
2025-06-11 12:06:54.047  INFO 1 --- [           main] s.g.m.s.m.a.ScDefaultMonitorInterceptor  : Start executing the springfox.documentation.schema.property.ModelSpecificationFactory.create method
2025-06-11 12:06:54.047  INFO 1 --- [           main] s.g.m.s.m.a.ScDefaultMonitorInterceptor  : Stop executing the springfox.documentation.schema.property.ModelSpecificationFactory.create method
2025-06-11 12:06:54.047  INFO 1 --- [           main] s.g.m.s.m.a.ScDefaultMonitorInterceptor  : Start executing the springfox.documentation.schema.property.ModelSpecificationFactory.create method
2025-06-11 12:06:54.047  INFO 1 --- [           main] s.g.m.s.m.a.ScDefaultMonitorInterceptor  : Stop executing the springfox.documentation.schema.property.ModelSpecificationFactory.create method
2025-06-11 12:06:54.047  INFO 1 --- [           main] s.g.m.s.m.a.ScDefaultMonitorInterceptor  : Start executing the springfox.documentation.schema.property.ModelSpecificationFactory.create method
2025-06-11 12:06:54.047  INFO 1 --- [           main] s.g.m.s.m.a.ScDefaultMonitorInterceptor  : Stop executing the springfox.documentation.schema.property.ModelSpecificationFactory.create method
2025-06-11 12:06:54.047  INFO 1 --- [           main] s.g.m.s.m.a.ScDefaultMonitorInterceptor  : Start executing the springfox.documentation.schema.property.ModelSpecificationFactory.create method
2025-06-11 12:06:54.047  INFO 1 --- [           main] s.g.m.s.m.a.ScDefaultMonitorInterceptor  : Stop executing the springfox.documentation.schema.property.ModelSpecificationFactory.create method
2025-06-11 12:06:54.047  INFO 1 --- [           main] s.g.m.s.m.a.ScDefaultMonitorInterceptor  : Start executing the springfox.documentation.schema.property.ModelSpecificationFactory.create method
2025-06-11 12:06:54.048  INFO 1 --- [           main] s.g.m.s.m.a.ScDefaultMonitorInterceptor  : Stop executing the springfox.documentation.schema.property.ModelSpecificationFactory.create method
2025-06-11 12:06:54.048  INFO 1 --- [           main] s.g.m.s.m.a.ScDefaultMonitorInterceptor  : Start executing the springfox.documentation.schema.property.ModelSpecificationFactory.create method
2025-06-11 12:06:54.048  INFO 1 --- [           main] s.g.m.s.m.a.ScDefaultMonitorInterceptor  : Stop executing the springfox.documentation.schema.property.ModelSpecificationFactory.create method
2025-06-11 12:06:54.048  INFO 1 --- [           main] s.g.m.s.m.a.ScDefaultMonitorInterceptor  : Start executing the springfox.documentation.schema.property.ModelSpecificationFactory.create method
2025-06-11 12:06:54.048  INFO 1 --- [           main] s.g.m.s.m.a.ScDefaultMonitorInterceptor  : Stop executing the springfox.documentation.schema.property.ModelSpecificationFactory.create method
2025-06-11 12:06:54.048  INFO 1 --- [           main] s.g.m.s.m.a.ScDefaultMonitorInterceptor  : Start executing the springfox.documentation.schema.property.ModelSpecificationFactory.create method
2025-06-11 12:06:54.048  INFO 1 --- [           main] s.g.m.s.m.a.ScDefaultMonitorInterceptor  : Stop executing the springfox.documentation.schema.property.ModelSpecificationFactory.create method
2025-06-11 12:06:54.048  INFO 1 --- [           main] s.g.m.s.m.a.ScDefaultMonitorInterceptor  : Start executing the springfox.documentation.schema.property.ModelSpecificationFactory.create method
2025-06-11 12:06:54.048  INFO 1 --- [           main] s.g.m.s.m.a.ScDefaultMonitorInterceptor  : Stop executing the springfox.documentation.schema.property.ModelSpecificationFactory.create method
2025-06-11 12:06:54.049  INFO 1 --- [           main] s.g.m.s.m.a.ScDefaultMonitorInterceptor  : Start executing the springfox.documentation.schema.property.ModelSpecificationFactory.create method
2025-06-11 12:06:54.049  INFO 1 --- [           main] s.g.m.s.m.a.ScDefaultMonitorInterceptor  : Stop executing the springfox.documentation.schema.property.ModelSpecificationFactory.create method
2025-06-11 12:06:54.049  INFO 1 --- [           main] s.g.m.s.m.a.ScDefaultMonitorInterceptor  : Start executing the springfox.documentation.schema.property.ModelSpecificationFactory.create method
2025-06-11 12:06:54.049  INFO 1 --- [           main] s.g.m.s.m.a.ScDefaultMonitorInterceptor  : Stop executing the springfox.documentation.schema.property.ModelSpecificationFactory.create method
2025-06-11 12:06:54.049  INFO 1 --- [           main] s.g.m.s.m.a.ScDefaultMonitorInterceptor  : Start executing the springfox.documentation.schema.property.ModelSpecificationFactory.create method
2025-06-11 12:06:54.049  INFO 1 --- [           main] s.g.m.s.m.a.ScDefaultMonitorInterceptor  : Stop executing the springfox.documentation.schema.property.ModelSpecificationFactory.create method
2025-06-11 12:06:54.049  INFO 1 --- [           main] s.g.m.s.m.a.ScDefaultMonitorInterceptor  : Start executing the springfox.documentation.schema.property.ModelSpecificationFactory.create method
2025-06-11 12:06:54.049  INFO 1 --- [           main] s.g.m.s.m.a.ScDefaultMonitorInterceptor  : Stop executing the springfox.documentation.schema.property.ModelSpecificationFactory.create method
2025-06-11 12:06:54.049  INFO 1 --- [           main] s.g.m.s.m.a.ScDefaultMonitorInterceptor  : Start executing the springfox.documentation.schema.property.ModelSpecificationFactory.create method
2025-06-11 12:06:54.049  INFO 1 --- [           main] s.g.m.s.m.a.ScDefaultMonitorInterceptor  : Stop executing the springfox.documentation.schema.property.ModelSpecificationFactory.create method
2025-06-11 12:06:54.049  INFO 1 --- [           main] s.g.m.s.m.a.ScDefaultMonitorInterceptor  : Start executing the springfox.documentation.schema.property.ModelSpecificationFactory.create method
2025-06-11 12:06:54.049  INFO 1 --- [           main] s.g.m.s.m.a.ScDefaultMonitorInterceptor  : Stop executing the springfox.documentation.schema.property.ModelSpecificationFactory.create method
2025-06-11 12:06:54.050  INFO 1 --- [           main] s.g.m.s.m.a.ScDefaultMonitorInterceptor  : Start executing the springfox.documentation.schema.property.ModelSpecificationFactory.create method
2025-06-11 12:06:54.050  INFO 1 --- [           main] s.g.m.s.m.a.ScDefaultMonitorInterceptor  : Stop executing the springfox.documentation.schema.property.ModelSpecificationFactory.create method
2025-06-11 12:06:54.050  INFO 1 --- [           main] s.g.m.s.m.a.ScDefaultMonitorInterceptor  : Start executing the springfox.documentation.schema.property.ModelSpecificationFactory.create method
2025-06-11 12:06:54.050  INFO 1 --- [           main] s.g.m.s.m.a.ScDefaultMonitorInterceptor  : Stop executing the springfox.documentation.schema.property.ModelSpecificationFactory.create method
2025-06-11 12:06:54.050  INFO 1 --- [           main] s.g.m.s.m.a.ScDefaultMonitorInterceptor  : Start executing the springfox.documentation.schema.property.ModelSpecificationFactory.create method
2025-06-11 12:06:54.050  INFO 1 --- [           main] s.g.m.s.m.a.ScDefaultMonitorInterceptor  : Stop executing the springfox.documentation.schema.property.ModelSpecificationFactory.create method
2025-06-11 12:06:54.050  INFO 1 --- [           main] s.g.m.s.m.a.ScDefaultMonitorInterceptor  : Start executing the springfox.documentation.schema.property.ModelSpecificationFactory.create method
2025-06-11 12:06:54.050  INFO 1 --- [           main] s.g.m.s.m.a.ScDefaultMonitorInterceptor  : Stop executing the springfox.documentation.schema.property.ModelSpecificationFactory.create method
2025-06-11 12:06:54.050  INFO 1 --- [           main] s.g.m.s.m.a.ScDefaultMonitorInterceptor  : Start executing the springfox.documentation.schema.property.ModelSpecificationFactory.create method
2025-06-11 12:06:54.050  INFO 1 --- [           main] s.g.m.s.m.a.ScDefaultMonitorInterceptor  : Stop executing the springfox.documentation.schema.property.ModelSpecificationFactory.create method
2025-06-11 12:06:54.050  INFO 1 --- [           main] s.g.m.s.m.a.ScDefaultMonitorInterceptor  : Start executing the springfox.documentation.schema.property.ModelSpecificationFactory.create method
2025-06-11 12:06:54.051  INFO 1 --- [           main] s.g.m.s.m.a.ScDefaultMonitorInterceptor  : Stop executing the springfox.documentation.schema.property.ModelSpecificationFactory.create method
2025-06-11 12:06:54.051  INFO 1 --- [           main] s.g.m.s.m.a.ScDefaultMonitorInterceptor  : Start executing the springfox.documentation.schema.property.ModelSpecificationFactory.create method
2025-06-11 12:06:54.051  INFO 1 --- [           main] s.g.m.s.m.a.ScDefaultMonitorInterceptor  : Stop executing the springfox.documentation.schema.property.ModelSpecificationFactory.create method
2025-06-11 12:06:54.052  INFO 1 --- [           main] s.g.m.s.m.a.ScDefaultMonitorInterceptor  : Start executing the springfox.documentation.schema.property.ModelSpecificationFactory.create method
2025-06-11 12:06:54.052  INFO 1 --- [           main] s.g.m.s.m.a.ScDefaultMonitorInterceptor  : Stop executing the springfox.documentation.schema.property.ModelSpecificationFactory.create method
2025-06-11 12:06:54.052  INFO 1 --- [           main] s.g.m.s.m.a.ScDefaultMonitorInterceptor  : Start executing the springfox.documentation.schema.property.ModelSpecificationFactory.create method
2025-06-11 12:06:54.052  INFO 1 --- [           main] s.g.m.s.m.a.ScDefaultMonitorInterceptor  : Stop executing the springfox.documentation.schema.property.ModelSpecificationFactory.create method
2025-06-11 12:06:54.124  INFO 1 --- [           main] s.g.m.s.m.a.ScDefaultMonitorInterceptor  : Start executing the springfox.documentation.schema.property.ModelSpecificationFactory.create method
2025-06-11 12:06:54.125  INFO 1 --- [           main] s.g.m.s.m.a.ScDefaultMonitorInterceptor  : Stop executing the springfox.documentation.schema.property.ModelSpecificationFactory.create method
2025-06-11 12:06:54.127  INFO 1 --- [           main] s.g.m.s.m.a.ScDefaultMonitorInterceptor  : Start executing the springfox.documentation.schema.property.ModelSpecificationFactory.create method
2025-06-11 12:06:54.127  INFO 1 --- [           main] s.g.m.s.m.a.ScDefaultMonitorInterceptor  : Stop executing the springfox.documentation.schema.property.ModelSpecificationFactory.create method
2025-06-11 12:06:54.127  INFO 1 --- [           main] s.g.m.s.m.a.ScDefaultMonitorInterceptor  : Start executing the springfox.documentation.schema.property.ModelSpecificationFactory.create method
2025-06-11 12:06:54.127  INFO 1 --- [           main] s.g.m.s.m.a.ScDefaultMonitorInterceptor  : Stop executing the springfox.documentation.schema.property.ModelSpecificationFactory.create method
2025-06-11 12:06:54.127  INFO 1 --- [           main] s.g.m.s.m.a.ScDefaultMonitorInterceptor  : Start executing the springfox.documentation.schema.property.ModelSpecificationFactory.create method
2025-06-11 12:06:54.127  INFO 1 --- [           main] s.g.m.s.m.a.ScDefaultMonitorInterceptor  : Stop executing the springfox.documentation.schema.property.ModelSpecificationFactory.create method
2025-06-11 12:06:54.129  INFO 1 --- [           main] s.g.m.s.m.a.ScDefaultMonitorInterceptor  : Start executing the springfox.documentation.schema.property.ModelSpecificationFactory.create method
2025-06-11 12:06:54.130  INFO 1 --- [           main] s.g.m.s.m.a.ScDefaultMonitorInterceptor  : Stop executing the springfox.documentation.schema.property.ModelSpecificationFactory.create method
2025-06-11 12:06:54.130  INFO 1 --- [           main] s.g.m.s.m.a.ScDefaultMonitorInterceptor  : Start executing the springfox.documentation.schema.property.ModelSpecificationFactory.create method
2025-06-11 12:06:54.130  INFO 1 --- [           main] s.g.m.s.m.a.ScDefaultMonitorInterceptor  : Stop executing the springfox.documentation.schema.property.ModelSpecificationFactory.create method
2025-06-11 12:06:54.132  INFO 1 --- [           main] s.g.m.s.m.a.ScDefaultMonitorInterceptor  : Start executing the springfox.documentation.schema.property.ModelSpecificationFactory.create method
2025-06-11 12:06:54.132  INFO 1 --- [           main] s.g.m.s.m.a.ScDefaultMonitorInterceptor  : Stop executing the springfox.documentation.schema.property.ModelSpecificationFactory.create method
2025-06-11 12:06:54.133  INFO 1 --- [           main] s.g.m.s.m.a.ScDefaultMonitorInterceptor  : Start executing the springfox.documentation.schema.property.ModelSpecificationFactory.create method
2025-06-11 12:06:54.133  INFO 1 --- [           main] s.g.m.s.m.a.ScDefaultMonitorInterceptor  : Stop executing the springfox.documentation.schema.property.ModelSpecificationFactory.create method
2025-06-11 12:06:54.138  INFO 1 --- [           main] s.g.m.s.m.a.ScDefaultMonitorInterceptor  : Start executing the springfox.documentation.schema.property.ModelSpecificationFactory.create method
2025-06-11 12:06:54.138  INFO 1 --- [           main] s.g.m.s.m.a.ScDefaultMonitorInterceptor  : Stop executing the springfox.documentation.schema.property.ModelSpecificationFactory.create method
2025-06-11 12:06:54.138  INFO 1 --- [           main] s.g.m.s.m.a.ScDefaultMonitorInterceptor  : Start executing the springfox.documentation.schema.property.ModelSpecificationFactory.create method
2025-06-11 12:06:54.138  INFO 1 --- [           main] s.g.m.s.m.a.ScDefaultMonitorInterceptor  : Stop executing the springfox.documentation.schema.property.ModelSpecificationFactory.create method
2025-06-11 12:06:54.138  INFO 1 --- [           main] s.g.m.s.m.a.ScDefaultMonitorInterceptor  : Start executing the springfox.documentation.schema.property.ModelSpecificationFactory.create method
2025-06-11 12:06:54.138  INFO 1 --- [           main] s.g.m.s.m.a.ScDefaultMonitorInterceptor  : Stop executing the springfox.documentation.schema.property.ModelSpecificationFactory.create method
2025-06-11 12:06:54.138  INFO 1 --- [           main] s.g.m.s.m.a.ScDefaultMonitorInterceptor  : Start executing the springfox.documentation.schema.property.ModelSpecificationFactory.create method
2025-06-11 12:06:54.139  INFO 1 --- [           main] s.g.m.s.m.a.ScDefaultMonitorInterceptor  : Stop executing the springfox.documentation.schema.property.ModelSpecificationFactory.create method
2025-06-11 12:06:54.139  INFO 1 --- [           main] s.g.m.s.m.a.ScDefaultMonitorInterceptor  : Start executing the springfox.documentation.schema.property.ModelSpecificationFactory.create method
2025-06-11 12:06:54.139  INFO 1 --- [           main] s.g.m.s.m.a.ScDefaultMonitorInterceptor  : Stop executing the springfox.documentation.schema.property.ModelSpecificationFactory.create method
2025-06-11 12:06:54.139  INFO 1 --- [           main] s.g.m.s.m.a.ScDefaultMonitorInterceptor  : Start executing the springfox.documentation.schema.property.ModelSpecificationFactory.create method
2025-06-11 12:06:54.139  INFO 1 --- [           main] s.g.m.s.m.a.ScDefaultMonitorInterceptor  : Stop executing the springfox.documentation.schema.property.ModelSpecificationFactory.create method
2025-06-11 12:06:54.139  INFO 1 --- [           main] s.g.m.s.m.a.ScDefaultMonitorInterceptor  : Start executing the springfox.documentation.schema.property.ModelSpecificationFactory.create method
2025-06-11 12:06:54.139  INFO 1 --- [           main] s.g.m.s.m.a.ScDefaultMonitorInterceptor  : Stop executing the springfox.documentation.schema.property.ModelSpecificationFactory.create method
2025-06-11 12:06:54.140  INFO 1 --- [           main] s.g.m.s.m.a.ScDefaultMonitorInterceptor  : Start executing the springfox.documentation.schema.property.ModelSpecificationFactory.create method
2025-06-11 12:06:54.140  INFO 1 --- [           main] s.g.m.s.m.a.ScDefaultMonitorInterceptor  : Stop executing the springfox.documentation.schema.property.ModelSpecificationFactory.create method
2025-06-11 12:06:54.140  INFO 1 --- [           main] s.g.m.s.m.a.ScDefaultMonitorInterceptor  : Start executing the springfox.documentation.schema.property.ModelSpecificationFactory.create method
2025-06-11 12:06:54.140  INFO 1 --- [           main] s.g.m.s.m.a.ScDefaultMonitorInterceptor  : Stop executing the springfox.documentation.schema.property.ModelSpecificationFactory.create method
2025-06-11 12:06:54.140  INFO 1 --- [           main] s.g.m.s.m.a.ScDefaultMonitorInterceptor  : Start executing the springfox.documentation.schema.property.ModelSpecificationFactory.create method
2025-06-11 12:06:54.140  INFO 1 --- [           main] s.g.m.s.m.a.ScDefaultMonitorInterceptor  : Stop executing the springfox.documentation.schema.property.ModelSpecificationFactory.create method
2025-06-11 12:06:54.140  INFO 1 --- [           main] s.g.m.s.m.a.ScDefaultMonitorInterceptor  : Start executing the springfox.documentation.schema.property.ModelSpecificationFactory.create method
2025-06-11 12:06:54.140  INFO 1 --- [           main] s.g.m.s.m.a.ScDefaultMonitorInterceptor  : Stop executing the springfox.documentation.schema.property.ModelSpecificationFactory.create method
2025-06-11 12:06:54.140  INFO 1 --- [           main] s.g.m.s.m.a.ScDefaultMonitorInterceptor  : Start executing the springfox.documentation.schema.property.ModelSpecificationFactory.create method
2025-06-11 12:06:54.140  INFO 1 --- [           main] s.g.m.s.m.a.ScDefaultMonitorInterceptor  : Stop executing the springfox.documentation.schema.property.ModelSpecificationFactory.create method
2025-06-11 12:06:54.140  INFO 1 --- [           main] s.g.m.s.m.a.ScDefaultMonitorInterceptor  : Start executing the springfox.documentation.schema.property.ModelSpecificationFactory.create method
2025-06-11 12:06:54.140  INFO 1 --- [           main] s.g.m.s.m.a.ScDefaultMonitorInterceptor  : Stop executing the springfox.documentation.schema.property.ModelSpecificationFactory.create method
2025-06-11 12:06:54.141  INFO 1 --- [           main] s.g.m.s.m.a.ScDefaultMonitorInterceptor  : Start executing the springfox.documentation.schema.property.ModelSpecificationFactory.create method
2025-06-11 12:06:54.141  INFO 1 --- [           main] s.g.m.s.m.a.ScDefaultMonitorInterceptor  : Stop executing the springfox.documentation.schema.property.ModelSpecificationFactory.create method
2025-06-11 12:06:54.141  INFO 1 --- [           main] s.g.m.s.m.a.ScDefaultMonitorInterceptor  : Start executing the springfox.documentation.schema.property.ModelSpecificationFactory.create method
2025-06-11 12:06:54.141  INFO 1 --- [           main] s.g.m.s.m.a.ScDefaultMonitorInterceptor  : Stop executing the springfox.documentation.schema.property.ModelSpecificationFactory.create method
2025-06-11 12:06:54.142  INFO 1 --- [           main] s.g.m.s.m.a.ScDefaultMonitorInterceptor  : Start executing the springfox.documentation.schema.property.ModelSpecificationFactory.create method
2025-06-11 12:06:54.142  INFO 1 --- [           main] s.g.m.s.m.a.ScDefaultMonitorInterceptor  : Stop executing the springfox.documentation.schema.property.ModelSpecificationFactory.create method
2025-06-11 12:06:54.145  INFO 1 --- [           main] s.g.m.s.m.a.ScDefaultMonitorInterceptor  : Start executing the springfox.documentation.schema.property.ModelSpecificationFactory.create method
2025-06-11 12:06:54.145  INFO 1 --- [           main] s.g.m.s.m.a.ScDefaultMonitorInterceptor  : Stop executing the springfox.documentation.schema.property.ModelSpecificationFactory.create method
2025-06-11 12:06:54.146  INFO 1 --- [           main] s.g.m.s.m.a.ScDefaultMonitorInterceptor  : Start executing the springfox.documentation.schema.property.ModelSpecificationFactory.create method
2025-06-11 12:06:54.146  INFO 1 --- [           main] s.g.m.s.m.a.ScDefaultMonitorInterceptor  : Stop executing the springfox.documentation.schema.property.ModelSpecificationFactory.create method
2025-06-11 12:06:54.146  INFO 1 --- [           main] s.g.m.s.m.a.ScDefaultMonitorInterceptor  : Start executing the springfox.documentation.schema.property.ModelSpecificationFactory.create method
2025-06-11 12:06:54.146  INFO 1 --- [           main] s.g.m.s.m.a.ScDefaultMonitorInterceptor  : Stop executing the springfox.documentation.schema.property.ModelSpecificationFactory.create method
2025-06-11 12:06:54.146  INFO 1 --- [           main] s.g.m.s.m.a.ScDefaultMonitorInterceptor  : Start executing the springfox.documentation.schema.property.ModelSpecificationFactory.create method
2025-06-11 12:06:54.146  INFO 1 --- [           main] s.g.m.s.m.a.ScDefaultMonitorInterceptor  : Stop executing the springfox.documentation.schema.property.ModelSpecificationFactory.create method
2025-06-11 12:06:54.146  INFO 1 --- [           main] s.g.m.s.m.a.ScDefaultMonitorInterceptor  : Start executing the springfox.documentation.schema.property.ModelSpecificationFactory.create method
2025-06-11 12:06:54.146  INFO 1 --- [           main] s.g.m.s.m.a.ScDefaultMonitorInterceptor  : Stop executing the springfox.documentation.schema.property.ModelSpecificationFactory.create method
2025-06-11 12:06:54.146  INFO 1 --- [           main] s.g.m.s.m.a.ScDefaultMonitorInterceptor  : Start executing the springfox.documentation.schema.property.ModelSpecificationFactory.create method
2025-06-11 12:06:54.146  INFO 1 --- [           main] s.g.m.s.m.a.ScDefaultMonitorInterceptor  : Stop executing the springfox.documentation.schema.property.ModelSpecificationFactory.create method
2025-06-11 12:06:54.147  INFO 1 --- [           main] s.g.m.s.m.a.ScDefaultMonitorInterceptor  : Start executing the springfox.documentation.schema.property.ModelSpecificationFactory.create method
2025-06-11 12:06:54.147  INFO 1 --- [           main] s.g.m.s.m.a.ScDefaultMonitorInterceptor  : Stop executing the springfox.documentation.schema.property.ModelSpecificationFactory.create method
2025-06-11 12:06:54.148  INFO 1 --- [           main] s.g.m.s.m.a.ScDefaultMonitorInterceptor  : Start executing the springfox.documentation.schema.property.ModelSpecificationFactory.create method
2025-06-11 12:06:54.148  INFO 1 --- [           main] s.g.m.s.m.a.ScDefaultMonitorInterceptor  : Stop executing the springfox.documentation.schema.property.ModelSpecificationFactory.create method
2025-06-11 12:06:54.148  INFO 1 --- [           main] s.g.m.s.m.a.ScDefaultMonitorInterceptor  : Start executing the springfox.documentation.schema.property.ModelSpecificationFactory.create method
2025-06-11 12:06:54.148  INFO 1 --- [           main] s.g.m.s.m.a.ScDefaultMonitorInterceptor  : Stop executing the springfox.documentation.schema.property.ModelSpecificationFactory.create method
2025-06-11 12:06:54.148  INFO 1 --- [           main] s.g.m.s.m.a.ScDefaultMonitorInterceptor  : Start executing the springfox.documentation.schema.property.ModelSpecificationFactory.create method
2025-06-11 12:06:54.148  INFO 1 --- [           main] s.g.m.s.m.a.ScDefaultMonitorInterceptor  : Stop executing the springfox.documentation.schema.property.ModelSpecificationFactory.create method
2025-06-11 12:06:54.159  INFO 1 --- [           main] s.g.m.s.m.a.ScDefaultMonitorInterceptor  : Start executing the springfox.documentation.schema.property.ModelSpecificationFactory.create method
2025-06-11 12:06:54.159  INFO 1 --- [           main] s.g.m.s.m.a.ScDefaultMonitorInterceptor  : Stop executing the springfox.documentation.schema.property.ModelSpecificationFactory.create method
2025-06-11 12:06:54.159  INFO 1 --- [           main] s.g.m.s.m.a.ScDefaultMonitorInterceptor  : Start executing the springfox.documentation.schema.property.ModelSpecificationFactory.create method
2025-06-11 12:06:54.159  INFO 1 --- [           main] s.g.m.s.m.a.ScDefaultMonitorInterceptor  : Stop executing the springfox.documentation.schema.property.ModelSpecificationFactory.create method
2025-06-11 12:06:54.159  INFO 1 --- [           main] s.g.m.s.m.a.ScDefaultMonitorInterceptor  : Start executing the springfox.documentation.schema.property.ModelSpecificationFactory.create method
2025-06-11 12:06:54.159  INFO 1 --- [           main] s.g.m.s.m.a.ScDefaultMonitorInterceptor  : Stop executing the springfox.documentation.schema.property.ModelSpecificationFactory.create method
2025-06-11 12:06:54.159  INFO 1 --- [           main] s.g.m.s.m.a.ScDefaultMonitorInterceptor  : Start executing the springfox.documentation.schema.property.ModelSpecificationFactory.create method
2025-06-11 12:06:54.159  INFO 1 --- [           main] s.g.m.s.m.a.ScDefaultMonitorInterceptor  : Stop executing the springfox.documentation.schema.property.ModelSpecificationFactory.create method
2025-06-11 12:06:54.160  INFO 1 --- [           main] s.g.m.s.m.a.ScDefaultMonitorInterceptor  : Start executing the springfox.documentation.schema.property.ModelSpecificationFactory.create method
2025-06-11 12:06:54.160  INFO 1 --- [           main] s.g.m.s.m.a.ScDefaultMonitorInterceptor  : Stop executing the springfox.documentation.schema.property.ModelSpecificationFactory.create method
2025-06-11 12:06:54.160  INFO 1 --- [           main] s.g.m.s.m.a.ScDefaultMonitorInterceptor  : Start executing the springfox.documentation.schema.property.ModelSpecificationFactory.create method
2025-06-11 12:06:54.160  INFO 1 --- [           main] s.g.m.s.m.a.ScDefaultMonitorInterceptor  : Stop executing the springfox.documentation.schema.property.ModelSpecificationFactory.create method
2025-06-11 12:06:54.161  INFO 1 --- [           main] s.g.m.s.m.a.ScDefaultMonitorInterceptor  : Start executing the springfox.documentation.schema.property.ModelSpecificationFactory.create method
2025-06-11 12:06:54.161  INFO 1 --- [           main] s.g.m.s.m.a.ScDefaultMonitorInterceptor  : Stop executing the springfox.documentation.schema.property.ModelSpecificationFactory.create method
2025-06-11 12:06:54.161  INFO 1 --- [           main] s.g.m.s.m.a.ScDefaultMonitorInterceptor  : Start executing the springfox.documentation.schema.property.ModelSpecificationFactory.create method
2025-06-11 12:06:54.161  INFO 1 --- [           main] s.g.m.s.m.a.ScDefaultMonitorInterceptor  : Stop executing the springfox.documentation.schema.property.ModelSpecificationFactory.create method
2025-06-11 12:06:54.161  INFO 1 --- [           main] s.g.m.s.m.a.ScDefaultMonitorInterceptor  : Start executing the springfox.documentation.schema.property.ModelSpecificationFactory.create method
2025-06-11 12:06:54.161  INFO 1 --- [           main] s.g.m.s.m.a.ScDefaultMonitorInterceptor  : Stop executing the springfox.documentation.schema.property.ModelSpecificationFactory.create method
2025-06-11 12:06:54.161  INFO 1 --- [           main] s.g.m.s.m.a.ScDefaultMonitorInterceptor  : Start executing the springfox.documentation.schema.property.ModelSpecificationFactory.create method
2025-06-11 12:06:54.161  INFO 1 --- [           main] s.g.m.s.m.a.ScDefaultMonitorInterceptor  : Stop executing the springfox.documentation.schema.property.ModelSpecificationFactory.create method
2025-06-11 12:06:54.161  INFO 1 --- [           main] s.g.m.s.m.a.ScDefaultMonitorInterceptor  : Start executing the springfox.documentation.schema.property.ModelSpecificationFactory.create method
2025-06-11 12:06:54.161  INFO 1 --- [           main] s.g.m.s.m.a.ScDefaultMonitorInterceptor  : Stop executing the springfox.documentation.schema.property.ModelSpecificationFactory.create method
2025-06-11 12:06:54.162  INFO 1 --- [           main] s.g.m.s.m.a.ScDefaultMonitorInterceptor  : Start executing the springfox.documentation.schema.property.ModelSpecificationFactory.create method
2025-06-11 12:06:54.162  INFO 1 --- [           main] s.g.m.s.m.a.ScDefaultMonitorInterceptor  : Stop executing the springfox.documentation.schema.property.ModelSpecificationFactory.create method
2025-06-11 12:06:54.162  INFO 1 --- [           main] s.g.m.s.m.a.ScDefaultMonitorInterceptor  : Start executing the springfox.documentation.schema.property.ModelSpecificationFactory.create method
2025-06-11 12:06:54.162  INFO 1 --- [           main] s.g.m.s.m.a.ScDefaultMonitorInterceptor  : Stop executing the springfox.documentation.schema.property.ModelSpecificationFactory.create method
2025-06-11 12:06:54.162  INFO 1 --- [           main] s.g.m.s.m.a.ScDefaultMonitorInterceptor  : Start executing the springfox.documentation.schema.property.ModelSpecificationFactory.create method
2025-06-11 12:06:54.162  INFO 1 --- [           main] s.g.m.s.m.a.ScDefaultMonitorInterceptor  : Stop executing the springfox.documentation.schema.property.ModelSpecificationFactory.create method
2025-06-11 12:06:54.162  INFO 1 --- [           main] s.g.m.s.m.a.ScDefaultMonitorInterceptor  : Start executing the springfox.documentation.schema.property.ModelSpecificationFactory.create method
2025-06-11 12:06:54.162  INFO 1 --- [           main] s.g.m.s.m.a.ScDefaultMonitorInterceptor  : Stop executing the springfox.documentation.schema.property.ModelSpecificationFactory.create method
2025-06-11 12:06:54.163  INFO 1 --- [           main] s.g.m.s.m.a.ScDefaultMonitorInterceptor  : Start executing the springfox.documentation.schema.property.ModelSpecificationFactory.create method
2025-06-11 12:06:54.163  INFO 1 --- [           main] s.g.m.s.m.a.ScDefaultMonitorInterceptor  : Stop executing the springfox.documentation.schema.property.ModelSpecificationFactory.create method
2025-06-11 12:06:54.163  INFO 1 --- [           main] s.g.m.s.m.a.ScDefaultMonitorInterceptor  : Start executing the springfox.documentation.schema.property.ModelSpecificationFactory.create method
2025-06-11 12:06:54.163  INFO 1 --- [           main] s.g.m.s.m.a.ScDefaultMonitorInterceptor  : Stop executing the springfox.documentation.schema.property.ModelSpecificationFactory.create method
2025-06-11 12:06:54.223  INFO 1 --- [           main] s.g.m.s.m.a.ScDefaultMonitorInterceptor  : Start executing the springfox.documentation.schema.property.ModelSpecificationFactory.create method
2025-06-11 12:06:54.223  INFO 1 --- [           main] s.g.m.s.m.a.ScDefaultMonitorInterceptor  : Stop executing the springfox.documentation.schema.property.ModelSpecificationFactory.create method
2025-06-11 12:06:54.224  INFO 1 --- [           main] s.g.m.s.m.a.ScDefaultMonitorInterceptor  : Start executing the springfox.documentation.schema.property.ModelSpecificationFactory.create method
2025-06-11 12:06:54.224  INFO 1 --- [           main] s.g.m.s.m.a.ScDefaultMonitorInterceptor  : Stop executing the springfox.documentation.schema.property.ModelSpecificationFactory.create method
2025-06-11 12:06:54.224  INFO 1 --- [           main] s.g.m.s.m.a.ScDefaultMonitorInterceptor  : Start executing the springfox.documentation.schema.property.ModelSpecificationFactory.create method
2025-06-11 12:06:54.224  INFO 1 --- [           main] s.g.m.s.m.a.ScDefaultMonitorInterceptor  : Stop executing the springfox.documentation.schema.property.ModelSpecificationFactory.create method
2025-06-11 12:06:54.224  INFO 1 --- [           main] s.g.m.s.m.a.ScDefaultMonitorInterceptor  : Start executing the springfox.documentation.schema.property.ModelSpecificationFactory.create method
2025-06-11 12:06:54.224  INFO 1 --- [           main] s.g.m.s.m.a.ScDefaultMonitorInterceptor  : Stop executing the springfox.documentation.schema.property.ModelSpecificationFactory.create method
2025-06-11 12:06:54.224  INFO 1 --- [           main] s.g.m.s.m.a.ScDefaultMonitorInterceptor  : Start executing the springfox.documentation.schema.property.ModelSpecificationFactory.create method
2025-06-11 12:06:54.224  INFO 1 --- [           main] s.g.m.s.m.a.ScDefaultMonitorInterceptor  : Stop executing the springfox.documentation.schema.property.ModelSpecificationFactory.create method
2025-06-11 12:06:54.224  INFO 1 --- [           main] s.g.m.s.m.a.ScDefaultMonitorInterceptor  : Start executing the springfox.documentation.schema.property.ModelSpecificationFactory.create method
2025-06-11 12:06:54.225  INFO 1 --- [           main] s.g.m.s.m.a.ScDefaultMonitorInterceptor  : Stop executing the springfox.documentation.schema.property.ModelSpecificationFactory.create method
2025-06-11 12:06:54.225  INFO 1 --- [           main] s.g.m.s.m.a.ScDefaultMonitorInterceptor  : Start executing the springfox.documentation.schema.property.ModelSpecificationFactory.create method
2025-06-11 12:06:54.225  INFO 1 --- [           main] s.g.m.s.m.a.ScDefaultMonitorInterceptor  : Stop executing the springfox.documentation.schema.property.ModelSpecificationFactory.create method
2025-06-11 12:06:54.225  INFO 1 --- [           main] s.g.m.s.m.a.ScDefaultMonitorInterceptor  : Start executing the springfox.documentation.schema.property.ModelSpecificationFactory.create method
2025-06-11 12:06:54.225  INFO 1 --- [           main] s.g.m.s.m.a.ScDefaultMonitorInterceptor  : Stop executing the springfox.documentation.schema.property.ModelSpecificationFactory.create method
2025-06-11 12:06:54.225  INFO 1 --- [           main] s.g.m.s.m.a.ScDefaultMonitorInterceptor  : Start executing the springfox.documentation.schema.property.ModelSpecificationFactory.create method
2025-06-11 12:06:54.225  INFO 1 --- [           main] s.g.m.s.m.a.ScDefaultMonitorInterceptor  : Stop executing the springfox.documentation.schema.property.ModelSpecificationFactory.create method
2025-06-11 12:06:54.225  INFO 1 --- [           main] s.g.m.s.m.a.ScDefaultMonitorInterceptor  : Start executing the springfox.documentation.schema.property.ModelSpecificationFactory.create method
2025-06-11 12:06:54.225  INFO 1 --- [           main] s.g.m.s.m.a.ScDefaultMonitorInterceptor  : Stop executing the springfox.documentation.schema.property.ModelSpecificationFactory.create method
2025-06-11 12:06:54.225  INFO 1 --- [           main] s.g.m.s.m.a.ScDefaultMonitorInterceptor  : Start executing the springfox.documentation.schema.property.ModelSpecificationFactory.create method
2025-06-11 12:06:54.226  INFO 1 --- [           main] s.g.m.s.m.a.ScDefaultMonitorInterceptor  : Stop executing the springfox.documentation.schema.property.ModelSpecificationFactory.create method
2025-06-11 12:06:54.226  INFO 1 --- [           main] s.g.m.s.m.a.ScDefaultMonitorInterceptor  : Start executing the springfox.documentation.schema.property.ModelSpecificationFactory.create method
2025-06-11 12:06:54.226  INFO 1 --- [           main] s.g.m.s.m.a.ScDefaultMonitorInterceptor  : Stop executing the springfox.documentation.schema.property.ModelSpecificationFactory.create method
2025-06-11 12:06:54.226  INFO 1 --- [           main] s.g.m.s.m.a.ScDefaultMonitorInterceptor  : Start executing the springfox.documentation.schema.property.ModelSpecificationFactory.create method
2025-06-11 12:06:54.226  INFO 1 --- [           main] s.g.m.s.m.a.ScDefaultMonitorInterceptor  : Stop executing the springfox.documentation.schema.property.ModelSpecificationFactory.create method
2025-06-11 12:06:54.227  INFO 1 --- [           main] s.g.m.s.m.a.ScDefaultMonitorInterceptor  : Start executing the springfox.documentation.schema.property.ModelSpecificationFactory.create method
2025-06-11 12:06:54.227  INFO 1 --- [           main] s.g.m.s.m.a.ScDefaultMonitorInterceptor  : Stop executing the springfox.documentation.schema.property.ModelSpecificationFactory.create method
2025-06-11 12:06:54.227  INFO 1 --- [           main] s.g.m.s.m.a.ScDefaultMonitorInterceptor  : Start executing the springfox.documentation.schema.property.ModelSpecificationFactory.create method
2025-06-11 12:06:54.227  INFO 1 --- [           main] s.g.m.s.m.a.ScDefaultMonitorInterceptor  : Stop executing the springfox.documentation.schema.property.ModelSpecificationFactory.create method
2025-06-11 12:06:54.227  INFO 1 --- [           main] s.g.m.s.m.a.ScDefaultMonitorInterceptor  : Start executing the springfox.documentation.schema.property.ModelSpecificationFactory.create method
2025-06-11 12:06:54.227  INFO 1 --- [           main] s.g.m.s.m.a.ScDefaultMonitorInterceptor  : Stop executing the springfox.documentation.schema.property.ModelSpecificationFactory.create method
2025-06-11 12:06:54.228  INFO 1 --- [           main] s.g.m.s.m.a.ScDefaultMonitorInterceptor  : Start executing the springfox.documentation.schema.property.ModelSpecificationFactory.create method
2025-06-11 12:06:54.228  INFO 1 --- [           main] s.g.m.s.m.a.ScDefaultMonitorInterceptor  : Stop executing the springfox.documentation.schema.property.ModelSpecificationFactory.create method
2025-06-11 12:06:54.228  INFO 1 --- [           main] s.g.m.s.m.a.ScDefaultMonitorInterceptor  : Start executing the springfox.documentation.schema.property.ModelSpecificationFactory.create method
2025-06-11 12:06:54.228  INFO 1 --- [           main] s.g.m.s.m.a.ScDefaultMonitorInterceptor  : Stop executing the springfox.documentation.schema.property.ModelSpecificationFactory.create method
2025-06-11 12:06:54.228  INFO 1 --- [           main] s.g.m.s.m.a.ScDefaultMonitorInterceptor  : Start executing the springfox.documentation.schema.property.ModelSpecificationFactory.create method
2025-06-11 12:06:54.228  INFO 1 --- [           main] s.g.m.s.m.a.ScDefaultMonitorInterceptor  : Stop executing the springfox.documentation.schema.property.ModelSpecificationFactory.create method
2025-06-11 12:06:54.228  INFO 1 --- [           main] s.g.m.s.m.a.ScDefaultMonitorInterceptor  : Start executing the springfox.documentation.schema.property.ModelSpecificationFactory.create method
2025-06-11 12:06:54.228  INFO 1 --- [           main] s.g.m.s.m.a.ScDefaultMonitorInterceptor  : Stop executing the springfox.documentation.schema.property.ModelSpecificationFactory.create method
2025-06-11 12:06:54.228  INFO 1 --- [           main] s.g.m.s.m.a.ScDefaultMonitorInterceptor  : Start executing the springfox.documentation.schema.property.ModelSpecificationFactory.create method
2025-06-11 12:06:54.229  INFO 1 --- [           main] s.g.m.s.m.a.ScDefaultMonitorInterceptor  : Stop executing the springfox.documentation.schema.property.ModelSpecificationFactory.create method
2025-06-11 12:06:54.229  INFO 1 --- [           main] s.g.m.s.m.a.ScDefaultMonitorInterceptor  : Start executing the springfox.documentation.schema.property.ModelSpecificationFactory.create method
2025-06-11 12:06:54.229  INFO 1 --- [           main] s.g.m.s.m.a.ScDefaultMonitorInterceptor  : Stop executing the springfox.documentation.schema.property.ModelSpecificationFactory.create method
2025-06-11 12:06:54.229  INFO 1 --- [           main] s.g.m.s.m.a.ScDefaultMonitorInterceptor  : Start executing the springfox.documentation.schema.property.ModelSpecificationFactory.create method
2025-06-11 12:06:54.229  INFO 1 --- [           main] s.g.m.s.m.a.ScDefaultMonitorInterceptor  : Stop executing the springfox.documentation.schema.property.ModelSpecificationFactory.create method
2025-06-11 12:06:54.229  INFO 1 --- [           main] s.g.m.s.m.a.ScDefaultMonitorInterceptor  : Start executing the springfox.documentation.schema.property.ModelSpecificationFactory.create method
2025-06-11 12:06:54.229  INFO 1 --- [           main] s.g.m.s.m.a.ScDefaultMonitorInterceptor  : Stop executing the springfox.documentation.schema.property.ModelSpecificationFactory.create method
2025-06-11 12:06:54.229  INFO 1 --- [           main] s.g.m.s.m.a.ScDefaultMonitorInterceptor  : Start executing the springfox.documentation.schema.property.ModelSpecificationFactory.create method
2025-06-11 12:06:54.229  INFO 1 --- [           main] s.g.m.s.m.a.ScDefaultMonitorInterceptor  : Stop executing the springfox.documentation.schema.property.ModelSpecificationFactory.create method
2025-06-11 12:06:54.229  INFO 1 --- [           main] s.g.m.s.m.a.ScDefaultMonitorInterceptor  : Start executing the springfox.documentation.schema.property.ModelSpecificationFactory.create method
2025-06-11 12:06:54.230  INFO 1 --- [           main] s.g.m.s.m.a.ScDefaultMonitorInterceptor  : Stop executing the springfox.documentation.schema.property.ModelSpecificationFactory.create method
2025-06-11 12:06:54.230  INFO 1 --- [           main] s.g.m.s.m.a.ScDefaultMonitorInterceptor  : Start executing the springfox.documentation.schema.property.ModelSpecificationFactory.create method
2025-06-11 12:06:54.230  INFO 1 --- [           main] s.g.m.s.m.a.ScDefaultMonitorInterceptor  : Stop executing the springfox.documentation.schema.property.ModelSpecificationFactory.create method
2025-06-11 12:06:54.230  INFO 1 --- [           main] s.g.m.s.m.a.ScDefaultMonitorInterceptor  : Start executing the springfox.documentation.schema.property.ModelSpecificationFactory.create method
2025-06-11 12:06:54.230  INFO 1 --- [           main] s.g.m.s.m.a.ScDefaultMonitorInterceptor  : Stop executing the springfox.documentation.schema.property.ModelSpecificationFactory.create method
2025-06-11 12:06:54.230  INFO 1 --- [           main] s.g.m.s.m.a.ScDefaultMonitorInterceptor  : Start executing the springfox.documentation.schema.property.ModelSpecificationFactory.create method
2025-06-11 12:06:54.230  INFO 1 --- [           main] s.g.m.s.m.a.ScDefaultMonitorInterceptor  : Stop executing the springfox.documentation.schema.property.ModelSpecificationFactory.create method
2025-06-11 12:06:54.230  INFO 1 --- [           main] s.g.m.s.m.a.ScDefaultMonitorInterceptor  : Start executing the springfox.documentation.schema.property.ModelSpecificationFactory.create method
2025-06-11 12:06:54.230  INFO 1 --- [           main] s.g.m.s.m.a.ScDefaultMonitorInterceptor  : Stop executing the springfox.documentation.schema.property.ModelSpecificationFactory.create method
2025-06-11 12:06:54.230  INFO 1 --- [           main] s.g.m.s.m.a.ScDefaultMonitorInterceptor  : Start executing the springfox.documentation.schema.property.ModelSpecificationFactory.create method
2025-06-11 12:06:54.230  INFO 1 --- [           main] s.g.m.s.m.a.ScDefaultMonitorInterceptor  : Stop executing the springfox.documentation.schema.property.ModelSpecificationFactory.create method
2025-06-11 12:06:54.231  INFO 1 --- [           main] s.g.m.s.m.a.ScDefaultMonitorInterceptor  : Start executing the springfox.documentation.schema.property.ModelSpecificationFactory.create method
2025-06-11 12:06:54.231  INFO 1 --- [           main] s.g.m.s.m.a.ScDefaultMonitorInterceptor  : Stop executing the springfox.documentation.schema.property.ModelSpecificationFactory.create method
2025-06-11 12:06:54.231  INFO 1 --- [           main] s.g.m.s.m.a.ScDefaultMonitorInterceptor  : Start executing the springfox.documentation.schema.property.ModelSpecificationFactory.create method
2025-06-11 12:06:54.231  INFO 1 --- [           main] s.g.m.s.m.a.ScDefaultMonitorInterceptor  : Stop executing the springfox.documentation.schema.property.ModelSpecificationFactory.create method
2025-06-11 12:06:54.231  INFO 1 --- [           main] s.g.m.s.m.a.ScDefaultMonitorInterceptor  : Start executing the springfox.documentation.schema.property.ModelSpecificationFactory.create method
2025-06-11 12:06:54.231  INFO 1 --- [           main] s.g.m.s.m.a.ScDefaultMonitorInterceptor  : Stop executing the springfox.documentation.schema.property.ModelSpecificationFactory.create method
2025-06-11 12:06:54.231  INFO 1 --- [           main] s.g.m.s.m.a.ScDefaultMonitorInterceptor  : Start executing the springfox.documentation.schema.property.ModelSpecificationFactory.create method
2025-06-11 12:06:54.231  INFO 1 --- [           main] s.g.m.s.m.a.ScDefaultMonitorInterceptor  : Stop executing the springfox.documentation.schema.property.ModelSpecificationFactory.create method
2025-06-11 12:06:54.231  INFO 1 --- [           main] s.g.m.s.m.a.ScDefaultMonitorInterceptor  : Start executing the springfox.documentation.schema.property.ModelSpecificationFactory.create method
2025-06-11 12:06:54.231  INFO 1 --- [           main] s.g.m.s.m.a.ScDefaultMonitorInterceptor  : Stop executing the springfox.documentation.schema.property.ModelSpecificationFactory.create method
2025-06-11 12:06:54.232  INFO 1 --- [           main] s.g.m.s.m.a.ScDefaultMonitorInterceptor  : Start executing the springfox.documentation.schema.property.ModelSpecificationFactory.create method
2025-06-11 12:06:54.232  INFO 1 --- [           main] s.g.m.s.m.a.ScDefaultMonitorInterceptor  : Stop executing the springfox.documentation.schema.property.ModelSpecificationFactory.create method
2025-06-11 12:06:54.232  INFO 1 --- [           main] s.g.m.s.m.a.ScDefaultMonitorInterceptor  : Start executing the springfox.documentation.schema.property.ModelSpecificationFactory.create method
2025-06-11 12:06:54.232  INFO 1 --- [           main] s.g.m.s.m.a.ScDefaultMonitorInterceptor  : Stop executing the springfox.documentation.schema.property.ModelSpecificationFactory.create method
2025-06-11 12:06:54.232  INFO 1 --- [           main] s.g.m.s.m.a.ScDefaultMonitorInterceptor  : Start executing the springfox.documentation.schema.property.ModelSpecificationFactory.create method
2025-06-11 12:06:54.232  INFO 1 --- [           main] s.g.m.s.m.a.ScDefaultMonitorInterceptor  : Stop executing the springfox.documentation.schema.property.ModelSpecificationFactory.create method
2025-06-11 12:06:54.233  INFO 1 --- [           main] s.g.m.s.m.a.ScDefaultMonitorInterceptor  : Start executing the springfox.documentation.schema.property.ModelSpecificationFactory.create method
2025-06-11 12:06:54.233  INFO 1 --- [           main] s.g.m.s.m.a.ScDefaultMonitorInterceptor  : Stop executing the springfox.documentation.schema.property.ModelSpecificationFactory.create method
2025-06-11 12:06:54.233  INFO 1 --- [           main] s.g.m.s.m.a.ScDefaultMonitorInterceptor  : Start executing the springfox.documentation.schema.property.ModelSpecificationFactory.create method
2025-06-11 12:06:54.233  INFO 1 --- [           main] s.g.m.s.m.a.ScDefaultMonitorInterceptor  : Stop executing the springfox.documentation.schema.property.ModelSpecificationFactory.create method
2025-06-11 12:06:54.233  INFO 1 --- [           main] s.g.m.s.m.a.ScDefaultMonitorInterceptor  : Start executing the springfox.documentation.schema.property.ModelSpecificationFactory.create method
2025-06-11 12:06:54.233  INFO 1 --- [           main] s.g.m.s.m.a.ScDefaultMonitorInterceptor  : Stop executing the springfox.documentation.schema.property.ModelSpecificationFactory.create method
2025-06-11 12:06:54.234  INFO 1 --- [           main] s.g.m.s.m.a.ScDefaultMonitorInterceptor  : Start executing the springfox.documentation.schema.property.ModelSpecificationFactory.create method
2025-06-11 12:06:54.234  INFO 1 --- [           main] s.g.m.s.m.a.ScDefaultMonitorInterceptor  : Stop executing the springfox.documentation.schema.property.ModelSpecificationFactory.create method
2025-06-11 12:06:54.234  INFO 1 --- [           main] s.g.m.s.m.a.ScDefaultMonitorInterceptor  : Start executing the springfox.documentation.schema.property.ModelSpecificationFactory.create method
2025-06-11 12:06:54.234  INFO 1 --- [           main] s.g.m.s.m.a.ScDefaultMonitorInterceptor  : Stop executing the springfox.documentation.schema.property.ModelSpecificationFactory.create method
2025-06-11 12:06:54.235  INFO 1 --- [           main] s.g.m.s.m.a.ScDefaultMonitorInterceptor  : Start executing the springfox.documentation.schema.property.ModelSpecificationFactory.create method
2025-06-11 12:06:54.235  INFO 1 --- [           main] s.g.m.s.m.a.ScDefaultMonitorInterceptor  : Stop executing the springfox.documentation.schema.property.ModelSpecificationFactory.create method
2025-06-11 12:06:54.241  INFO 1 --- [           main] s.g.m.s.m.a.ScDefaultMonitorInterceptor  : Start executing the springfox.documentation.schema.property.ModelSpecificationFactory.create method
2025-06-11 12:06:54.241  INFO 1 --- [           main] s.g.m.s.m.a.ScDefaultMonitorInterceptor  : Stop executing the springfox.documentation.schema.property.ModelSpecificationFactory.create method
2025-06-11 12:06:54.241  INFO 1 --- [           main] s.g.m.s.m.a.ScDefaultMonitorInterceptor  : Start executing the springfox.documentation.schema.property.ModelSpecificationFactory.create method
2025-06-11 12:06:54.242  INFO 1 --- [           main] s.g.m.s.m.a.ScDefaultMonitorInterceptor  : Stop executing the springfox.documentation.schema.property.ModelSpecificationFactory.create method
2025-06-11 12:06:54.242  INFO 1 --- [           main] s.g.m.s.m.a.ScDefaultMonitorInterceptor  : Start executing the springfox.documentation.schema.property.ModelSpecificationFactory.create method
2025-06-11 12:06:54.242  INFO 1 --- [           main] s.g.m.s.m.a.ScDefaultMonitorInterceptor  : Stop executing the springfox.documentation.schema.property.ModelSpecificationFactory.create method
2025-06-11 12:06:54.242  INFO 1 --- [           main] s.g.m.s.m.a.ScDefaultMonitorInterceptor  : Start executing the springfox.documentation.schema.property.ModelSpecificationFactory.create method
2025-06-11 12:06:54.242  INFO 1 --- [           main] s.g.m.s.m.a.ScDefaultMonitorInterceptor  : Stop executing the springfox.documentation.schema.property.ModelSpecificationFactory.create method
2025-06-11 12:06:54.242  INFO 1 --- [           main] s.g.m.s.m.a.ScDefaultMonitorInterceptor  : Start executing the springfox.documentation.schema.property.ModelSpecificationFactory.create method
2025-06-11 12:06:54.242  INFO 1 --- [           main] s.g.m.s.m.a.ScDefaultMonitorInterceptor  : Stop executing the springfox.documentation.schema.property.ModelSpecificationFactory.create method
2025-06-11 12:06:54.242  INFO 1 --- [           main] s.g.m.s.m.a.ScDefaultMonitorInterceptor  : Start executing the springfox.documentation.schema.property.ModelSpecificationFactory.create method
2025-06-11 12:06:54.242  INFO 1 --- [           main] s.g.m.s.m.a.ScDefaultMonitorInterceptor  : Stop executing the springfox.documentation.schema.property.ModelSpecificationFactory.create method
2025-06-11 12:06:54.243  INFO 1 --- [           main] s.g.m.s.m.a.ScDefaultMonitorInterceptor  : Start executing the springfox.documentation.schema.property.ModelSpecificationFactory.create method
2025-06-11 12:06:54.243  INFO 1 --- [           main] s.g.m.s.m.a.ScDefaultMonitorInterceptor  : Stop executing the springfox.documentation.schema.property.ModelSpecificationFactory.create method
2025-06-11 12:06:54.243  INFO 1 --- [           main] s.g.m.s.m.a.ScDefaultMonitorInterceptor  : Start executing the springfox.documentation.schema.property.ModelSpecificationFactory.create method
2025-06-11 12:06:54.243  INFO 1 --- [           main] s.g.m.s.m.a.ScDefaultMonitorInterceptor  : Stop executing the springfox.documentation.schema.property.ModelSpecificationFactory.create method
2025-06-11 12:06:54.243  INFO 1 --- [           main] s.g.m.s.m.a.ScDefaultMonitorInterceptor  : Start executing the springfox.documentation.schema.property.ModelSpecificationFactory.create method
2025-06-11 12:06:54.243  INFO 1 --- [           main] s.g.m.s.m.a.ScDefaultMonitorInterceptor  : Stop executing the springfox.documentation.schema.property.ModelSpecificationFactory.create method
2025-06-11 12:06:54.243  INFO 1 --- [           main] s.g.m.s.m.a.ScDefaultMonitorInterceptor  : Start executing the springfox.documentation.schema.property.ModelSpecificationFactory.create method
2025-06-11 12:06:54.243  INFO 1 --- [           main] s.g.m.s.m.a.ScDefaultMonitorInterceptor  : Stop executing the springfox.documentation.schema.property.ModelSpecificationFactory.create method
2025-06-11 12:06:54.244  INFO 1 --- [           main] s.g.m.s.m.a.ScDefaultMonitorInterceptor  : Start executing the springfox.documentation.schema.property.ModelSpecificationFactory.create method
2025-06-11 12:06:54.244  INFO 1 --- [           main] s.g.m.s.m.a.ScDefaultMonitorInterceptor  : Stop executing the springfox.documentation.schema.property.ModelSpecificationFactory.create method
2025-06-11 12:06:54.248  INFO 1 --- [           main] s.g.m.s.m.a.ScDefaultMonitorInterceptor  : Start executing the springfox.documentation.schema.property.ModelSpecificationFactory.create method
2025-06-11 12:06:54.249  INFO 1 --- [           main] s.g.m.s.m.a.ScDefaultMonitorInterceptor  : Stop executing the springfox.documentation.schema.property.ModelSpecificationFactory.create method
2025-06-11 12:06:54.249  INFO 1 --- [           main] s.g.m.s.m.a.ScDefaultMonitorInterceptor  : Start executing the springfox.documentation.schema.property.ModelSpecificationFactory.create method
2025-06-11 12:06:54.249  INFO 1 --- [           main] s.g.m.s.m.a.ScDefaultMonitorInterceptor  : Stop executing the springfox.documentation.schema.property.ModelSpecificationFactory.create method
2025-06-11 12:06:54.249  INFO 1 --- [           main] s.g.m.s.m.a.ScDefaultMonitorInterceptor  : Start executing the springfox.documentation.schema.property.ModelSpecificationFactory.create method
2025-06-11 12:06:54.249  INFO 1 --- [           main] s.g.m.s.m.a.ScDefaultMonitorInterceptor  : Stop executing the springfox.documentation.schema.property.ModelSpecificationFactory.create method
2025-06-11 12:06:54.249  INFO 1 --- [           main] s.g.m.s.m.a.ScDefaultMonitorInterceptor  : Start executing the springfox.documentation.schema.property.ModelSpecificationFactory.create method
2025-06-11 12:06:54.249  INFO 1 --- [           main] s.g.m.s.m.a.ScDefaultMonitorInterceptor  : Stop executing the springfox.documentation.schema.property.ModelSpecificationFactory.create method
2025-06-11 12:06:54.249  INFO 1 --- [           main] s.g.m.s.m.a.ScDefaultMonitorInterceptor  : Start executing the springfox.documentation.schema.property.ModelSpecificationFactory.create method
2025-06-11 12:06:54.249  INFO 1 --- [           main] s.g.m.s.m.a.ScDefaultMonitorInterceptor  : Stop executing the springfox.documentation.schema.property.ModelSpecificationFactory.create method
2025-06-11 12:06:54.249  INFO 1 --- [           main] s.g.m.s.m.a.ScDefaultMonitorInterceptor  : Start executing the springfox.documentation.schema.property.ModelSpecificationFactory.create method
2025-06-11 12:06:54.249  INFO 1 --- [           main] s.g.m.s.m.a.ScDefaultMonitorInterceptor  : Stop executing the springfox.documentation.schema.property.ModelSpecificationFactory.create method
2025-06-11 12:06:54.250  INFO 1 --- [           main] s.g.m.s.m.a.ScDefaultMonitorInterceptor  : Start executing the springfox.documentation.schema.property.ModelSpecificationFactory.create method
2025-06-11 12:06:54.250  INFO 1 --- [           main] s.g.m.s.m.a.ScDefaultMonitorInterceptor  : Stop executing the springfox.documentation.schema.property.ModelSpecificationFactory.create method
2025-06-11 12:06:54.250  INFO 1 --- [           main] s.g.m.s.m.a.ScDefaultMonitorInterceptor  : Start executing the springfox.documentation.schema.property.ModelSpecificationFactory.create method
2025-06-11 12:06:54.250  INFO 1 --- [           main] s.g.m.s.m.a.ScDefaultMonitorInterceptor  : Stop executing the springfox.documentation.schema.property.ModelSpecificationFactory.create method
2025-06-11 12:06:54.250  INFO 1 --- [           main] s.g.m.s.m.a.ScDefaultMonitorInterceptor  : Start executing the springfox.documentation.schema.property.ModelSpecificationFactory.create method
2025-06-11 12:06:54.250  INFO 1 --- [           main] s.g.m.s.m.a.ScDefaultMonitorInterceptor  : Stop executing the springfox.documentation.schema.property.ModelSpecificationFactory.create method
2025-06-11 12:06:54.250  INFO 1 --- [           main] s.g.m.s.m.a.ScDefaultMonitorInterceptor  : Start executing the springfox.documentation.schema.property.ModelSpecificationFactory.create method
2025-06-11 12:06:54.250  INFO 1 --- [           main] s.g.m.s.m.a.ScDefaultMonitorInterceptor  : Stop executing the springfox.documentation.schema.property.ModelSpecificationFactory.create method
2025-06-11 12:06:54.250  INFO 1 --- [           main] s.g.m.s.m.a.ScDefaultMonitorInterceptor  : Start executing the springfox.documentation.schema.property.ModelSpecificationFactory.create method
2025-06-11 12:06:54.251  INFO 1 --- [           main] s.g.m.s.m.a.ScDefaultMonitorInterceptor  : Stop executing the springfox.documentation.schema.property.ModelSpecificationFactory.create method
2025-06-11 12:06:54.251  INFO 1 --- [           main] s.g.m.s.m.a.ScDefaultMonitorInterceptor  : Start executing the springfox.documentation.schema.property.ModelSpecificationFactory.create method
2025-06-11 12:06:54.251  INFO 1 --- [           main] s.g.m.s.m.a.ScDefaultMonitorInterceptor  : Stop executing the springfox.documentation.schema.property.ModelSpecificationFactory.create method
2025-06-11 12:06:54.251  INFO 1 --- [           main] s.g.m.s.m.a.ScDefaultMonitorInterceptor  : Start executing the springfox.documentation.schema.property.ModelSpecificationFactory.create method
2025-06-11 12:06:54.251  INFO 1 --- [           main] s.g.m.s.m.a.ScDefaultMonitorInterceptor  : Stop executing the springfox.documentation.schema.property.ModelSpecificationFactory.create method
2025-06-11 12:06:54.251  INFO 1 --- [           main] s.g.m.s.m.a.ScDefaultMonitorInterceptor  : Start executing the springfox.documentation.schema.property.ModelSpecificationFactory.create method
2025-06-11 12:06:54.251  INFO 1 --- [           main] s.g.m.s.m.a.ScDefaultMonitorInterceptor  : Stop executing the springfox.documentation.schema.property.ModelSpecificationFactory.create method
2025-06-11 12:06:54.251  INFO 1 --- [           main] s.g.m.s.m.a.ScDefaultMonitorInterceptor  : Start executing the springfox.documentation.schema.property.ModelSpecificationFactory.create method
2025-06-11 12:06:54.251  INFO 1 --- [           main] s.g.m.s.m.a.ScDefaultMonitorInterceptor  : Stop executing the springfox.documentation.schema.property.ModelSpecificationFactory.create method
2025-06-11 12:06:54.251  INFO 1 --- [           main] s.g.m.s.m.a.ScDefaultMonitorInterceptor  : Start executing the springfox.documentation.schema.property.ModelSpecificationFactory.create method
2025-06-11 12:06:54.251  INFO 1 --- [           main] s.g.m.s.m.a.ScDefaultMonitorInterceptor  : Stop executing the springfox.documentation.schema.property.ModelSpecificationFactory.create method
2025-06-11 12:06:54.251  INFO 1 --- [           main] s.g.m.s.m.a.ScDefaultMonitorInterceptor  : Start executing the springfox.documentation.schema.property.ModelSpecificationFactory.create method
2025-06-11 12:06:54.252  INFO 1 --- [           main] s.g.m.s.m.a.ScDefaultMonitorInterceptor  : Stop executing the springfox.documentation.schema.property.ModelSpecificationFactory.create method
2025-06-11 12:06:54.252  INFO 1 --- [           main] s.g.m.s.m.a.ScDefaultMonitorInterceptor  : Start executing the springfox.documentation.schema.property.ModelSpecificationFactory.create method
2025-06-11 12:06:54.252  INFO 1 --- [           main] s.g.m.s.m.a.ScDefaultMonitorInterceptor  : Stop executing the springfox.documentation.schema.property.ModelSpecificationFactory.create method
2025-06-11 12:06:54.252  INFO 1 --- [           main] s.g.m.s.m.a.ScDefaultMonitorInterceptor  : Start executing the springfox.documentation.schema.property.ModelSpecificationFactory.create method
2025-06-11 12:06:54.252  INFO 1 --- [           main] s.g.m.s.m.a.ScDefaultMonitorInterceptor  : Stop executing the springfox.documentation.schema.property.ModelSpecificationFactory.create method
2025-06-11 12:06:54.253  INFO 1 --- [           main] s.g.m.s.m.a.ScDefaultMonitorInterceptor  : Start executing the springfox.documentation.schema.property.ModelSpecificationFactory.create method
2025-06-11 12:06:54.253  INFO 1 --- [           main] s.g.m.s.m.a.ScDefaultMonitorInterceptor  : Stop executing the springfox.documentation.schema.property.ModelSpecificationFactory.create method
2025-06-11 12:06:54.333  INFO 1 --- [           main] s.g.m.s.m.a.ScDefaultMonitorInterceptor  : Start executing the springfox.documentation.schema.property.ModelSpecificationFactory.create method
2025-06-11 12:06:54.333  INFO 1 --- [           main] s.g.m.s.m.a.ScDefaultMonitorInterceptor  : Stop executing the springfox.documentation.schema.property.ModelSpecificationFactory.create method
2025-06-11 12:06:54.333  INFO 1 --- [           main] s.g.m.s.m.a.ScDefaultMonitorInterceptor  : Start executing the springfox.documentation.schema.property.ModelSpecificationFactory.create method
2025-06-11 12:06:54.333  INFO 1 --- [           main] s.g.m.s.m.a.ScDefaultMonitorInterceptor  : Stop executing the springfox.documentation.schema.property.ModelSpecificationFactory.create method
2025-06-11 12:06:54.335  INFO 1 --- [           main] s.g.m.s.m.a.ScDefaultMonitorInterceptor  : Start executing the springfox.documentation.schema.property.ModelSpecificationFactory.create method
2025-06-11 12:06:54.335  INFO 1 --- [           main] s.g.m.s.m.a.ScDefaultMonitorInterceptor  : Stop executing the springfox.documentation.schema.property.ModelSpecificationFactory.create method
2025-06-11 12:06:54.335  INFO 1 --- [           main] s.g.m.s.m.a.ScDefaultMonitorInterceptor  : Start executing the springfox.documentation.schema.property.ModelSpecificationFactory.create method
2025-06-11 12:06:54.335  INFO 1 --- [           main] s.g.m.s.m.a.ScDefaultMonitorInterceptor  : Stop executing the springfox.documentation.schema.property.ModelSpecificationFactory.create method
2025-06-11 12:06:54.337  INFO 1 --- [           main] s.g.m.s.m.a.ScDefaultMonitorInterceptor  : Start executing the springfox.documentation.schema.property.ModelSpecificationFactory.create method
2025-06-11 12:06:54.337  INFO 1 --- [           main] s.g.m.s.m.a.ScDefaultMonitorInterceptor  : Stop executing the springfox.documentation.schema.property.ModelSpecificationFactory.create method
2025-06-11 12:06:54.338  INFO 1 --- [           main] s.g.m.s.m.a.ScDefaultMonitorInterceptor  : Start executing the springfox.documentation.schema.property.ModelSpecificationFactory.create method
2025-06-11 12:06:54.338  INFO 1 --- [           main] s.g.m.s.m.a.ScDefaultMonitorInterceptor  : Stop executing the springfox.documentation.schema.property.ModelSpecificationFactory.create method
2025-06-11 12:06:54.338  INFO 1 --- [           main] s.g.m.s.m.a.ScDefaultMonitorInterceptor  : Start executing the springfox.documentation.schema.property.ModelSpecificationFactory.create method
2025-06-11 12:06:54.338  INFO 1 --- [           main] s.g.m.s.m.a.ScDefaultMonitorInterceptor  : Stop executing the springfox.documentation.schema.property.ModelSpecificationFactory.create method
2025-06-11 12:06:54.339  INFO 1 --- [           main] s.g.m.s.m.a.ScDefaultMonitorInterceptor  : Start executing the springfox.documentation.schema.property.ModelSpecificationFactory.create method
2025-06-11 12:06:54.339  INFO 1 --- [           main] s.g.m.s.m.a.ScDefaultMonitorInterceptor  : Stop executing the springfox.documentation.schema.property.ModelSpecificationFactory.create method
2025-06-11 12:06:54.341  INFO 1 --- [           main] s.g.m.s.m.a.ScDefaultMonitorInterceptor  : Start executing the springfox.documentation.schema.property.ModelSpecificationFactory.create method
2025-06-11 12:06:54.341  INFO 1 --- [           main] s.g.m.s.m.a.ScDefaultMonitorInterceptor  : Stop executing the springfox.documentation.schema.property.ModelSpecificationFactory.create method
2025-06-11 12:06:54.341  INFO 1 --- [           main] s.g.m.s.m.a.ScDefaultMonitorInterceptor  : Start executing the springfox.documentation.schema.property.ModelSpecificationFactory.create method
2025-06-11 12:06:54.341  INFO 1 --- [           main] s.g.m.s.m.a.ScDefaultMonitorInterceptor  : Stop executing the springfox.documentation.schema.property.ModelSpecificationFactory.create method
2025-06-11 12:06:54.342  INFO 1 --- [           main] s.g.m.s.m.a.ScDefaultMonitorInterceptor  : Start executing the springfox.documentation.schema.property.ModelSpecificationFactory.create method
2025-06-11 12:06:54.343  INFO 1 --- [           main] s.g.m.s.m.a.ScDefaultMonitorInterceptor  : Stop executing the springfox.documentation.schema.property.ModelSpecificationFactory.create method
2025-06-11 12:06:54.343  INFO 1 --- [           main] s.g.m.s.m.a.ScDefaultMonitorInterceptor  : Start executing the springfox.documentation.schema.property.ModelSpecificationFactory.create method
2025-06-11 12:06:54.343  INFO 1 --- [           main] s.g.m.s.m.a.ScDefaultMonitorInterceptor  : Stop executing the springfox.documentation.schema.property.ModelSpecificationFactory.create method
2025-06-11 12:06:54.344  INFO 1 --- [           main] s.g.m.s.m.a.ScDefaultMonitorInterceptor  : Start executing the springfox.documentation.schema.property.ModelSpecificationFactory.create method
2025-06-11 12:06:54.345  INFO 1 --- [           main] s.g.m.s.m.a.ScDefaultMonitorInterceptor  : Stop executing the springfox.documentation.schema.property.ModelSpecificationFactory.create method
2025-06-11 12:06:54.345  INFO 1 --- [           main] s.g.m.s.m.a.ScDefaultMonitorInterceptor  : Start executing the springfox.documentation.schema.property.ModelSpecificationFactory.create method
2025-06-11 12:06:54.345  INFO 1 --- [           main] s.g.m.s.m.a.ScDefaultMonitorInterceptor  : Stop executing the springfox.documentation.schema.property.ModelSpecificationFactory.create method
2025-06-11 12:06:54.345  INFO 1 --- [           main] s.g.m.s.m.a.ScDefaultMonitorInterceptor  : Start executing the springfox.documentation.schema.property.ModelSpecificationFactory.create method
2025-06-11 12:06:54.345  INFO 1 --- [           main] s.g.m.s.m.a.ScDefaultMonitorInterceptor  : Stop executing the springfox.documentation.schema.property.ModelSpecificationFactory.create method
2025-06-11 12:06:54.347  INFO 1 --- [           main] s.g.m.s.m.a.ScDefaultMonitorInterceptor  : Start executing the springfox.documentation.schema.property.ModelSpecificationFactory.create method
2025-06-11 12:06:54.347  INFO 1 --- [           main] s.g.m.s.m.a.ScDefaultMonitorInterceptor  : Stop executing the springfox.documentation.schema.property.ModelSpecificationFactory.create method
2025-06-11 12:06:54.347  INFO 1 --- [           main] s.g.m.s.m.a.ScDefaultMonitorInterceptor  : Start executing the springfox.documentation.schema.property.ModelSpecificationFactory.create method
2025-06-11 12:06:54.347  INFO 1 --- [           main] s.g.m.s.m.a.ScDefaultMonitorInterceptor  : Stop executing the springfox.documentation.schema.property.ModelSpecificationFactory.create method
2025-06-11 12:06:54.347  INFO 1 --- [           main] s.g.m.s.m.a.ScDefaultMonitorInterceptor  : Start executing the springfox.documentation.schema.property.ModelSpecificationFactory.create method
2025-06-11 12:06:54.347  INFO 1 --- [           main] s.g.m.s.m.a.ScDefaultMonitorInterceptor  : Stop executing the springfox.documentation.schema.property.ModelSpecificationFactory.create method
2025-06-11 12:06:54.347  INFO 1 --- [           main] s.g.m.s.m.a.ScDefaultMonitorInterceptor  : Start executing the springfox.documentation.schema.property.ModelSpecificationFactory.create method
2025-06-11 12:06:54.347  INFO 1 --- [           main] s.g.m.s.m.a.ScDefaultMonitorInterceptor  : Stop executing the springfox.documentation.schema.property.ModelSpecificationFactory.create method
2025-06-11 12:06:54.349  INFO 1 --- [           main] s.g.m.s.m.a.ScDefaultMonitorInterceptor  : Start executing the springfox.documentation.schema.property.ModelSpecificationFactory.create method
2025-06-11 12:06:54.349  INFO 1 --- [           main] s.g.m.s.m.a.ScDefaultMonitorInterceptor  : Stop executing the springfox.documentation.schema.property.ModelSpecificationFactory.create method
2025-06-11 12:06:54.351  INFO 1 --- [           main] s.g.m.s.m.a.ScDefaultMonitorInterceptor  : Start executing the springfox.documentation.schema.property.ModelSpecificationFactory.create method
2025-06-11 12:06:54.351  INFO 1 --- [           main] s.g.m.s.m.a.ScDefaultMonitorInterceptor  : Stop executing the springfox.documentation.schema.property.ModelSpecificationFactory.create method
2025-06-11 12:06:54.351  INFO 1 --- [           main] s.g.m.s.m.a.ScDefaultMonitorInterceptor  : Start executing the springfox.documentation.schema.property.ModelSpecificationFactory.create method
2025-06-11 12:06:54.351  INFO 1 --- [           main] s.g.m.s.m.a.ScDefaultMonitorInterceptor  : Stop executing the springfox.documentation.schema.property.ModelSpecificationFactory.create method
2025-06-11 12:06:54.355  INFO 1 --- [           main] s.g.m.s.m.a.ScDefaultMonitorInterceptor  : Start executing the springfox.documentation.schema.property.ModelSpecificationFactory.create method
2025-06-11 12:06:54.355  INFO 1 --- [           main] s.g.m.s.m.a.ScDefaultMonitorInterceptor  : Stop executing the springfox.documentation.schema.property.ModelSpecificationFactory.create method
2025-06-11 12:06:54.355  INFO 1 --- [           main] s.g.m.s.m.a.ScDefaultMonitorInterceptor  : Start executing the springfox.documentation.schema.property.ModelSpecificationFactory.create method
2025-06-11 12:06:54.355  INFO 1 --- [           main] s.g.m.s.m.a.ScDefaultMonitorInterceptor  : Stop executing the springfox.documentation.schema.property.ModelSpecificationFactory.create method
2025-06-11 12:06:54.356  INFO 1 --- [           main] s.g.m.s.m.a.ScDefaultMonitorInterceptor  : Start executing the springfox.documentation.schema.property.ModelSpecificationFactory.create method
2025-06-11 12:06:54.356  INFO 1 --- [           main] s.g.m.s.m.a.ScDefaultMonitorInterceptor  : Stop executing the springfox.documentation.schema.property.ModelSpecificationFactory.create method
2025-06-11 12:06:54.356  INFO 1 --- [           main] s.g.m.s.m.a.ScDefaultMonitorInterceptor  : Start executing the springfox.documentation.schema.property.ModelSpecificationFactory.create method
2025-06-11 12:06:54.356  INFO 1 --- [           main] s.g.m.s.m.a.ScDefaultMonitorInterceptor  : Stop executing the springfox.documentation.schema.property.ModelSpecificationFactory.create method
2025-06-11 12:06:54.356  INFO 1 --- [           main] s.g.m.s.m.a.ScDefaultMonitorInterceptor  : Start executing the springfox.documentation.schema.property.ModelSpecificationFactory.create method
2025-06-11 12:06:54.356  INFO 1 --- [           main] s.g.m.s.m.a.ScDefaultMonitorInterceptor  : Stop executing the springfox.documentation.schema.property.ModelSpecificationFactory.create method
2025-06-11 12:06:54.356  INFO 1 --- [           main] s.g.m.s.m.a.ScDefaultMonitorInterceptor  : Start executing the springfox.documentation.schema.property.ModelSpecificationFactory.create method
2025-06-11 12:06:54.356  INFO 1 --- [           main] s.g.m.s.m.a.ScDefaultMonitorInterceptor  : Stop executing the springfox.documentation.schema.property.ModelSpecificationFactory.create method
2025-06-11 12:06:54.356  INFO 1 --- [           main] s.g.m.s.m.a.ScDefaultMonitorInterceptor  : Start executing the springfox.documentation.schema.property.ModelSpecificationFactory.create method
2025-06-11 12:06:54.357  INFO 1 --- [           main] s.g.m.s.m.a.ScDefaultMonitorInterceptor  : Stop executing the springfox.documentation.schema.property.ModelSpecificationFactory.create method
2025-06-11 12:06:54.357  INFO 1 --- [           main] s.g.m.s.m.a.ScDefaultMonitorInterceptor  : Start executing the springfox.documentation.schema.property.ModelSpecificationFactory.create method
2025-06-11 12:06:54.357  INFO 1 --- [           main] s.g.m.s.m.a.ScDefaultMonitorInterceptor  : Stop executing the springfox.documentation.schema.property.ModelSpecificationFactory.create method
2025-06-11 12:06:54.357  INFO 1 --- [           main] s.g.m.s.m.a.ScDefaultMonitorInterceptor  : Start executing the springfox.documentation.schema.property.ModelSpecificationFactory.create method
2025-06-11 12:06:54.357  INFO 1 --- [           main] s.g.m.s.m.a.ScDefaultMonitorInterceptor  : Stop executing the springfox.documentation.schema.property.ModelSpecificationFactory.create method
2025-06-11 12:06:54.357  INFO 1 --- [           main] s.g.m.s.m.a.ScDefaultMonitorInterceptor  : Start executing the springfox.documentation.schema.property.ModelSpecificationFactory.create method
2025-06-11 12:06:54.357  INFO 1 --- [           main] s.g.m.s.m.a.ScDefaultMonitorInterceptor  : Stop executing the springfox.documentation.schema.property.ModelSpecificationFactory.create method
2025-06-11 12:06:54.357  INFO 1 --- [           main] s.g.m.s.m.a.ScDefaultMonitorInterceptor  : Start executing the springfox.documentation.schema.property.ModelSpecificationFactory.create method
2025-06-11 12:06:54.357  INFO 1 --- [           main] s.g.m.s.m.a.ScDefaultMonitorInterceptor  : Stop executing the springfox.documentation.schema.property.ModelSpecificationFactory.create method
2025-06-11 12:06:54.357  INFO 1 --- [           main] s.g.m.s.m.a.ScDefaultMonitorInterceptor  : Start executing the springfox.documentation.schema.property.ModelSpecificationFactory.create method
2025-06-11 12:06:54.357  INFO 1 --- [           main] s.g.m.s.m.a.ScDefaultMonitorInterceptor  : Stop executing the springfox.documentation.schema.property.ModelSpecificationFactory.create method
2025-06-11 12:06:54.358  INFO 1 --- [           main] s.g.m.s.m.a.ScDefaultMonitorInterceptor  : Start executing the springfox.documentation.schema.property.ModelSpecificationFactory.create method
2025-06-11 12:06:54.358  INFO 1 --- [           main] s.g.m.s.m.a.ScDefaultMonitorInterceptor  : Stop executing the springfox.documentation.schema.property.ModelSpecificationFactory.create method
2025-06-11 12:06:54.360  INFO 1 --- [           main] s.g.m.s.m.a.ScDefaultMonitorInterceptor  : Start executing the springfox.documentation.schema.property.ModelSpecificationFactory.create method
2025-06-11 12:06:54.360  INFO 1 --- [           main] s.g.m.s.m.a.ScDefaultMonitorInterceptor  : Stop executing the springfox.documentation.schema.property.ModelSpecificationFactory.create method
[GC (Allocation Failure) [DefNew: 50284K->3488K(53568K), 0.0718114 secs] 150847K->104051K(172360K), 0.0718566 secs] [Times: user=0.02 sys=0.00, real=0.08 secs] 
2025-06-11 12:06:54.436  INFO 1 --- [           main] s.g.m.s.m.a.ScDefaultMonitorInterceptor  : Start executing the springfox.documentation.schema.property.ModelSpecificationFactory.create method
2025-06-11 12:06:54.436  INFO 1 --- [           main] s.g.m.s.m.a.ScDefaultMonitorInterceptor  : Stop executing the springfox.documentation.schema.property.ModelSpecificationFactory.create method
2025-06-11 12:06:54.437  INFO 1 --- [           main] s.g.m.s.m.a.ScDefaultMonitorInterceptor  : Start executing the springfox.documentation.schema.property.ModelSpecificationFactory.create method
2025-06-11 12:06:54.437  INFO 1 --- [           main] s.g.m.s.m.a.ScDefaultMonitorInterceptor  : Stop executing the springfox.documentation.schema.property.ModelSpecificationFactory.create method
2025-06-11 12:06:54.437  INFO 1 --- [           main] s.g.m.s.m.a.ScDefaultMonitorInterceptor  : Start executing the springfox.documentation.schema.property.ModelSpecificationFactory.create method
2025-06-11 12:06:54.437  INFO 1 --- [           main] s.g.m.s.m.a.ScDefaultMonitorInterceptor  : Stop executing the springfox.documentation.schema.property.ModelSpecificationFactory.create method
2025-06-11 12:06:54.437  INFO 1 --- [           main] s.g.m.s.m.a.ScDefaultMonitorInterceptor  : Start executing the springfox.documentation.schema.property.ModelSpecificationFactory.create method
2025-06-11 12:06:54.437  INFO 1 --- [           main] s.g.m.s.m.a.ScDefaultMonitorInterceptor  : Stop executing the springfox.documentation.schema.property.ModelSpecificationFactory.create method
2025-06-11 12:06:54.437  INFO 1 --- [           main] s.g.m.s.m.a.ScDefaultMonitorInterceptor  : Start executing the springfox.documentation.schema.property.ModelSpecificationFactory.create method
2025-06-11 12:06:54.437  INFO 1 --- [           main] s.g.m.s.m.a.ScDefaultMonitorInterceptor  : Stop executing the springfox.documentation.schema.property.ModelSpecificationFactory.create method
2025-06-11 12:06:54.437  INFO 1 --- [           main] s.g.m.s.m.a.ScDefaultMonitorInterceptor  : Start executing the springfox.documentation.schema.property.ModelSpecificationFactory.create method
2025-06-11 12:06:54.437  INFO 1 --- [           main] s.g.m.s.m.a.ScDefaultMonitorInterceptor  : Stop executing the springfox.documentation.schema.property.ModelSpecificationFactory.create method
2025-06-11 12:06:54.438  INFO 1 --- [           main] s.g.m.s.m.a.ScDefaultMonitorInterceptor  : Start executing the springfox.documentation.schema.property.ModelSpecificationFactory.create method
2025-06-11 12:06:54.438  INFO 1 --- [           main] s.g.m.s.m.a.ScDefaultMonitorInterceptor  : Stop executing the springfox.documentation.schema.property.ModelSpecificationFactory.create method
2025-06-11 12:06:54.438  INFO 1 --- [           main] s.g.m.s.m.a.ScDefaultMonitorInterceptor  : Start executing the springfox.documentation.schema.property.ModelSpecificationFactory.create method
2025-06-11 12:06:54.438  INFO 1 --- [           main] s.g.m.s.m.a.ScDefaultMonitorInterceptor  : Stop executing the springfox.documentation.schema.property.ModelSpecificationFactory.create method
2025-06-11 12:06:54.438  INFO 1 --- [           main] s.g.m.s.m.a.ScDefaultMonitorInterceptor  : Start executing the springfox.documentation.schema.property.ModelSpecificationFactory.create method
2025-06-11 12:06:54.438  INFO 1 --- [           main] s.g.m.s.m.a.ScDefaultMonitorInterceptor  : Stop executing the springfox.documentation.schema.property.ModelSpecificationFactory.create method
2025-06-11 12:06:54.438  INFO 1 --- [           main] s.g.m.s.m.a.ScDefaultMonitorInterceptor  : Start executing the springfox.documentation.schema.property.ModelSpecificationFactory.create method
2025-06-11 12:06:54.438  INFO 1 --- [           main] s.g.m.s.m.a.ScDefaultMonitorInterceptor  : Stop executing the springfox.documentation.schema.property.ModelSpecificationFactory.create method
2025-06-11 12:06:54.438  INFO 1 --- [           main] s.g.m.s.m.a.ScDefaultMonitorInterceptor  : Start executing the springfox.documentation.schema.property.ModelSpecificationFactory.create method
2025-06-11 12:06:54.438  INFO 1 --- [           main] s.g.m.s.m.a.ScDefaultMonitorInterceptor  : Stop executing the springfox.documentation.schema.property.ModelSpecificationFactory.create method
2025-06-11 12:06:54.439  INFO 1 --- [           main] s.g.m.s.m.a.ScDefaultMonitorInterceptor  : Start executing the springfox.documentation.schema.property.ModelSpecificationFactory.create method
2025-06-11 12:06:54.439  INFO 1 --- [           main] s.g.m.s.m.a.ScDefaultMonitorInterceptor  : Stop executing the springfox.documentation.schema.property.ModelSpecificationFactory.create method
2025-06-11 12:06:54.439  INFO 1 --- [           main] s.g.m.s.m.a.ScDefaultMonitorInterceptor  : Start executing the springfox.documentation.schema.property.ModelSpecificationFactory.create method
2025-06-11 12:06:54.439  INFO 1 --- [           main] s.g.m.s.m.a.ScDefaultMonitorInterceptor  : Stop executing the springfox.documentation.schema.property.ModelSpecificationFactory.create method
2025-06-11 12:06:54.440  INFO 1 --- [           main] s.g.m.s.m.a.ScDefaultMonitorInterceptor  : Start executing the springfox.documentation.schema.property.ModelSpecificationFactory.create method
2025-06-11 12:06:54.440  INFO 1 --- [           main] s.g.m.s.m.a.ScDefaultMonitorInterceptor  : Stop executing the springfox.documentation.schema.property.ModelSpecificationFactory.create method
2025-06-11 12:06:54.440  INFO 1 --- [           main] s.g.m.s.m.a.ScDefaultMonitorInterceptor  : Start executing the springfox.documentation.schema.property.ModelSpecificationFactory.create method
2025-06-11 12:06:54.440  INFO 1 --- [           main] s.g.m.s.m.a.ScDefaultMonitorInterceptor  : Stop executing the springfox.documentation.schema.property.ModelSpecificationFactory.create method
2025-06-11 12:06:54.440  INFO 1 --- [           main] s.g.m.s.m.a.ScDefaultMonitorInterceptor  : Start executing the springfox.documentation.schema.property.ModelSpecificationFactory.create method
2025-06-11 12:06:54.440  INFO 1 --- [           main] s.g.m.s.m.a.ScDefaultMonitorInterceptor  : Stop executing the springfox.documentation.schema.property.ModelSpecificationFactory.create method
2025-06-11 12:06:54.445  INFO 1 --- [           main] s.g.m.s.m.a.ScDefaultMonitorInterceptor  : Start executing the springfox.documentation.schema.property.ModelSpecificationFactory.create method
2025-06-11 12:06:54.445  INFO 1 --- [           main] s.g.m.s.m.a.ScDefaultMonitorInterceptor  : Stop executing the springfox.documentation.schema.property.ModelSpecificationFactory.create method
2025-06-11 12:06:54.446  INFO 1 --- [           main] s.g.m.s.m.a.ScDefaultMonitorInterceptor  : Start executing the springfox.documentation.schema.property.ModelSpecificationFactory.create method
2025-06-11 12:06:54.446  INFO 1 --- [           main] s.g.m.s.m.a.ScDefaultMonitorInterceptor  : Stop executing the springfox.documentation.schema.property.ModelSpecificationFactory.create method
2025-06-11 12:06:54.447  INFO 1 --- [           main] s.g.m.s.m.a.ScDefaultMonitorInterceptor  : Start executing the springfox.documentation.schema.property.ModelSpecificationFactory.create method
2025-06-11 12:06:54.447  INFO 1 --- [           main] s.g.m.s.m.a.ScDefaultMonitorInterceptor  : Stop executing the springfox.documentation.schema.property.ModelSpecificationFactory.create method
2025-06-11 12:06:54.447  INFO 1 --- [           main] s.g.m.s.m.a.ScDefaultMonitorInterceptor  : Start executing the springfox.documentation.schema.property.ModelSpecificationFactory.create method
2025-06-11 12:06:54.447  INFO 1 --- [           main] s.g.m.s.m.a.ScDefaultMonitorInterceptor  : Stop executing the springfox.documentation.schema.property.ModelSpecificationFactory.create method
2025-06-11 12:06:54.447  INFO 1 --- [           main] s.g.m.s.m.a.ScDefaultMonitorInterceptor  : Start executing the springfox.documentation.schema.property.ModelSpecificationFactory.create method
2025-06-11 12:06:54.447  INFO 1 --- [           main] s.g.m.s.m.a.ScDefaultMonitorInterceptor  : Stop executing the springfox.documentation.schema.property.ModelSpecificationFactory.create method
2025-06-11 12:06:54.447  INFO 1 --- [           main] s.g.m.s.m.a.ScDefaultMonitorInterceptor  : Start executing the springfox.documentation.schema.property.ModelSpecificationFactory.create method
2025-06-11 12:06:54.447  INFO 1 --- [           main] s.g.m.s.m.a.ScDefaultMonitorInterceptor  : Stop executing the springfox.documentation.schema.property.ModelSpecificationFactory.create method
2025-06-11 12:06:54.448  INFO 1 --- [           main] s.g.m.s.m.a.ScDefaultMonitorInterceptor  : Start executing the springfox.documentation.schema.property.ModelSpecificationFactory.create method
2025-06-11 12:06:54.448  INFO 1 --- [           main] s.g.m.s.m.a.ScDefaultMonitorInterceptor  : Stop executing the springfox.documentation.schema.property.ModelSpecificationFactory.create method
2025-06-11 12:06:54.448  INFO 1 --- [           main] s.g.m.s.m.a.ScDefaultMonitorInterceptor  : Start executing the springfox.documentation.schema.property.ModelSpecificationFactory.create method
2025-06-11 12:06:54.449  INFO 1 --- [           main] s.g.m.s.m.a.ScDefaultMonitorInterceptor  : Stop executing the springfox.documentation.schema.property.ModelSpecificationFactory.create method
2025-06-11 12:06:54.449  INFO 1 --- [           main] s.g.m.s.m.a.ScDefaultMonitorInterceptor  : Start executing the springfox.documentation.schema.property.ModelSpecificationFactory.create method
2025-06-11 12:06:54.449  INFO 1 --- [           main] s.g.m.s.m.a.ScDefaultMonitorInterceptor  : Stop executing the springfox.documentation.schema.property.ModelSpecificationFactory.create method
2025-06-11 12:06:54.449  INFO 1 --- [           main] s.g.m.s.m.a.ScDefaultMonitorInterceptor  : Start executing the springfox.documentation.schema.property.ModelSpecificationFactory.create method
2025-06-11 12:06:54.449  INFO 1 --- [           main] s.g.m.s.m.a.ScDefaultMonitorInterceptor  : Stop executing the springfox.documentation.schema.property.ModelSpecificationFactory.create method
2025-06-11 12:06:54.449  INFO 1 --- [           main] s.g.m.s.m.a.ScDefaultMonitorInterceptor  : Start executing the springfox.documentation.schema.property.ModelSpecificationFactory.create method
2025-06-11 12:06:54.449  INFO 1 --- [           main] s.g.m.s.m.a.ScDefaultMonitorInterceptor  : Stop executing the springfox.documentation.schema.property.ModelSpecificationFactory.create method
2025-06-11 12:06:54.449  INFO 1 --- [           main] s.g.m.s.m.a.ScDefaultMonitorInterceptor  : Start executing the springfox.documentation.schema.property.ModelSpecificationFactory.create method
2025-06-11 12:06:54.449  INFO 1 --- [           main] s.g.m.s.m.a.ScDefaultMonitorInterceptor  : Stop executing the springfox.documentation.schema.property.ModelSpecificationFactory.create method
2025-06-11 12:06:54.449  INFO 1 --- [           main] s.g.m.s.m.a.ScDefaultMonitorInterceptor  : Start executing the springfox.documentation.schema.property.ModelSpecificationFactory.create method
2025-06-11 12:06:54.449  INFO 1 --- [           main] s.g.m.s.m.a.ScDefaultMonitorInterceptor  : Stop executing the springfox.documentation.schema.property.ModelSpecificationFactory.create method
2025-06-11 12:06:54.450  INFO 1 --- [           main] s.g.m.s.m.a.ScDefaultMonitorInterceptor  : Start executing the springfox.documentation.schema.property.ModelSpecificationFactory.create method
2025-06-11 12:06:54.450  INFO 1 --- [           main] s.g.m.s.m.a.ScDefaultMonitorInterceptor  : Stop executing the springfox.documentation.schema.property.ModelSpecificationFactory.create method
2025-06-11 12:06:54.450  INFO 1 --- [           main] s.g.m.s.m.a.ScDefaultMonitorInterceptor  : Start executing the springfox.documentation.schema.property.ModelSpecificationFactory.create method
2025-06-11 12:06:54.450  INFO 1 --- [           main] s.g.m.s.m.a.ScDefaultMonitorInterceptor  : Stop executing the springfox.documentation.schema.property.ModelSpecificationFactory.create method
2025-06-11 12:06:54.450  INFO 1 --- [           main] s.g.m.s.m.a.ScDefaultMonitorInterceptor  : Start executing the springfox.documentation.schema.property.ModelSpecificationFactory.create method
2025-06-11 12:06:54.450  INFO 1 --- [           main] s.g.m.s.m.a.ScDefaultMonitorInterceptor  : Stop executing the springfox.documentation.schema.property.ModelSpecificationFactory.create method
2025-06-11 12:06:54.450  INFO 1 --- [           main] s.g.m.s.m.a.ScDefaultMonitorInterceptor  : Start executing the springfox.documentation.schema.property.ModelSpecificationFactory.create method
2025-06-11 12:06:54.450  INFO 1 --- [           main] s.g.m.s.m.a.ScDefaultMonitorInterceptor  : Stop executing the springfox.documentation.schema.property.ModelSpecificationFactory.create method
2025-06-11 12:06:54.451  INFO 1 --- [           main] s.g.m.s.m.a.ScDefaultMonitorInterceptor  : Start executing the springfox.documentation.schema.property.ModelSpecificationFactory.create method
2025-06-11 12:06:54.451  INFO 1 --- [           main] s.g.m.s.m.a.ScDefaultMonitorInterceptor  : Stop executing the springfox.documentation.schema.property.ModelSpecificationFactory.create method
2025-06-11 12:06:54.451  INFO 1 --- [           main] s.g.m.s.m.a.ScDefaultMonitorInterceptor  : Start executing the springfox.documentation.schema.property.ModelSpecificationFactory.create method
2025-06-11 12:06:54.451  INFO 1 --- [           main] s.g.m.s.m.a.ScDefaultMonitorInterceptor  : Stop executing the springfox.documentation.schema.property.ModelSpecificationFactory.create method
2025-06-11 12:06:54.456  INFO 1 --- [           main] s.g.m.s.m.a.ScDefaultMonitorInterceptor  : Start executing the springfox.documentation.schema.property.ModelSpecificationFactory.create method
2025-06-11 12:06:54.456  INFO 1 --- [           main] s.g.m.s.m.a.ScDefaultMonitorInterceptor  : Stop executing the springfox.documentation.schema.property.ModelSpecificationFactory.create method
2025-06-11 12:06:54.456  INFO 1 --- [           main] s.g.m.s.m.a.ScDefaultMonitorInterceptor  : Start executing the springfox.documentation.schema.property.ModelSpecificationFactory.create method
2025-06-11 12:06:54.456  INFO 1 --- [           main] s.g.m.s.m.a.ScDefaultMonitorInterceptor  : Stop executing the springfox.documentation.schema.property.ModelSpecificationFactory.create method
2025-06-11 12:06:54.457  INFO 1 --- [           main] s.g.m.s.m.a.ScDefaultMonitorInterceptor  : Start executing the springfox.documentation.schema.property.ModelSpecificationFactory.create method
2025-06-11 12:06:54.457  INFO 1 --- [           main] s.g.m.s.m.a.ScDefaultMonitorInterceptor  : Stop executing the springfox.documentation.schema.property.ModelSpecificationFactory.create method
2025-06-11 12:06:54.457  INFO 1 --- [           main] s.g.m.s.m.a.ScDefaultMonitorInterceptor  : Start executing the springfox.documentation.schema.property.ModelSpecificationFactory.create method
2025-06-11 12:06:54.457  INFO 1 --- [           main] s.g.m.s.m.a.ScDefaultMonitorInterceptor  : Stop executing the springfox.documentation.schema.property.ModelSpecificationFactory.create method
2025-06-11 12:06:54.525  INFO 1 --- [           main] s.g.m.s.m.a.ScDefaultMonitorInterceptor  : Start executing the springfox.documentation.schema.property.ModelSpecificationFactory.create method
2025-06-11 12:06:54.525  INFO 1 --- [           main] s.g.m.s.m.a.ScDefaultMonitorInterceptor  : Stop executing the springfox.documentation.schema.property.ModelSpecificationFactory.create method
2025-06-11 12:06:54.526  INFO 1 --- [           main] s.g.m.s.m.a.ScDefaultMonitorInterceptor  : Start executing the springfox.documentation.schema.property.ModelSpecificationFactory.create method
2025-06-11 12:06:54.526  INFO 1 --- [           main] s.g.m.s.m.a.ScDefaultMonitorInterceptor  : Stop executing the springfox.documentation.schema.property.ModelSpecificationFactory.create method
2025-06-11 12:06:54.526  INFO 1 --- [           main] s.g.m.s.m.a.ScDefaultMonitorInterceptor  : Start executing the springfox.documentation.schema.property.ModelSpecificationFactory.create method
2025-06-11 12:06:54.526  INFO 1 --- [           main] s.g.m.s.m.a.ScDefaultMonitorInterceptor  : Stop executing the springfox.documentation.schema.property.ModelSpecificationFactory.create method
2025-06-11 12:06:54.526  INFO 1 --- [           main] s.g.m.s.m.a.ScDefaultMonitorInterceptor  : Start executing the springfox.documentation.schema.property.ModelSpecificationFactory.create method
2025-06-11 12:06:54.526  INFO 1 --- [           main] s.g.m.s.m.a.ScDefaultMonitorInterceptor  : Stop executing the springfox.documentation.schema.property.ModelSpecificationFactory.create method
2025-06-11 12:06:54.526  INFO 1 --- [           main] s.g.m.s.m.a.ScDefaultMonitorInterceptor  : Start executing the springfox.documentation.schema.property.ModelSpecificationFactory.create method
2025-06-11 12:06:54.526  INFO 1 --- [           main] s.g.m.s.m.a.ScDefaultMonitorInterceptor  : Stop executing the springfox.documentation.schema.property.ModelSpecificationFactory.create method
2025-06-11 12:06:54.526  INFO 1 --- [           main] s.g.m.s.m.a.ScDefaultMonitorInterceptor  : Start executing the springfox.documentation.schema.property.ModelSpecificationFactory.create method
2025-06-11 12:06:54.526  INFO 1 --- [           main] s.g.m.s.m.a.ScDefaultMonitorInterceptor  : Stop executing the springfox.documentation.schema.property.ModelSpecificationFactory.create method
2025-06-11 12:06:54.527  INFO 1 --- [           main] s.g.m.s.m.a.ScDefaultMonitorInterceptor  : Start executing the springfox.documentation.schema.property.ModelSpecificationFactory.create method
2025-06-11 12:06:54.527  INFO 1 --- [           main] s.g.m.s.m.a.ScDefaultMonitorInterceptor  : Stop executing the springfox.documentation.schema.property.ModelSpecificationFactory.create method
2025-06-11 12:06:54.527  INFO 1 --- [           main] s.g.m.s.m.a.ScDefaultMonitorInterceptor  : Start executing the springfox.documentation.schema.property.ModelSpecificationFactory.create method
2025-06-11 12:06:54.527  INFO 1 --- [           main] s.g.m.s.m.a.ScDefaultMonitorInterceptor  : Stop executing the springfox.documentation.schema.property.ModelSpecificationFactory.create method
2025-06-11 12:06:54.527  INFO 1 --- [           main] s.g.m.s.m.a.ScDefaultMonitorInterceptor  : Start executing the springfox.documentation.schema.property.ModelSpecificationFactory.create method
2025-06-11 12:06:54.527  INFO 1 --- [           main] s.g.m.s.m.a.ScDefaultMonitorInterceptor  : Stop executing the springfox.documentation.schema.property.ModelSpecificationFactory.create method
2025-06-11 12:06:54.527  INFO 1 --- [           main] s.g.m.s.m.a.ScDefaultMonitorInterceptor  : Start executing the springfox.documentation.schema.property.ModelSpecificationFactory.create method
2025-06-11 12:06:54.527  INFO 1 --- [           main] s.g.m.s.m.a.ScDefaultMonitorInterceptor  : Stop executing the springfox.documentation.schema.property.ModelSpecificationFactory.create method
2025-06-11 12:06:54.528  INFO 1 --- [           main] s.g.m.s.m.a.ScDefaultMonitorInterceptor  : Start executing the springfox.documentation.schema.property.ModelSpecificationFactory.create method
2025-06-11 12:06:54.528  INFO 1 --- [           main] s.g.m.s.m.a.ScDefaultMonitorInterceptor  : Stop executing the springfox.documentation.schema.property.ModelSpecificationFactory.create method
2025-06-11 12:06:54.528  INFO 1 --- [           main] s.g.m.s.m.a.ScDefaultMonitorInterceptor  : Start executing the springfox.documentation.schema.property.ModelSpecificationFactory.create method
2025-06-11 12:06:54.528  INFO 1 --- [           main] s.g.m.s.m.a.ScDefaultMonitorInterceptor  : Stop executing the springfox.documentation.schema.property.ModelSpecificationFactory.create method
2025-06-11 12:06:54.528  INFO 1 --- [           main] s.g.m.s.m.a.ScDefaultMonitorInterceptor  : Start executing the springfox.documentation.schema.property.ModelSpecificationFactory.create method
2025-06-11 12:06:54.528  INFO 1 --- [           main] s.g.m.s.m.a.ScDefaultMonitorInterceptor  : Stop executing the springfox.documentation.schema.property.ModelSpecificationFactory.create method
2025-06-11 12:06:54.528  INFO 1 --- [           main] s.g.m.s.m.a.ScDefaultMonitorInterceptor  : Start executing the springfox.documentation.schema.property.ModelSpecificationFactory.create method
2025-06-11 12:06:54.528  INFO 1 --- [           main] s.g.m.s.m.a.ScDefaultMonitorInterceptor  : Stop executing the springfox.documentation.schema.property.ModelSpecificationFactory.create method
2025-06-11 12:06:54.528  INFO 1 --- [           main] s.g.m.s.m.a.ScDefaultMonitorInterceptor  : Start executing the springfox.documentation.schema.property.ModelSpecificationFactory.create method
2025-06-11 12:06:54.528  INFO 1 --- [           main] s.g.m.s.m.a.ScDefaultMonitorInterceptor  : Stop executing the springfox.documentation.schema.property.ModelSpecificationFactory.create method
2025-06-11 12:06:54.528  INFO 1 --- [           main] s.g.m.s.m.a.ScDefaultMonitorInterceptor  : Start executing the springfox.documentation.schema.property.ModelSpecificationFactory.create method
2025-06-11 12:06:54.528  INFO 1 --- [           main] s.g.m.s.m.a.ScDefaultMonitorInterceptor  : Stop executing the springfox.documentation.schema.property.ModelSpecificationFactory.create method
2025-06-11 12:06:54.529  INFO 1 --- [           main] s.g.m.s.m.a.ScDefaultMonitorInterceptor  : Start executing the springfox.documentation.schema.property.ModelSpecificationFactory.create method
2025-06-11 12:06:54.529  INFO 1 --- [           main] s.g.m.s.m.a.ScDefaultMonitorInterceptor  : Stop executing the springfox.documentation.schema.property.ModelSpecificationFactory.create method
2025-06-11 12:06:54.529  INFO 1 --- [           main] s.g.m.s.m.a.ScDefaultMonitorInterceptor  : Start executing the springfox.documentation.schema.property.ModelSpecificationFactory.create method
2025-06-11 12:06:54.529  INFO 1 --- [           main] s.g.m.s.m.a.ScDefaultMonitorInterceptor  : Stop executing the springfox.documentation.schema.property.ModelSpecificationFactory.create method
2025-06-11 12:06:54.529  INFO 1 --- [           main] s.g.m.s.m.a.ScDefaultMonitorInterceptor  : Start executing the springfox.documentation.schema.property.ModelSpecificationFactory.create method
2025-06-11 12:06:54.529  INFO 1 --- [           main] s.g.m.s.m.a.ScDefaultMonitorInterceptor  : Stop executing the springfox.documentation.schema.property.ModelSpecificationFactory.create method
2025-06-11 12:06:54.529  INFO 1 --- [           main] s.g.m.s.m.a.ScDefaultMonitorInterceptor  : Start executing the springfox.documentation.schema.property.ModelSpecificationFactory.create method
2025-06-11 12:06:54.529  INFO 1 --- [           main] s.g.m.s.m.a.ScDefaultMonitorInterceptor  : Stop executing the springfox.documentation.schema.property.ModelSpecificationFactory.create method
2025-06-11 12:06:54.529  INFO 1 --- [           main] s.g.m.s.m.a.ScDefaultMonitorInterceptor  : Start executing the springfox.documentation.schema.property.ModelSpecificationFactory.create method
2025-06-11 12:06:54.529  INFO 1 --- [           main] s.g.m.s.m.a.ScDefaultMonitorInterceptor  : Stop executing the springfox.documentation.schema.property.ModelSpecificationFactory.create method
2025-06-11 12:06:54.529  INFO 1 --- [           main] s.g.m.s.m.a.ScDefaultMonitorInterceptor  : Start executing the springfox.documentation.schema.property.ModelSpecificationFactory.create method
2025-06-11 12:06:54.529  INFO 1 --- [           main] s.g.m.s.m.a.ScDefaultMonitorInterceptor  : Stop executing the springfox.documentation.schema.property.ModelSpecificationFactory.create method
2025-06-11 12:06:54.529  INFO 1 --- [           main] s.g.m.s.m.a.ScDefaultMonitorInterceptor  : Start executing the springfox.documentation.schema.property.ModelSpecificationFactory.create method
2025-06-11 12:06:54.529  INFO 1 --- [           main] s.g.m.s.m.a.ScDefaultMonitorInterceptor  : Stop executing the springfox.documentation.schema.property.ModelSpecificationFactory.create method
2025-06-11 12:06:54.530  INFO 1 --- [           main] s.g.m.s.m.a.ScDefaultMonitorInterceptor  : Start executing the springfox.documentation.schema.property.ModelSpecificationFactory.create method
2025-06-11 12:06:54.530  INFO 1 --- [           main] s.g.m.s.m.a.ScDefaultMonitorInterceptor  : Stop executing the springfox.documentation.schema.property.ModelSpecificationFactory.create method
2025-06-11 12:06:54.530  INFO 1 --- [           main] s.g.m.s.m.a.ScDefaultMonitorInterceptor  : Start executing the springfox.documentation.schema.property.ModelSpecificationFactory.create method
2025-06-11 12:06:54.531  INFO 1 --- [           main] s.g.m.s.m.a.ScDefaultMonitorInterceptor  : Stop executing the springfox.documentation.schema.property.ModelSpecificationFactory.create method
2025-06-11 12:06:54.531  INFO 1 --- [           main] s.g.m.s.m.a.ScDefaultMonitorInterceptor  : Start executing the springfox.documentation.schema.property.ModelSpecificationFactory.create method
2025-06-11 12:06:54.531  INFO 1 --- [           main] s.g.m.s.m.a.ScDefaultMonitorInterceptor  : Stop executing the springfox.documentation.schema.property.ModelSpecificationFactory.create method
2025-06-11 12:06:54.531  INFO 1 --- [           main] s.g.m.s.m.a.ScDefaultMonitorInterceptor  : Start executing the springfox.documentation.schema.property.ModelSpecificationFactory.create method
2025-06-11 12:06:54.531  INFO 1 --- [           main] s.g.m.s.m.a.ScDefaultMonitorInterceptor  : Stop executing the springfox.documentation.schema.property.ModelSpecificationFactory.create method
2025-06-11 12:06:54.538  INFO 1 --- [           main] s.g.m.s.m.a.ScDefaultMonitorInterceptor  : Start executing the springfox.documentation.schema.property.ModelSpecificationFactory.create method
2025-06-11 12:06:54.538  INFO 1 --- [           main] s.g.m.s.m.a.ScDefaultMonitorInterceptor  : Stop executing the springfox.documentation.schema.property.ModelSpecificationFactory.create method
2025-06-11 12:06:54.538  INFO 1 --- [           main] s.g.m.s.m.a.ScDefaultMonitorInterceptor  : Start executing the springfox.documentation.schema.property.ModelSpecificationFactory.create method
2025-06-11 12:06:54.538  INFO 1 --- [           main] s.g.m.s.m.a.ScDefaultMonitorInterceptor  : Stop executing the springfox.documentation.schema.property.ModelSpecificationFactory.create method
2025-06-11 12:06:54.538  INFO 1 --- [           main] s.g.m.s.m.a.ScDefaultMonitorInterceptor  : Start executing the springfox.documentation.schema.property.ModelSpecificationFactory.create method
2025-06-11 12:06:54.538  INFO 1 --- [           main] s.g.m.s.m.a.ScDefaultMonitorInterceptor  : Stop executing the springfox.documentation.schema.property.ModelSpecificationFactory.create method
2025-06-11 12:06:54.538  INFO 1 --- [           main] s.g.m.s.m.a.ScDefaultMonitorInterceptor  : Start executing the springfox.documentation.schema.property.ModelSpecificationFactory.create method
2025-06-11 12:06:54.538  INFO 1 --- [           main] s.g.m.s.m.a.ScDefaultMonitorInterceptor  : Stop executing the springfox.documentation.schema.property.ModelSpecificationFactory.create method
2025-06-11 12:06:54.539  INFO 1 --- [           main] s.g.m.s.m.a.ScDefaultMonitorInterceptor  : Start executing the springfox.documentation.schema.property.ModelSpecificationFactory.create method
2025-06-11 12:06:54.539  INFO 1 --- [           main] s.g.m.s.m.a.ScDefaultMonitorInterceptor  : Stop executing the springfox.documentation.schema.property.ModelSpecificationFactory.create method
2025-06-11 12:06:54.539  INFO 1 --- [           main] s.g.m.s.m.a.ScDefaultMonitorInterceptor  : Start executing the springfox.documentation.schema.property.ModelSpecificationFactory.create method
2025-06-11 12:06:54.539  INFO 1 --- [           main] s.g.m.s.m.a.ScDefaultMonitorInterceptor  : Stop executing the springfox.documentation.schema.property.ModelSpecificationFactory.create method
2025-06-11 12:06:54.539  INFO 1 --- [           main] s.g.m.s.m.a.ScDefaultMonitorInterceptor  : Start executing the springfox.documentation.schema.property.ModelSpecificationFactory.create method
2025-06-11 12:06:54.539  INFO 1 --- [           main] s.g.m.s.m.a.ScDefaultMonitorInterceptor  : Stop executing the springfox.documentation.schema.property.ModelSpecificationFactory.create method
2025-06-11 12:06:54.539  INFO 1 --- [           main] s.g.m.s.m.a.ScDefaultMonitorInterceptor  : Start executing the springfox.documentation.schema.property.ModelSpecificationFactory.create method
2025-06-11 12:06:54.539  INFO 1 --- [           main] s.g.m.s.m.a.ScDefaultMonitorInterceptor  : Stop executing the springfox.documentation.schema.property.ModelSpecificationFactory.create method
2025-06-11 12:06:54.540  INFO 1 --- [           main] s.g.m.s.m.a.ScDefaultMonitorInterceptor  : Start executing the springfox.documentation.schema.property.ModelSpecificationFactory.create method
2025-06-11 12:06:54.540  INFO 1 --- [           main] s.g.m.s.m.a.ScDefaultMonitorInterceptor  : Stop executing the springfox.documentation.schema.property.ModelSpecificationFactory.create method
2025-06-11 12:06:54.540  INFO 1 --- [           main] s.g.m.s.m.a.ScDefaultMonitorInterceptor  : Start executing the springfox.documentation.schema.property.ModelSpecificationFactory.create method
2025-06-11 12:06:54.540  INFO 1 --- [           main] s.g.m.s.m.a.ScDefaultMonitorInterceptor  : Stop executing the springfox.documentation.schema.property.ModelSpecificationFactory.create method
2025-06-11 12:06:54.540  INFO 1 --- [           main] s.g.m.s.m.a.ScDefaultMonitorInterceptor  : Start executing the springfox.documentation.schema.property.ModelSpecificationFactory.create method
2025-06-11 12:06:54.540  INFO 1 --- [           main] s.g.m.s.m.a.ScDefaultMonitorInterceptor  : Stop executing the springfox.documentation.schema.property.ModelSpecificationFactory.create method
2025-06-11 12:06:54.540  INFO 1 --- [           main] s.g.m.s.m.a.ScDefaultMonitorInterceptor  : Start executing the springfox.documentation.schema.property.ModelSpecificationFactory.create method
2025-06-11 12:06:54.540  INFO 1 --- [           main] s.g.m.s.m.a.ScDefaultMonitorInterceptor  : Stop executing the springfox.documentation.schema.property.ModelSpecificationFactory.create method
2025-06-11 12:06:54.540  INFO 1 --- [           main] s.g.m.s.m.a.ScDefaultMonitorInterceptor  : Start executing the springfox.documentation.schema.property.ModelSpecificationFactory.create method
2025-06-11 12:06:54.540  INFO 1 --- [           main] s.g.m.s.m.a.ScDefaultMonitorInterceptor  : Stop executing the springfox.documentation.schema.property.ModelSpecificationFactory.create method
2025-06-11 12:06:54.540  INFO 1 --- [           main] s.g.m.s.m.a.ScDefaultMonitorInterceptor  : Start executing the springfox.documentation.schema.property.ModelSpecificationFactory.create method
2025-06-11 12:06:54.540  INFO 1 --- [           main] s.g.m.s.m.a.ScDefaultMonitorInterceptor  : Stop executing the springfox.documentation.schema.property.ModelSpecificationFactory.create method
2025-06-11 12:06:54.541  INFO 1 --- [           main] s.g.m.s.m.a.ScDefaultMonitorInterceptor  : Start executing the springfox.documentation.schema.property.ModelSpecificationFactory.create method
2025-06-11 12:06:54.541  INFO 1 --- [           main] s.g.m.s.m.a.ScDefaultMonitorInterceptor  : Stop executing the springfox.documentation.schema.property.ModelSpecificationFactory.create method
2025-06-11 12:06:54.541  INFO 1 --- [           main] s.g.m.s.m.a.ScDefaultMonitorInterceptor  : Start executing the springfox.documentation.schema.property.ModelSpecificationFactory.create method
2025-06-11 12:06:54.541  INFO 1 --- [           main] s.g.m.s.m.a.ScDefaultMonitorInterceptor  : Stop executing the springfox.documentation.schema.property.ModelSpecificationFactory.create method
2025-06-11 12:06:54.541  INFO 1 --- [           main] s.g.m.s.m.a.ScDefaultMonitorInterceptor  : Start executing the springfox.documentation.schema.property.ModelSpecificationFactory.create method
2025-06-11 12:06:54.541  INFO 1 --- [           main] s.g.m.s.m.a.ScDefaultMonitorInterceptor  : Stop executing the springfox.documentation.schema.property.ModelSpecificationFactory.create method
2025-06-11 12:06:54.541  INFO 1 --- [           main] s.g.m.s.m.a.ScDefaultMonitorInterceptor  : Start executing the springfox.documentation.schema.property.ModelSpecificationFactory.create method
2025-06-11 12:06:54.541  INFO 1 --- [           main] s.g.m.s.m.a.ScDefaultMonitorInterceptor  : Stop executing the springfox.documentation.schema.property.ModelSpecificationFactory.create method
2025-06-11 12:06:54.541  INFO 1 --- [           main] s.g.m.s.m.a.ScDefaultMonitorInterceptor  : Start executing the springfox.documentation.schema.property.ModelSpecificationFactory.create method
2025-06-11 12:06:54.541  INFO 1 --- [           main] s.g.m.s.m.a.ScDefaultMonitorInterceptor  : Stop executing the springfox.documentation.schema.property.ModelSpecificationFactory.create method
2025-06-11 12:06:54.541  INFO 1 --- [           main] s.g.m.s.m.a.ScDefaultMonitorInterceptor  : Start executing the springfox.documentation.schema.property.ModelSpecificationFactory.create method
2025-06-11 12:06:54.541  INFO 1 --- [           main] s.g.m.s.m.a.ScDefaultMonitorInterceptor  : Stop executing the springfox.documentation.schema.property.ModelSpecificationFactory.create method
2025-06-11 12:06:54.541  INFO 1 --- [           main] s.g.m.s.m.a.ScDefaultMonitorInterceptor  : Start executing the springfox.documentation.schema.property.ModelSpecificationFactory.create method
2025-06-11 12:06:54.541  INFO 1 --- [           main] s.g.m.s.m.a.ScDefaultMonitorInterceptor  : Stop executing the springfox.documentation.schema.property.ModelSpecificationFactory.create method
2025-06-11 12:06:54.542  INFO 1 --- [           main] s.g.m.s.m.a.ScDefaultMonitorInterceptor  : Start executing the springfox.documentation.schema.property.ModelSpecificationFactory.create method
2025-06-11 12:06:54.542  INFO 1 --- [           main] s.g.m.s.m.a.ScDefaultMonitorInterceptor  : Stop executing the springfox.documentation.schema.property.ModelSpecificationFactory.create method
2025-06-11 12:06:54.542  INFO 1 --- [           main] s.g.m.s.m.a.ScDefaultMonitorInterceptor  : Start executing the springfox.documentation.schema.property.ModelSpecificationFactory.create method
2025-06-11 12:06:54.542  INFO 1 --- [           main] s.g.m.s.m.a.ScDefaultMonitorInterceptor  : Stop executing the springfox.documentation.schema.property.ModelSpecificationFactory.create method
2025-06-11 12:06:54.543  INFO 1 --- [           main] s.g.m.s.m.a.ScDefaultMonitorInterceptor  : Start executing the springfox.documentation.schema.property.ModelSpecificationFactory.create method
2025-06-11 12:06:54.543  INFO 1 --- [           main] s.g.m.s.m.a.ScDefaultMonitorInterceptor  : Stop executing the springfox.documentation.schema.property.ModelSpecificationFactory.create method
2025-06-11 12:06:54.543  INFO 1 --- [           main] s.g.m.s.m.a.ScDefaultMonitorInterceptor  : Start executing the springfox.documentation.schema.property.ModelSpecificationFactory.create method
2025-06-11 12:06:54.543  INFO 1 --- [           main] s.g.m.s.m.a.ScDefaultMonitorInterceptor  : Stop executing the springfox.documentation.schema.property.ModelSpecificationFactory.create method
2025-06-11 12:06:54.543  INFO 1 --- [           main] s.g.m.s.m.a.ScDefaultMonitorInterceptor  : Start executing the springfox.documentation.schema.property.ModelSpecificationFactory.create method
2025-06-11 12:06:54.543  INFO 1 --- [           main] s.g.m.s.m.a.ScDefaultMonitorInterceptor  : Stop executing the springfox.documentation.schema.property.ModelSpecificationFactory.create method
2025-06-11 12:06:54.543  INFO 1 --- [           main] s.g.m.s.m.a.ScDefaultMonitorInterceptor  : Start executing the springfox.documentation.schema.property.ModelSpecificationFactory.create method
2025-06-11 12:06:54.543  INFO 1 --- [           main] s.g.m.s.m.a.ScDefaultMonitorInterceptor  : Stop executing the springfox.documentation.schema.property.ModelSpecificationFactory.create method
2025-06-11 12:06:54.543  INFO 1 --- [           main] s.g.m.s.m.a.ScDefaultMonitorInterceptor  : Start executing the springfox.documentation.schema.property.ModelSpecificationFactory.create method
2025-06-11 12:06:54.543  INFO 1 --- [           main] s.g.m.s.m.a.ScDefaultMonitorInterceptor  : Stop executing the springfox.documentation.schema.property.ModelSpecificationFactory.create method
2025-06-11 12:06:54.544  INFO 1 --- [           main] s.g.m.s.m.a.ScDefaultMonitorInterceptor  : Start executing the springfox.documentation.schema.property.ModelSpecificationFactory.create method
2025-06-11 12:06:54.544  INFO 1 --- [           main] s.g.m.s.m.a.ScDefaultMonitorInterceptor  : Stop executing the springfox.documentation.schema.property.ModelSpecificationFactory.create method
2025-06-11 12:06:54.544  INFO 1 --- [           main] s.g.m.s.m.a.ScDefaultMonitorInterceptor  : Start executing the springfox.documentation.schema.property.ModelSpecificationFactory.create method
2025-06-11 12:06:54.544  INFO 1 --- [           main] s.g.m.s.m.a.ScDefaultMonitorInterceptor  : Stop executing the springfox.documentation.schema.property.ModelSpecificationFactory.create method
2025-06-11 12:06:54.626  INFO 1 --- [           main] s.g.m.s.m.a.ScDefaultMonitorInterceptor  : Start executing the springfox.documentation.schema.property.ModelSpecificationFactory.create method
2025-06-11 12:06:54.626  INFO 1 --- [           main] s.g.m.s.m.a.ScDefaultMonitorInterceptor  : Stop executing the springfox.documentation.schema.property.ModelSpecificationFactory.create method
2025-06-11 12:06:54.626  INFO 1 --- [           main] s.g.m.s.m.a.ScDefaultMonitorInterceptor  : Start executing the springfox.documentation.schema.property.ModelSpecificationFactory.create method
2025-06-11 12:06:54.626  INFO 1 --- [           main] s.g.m.s.m.a.ScDefaultMonitorInterceptor  : Stop executing the springfox.documentation.schema.property.ModelSpecificationFactory.create method
2025-06-11 12:06:54.626  INFO 1 --- [           main] s.g.m.s.m.a.ScDefaultMonitorInterceptor  : Start executing the springfox.documentation.schema.property.ModelSpecificationFactory.create method
2025-06-11 12:06:54.626  INFO 1 --- [           main] s.g.m.s.m.a.ScDefaultMonitorInterceptor  : Stop executing the springfox.documentation.schema.property.ModelSpecificationFactory.create method
2025-06-11 12:06:54.626  INFO 1 --- [           main] s.g.m.s.m.a.ScDefaultMonitorInterceptor  : Start executing the springfox.documentation.schema.property.ModelSpecificationFactory.create method
2025-06-11 12:06:54.626  INFO 1 --- [           main] s.g.m.s.m.a.ScDefaultMonitorInterceptor  : Stop executing the springfox.documentation.schema.property.ModelSpecificationFactory.create method
2025-06-11 12:06:54.627  INFO 1 --- [           main] s.g.m.s.m.a.ScDefaultMonitorInterceptor  : Start executing the springfox.documentation.schema.property.ModelSpecificationFactory.create method
2025-06-11 12:06:54.627  INFO 1 --- [           main] s.g.m.s.m.a.ScDefaultMonitorInterceptor  : Stop executing the springfox.documentation.schema.property.ModelSpecificationFactory.create method
2025-06-11 12:06:54.627  INFO 1 --- [           main] s.g.m.s.m.a.ScDefaultMonitorInterceptor  : Start executing the springfox.documentation.schema.property.ModelSpecificationFactory.create method
2025-06-11 12:06:54.627  INFO 1 --- [           main] s.g.m.s.m.a.ScDefaultMonitorInterceptor  : Stop executing the springfox.documentation.schema.property.ModelSpecificationFactory.create method
2025-06-11 12:06:54.627  INFO 1 --- [           main] s.g.m.s.m.a.ScDefaultMonitorInterceptor  : Start executing the springfox.documentation.schema.property.ModelSpecificationFactory.create method
2025-06-11 12:06:54.627  INFO 1 --- [           main] s.g.m.s.m.a.ScDefaultMonitorInterceptor  : Stop executing the springfox.documentation.schema.property.ModelSpecificationFactory.create method
2025-06-11 12:06:54.627  INFO 1 --- [           main] s.g.m.s.m.a.ScDefaultMonitorInterceptor  : Start executing the springfox.documentation.schema.property.ModelSpecificationFactory.create method
2025-06-11 12:06:54.627  INFO 1 --- [           main] s.g.m.s.m.a.ScDefaultMonitorInterceptor  : Stop executing the springfox.documentation.schema.property.ModelSpecificationFactory.create method
2025-06-11 12:06:54.628  INFO 1 --- [           main] s.g.m.s.m.a.ScDefaultMonitorInterceptor  : Start executing the springfox.documentation.schema.property.ModelSpecificationFactory.create method
2025-06-11 12:06:54.628  INFO 1 --- [           main] s.g.m.s.m.a.ScDefaultMonitorInterceptor  : Stop executing the springfox.documentation.schema.property.ModelSpecificationFactory.create method
2025-06-11 12:06:54.628  INFO 1 --- [           main] s.g.m.s.m.a.ScDefaultMonitorInterceptor  : Start executing the springfox.documentation.schema.property.ModelSpecificationFactory.create method
2025-06-11 12:06:54.628  INFO 1 --- [           main] s.g.m.s.m.a.ScDefaultMonitorInterceptor  : Stop executing the springfox.documentation.schema.property.ModelSpecificationFactory.create method
2025-06-11 12:06:54.628  INFO 1 --- [           main] s.g.m.s.m.a.ScDefaultMonitorInterceptor  : Start executing the springfox.documentation.schema.property.ModelSpecificationFactory.create method
2025-06-11 12:06:54.628  INFO 1 --- [           main] s.g.m.s.m.a.ScDefaultMonitorInterceptor  : Stop executing the springfox.documentation.schema.property.ModelSpecificationFactory.create method
2025-06-11 12:06:54.628  INFO 1 --- [           main] s.g.m.s.m.a.ScDefaultMonitorInterceptor  : Start executing the springfox.documentation.schema.property.ModelSpecificationFactory.create method
2025-06-11 12:06:54.628  INFO 1 --- [           main] s.g.m.s.m.a.ScDefaultMonitorInterceptor  : Stop executing the springfox.documentation.schema.property.ModelSpecificationFactory.create method
2025-06-11 12:06:54.628  INFO 1 --- [           main] s.g.m.s.m.a.ScDefaultMonitorInterceptor  : Start executing the springfox.documentation.schema.property.ModelSpecificationFactory.create method
2025-06-11 12:06:54.628  INFO 1 --- [           main] s.g.m.s.m.a.ScDefaultMonitorInterceptor  : Stop executing the springfox.documentation.schema.property.ModelSpecificationFactory.create method
2025-06-11 12:06:54.628  INFO 1 --- [           main] s.g.m.s.m.a.ScDefaultMonitorInterceptor  : Start executing the springfox.documentation.schema.property.ModelSpecificationFactory.create method
2025-06-11 12:06:54.628  INFO 1 --- [           main] s.g.m.s.m.a.ScDefaultMonitorInterceptor  : Stop executing the springfox.documentation.schema.property.ModelSpecificationFactory.create method
2025-06-11 12:06:54.628  INFO 1 --- [           main] s.g.m.s.m.a.ScDefaultMonitorInterceptor  : Start executing the springfox.documentation.schema.property.ModelSpecificationFactory.create method
2025-06-11 12:06:54.628  INFO 1 --- [           main] s.g.m.s.m.a.ScDefaultMonitorInterceptor  : Stop executing the springfox.documentation.schema.property.ModelSpecificationFactory.create method
2025-06-11 12:06:54.629  INFO 1 --- [           main] s.g.m.s.m.a.ScDefaultMonitorInterceptor  : Start executing the springfox.documentation.schema.property.ModelSpecificationFactory.create method
2025-06-11 12:06:54.629  INFO 1 --- [           main] s.g.m.s.m.a.ScDefaultMonitorInterceptor  : Stop executing the springfox.documentation.schema.property.ModelSpecificationFactory.create method
2025-06-11 12:06:54.629  INFO 1 --- [           main] s.g.m.s.m.a.ScDefaultMonitorInterceptor  : Start executing the springfox.documentation.schema.property.ModelSpecificationFactory.create method
2025-06-11 12:06:54.629  INFO 1 --- [           main] s.g.m.s.m.a.ScDefaultMonitorInterceptor  : Stop executing the springfox.documentation.schema.property.ModelSpecificationFactory.create method
2025-06-11 12:06:54.629  INFO 1 --- [           main] s.g.m.s.m.a.ScDefaultMonitorInterceptor  : Start executing the springfox.documentation.schema.property.ModelSpecificationFactory.create method
2025-06-11 12:06:54.629  INFO 1 --- [           main] s.g.m.s.m.a.ScDefaultMonitorInterceptor  : Stop executing the springfox.documentation.schema.property.ModelSpecificationFactory.create method
2025-06-11 12:06:54.629  INFO 1 --- [           main] s.g.m.s.m.a.ScDefaultMonitorInterceptor  : Start executing the springfox.documentation.schema.property.ModelSpecificationFactory.create method
2025-06-11 12:06:54.630  INFO 1 --- [           main] s.g.m.s.m.a.ScDefaultMonitorInterceptor  : Stop executing the springfox.documentation.schema.property.ModelSpecificationFactory.create method
2025-06-11 12:06:54.630  INFO 1 --- [           main] s.g.m.s.m.a.ScDefaultMonitorInterceptor  : Start executing the springfox.documentation.schema.property.ModelSpecificationFactory.create method
2025-06-11 12:06:54.630  INFO 1 --- [           main] s.g.m.s.m.a.ScDefaultMonitorInterceptor  : Stop executing the springfox.documentation.schema.property.ModelSpecificationFactory.create method
2025-06-11 12:06:54.630  INFO 1 --- [           main] s.g.m.s.m.a.ScDefaultMonitorInterceptor  : Start executing the springfox.documentation.schema.property.ModelSpecificationFactory.create method
2025-06-11 12:06:54.630  INFO 1 --- [           main] s.g.m.s.m.a.ScDefaultMonitorInterceptor  : Stop executing the springfox.documentation.schema.property.ModelSpecificationFactory.create method
2025-06-11 12:06:54.630  INFO 1 --- [           main] s.g.m.s.m.a.ScDefaultMonitorInterceptor  : Start executing the springfox.documentation.schema.property.ModelSpecificationFactory.create method
2025-06-11 12:06:54.630  INFO 1 --- [           main] s.g.m.s.m.a.ScDefaultMonitorInterceptor  : Stop executing the springfox.documentation.schema.property.ModelSpecificationFactory.create method
2025-06-11 12:06:54.630  INFO 1 --- [           main] s.g.m.s.m.a.ScDefaultMonitorInterceptor  : Start executing the springfox.documentation.schema.property.ModelSpecificationFactory.create method
2025-06-11 12:06:54.630  INFO 1 --- [           main] s.g.m.s.m.a.ScDefaultMonitorInterceptor  : Stop executing the springfox.documentation.schema.property.ModelSpecificationFactory.create method
2025-06-11 12:06:54.631  INFO 1 --- [           main] s.g.m.s.m.a.ScDefaultMonitorInterceptor  : Start executing the springfox.documentation.schema.property.ModelSpecificationFactory.create method
2025-06-11 12:06:54.631  INFO 1 --- [           main] s.g.m.s.m.a.ScDefaultMonitorInterceptor  : Stop executing the springfox.documentation.schema.property.ModelSpecificationFactory.create method
2025-06-11 12:06:54.631  INFO 1 --- [           main] s.g.m.s.m.a.ScDefaultMonitorInterceptor  : Start executing the springfox.documentation.schema.property.ModelSpecificationFactory.create method
2025-06-11 12:06:54.631  INFO 1 --- [           main] s.g.m.s.m.a.ScDefaultMonitorInterceptor  : Stop executing the springfox.documentation.schema.property.ModelSpecificationFactory.create method
2025-06-11 12:06:54.631  INFO 1 --- [           main] s.g.m.s.m.a.ScDefaultMonitorInterceptor  : Start executing the springfox.documentation.schema.property.ModelSpecificationFactory.create method
2025-06-11 12:06:54.631  INFO 1 --- [           main] s.g.m.s.m.a.ScDefaultMonitorInterceptor  : Stop executing the springfox.documentation.schema.property.ModelSpecificationFactory.create method
2025-06-11 12:06:54.631  INFO 1 --- [           main] s.g.m.s.m.a.ScDefaultMonitorInterceptor  : Start executing the springfox.documentation.schema.property.ModelSpecificationFactory.create method
2025-06-11 12:06:54.631  INFO 1 --- [           main] s.g.m.s.m.a.ScDefaultMonitorInterceptor  : Stop executing the springfox.documentation.schema.property.ModelSpecificationFactory.create method
2025-06-11 12:06:54.631  INFO 1 --- [           main] s.g.m.s.m.a.ScDefaultMonitorInterceptor  : Start executing the springfox.documentation.schema.property.ModelSpecificationFactory.create method
2025-06-11 12:06:54.631  INFO 1 --- [           main] s.g.m.s.m.a.ScDefaultMonitorInterceptor  : Stop executing the springfox.documentation.schema.property.ModelSpecificationFactory.create method
2025-06-11 12:06:54.631  INFO 1 --- [           main] s.g.m.s.m.a.ScDefaultMonitorInterceptor  : Start executing the springfox.documentation.schema.property.ModelSpecificationFactory.create method
2025-06-11 12:06:54.631  INFO 1 --- [           main] s.g.m.s.m.a.ScDefaultMonitorInterceptor  : Stop executing the springfox.documentation.schema.property.ModelSpecificationFactory.create method
2025-06-11 12:06:54.632  INFO 1 --- [           main] s.g.m.s.m.a.ScDefaultMonitorInterceptor  : Start executing the springfox.documentation.schema.property.ModelSpecificationFactory.create method
2025-06-11 12:06:54.632  INFO 1 --- [           main] s.g.m.s.m.a.ScDefaultMonitorInterceptor  : Stop executing the springfox.documentation.schema.property.ModelSpecificationFactory.create method
2025-06-11 12:06:54.632  INFO 1 --- [           main] s.g.m.s.m.a.ScDefaultMonitorInterceptor  : Start executing the springfox.documentation.schema.property.ModelSpecificationFactory.create method
2025-06-11 12:06:54.632  INFO 1 --- [           main] s.g.m.s.m.a.ScDefaultMonitorInterceptor  : Stop executing the springfox.documentation.schema.property.ModelSpecificationFactory.create method
2025-06-11 12:06:54.632  INFO 1 --- [           main] s.g.m.s.m.a.ScDefaultMonitorInterceptor  : Start executing the springfox.documentation.schema.property.ModelSpecificationFactory.create method
2025-06-11 12:06:54.632  INFO 1 --- [           main] s.g.m.s.m.a.ScDefaultMonitorInterceptor  : Stop executing the springfox.documentation.schema.property.ModelSpecificationFactory.create method
2025-06-11 12:06:54.632  INFO 1 --- [           main] s.g.m.s.m.a.ScDefaultMonitorInterceptor  : Start executing the springfox.documentation.schema.property.ModelSpecificationFactory.create method
2025-06-11 12:06:54.632  INFO 1 --- [           main] s.g.m.s.m.a.ScDefaultMonitorInterceptor  : Stop executing the springfox.documentation.schema.property.ModelSpecificationFactory.create method
2025-06-11 12:06:54.632  INFO 1 --- [           main] s.g.m.s.m.a.ScDefaultMonitorInterceptor  : Start executing the springfox.documentation.schema.property.ModelSpecificationFactory.create method
2025-06-11 12:06:54.633  INFO 1 --- [           main] s.g.m.s.m.a.ScDefaultMonitorInterceptor  : Stop executing the springfox.documentation.schema.property.ModelSpecificationFactory.create method
2025-06-11 12:06:54.633  INFO 1 --- [           main] s.g.m.s.m.a.ScDefaultMonitorInterceptor  : Start executing the springfox.documentation.schema.property.ModelSpecificationFactory.create method
2025-06-11 12:06:54.633  INFO 1 --- [           main] s.g.m.s.m.a.ScDefaultMonitorInterceptor  : Stop executing the springfox.documentation.schema.property.ModelSpecificationFactory.create method
2025-06-11 12:06:54.633  INFO 1 --- [           main] s.g.m.s.m.a.ScDefaultMonitorInterceptor  : Start executing the springfox.documentation.schema.property.ModelSpecificationFactory.create method
2025-06-11 12:06:54.633  INFO 1 --- [           main] s.g.m.s.m.a.ScDefaultMonitorInterceptor  : Stop executing the springfox.documentation.schema.property.ModelSpecificationFactory.create method
2025-06-11 12:06:54.633  INFO 1 --- [           main] s.g.m.s.m.a.ScDefaultMonitorInterceptor  : Start executing the springfox.documentation.schema.property.ModelSpecificationFactory.create method
2025-06-11 12:06:54.633  INFO 1 --- [           main] s.g.m.s.m.a.ScDefaultMonitorInterceptor  : Stop executing the springfox.documentation.schema.property.ModelSpecificationFactory.create method
2025-06-11 12:06:54.634  INFO 1 --- [           main] s.g.m.s.m.a.ScDefaultMonitorInterceptor  : Start executing the springfox.documentation.schema.property.ModelSpecificationFactory.create method
2025-06-11 12:06:54.634  INFO 1 --- [           main] s.g.m.s.m.a.ScDefaultMonitorInterceptor  : Stop executing the springfox.documentation.schema.property.ModelSpecificationFactory.create method
2025-06-11 12:06:54.634  INFO 1 --- [           main] s.g.m.s.m.a.ScDefaultMonitorInterceptor  : Start executing the springfox.documentation.schema.property.ModelSpecificationFactory.create method
2025-06-11 12:06:54.634  INFO 1 --- [           main] s.g.m.s.m.a.ScDefaultMonitorInterceptor  : Stop executing the springfox.documentation.schema.property.ModelSpecificationFactory.create method
2025-06-11 12:06:54.634  INFO 1 --- [           main] s.g.m.s.m.a.ScDefaultMonitorInterceptor  : Start executing the springfox.documentation.schema.property.ModelSpecificationFactory.create method
2025-06-11 12:06:54.634  INFO 1 --- [           main] s.g.m.s.m.a.ScDefaultMonitorInterceptor  : Stop executing the springfox.documentation.schema.property.ModelSpecificationFactory.create method
2025-06-11 12:06:54.635  INFO 1 --- [           main] s.g.m.s.m.a.ScDefaultMonitorInterceptor  : Start executing the springfox.documentation.schema.property.ModelSpecificationFactory.create method
2025-06-11 12:06:54.635  INFO 1 --- [           main] s.g.m.s.m.a.ScDefaultMonitorInterceptor  : Stop executing the springfox.documentation.schema.property.ModelSpecificationFactory.create method
2025-06-11 12:06:54.635  INFO 1 --- [           main] s.g.m.s.m.a.ScDefaultMonitorInterceptor  : Start executing the springfox.documentation.schema.property.ModelSpecificationFactory.create method
2025-06-11 12:06:54.635  INFO 1 --- [           main] s.g.m.s.m.a.ScDefaultMonitorInterceptor  : Stop executing the springfox.documentation.schema.property.ModelSpecificationFactory.create method
2025-06-11 12:06:54.635  INFO 1 --- [           main] s.g.m.s.m.a.ScDefaultMonitorInterceptor  : Start executing the springfox.documentation.schema.property.ModelSpecificationFactory.create method
2025-06-11 12:06:54.635  INFO 1 --- [           main] s.g.m.s.m.a.ScDefaultMonitorInterceptor  : Stop executing the springfox.documentation.schema.property.ModelSpecificationFactory.create method
2025-06-11 12:06:54.635  INFO 1 --- [           main] s.g.m.s.m.a.ScDefaultMonitorInterceptor  : Start executing the springfox.documentation.schema.property.ModelSpecificationFactory.create method
2025-06-11 12:06:54.635  INFO 1 --- [           main] s.g.m.s.m.a.ScDefaultMonitorInterceptor  : Stop executing the springfox.documentation.schema.property.ModelSpecificationFactory.create method
2025-06-11 12:06:54.635  INFO 1 --- [           main] s.g.m.s.m.a.ScDefaultMonitorInterceptor  : Start executing the springfox.documentation.schema.property.ModelSpecificationFactory.create method
2025-06-11 12:06:54.635  INFO 1 --- [           main] s.g.m.s.m.a.ScDefaultMonitorInterceptor  : Stop executing the springfox.documentation.schema.property.ModelSpecificationFactory.create method
2025-06-11 12:06:54.635  INFO 1 --- [           main] s.g.m.s.m.a.ScDefaultMonitorInterceptor  : Start executing the springfox.documentation.schema.property.ModelSpecificationFactory.create method
2025-06-11 12:06:54.635  INFO 1 --- [           main] s.g.m.s.m.a.ScDefaultMonitorInterceptor  : Stop executing the springfox.documentation.schema.property.ModelSpecificationFactory.create method
2025-06-11 12:06:54.635  INFO 1 --- [           main] s.g.m.s.m.a.ScDefaultMonitorInterceptor  : Start executing the springfox.documentation.schema.property.ModelSpecificationFactory.create method
2025-06-11 12:06:54.636  INFO 1 --- [           main] s.g.m.s.m.a.ScDefaultMonitorInterceptor  : Stop executing the springfox.documentation.schema.property.ModelSpecificationFactory.create method
2025-06-11 12:06:54.636  INFO 1 --- [           main] s.g.m.s.m.a.ScDefaultMonitorInterceptor  : Start executing the springfox.documentation.schema.property.ModelSpecificationFactory.create method
2025-06-11 12:06:54.636  INFO 1 --- [           main] s.g.m.s.m.a.ScDefaultMonitorInterceptor  : Stop executing the springfox.documentation.schema.property.ModelSpecificationFactory.create method
2025-06-11 12:06:54.636  INFO 1 --- [           main] s.g.m.s.m.a.ScDefaultMonitorInterceptor  : Start executing the springfox.documentation.schema.property.ModelSpecificationFactory.create method
2025-06-11 12:06:54.636  INFO 1 --- [           main] s.g.m.s.m.a.ScDefaultMonitorInterceptor  : Stop executing the springfox.documentation.schema.property.ModelSpecificationFactory.create method
2025-06-11 12:06:54.636  INFO 1 --- [           main] s.g.m.s.m.a.ScDefaultMonitorInterceptor  : Start executing the springfox.documentation.schema.property.ModelSpecificationFactory.create method
2025-06-11 12:06:54.636  INFO 1 --- [           main] s.g.m.s.m.a.ScDefaultMonitorInterceptor  : Stop executing the springfox.documentation.schema.property.ModelSpecificationFactory.create method
2025-06-11 12:06:54.636  INFO 1 --- [           main] s.g.m.s.m.a.ScDefaultMonitorInterceptor  : Start executing the springfox.documentation.schema.property.ModelSpecificationFactory.create method
2025-06-11 12:06:54.636  INFO 1 --- [           main] s.g.m.s.m.a.ScDefaultMonitorInterceptor  : Stop executing the springfox.documentation.schema.property.ModelSpecificationFactory.create method
2025-06-11 12:06:54.637  INFO 1 --- [           main] s.g.m.s.m.a.ScDefaultMonitorInterceptor  : Start executing the springfox.documentation.schema.property.ModelSpecificationFactory.create method
2025-06-11 12:06:54.637  INFO 1 --- [           main] s.g.m.s.m.a.ScDefaultMonitorInterceptor  : Stop executing the springfox.documentation.schema.property.ModelSpecificationFactory.create method
2025-06-11 12:06:54.637  INFO 1 --- [           main] s.g.m.s.m.a.ScDefaultMonitorInterceptor  : Start executing the springfox.documentation.schema.property.ModelSpecificationFactory.create method
2025-06-11 12:06:54.637  INFO 1 --- [           main] s.g.m.s.m.a.ScDefaultMonitorInterceptor  : Stop executing the springfox.documentation.schema.property.ModelSpecificationFactory.create method
2025-06-11 12:06:54.637  INFO 1 --- [           main] s.g.m.s.m.a.ScDefaultMonitorInterceptor  : Start executing the springfox.documentation.schema.property.ModelSpecificationFactory.create method
2025-06-11 12:06:54.637  INFO 1 --- [           main] s.g.m.s.m.a.ScDefaultMonitorInterceptor  : Stop executing the springfox.documentation.schema.property.ModelSpecificationFactory.create method
2025-06-11 12:06:54.637  INFO 1 --- [           main] s.g.m.s.m.a.ScDefaultMonitorInterceptor  : Start executing the springfox.documentation.schema.property.ModelSpecificationFactory.create method
2025-06-11 12:06:54.637  INFO 1 --- [           main] s.g.m.s.m.a.ScDefaultMonitorInterceptor  : Stop executing the springfox.documentation.schema.property.ModelSpecificationFactory.create method
2025-06-11 12:06:54.637  INFO 1 --- [           main] s.g.m.s.m.a.ScDefaultMonitorInterceptor  : Start executing the springfox.documentation.schema.property.ModelSpecificationFactory.create method
2025-06-11 12:06:54.637  INFO 1 --- [           main] s.g.m.s.m.a.ScDefaultMonitorInterceptor  : Stop executing the springfox.documentation.schema.property.ModelSpecificationFactory.create method
2025-06-11 12:06:54.637  INFO 1 --- [           main] s.g.m.s.m.a.ScDefaultMonitorInterceptor  : Start executing the springfox.documentation.schema.property.ModelSpecificationFactory.create method
2025-06-11 12:06:54.637  INFO 1 --- [           main] s.g.m.s.m.a.ScDefaultMonitorInterceptor  : Stop executing the springfox.documentation.schema.property.ModelSpecificationFactory.create method
2025-06-11 12:06:54.637  INFO 1 --- [           main] s.g.m.s.m.a.ScDefaultMonitorInterceptor  : Start executing the springfox.documentation.schema.property.ModelSpecificationFactory.create method
2025-06-11 12:06:54.637  INFO 1 --- [           main] s.g.m.s.m.a.ScDefaultMonitorInterceptor  : Stop executing the springfox.documentation.schema.property.ModelSpecificationFactory.create method
2025-06-11 12:06:54.638  INFO 1 --- [           main] s.g.m.s.m.a.ScDefaultMonitorInterceptor  : Start executing the springfox.documentation.schema.property.ModelSpecificationFactory.create method
2025-06-11 12:06:54.638  INFO 1 --- [           main] s.g.m.s.m.a.ScDefaultMonitorInterceptor  : Stop executing the springfox.documentation.schema.property.ModelSpecificationFactory.create method
2025-06-11 12:06:54.638  INFO 1 --- [           main] s.g.m.s.m.a.ScDefaultMonitorInterceptor  : Start executing the springfox.documentation.schema.property.ModelSpecificationFactory.create method
2025-06-11 12:06:54.638  INFO 1 --- [           main] s.g.m.s.m.a.ScDefaultMonitorInterceptor  : Stop executing the springfox.documentation.schema.property.ModelSpecificationFactory.create method
2025-06-11 12:06:54.638  INFO 1 --- [           main] s.g.m.s.m.a.ScDefaultMonitorInterceptor  : Start executing the springfox.documentation.schema.property.ModelSpecificationFactory.create method
2025-06-11 12:06:54.638  INFO 1 --- [           main] s.g.m.s.m.a.ScDefaultMonitorInterceptor  : Stop executing the springfox.documentation.schema.property.ModelSpecificationFactory.create method
2025-06-11 12:06:54.638  INFO 1 --- [           main] s.g.m.s.m.a.ScDefaultMonitorInterceptor  : Start executing the springfox.documentation.schema.property.ModelSpecificationFactory.create method
2025-06-11 12:06:54.638  INFO 1 --- [           main] s.g.m.s.m.a.ScDefaultMonitorInterceptor  : Stop executing the springfox.documentation.schema.property.ModelSpecificationFactory.create method
2025-06-11 12:06:54.638  INFO 1 --- [           main] s.g.m.s.m.a.ScDefaultMonitorInterceptor  : Start executing the springfox.documentation.schema.property.ModelSpecificationFactory.create method
2025-06-11 12:06:54.638  INFO 1 --- [           main] s.g.m.s.m.a.ScDefaultMonitorInterceptor  : Stop executing the springfox.documentation.schema.property.ModelSpecificationFactory.create method
2025-06-11 12:06:54.639  INFO 1 --- [           main] s.g.m.s.m.a.ScDefaultMonitorInterceptor  : Start executing the springfox.documentation.schema.property.ModelSpecificationFactory.create method
2025-06-11 12:06:54.639  INFO 1 --- [           main] s.g.m.s.m.a.ScDefaultMonitorInterceptor  : Stop executing the springfox.documentation.schema.property.ModelSpecificationFactory.create method
2025-06-11 12:06:54.639  INFO 1 --- [           main] s.g.m.s.m.a.ScDefaultMonitorInterceptor  : Start executing the springfox.documentation.schema.property.ModelSpecificationFactory.create method
2025-06-11 12:06:54.639  INFO 1 --- [           main] s.g.m.s.m.a.ScDefaultMonitorInterceptor  : Stop executing the springfox.documentation.schema.property.ModelSpecificationFactory.create method
2025-06-11 12:06:54.639  INFO 1 --- [           main] s.g.m.s.m.a.ScDefaultMonitorInterceptor  : Start executing the springfox.documentation.schema.property.ModelSpecificationFactory.create method
2025-06-11 12:06:54.639  INFO 1 --- [           main] s.g.m.s.m.a.ScDefaultMonitorInterceptor  : Stop executing the springfox.documentation.schema.property.ModelSpecificationFactory.create method
2025-06-11 12:06:54.640  INFO 1 --- [           main] s.g.m.s.m.a.ScDefaultMonitorInterceptor  : Start executing the springfox.documentation.schema.property.ModelSpecificationFactory.create method
2025-06-11 12:06:54.640  INFO 1 --- [           main] s.g.m.s.m.a.ScDefaultMonitorInterceptor  : Stop executing the springfox.documentation.schema.property.ModelSpecificationFactory.create method
2025-06-11 12:06:54.640  INFO 1 --- [           main] s.g.m.s.m.a.ScDefaultMonitorInterceptor  : Start executing the springfox.documentation.schema.property.ModelSpecificationFactory.create method
2025-06-11 12:06:54.640  INFO 1 --- [           main] s.g.m.s.m.a.ScDefaultMonitorInterceptor  : Stop executing the springfox.documentation.schema.property.ModelSpecificationFactory.create method
2025-06-11 12:06:54.642  INFO 1 --- [           main] s.g.m.s.m.a.ScDefaultMonitorInterceptor  : Start executing the springfox.documentation.schema.property.ModelSpecificationFactory.create method
2025-06-11 12:06:54.642  INFO 1 --- [           main] s.g.m.s.m.a.ScDefaultMonitorInterceptor  : Stop executing the springfox.documentation.schema.property.ModelSpecificationFactory.create method
2025-06-11 12:06:54.642  INFO 1 --- [           main] s.g.m.s.m.a.ScDefaultMonitorInterceptor  : Start executing the springfox.documentation.schema.property.ModelSpecificationFactory.create method
2025-06-11 12:06:54.642  INFO 1 --- [           main] s.g.m.s.m.a.ScDefaultMonitorInterceptor  : Stop executing the springfox.documentation.schema.property.ModelSpecificationFactory.create method
2025-06-11 12:06:54.642  INFO 1 --- [           main] s.g.m.s.m.a.ScDefaultMonitorInterceptor  : Start executing the springfox.documentation.schema.property.ModelSpecificationFactory.create method
2025-06-11 12:06:54.642  INFO 1 --- [           main] s.g.m.s.m.a.ScDefaultMonitorInterceptor  : Stop executing the springfox.documentation.schema.property.ModelSpecificationFactory.create method
2025-06-11 12:06:54.643  INFO 1 --- [           main] s.g.m.s.m.a.ScDefaultMonitorInterceptor  : Start executing the springfox.documentation.schema.property.ModelSpecificationFactory.create method
2025-06-11 12:06:54.643  INFO 1 --- [           main] s.g.m.s.m.a.ScDefaultMonitorInterceptor  : Stop executing the springfox.documentation.schema.property.ModelSpecificationFactory.create method
2025-06-11 12:06:54.650  INFO 1 --- [           main] s.g.m.s.m.a.ScDefaultMonitorInterceptor  : Start executing the springfox.documentation.schema.property.ModelSpecificationFactory.create method
2025-06-11 12:06:54.650  INFO 1 --- [           main] s.g.m.s.m.a.ScDefaultMonitorInterceptor  : Stop executing the springfox.documentation.schema.property.ModelSpecificationFactory.create method
2025-06-11 12:06:54.650  INFO 1 --- [           main] s.g.m.s.m.a.ScDefaultMonitorInterceptor  : Start executing the springfox.documentation.schema.property.ModelSpecificationFactory.create method
2025-06-11 12:06:54.650  INFO 1 --- [           main] s.g.m.s.m.a.ScDefaultMonitorInterceptor  : Stop executing the springfox.documentation.schema.property.ModelSpecificationFactory.create method
2025-06-11 12:06:54.650  INFO 1 --- [           main] s.g.m.s.m.a.ScDefaultMonitorInterceptor  : Start executing the springfox.documentation.schema.property.ModelSpecificationFactory.create method
2025-06-11 12:06:54.650  INFO 1 --- [           main] s.g.m.s.m.a.ScDefaultMonitorInterceptor  : Stop executing the springfox.documentation.schema.property.ModelSpecificationFactory.create method
2025-06-11 12:06:54.650  INFO 1 --- [           main] s.g.m.s.m.a.ScDefaultMonitorInterceptor  : Start executing the springfox.documentation.schema.property.ModelSpecificationFactory.create method
2025-06-11 12:06:54.650  INFO 1 --- [           main] s.g.m.s.m.a.ScDefaultMonitorInterceptor  : Stop executing the springfox.documentation.schema.property.ModelSpecificationFactory.create method
2025-06-11 12:06:54.650  INFO 1 --- [           main] s.g.m.s.m.a.ScDefaultMonitorInterceptor  : Start executing the springfox.documentation.schema.property.ModelSpecificationFactory.create method
2025-06-11 12:06:54.650  INFO 1 --- [           main] s.g.m.s.m.a.ScDefaultMonitorInterceptor  : Stop executing the springfox.documentation.schema.property.ModelSpecificationFactory.create method
2025-06-11 12:06:54.650  INFO 1 --- [           main] s.g.m.s.m.a.ScDefaultMonitorInterceptor  : Start executing the springfox.documentation.schema.property.ModelSpecificationFactory.create method
2025-06-11 12:06:54.650  INFO 1 --- [           main] s.g.m.s.m.a.ScDefaultMonitorInterceptor  : Stop executing the springfox.documentation.schema.property.ModelSpecificationFactory.create method
2025-06-11 12:06:54.650  INFO 1 --- [           main] s.g.m.s.m.a.ScDefaultMonitorInterceptor  : Start executing the springfox.documentation.schema.property.ModelSpecificationFactory.create method
2025-06-11 12:06:54.650  INFO 1 --- [           main] s.g.m.s.m.a.ScDefaultMonitorInterceptor  : Stop executing the springfox.documentation.schema.property.ModelSpecificationFactory.create method
2025-06-11 12:06:54.650  INFO 1 --- [           main] s.g.m.s.m.a.ScDefaultMonitorInterceptor  : Start executing the springfox.documentation.schema.property.ModelSpecificationFactory.create method
2025-06-11 12:06:54.651  INFO 1 --- [           main] s.g.m.s.m.a.ScDefaultMonitorInterceptor  : Stop executing the springfox.documentation.schema.property.ModelSpecificationFactory.create method
2025-06-11 12:06:54.651  INFO 1 --- [           main] s.g.m.s.m.a.ScDefaultMonitorInterceptor  : Start executing the springfox.documentation.schema.property.ModelSpecificationFactory.create method
2025-06-11 12:06:54.651  INFO 1 --- [           main] s.g.m.s.m.a.ScDefaultMonitorInterceptor  : Stop executing the springfox.documentation.schema.property.ModelSpecificationFactory.create method
2025-06-11 12:06:54.651  INFO 1 --- [           main] s.g.m.s.m.a.ScDefaultMonitorInterceptor  : Start executing the springfox.documentation.schema.property.ModelSpecificationFactory.create method
2025-06-11 12:06:54.651  INFO 1 --- [           main] s.g.m.s.m.a.ScDefaultMonitorInterceptor  : Stop executing the springfox.documentation.schema.property.ModelSpecificationFactory.create method
2025-06-11 12:06:54.651  INFO 1 --- [           main] s.g.m.s.m.a.ScDefaultMonitorInterceptor  : Start executing the springfox.documentation.schema.property.ModelSpecificationFactory.create method
2025-06-11 12:06:54.651  INFO 1 --- [           main] s.g.m.s.m.a.ScDefaultMonitorInterceptor  : Stop executing the springfox.documentation.schema.property.ModelSpecificationFactory.create method
2025-06-11 12:06:54.651  INFO 1 --- [           main] s.g.m.s.m.a.ScDefaultMonitorInterceptor  : Start executing the springfox.documentation.schema.property.ModelSpecificationFactory.create method
2025-06-11 12:06:54.651  INFO 1 --- [           main] s.g.m.s.m.a.ScDefaultMonitorInterceptor  : Stop executing the springfox.documentation.schema.property.ModelSpecificationFactory.create method
2025-06-11 12:06:54.651  INFO 1 --- [           main] s.g.m.s.m.a.ScDefaultMonitorInterceptor  : Start executing the springfox.documentation.schema.property.ModelSpecificationFactory.create method
2025-06-11 12:06:54.652  INFO 1 --- [           main] s.g.m.s.m.a.ScDefaultMonitorInterceptor  : Stop executing the springfox.documentation.schema.property.ModelSpecificationFactory.create method
2025-06-11 12:06:54.652  INFO 1 --- [           main] s.g.m.s.m.a.ScDefaultMonitorInterceptor  : Start executing the springfox.documentation.schema.property.ModelSpecificationFactory.create method
2025-06-11 12:06:54.652  INFO 1 --- [           main] s.g.m.s.m.a.ScDefaultMonitorInterceptor  : Stop executing the springfox.documentation.schema.property.ModelSpecificationFactory.create method
2025-06-11 12:06:54.652  INFO 1 --- [           main] s.g.m.s.m.a.ScDefaultMonitorInterceptor  : Start executing the springfox.documentation.schema.property.ModelSpecificationFactory.create method
2025-06-11 12:06:54.652  INFO 1 --- [           main] s.g.m.s.m.a.ScDefaultMonitorInterceptor  : Stop executing the springfox.documentation.schema.property.ModelSpecificationFactory.create method
2025-06-11 12:06:54.652  INFO 1 --- [           main] s.g.m.s.m.a.ScDefaultMonitorInterceptor  : Start executing the springfox.documentation.schema.property.ModelSpecificationFactory.create method
2025-06-11 12:06:54.652  INFO 1 --- [           main] s.g.m.s.m.a.ScDefaultMonitorInterceptor  : Stop executing the springfox.documentation.schema.property.ModelSpecificationFactory.create method
2025-06-11 12:06:54.652  INFO 1 --- [           main] s.g.m.s.m.a.ScDefaultMonitorInterceptor  : Start executing the springfox.documentation.schema.property.ModelSpecificationFactory.create method
2025-06-11 12:06:54.652  INFO 1 --- [           main] s.g.m.s.m.a.ScDefaultMonitorInterceptor  : Stop executing the springfox.documentation.schema.property.ModelSpecificationFactory.create method
2025-06-11 12:06:54.725  INFO 1 --- [           main] s.g.m.s.m.a.ScDefaultMonitorInterceptor  : Start executing the springfox.documentation.schema.property.ModelSpecificationFactory.create method
2025-06-11 12:06:54.725  INFO 1 --- [           main] s.g.m.s.m.a.ScDefaultMonitorInterceptor  : Stop executing the springfox.documentation.schema.property.ModelSpecificationFactory.create method
2025-06-11 12:06:54.727  INFO 1 --- [           main] s.g.m.s.m.a.ScDefaultMonitorInterceptor  : Start executing the springfox.documentation.schema.property.ModelSpecificationFactory.create method
2025-06-11 12:06:54.727  INFO 1 --- [           main] s.g.m.s.m.a.ScDefaultMonitorInterceptor  : Stop executing the springfox.documentation.schema.property.ModelSpecificationFactory.create method
2025-06-11 12:06:54.727  INFO 1 --- [           main] s.g.m.s.m.a.ScDefaultMonitorInterceptor  : Start executing the springfox.documentation.schema.property.ModelSpecificationFactory.create method
2025-06-11 12:06:54.727  INFO 1 --- [           main] s.g.m.s.m.a.ScDefaultMonitorInterceptor  : Stop executing the springfox.documentation.schema.property.ModelSpecificationFactory.create method
2025-06-11 12:06:54.731  INFO 1 --- [           main] s.g.m.s.m.a.ScDefaultMonitorInterceptor  : Start executing the springfox.documentation.schema.property.ModelSpecificationFactory.create method
2025-06-11 12:06:54.731  INFO 1 --- [           main] s.g.m.s.m.a.ScDefaultMonitorInterceptor  : Stop executing the springfox.documentation.schema.property.ModelSpecificationFactory.create method
2025-06-11 12:06:54.731  INFO 1 --- [           main] s.g.m.s.m.a.ScDefaultMonitorInterceptor  : Start executing the springfox.documentation.schema.property.ModelSpecificationFactory.create method
2025-06-11 12:06:54.732  INFO 1 --- [           main] s.g.m.s.m.a.ScDefaultMonitorInterceptor  : Stop executing the springfox.documentation.schema.property.ModelSpecificationFactory.create method
2025-06-11 12:06:54.732  INFO 1 --- [           main] s.g.m.s.m.a.ScDefaultMonitorInterceptor  : Start executing the springfox.documentation.schema.property.ModelSpecificationFactory.create method
2025-06-11 12:06:54.732  INFO 1 --- [           main] s.g.m.s.m.a.ScDefaultMonitorInterceptor  : Stop executing the springfox.documentation.schema.property.ModelSpecificationFactory.create method
2025-06-11 12:06:54.732  INFO 1 --- [           main] s.g.m.s.m.a.ScDefaultMonitorInterceptor  : Start executing the springfox.documentation.schema.property.ModelSpecificationFactory.create method
2025-06-11 12:06:54.732  INFO 1 --- [           main] s.g.m.s.m.a.ScDefaultMonitorInterceptor  : Stop executing the springfox.documentation.schema.property.ModelSpecificationFactory.create method
2025-06-11 12:06:54.732  INFO 1 --- [           main] s.g.m.s.m.a.ScDefaultMonitorInterceptor  : Start executing the springfox.documentation.schema.property.ModelSpecificationFactory.create method
2025-06-11 12:06:54.732  INFO 1 --- [           main] s.g.m.s.m.a.ScDefaultMonitorInterceptor  : Stop executing the springfox.documentation.schema.property.ModelSpecificationFactory.create method
2025-06-11 12:06:54.732  INFO 1 --- [           main] s.g.m.s.m.a.ScDefaultMonitorInterceptor  : Start executing the springfox.documentation.schema.property.ModelSpecificationFactory.create method
2025-06-11 12:06:54.732  INFO 1 --- [           main] s.g.m.s.m.a.ScDefaultMonitorInterceptor  : Stop executing the springfox.documentation.schema.property.ModelSpecificationFactory.create method
2025-06-11 12:06:54.732  INFO 1 --- [           main] s.g.m.s.m.a.ScDefaultMonitorInterceptor  : Start executing the springfox.documentation.schema.property.ModelSpecificationFactory.create method
2025-06-11 12:06:54.732  INFO 1 --- [           main] s.g.m.s.m.a.ScDefaultMonitorInterceptor  : Stop executing the springfox.documentation.schema.property.ModelSpecificationFactory.create method
2025-06-11 12:06:54.733  INFO 1 --- [           main] s.g.m.s.m.a.ScDefaultMonitorInterceptor  : Start executing the springfox.documentation.schema.property.ModelSpecificationFactory.create method
2025-06-11 12:06:54.733  INFO 1 --- [           main] s.g.m.s.m.a.ScDefaultMonitorInterceptor  : Stop executing the springfox.documentation.schema.property.ModelSpecificationFactory.create method
2025-06-11 12:06:54.733  INFO 1 --- [           main] s.g.m.s.m.a.ScDefaultMonitorInterceptor  : Start executing the springfox.documentation.schema.property.ModelSpecificationFactory.create method
2025-06-11 12:06:54.733  INFO 1 --- [           main] s.g.m.s.m.a.ScDefaultMonitorInterceptor  : Stop executing the springfox.documentation.schema.property.ModelSpecificationFactory.create method
2025-06-11 12:06:54.733  INFO 1 --- [           main] s.g.m.s.m.a.ScDefaultMonitorInterceptor  : Start executing the springfox.documentation.schema.property.ModelSpecificationFactory.create method
2025-06-11 12:06:54.733  INFO 1 --- [           main] s.g.m.s.m.a.ScDefaultMonitorInterceptor  : Stop executing the springfox.documentation.schema.property.ModelSpecificationFactory.create method
2025-06-11 12:06:54.733  INFO 1 --- [           main] s.g.m.s.m.a.ScDefaultMonitorInterceptor  : Start executing the springfox.documentation.schema.property.ModelSpecificationFactory.create method
2025-06-11 12:06:54.733  INFO 1 --- [           main] s.g.m.s.m.a.ScDefaultMonitorInterceptor  : Stop executing the springfox.documentation.schema.property.ModelSpecificationFactory.create method
2025-06-11 12:06:54.733  INFO 1 --- [           main] s.g.m.s.m.a.ScDefaultMonitorInterceptor  : Start executing the springfox.documentation.schema.property.ModelSpecificationFactory.create method
2025-06-11 12:06:54.733  INFO 1 --- [           main] s.g.m.s.m.a.ScDefaultMonitorInterceptor  : Stop executing the springfox.documentation.schema.property.ModelSpecificationFactory.create method
2025-06-11 12:06:54.733  INFO 1 --- [           main] s.g.m.s.m.a.ScDefaultMonitorInterceptor  : Start executing the springfox.documentation.schema.property.ModelSpecificationFactory.create method
2025-06-11 12:06:54.733  INFO 1 --- [           main] s.g.m.s.m.a.ScDefaultMonitorInterceptor  : Stop executing the springfox.documentation.schema.property.ModelSpecificationFactory.create method
2025-06-11 12:06:54.733  INFO 1 --- [           main] s.g.m.s.m.a.ScDefaultMonitorInterceptor  : Start executing the springfox.documentation.schema.property.ModelSpecificationFactory.create method
2025-06-11 12:06:54.733  INFO 1 --- [           main] s.g.m.s.m.a.ScDefaultMonitorInterceptor  : Stop executing the springfox.documentation.schema.property.ModelSpecificationFactory.create method
2025-06-11 12:06:54.733  INFO 1 --- [           main] s.g.m.s.m.a.ScDefaultMonitorInterceptor  : Start executing the springfox.documentation.schema.property.ModelSpecificationFactory.create method
2025-06-11 12:06:54.733  INFO 1 --- [           main] s.g.m.s.m.a.ScDefaultMonitorInterceptor  : Stop executing the springfox.documentation.schema.property.ModelSpecificationFactory.create method
2025-06-11 12:06:54.733  INFO 1 --- [           main] s.g.m.s.m.a.ScDefaultMonitorInterceptor  : Start executing the springfox.documentation.schema.property.ModelSpecificationFactory.create method
2025-06-11 12:06:54.733  INFO 1 --- [           main] s.g.m.s.m.a.ScDefaultMonitorInterceptor  : Stop executing the springfox.documentation.schema.property.ModelSpecificationFactory.create method
2025-06-11 12:06:54.733  INFO 1 --- [           main] s.g.m.s.m.a.ScDefaultMonitorInterceptor  : Start executing the springfox.documentation.schema.property.ModelSpecificationFactory.create method
2025-06-11 12:06:54.733  INFO 1 --- [           main] s.g.m.s.m.a.ScDefaultMonitorInterceptor  : Stop executing the springfox.documentation.schema.property.ModelSpecificationFactory.create method
2025-06-11 12:06:54.734  INFO 1 --- [           main] s.g.m.s.m.a.ScDefaultMonitorInterceptor  : Start executing the springfox.documentation.schema.property.ModelSpecificationFactory.create method
2025-06-11 12:06:54.734  INFO 1 --- [           main] s.g.m.s.m.a.ScDefaultMonitorInterceptor  : Stop executing the springfox.documentation.schema.property.ModelSpecificationFactory.create method
2025-06-11 12:06:54.734  INFO 1 --- [           main] s.g.m.s.m.a.ScDefaultMonitorInterceptor  : Start executing the springfox.documentation.schema.property.ModelSpecificationFactory.create method
2025-06-11 12:06:54.734  INFO 1 --- [           main] s.g.m.s.m.a.ScDefaultMonitorInterceptor  : Stop executing the springfox.documentation.schema.property.ModelSpecificationFactory.create method
2025-06-11 12:06:54.734  INFO 1 --- [           main] s.g.m.s.m.a.ScDefaultMonitorInterceptor  : Start executing the springfox.documentation.schema.property.ModelSpecificationFactory.create method
2025-06-11 12:06:54.734  INFO 1 --- [           main] s.g.m.s.m.a.ScDefaultMonitorInterceptor  : Stop executing the springfox.documentation.schema.property.ModelSpecificationFactory.create method
2025-06-11 12:06:54.735  INFO 1 --- [           main] s.g.m.s.m.a.ScDefaultMonitorInterceptor  : Start executing the springfox.documentation.schema.property.ModelSpecificationFactory.create method
2025-06-11 12:06:54.735  INFO 1 --- [           main] s.g.m.s.m.a.ScDefaultMonitorInterceptor  : Stop executing the springfox.documentation.schema.property.ModelSpecificationFactory.create method
2025-06-11 12:06:54.735  INFO 1 --- [           main] s.g.m.s.m.a.ScDefaultMonitorInterceptor  : Start executing the springfox.documentation.schema.property.ModelSpecificationFactory.create method
2025-06-11 12:06:54.735  INFO 1 --- [           main] s.g.m.s.m.a.ScDefaultMonitorInterceptor  : Stop executing the springfox.documentation.schema.property.ModelSpecificationFactory.create method
2025-06-11 12:06:54.739  INFO 1 --- [           main] s.g.m.s.m.a.ScDefaultMonitorInterceptor  : Start executing the springfox.documentation.schema.property.ModelSpecificationFactory.create method
2025-06-11 12:06:54.739  INFO 1 --- [           main] s.g.m.s.m.a.ScDefaultMonitorInterceptor  : Stop executing the springfox.documentation.schema.property.ModelSpecificationFactory.create method
2025-06-11 12:06:54.739  INFO 1 --- [           main] s.g.m.s.m.a.ScDefaultMonitorInterceptor  : Start executing the springfox.documentation.schema.property.ModelSpecificationFactory.create method
2025-06-11 12:06:54.739  INFO 1 --- [           main] s.g.m.s.m.a.ScDefaultMonitorInterceptor  : Stop executing the springfox.documentation.schema.property.ModelSpecificationFactory.create method
2025-06-11 12:06:54.740  INFO 1 --- [           main] s.g.m.s.m.a.ScDefaultMonitorInterceptor  : Start executing the springfox.documentation.schema.property.ModelSpecificationFactory.create method
2025-06-11 12:06:54.740  INFO 1 --- [           main] s.g.m.s.m.a.ScDefaultMonitorInterceptor  : Stop executing the springfox.documentation.schema.property.ModelSpecificationFactory.create method
2025-06-11 12:06:54.740  INFO 1 --- [           main] s.g.m.s.m.a.ScDefaultMonitorInterceptor  : Start executing the springfox.documentation.schema.property.ModelSpecificationFactory.create method
2025-06-11 12:06:54.740  INFO 1 --- [           main] s.g.m.s.m.a.ScDefaultMonitorInterceptor  : Stop executing the springfox.documentation.schema.property.ModelSpecificationFactory.create method
2025-06-11 12:06:54.740  INFO 1 --- [           main] s.g.m.s.m.a.ScDefaultMonitorInterceptor  : Start executing the springfox.documentation.schema.property.ModelSpecificationFactory.create method
2025-06-11 12:06:54.740  INFO 1 --- [           main] s.g.m.s.m.a.ScDefaultMonitorInterceptor  : Stop executing the springfox.documentation.schema.property.ModelSpecificationFactory.create method
2025-06-11 12:06:54.740  INFO 1 --- [           main] s.g.m.s.m.a.ScDefaultMonitorInterceptor  : Start executing the springfox.documentation.schema.property.ModelSpecificationFactory.create method
2025-06-11 12:06:54.740  INFO 1 --- [           main] s.g.m.s.m.a.ScDefaultMonitorInterceptor  : Stop executing the springfox.documentation.schema.property.ModelSpecificationFactory.create method
2025-06-11 12:06:54.740  INFO 1 --- [           main] s.g.m.s.m.a.ScDefaultMonitorInterceptor  : Start executing the springfox.documentation.schema.property.ModelSpecificationFactory.create method
2025-06-11 12:06:54.740  INFO 1 --- [           main] s.g.m.s.m.a.ScDefaultMonitorInterceptor  : Stop executing the springfox.documentation.schema.property.ModelSpecificationFactory.create method
2025-06-11 12:06:54.740  INFO 1 --- [           main] s.g.m.s.m.a.ScDefaultMonitorInterceptor  : Start executing the springfox.documentation.schema.property.ModelSpecificationFactory.create method
2025-06-11 12:06:54.740  INFO 1 --- [           main] s.g.m.s.m.a.ScDefaultMonitorInterceptor  : Stop executing the springfox.documentation.schema.property.ModelSpecificationFactory.create method
2025-06-11 12:06:54.741  INFO 1 --- [           main] s.g.m.s.m.a.ScDefaultMonitorInterceptor  : Start executing the springfox.documentation.schema.property.ModelSpecificationFactory.create method
2025-06-11 12:06:54.741  INFO 1 --- [           main] s.g.m.s.m.a.ScDefaultMonitorInterceptor  : Stop executing the springfox.documentation.schema.property.ModelSpecificationFactory.create method
2025-06-11 12:06:54.741  INFO 1 --- [           main] s.g.m.s.m.a.ScDefaultMonitorInterceptor  : Start executing the springfox.documentation.schema.property.ModelSpecificationFactory.create method
2025-06-11 12:06:54.741  INFO 1 --- [           main] s.g.m.s.m.a.ScDefaultMonitorInterceptor  : Stop executing the springfox.documentation.schema.property.ModelSpecificationFactory.create method
2025-06-11 12:06:54.741  INFO 1 --- [           main] s.g.m.s.m.a.ScDefaultMonitorInterceptor  : Start executing the springfox.documentation.schema.property.ModelSpecificationFactory.create method
2025-06-11 12:06:54.741  INFO 1 --- [           main] s.g.m.s.m.a.ScDefaultMonitorInterceptor  : Stop executing the springfox.documentation.schema.property.ModelSpecificationFactory.create method
2025-06-11 12:06:54.741  INFO 1 --- [           main] s.g.m.s.m.a.ScDefaultMonitorInterceptor  : Start executing the springfox.documentation.schema.property.ModelSpecificationFactory.create method
2025-06-11 12:06:54.741  INFO 1 --- [           main] s.g.m.s.m.a.ScDefaultMonitorInterceptor  : Stop executing the springfox.documentation.schema.property.ModelSpecificationFactory.create method
2025-06-11 12:06:54.741  INFO 1 --- [           main] s.g.m.s.m.a.ScDefaultMonitorInterceptor  : Start executing the springfox.documentation.schema.property.ModelSpecificationFactory.create method
2025-06-11 12:06:54.741  INFO 1 --- [           main] s.g.m.s.m.a.ScDefaultMonitorInterceptor  : Stop executing the springfox.documentation.schema.property.ModelSpecificationFactory.create method
2025-06-11 12:06:54.741  INFO 1 --- [           main] s.g.m.s.m.a.ScDefaultMonitorInterceptor  : Start executing the springfox.documentation.schema.property.ModelSpecificationFactory.create method
2025-06-11 12:06:54.741  INFO 1 --- [           main] s.g.m.s.m.a.ScDefaultMonitorInterceptor  : Stop executing the springfox.documentation.schema.property.ModelSpecificationFactory.create method
2025-06-11 12:06:54.741  INFO 1 --- [           main] s.g.m.s.m.a.ScDefaultMonitorInterceptor  : Start executing the springfox.documentation.schema.property.ModelSpecificationFactory.create method
2025-06-11 12:06:54.741  INFO 1 --- [           main] s.g.m.s.m.a.ScDefaultMonitorInterceptor  : Stop executing the springfox.documentation.schema.property.ModelSpecificationFactory.create method
2025-06-11 12:06:54.741  INFO 1 --- [           main] s.g.m.s.m.a.ScDefaultMonitorInterceptor  : Start executing the springfox.documentation.schema.property.ModelSpecificationFactory.create method
2025-06-11 12:06:54.741  INFO 1 --- [           main] s.g.m.s.m.a.ScDefaultMonitorInterceptor  : Stop executing the springfox.documentation.schema.property.ModelSpecificationFactory.create method
2025-06-11 12:06:54.741  INFO 1 --- [           main] s.g.m.s.m.a.ScDefaultMonitorInterceptor  : Start executing the springfox.documentation.schema.property.ModelSpecificationFactory.create method
2025-06-11 12:06:54.741  INFO 1 --- [           main] s.g.m.s.m.a.ScDefaultMonitorInterceptor  : Stop executing the springfox.documentation.schema.property.ModelSpecificationFactory.create method
2025-06-11 12:06:54.741  INFO 1 --- [           main] s.g.m.s.m.a.ScDefaultMonitorInterceptor  : Start executing the springfox.documentation.schema.property.ModelSpecificationFactory.create method
2025-06-11 12:06:54.741  INFO 1 --- [           main] s.g.m.s.m.a.ScDefaultMonitorInterceptor  : Stop executing the springfox.documentation.schema.property.ModelSpecificationFactory.create method
2025-06-11 12:06:54.742  INFO 1 --- [           main] s.g.m.s.m.a.ScDefaultMonitorInterceptor  : Start executing the springfox.documentation.schema.property.ModelSpecificationFactory.create method
2025-06-11 12:06:54.742  INFO 1 --- [           main] s.g.m.s.m.a.ScDefaultMonitorInterceptor  : Stop executing the springfox.documentation.schema.property.ModelSpecificationFactory.create method
2025-06-11 12:06:54.742  INFO 1 --- [           main] s.g.m.s.m.a.ScDefaultMonitorInterceptor  : Start executing the springfox.documentation.schema.property.ModelSpecificationFactory.create method
2025-06-11 12:06:54.742  INFO 1 --- [           main] s.g.m.s.m.a.ScDefaultMonitorInterceptor  : Stop executing the springfox.documentation.schema.property.ModelSpecificationFactory.create method
2025-06-11 12:06:54.742  INFO 1 --- [           main] s.g.m.s.m.a.ScDefaultMonitorInterceptor  : Start executing the springfox.documentation.schema.property.ModelSpecificationFactory.create method
2025-06-11 12:06:54.742  INFO 1 --- [           main] s.g.m.s.m.a.ScDefaultMonitorInterceptor  : Stop executing the springfox.documentation.schema.property.ModelSpecificationFactory.create method
2025-06-11 12:06:54.743  INFO 1 --- [           main] s.g.m.s.m.a.ScDefaultMonitorInterceptor  : Start executing the springfox.documentation.schema.property.ModelSpecificationFactory.create method
2025-06-11 12:06:54.743  INFO 1 --- [           main] s.g.m.s.m.a.ScDefaultMonitorInterceptor  : Stop executing the springfox.documentation.schema.property.ModelSpecificationFactory.create method
2025-06-11 12:06:54.743  INFO 1 --- [           main] s.g.m.s.m.a.ScDefaultMonitorInterceptor  : Start executing the springfox.documentation.schema.property.ModelSpecificationFactory.create method
2025-06-11 12:06:54.743  INFO 1 --- [           main] s.g.m.s.m.a.ScDefaultMonitorInterceptor  : Stop executing the springfox.documentation.schema.property.ModelSpecificationFactory.create method
2025-06-11 12:06:54.743  INFO 1 --- [           main] s.g.m.s.m.a.ScDefaultMonitorInterceptor  : Start executing the springfox.documentation.schema.property.ModelSpecificationFactory.create method
2025-06-11 12:06:54.743  INFO 1 --- [           main] s.g.m.s.m.a.ScDefaultMonitorInterceptor  : Stop executing the springfox.documentation.schema.property.ModelSpecificationFactory.create method
2025-06-11 12:06:54.743  INFO 1 --- [           main] s.g.m.s.m.a.ScDefaultMonitorInterceptor  : Start executing the springfox.documentation.schema.property.ModelSpecificationFactory.create method
2025-06-11 12:06:54.743  INFO 1 --- [           main] s.g.m.s.m.a.ScDefaultMonitorInterceptor  : Stop executing the springfox.documentation.schema.property.ModelSpecificationFactory.create method
2025-06-11 12:06:54.746  INFO 1 --- [           main] s.g.m.s.m.a.ScDefaultMonitorInterceptor  : Start executing the springfox.documentation.schema.property.ModelSpecificationFactory.create method
2025-06-11 12:06:54.746  INFO 1 --- [           main] s.g.m.s.m.a.ScDefaultMonitorInterceptor  : Stop executing the springfox.documentation.schema.property.ModelSpecificationFactory.create method
2025-06-11 12:06:54.746  INFO 1 --- [           main] s.g.m.s.m.a.ScDefaultMonitorInterceptor  : Start executing the springfox.documentation.schema.property.ModelSpecificationFactory.create method
2025-06-11 12:06:54.746  INFO 1 --- [           main] s.g.m.s.m.a.ScDefaultMonitorInterceptor  : Stop executing the springfox.documentation.schema.property.ModelSpecificationFactory.create method
2025-06-11 12:06:54.746  INFO 1 --- [           main] s.g.m.s.m.a.ScDefaultMonitorInterceptor  : Start executing the springfox.documentation.schema.property.ModelSpecificationFactory.create method
2025-06-11 12:06:54.746  INFO 1 --- [           main] s.g.m.s.m.a.ScDefaultMonitorInterceptor  : Stop executing the springfox.documentation.schema.property.ModelSpecificationFactory.create method
2025-06-11 12:06:54.747  INFO 1 --- [           main] s.g.m.s.m.a.ScDefaultMonitorInterceptor  : Start executing the springfox.documentation.schema.property.ModelSpecificationFactory.create method
2025-06-11 12:06:54.747  INFO 1 --- [           main] s.g.m.s.m.a.ScDefaultMonitorInterceptor  : Stop executing the springfox.documentation.schema.property.ModelSpecificationFactory.create method
2025-06-11 12:06:54.747  INFO 1 --- [           main] s.g.m.s.m.a.ScDefaultMonitorInterceptor  : Start executing the springfox.documentation.schema.property.ModelSpecificationFactory.create method
2025-06-11 12:06:54.747  INFO 1 --- [           main] s.g.m.s.m.a.ScDefaultMonitorInterceptor  : Stop executing the springfox.documentation.schema.property.ModelSpecificationFactory.create method
2025-06-11 12:06:54.747  INFO 1 --- [           main] s.g.m.s.m.a.ScDefaultMonitorInterceptor  : Start executing the springfox.documentation.schema.property.ModelSpecificationFactory.create method
2025-06-11 12:06:54.747  INFO 1 --- [           main] s.g.m.s.m.a.ScDefaultMonitorInterceptor  : Stop executing the springfox.documentation.schema.property.ModelSpecificationFactory.create method
2025-06-11 12:06:54.751  INFO 1 --- [           main] s.g.m.s.m.a.ScDefaultMonitorInterceptor  : Start executing the springfox.documentation.schema.property.ModelSpecificationFactory.create method
2025-06-11 12:06:54.751  INFO 1 --- [           main] s.g.m.s.m.a.ScDefaultMonitorInterceptor  : Stop executing the springfox.documentation.schema.property.ModelSpecificationFactory.create method
2025-06-11 12:06:54.751  INFO 1 --- [           main] s.g.m.s.m.a.ScDefaultMonitorInterceptor  : Start executing the springfox.documentation.schema.property.ModelSpecificationFactory.create method
2025-06-11 12:06:54.751  INFO 1 --- [           main] s.g.m.s.m.a.ScDefaultMonitorInterceptor  : Stop executing the springfox.documentation.schema.property.ModelSpecificationFactory.create method
2025-06-11 12:06:54.751  INFO 1 --- [           main] s.g.m.s.m.a.ScDefaultMonitorInterceptor  : Start executing the springfox.documentation.schema.property.ModelSpecificationFactory.create method
2025-06-11 12:06:54.751  INFO 1 --- [           main] s.g.m.s.m.a.ScDefaultMonitorInterceptor  : Stop executing the springfox.documentation.schema.property.ModelSpecificationFactory.create method
2025-06-11 12:06:54.751  INFO 1 --- [           main] s.g.m.s.m.a.ScDefaultMonitorInterceptor  : Start executing the springfox.documentation.schema.property.ModelSpecificationFactory.create method
2025-06-11 12:06:54.751  INFO 1 --- [           main] s.g.m.s.m.a.ScDefaultMonitorInterceptor  : Stop executing the springfox.documentation.schema.property.ModelSpecificationFactory.create method
2025-06-11 12:06:54.751  INFO 1 --- [           main] s.g.m.s.m.a.ScDefaultMonitorInterceptor  : Start executing the springfox.documentation.schema.property.ModelSpecificationFactory.create method
2025-06-11 12:06:54.751  INFO 1 --- [           main] s.g.m.s.m.a.ScDefaultMonitorInterceptor  : Stop executing the springfox.documentation.schema.property.ModelSpecificationFactory.create method
2025-06-11 12:06:54.751  INFO 1 --- [           main] s.g.m.s.m.a.ScDefaultMonitorInterceptor  : Start executing the springfox.documentation.schema.property.ModelSpecificationFactory.create method
2025-06-11 12:06:54.751  INFO 1 --- [           main] s.g.m.s.m.a.ScDefaultMonitorInterceptor  : Stop executing the springfox.documentation.schema.property.ModelSpecificationFactory.create method
2025-06-11 12:06:54.752  INFO 1 --- [           main] s.g.m.s.m.a.ScDefaultMonitorInterceptor  : Start executing the springfox.documentation.schema.property.ModelSpecificationFactory.create method
2025-06-11 12:06:54.752  INFO 1 --- [           main] s.g.m.s.m.a.ScDefaultMonitorInterceptor  : Stop executing the springfox.documentation.schema.property.ModelSpecificationFactory.create method
2025-06-11 12:06:54.752  INFO 1 --- [           main] s.g.m.s.m.a.ScDefaultMonitorInterceptor  : Start executing the springfox.documentation.schema.property.ModelSpecificationFactory.create method
2025-06-11 12:06:54.752  INFO 1 --- [           main] s.g.m.s.m.a.ScDefaultMonitorInterceptor  : Stop executing the springfox.documentation.schema.property.ModelSpecificationFactory.create method
2025-06-11 12:06:54.752  INFO 1 --- [           main] s.g.m.s.m.a.ScDefaultMonitorInterceptor  : Start executing the springfox.documentation.schema.property.ModelSpecificationFactory.create method
2025-06-11 12:06:54.752  INFO 1 --- [           main] s.g.m.s.m.a.ScDefaultMonitorInterceptor  : Stop executing the springfox.documentation.schema.property.ModelSpecificationFactory.create method
2025-06-11 12:06:54.752  INFO 1 --- [           main] s.g.m.s.m.a.ScDefaultMonitorInterceptor  : Start executing the springfox.documentation.schema.property.ModelSpecificationFactory.create method
2025-06-11 12:06:54.752  INFO 1 --- [           main] s.g.m.s.m.a.ScDefaultMonitorInterceptor  : Stop executing the springfox.documentation.schema.property.ModelSpecificationFactory.create method
2025-06-11 12:06:54.753  INFO 1 --- [           main] s.g.m.s.m.a.ScDefaultMonitorInterceptor  : Start executing the springfox.documentation.schema.property.ModelSpecificationFactory.create method
2025-06-11 12:06:54.753  INFO 1 --- [           main] s.g.m.s.m.a.ScDefaultMonitorInterceptor  : Stop executing the springfox.documentation.schema.property.ModelSpecificationFactory.create method
2025-06-11 12:06:54.753  INFO 1 --- [           main] s.g.m.s.m.a.ScDefaultMonitorInterceptor  : Start executing the springfox.documentation.schema.property.ModelSpecificationFactory.create method
2025-06-11 12:06:54.753  INFO 1 --- [           main] s.g.m.s.m.a.ScDefaultMonitorInterceptor  : Stop executing the springfox.documentation.schema.property.ModelSpecificationFactory.create method
2025-06-11 12:06:54.753  INFO 1 --- [           main] s.g.m.s.m.a.ScDefaultMonitorInterceptor  : Start executing the springfox.documentation.schema.property.ModelSpecificationFactory.create method
2025-06-11 12:06:54.753  INFO 1 --- [           main] s.g.m.s.m.a.ScDefaultMonitorInterceptor  : Stop executing the springfox.documentation.schema.property.ModelSpecificationFactory.create method
2025-06-11 12:06:54.753  INFO 1 --- [           main] s.g.m.s.m.a.ScDefaultMonitorInterceptor  : Start executing the springfox.documentation.schema.property.ModelSpecificationFactory.create method
2025-06-11 12:06:54.753  INFO 1 --- [           main] s.g.m.s.m.a.ScDefaultMonitorInterceptor  : Stop executing the springfox.documentation.schema.property.ModelSpecificationFactory.create method
2025-06-11 12:06:54.754  INFO 1 --- [           main] s.g.m.s.m.a.ScDefaultMonitorInterceptor  : Start executing the springfox.documentation.schema.property.ModelSpecificationFactory.create method
2025-06-11 12:06:54.754  INFO 1 --- [           main] s.g.m.s.m.a.ScDefaultMonitorInterceptor  : Stop executing the springfox.documentation.schema.property.ModelSpecificationFactory.create method
2025-06-11 12:06:54.754  INFO 1 --- [           main] s.g.m.s.m.a.ScDefaultMonitorInterceptor  : Start executing the springfox.documentation.schema.property.ModelSpecificationFactory.create method
2025-06-11 12:06:54.754  INFO 1 --- [           main] s.g.m.s.m.a.ScDefaultMonitorInterceptor  : Stop executing the springfox.documentation.schema.property.ModelSpecificationFactory.create method
2025-06-11 12:06:54.756  INFO 1 --- [           main] s.g.m.s.m.a.ScDefaultMonitorInterceptor  : Start executing the springfox.documentation.schema.property.ModelSpecificationFactory.create method
2025-06-11 12:06:54.756  INFO 1 --- [           main] s.g.m.s.m.a.ScDefaultMonitorInterceptor  : Stop executing the springfox.documentation.schema.property.ModelSpecificationFactory.create method
2025-06-11 12:06:54.756  INFO 1 --- [           main] s.g.m.s.m.a.ScDefaultMonitorInterceptor  : Start executing the springfox.documentation.schema.property.ModelSpecificationFactory.create method
2025-06-11 12:06:54.756  INFO 1 --- [           main] s.g.m.s.m.a.ScDefaultMonitorInterceptor  : Stop executing the springfox.documentation.schema.property.ModelSpecificationFactory.create method
2025-06-11 12:06:54.756  INFO 1 --- [           main] s.g.m.s.m.a.ScDefaultMonitorInterceptor  : Start executing the springfox.documentation.schema.property.ModelSpecificationFactory.create method
2025-06-11 12:06:54.756  INFO 1 --- [           main] s.g.m.s.m.a.ScDefaultMonitorInterceptor  : Stop executing the springfox.documentation.schema.property.ModelSpecificationFactory.create method
2025-06-11 12:06:54.756  INFO 1 --- [           main] s.g.m.s.m.a.ScDefaultMonitorInterceptor  : Start executing the springfox.documentation.schema.property.ModelSpecificationFactory.create method
2025-06-11 12:06:54.756  INFO 1 --- [           main] s.g.m.s.m.a.ScDefaultMonitorInterceptor  : Stop executing the springfox.documentation.schema.property.ModelSpecificationFactory.create method
2025-06-11 12:06:54.761  INFO 1 --- [           main] s.g.m.s.m.a.ScDefaultMonitorInterceptor  : Start executing the springfox.documentation.schema.property.ModelSpecificationFactory.create method
2025-06-11 12:06:54.761  INFO 1 --- [           main] s.g.m.s.m.a.ScDefaultMonitorInterceptor  : Stop executing the springfox.documentation.schema.property.ModelSpecificationFactory.create method
2025-06-11 12:06:54.762  INFO 1 --- [           main] s.g.m.s.m.a.ScDefaultMonitorInterceptor  : Start executing the springfox.documentation.schema.property.ModelSpecificationFactory.create method
2025-06-11 12:06:54.762  INFO 1 --- [           main] s.g.m.s.m.a.ScDefaultMonitorInterceptor  : Stop executing the springfox.documentation.schema.property.ModelSpecificationFactory.create method
2025-06-11 12:06:54.762  INFO 1 --- [           main] s.g.m.s.m.a.ScDefaultMonitorInterceptor  : Start executing the springfox.documentation.schema.property.ModelSpecificationFactory.create method
2025-06-11 12:06:54.762  INFO 1 --- [           main] s.g.m.s.m.a.ScDefaultMonitorInterceptor  : Stop executing the springfox.documentation.schema.property.ModelSpecificationFactory.create method
2025-06-11 12:06:54.762  INFO 1 --- [           main] s.g.m.s.m.a.ScDefaultMonitorInterceptor  : Start executing the springfox.documentation.schema.property.ModelSpecificationFactory.create method
2025-06-11 12:06:54.762  INFO 1 --- [           main] s.g.m.s.m.a.ScDefaultMonitorInterceptor  : Stop executing the springfox.documentation.schema.property.ModelSpecificationFactory.create method
2025-06-11 12:06:54.762  INFO 1 --- [           main] s.g.m.s.m.a.ScDefaultMonitorInterceptor  : Start executing the springfox.documentation.schema.property.ModelSpecificationFactory.create method
2025-06-11 12:06:54.762  INFO 1 --- [           main] s.g.m.s.m.a.ScDefaultMonitorInterceptor  : Stop executing the springfox.documentation.schema.property.ModelSpecificationFactory.create method
2025-06-11 12:06:54.762  INFO 1 --- [           main] s.g.m.s.m.a.ScDefaultMonitorInterceptor  : Start executing the springfox.documentation.schema.property.ModelSpecificationFactory.create method
2025-06-11 12:06:54.762  INFO 1 --- [           main] s.g.m.s.m.a.ScDefaultMonitorInterceptor  : Stop executing the springfox.documentation.schema.property.ModelSpecificationFactory.create method
2025-06-11 12:06:54.763  INFO 1 --- [           main] s.g.m.s.m.a.ScDefaultMonitorInterceptor  : Start executing the springfox.documentation.schema.property.ModelSpecificationFactory.create method
2025-06-11 12:06:54.763  INFO 1 --- [           main] s.g.m.s.m.a.ScDefaultMonitorInterceptor  : Stop executing the springfox.documentation.schema.property.ModelSpecificationFactory.create method
2025-06-11 12:06:54.763  INFO 1 --- [           main] s.g.m.s.m.a.ScDefaultMonitorInterceptor  : Start executing the springfox.documentation.schema.property.ModelSpecificationFactory.create method
2025-06-11 12:06:54.823  INFO 1 --- [           main] s.g.m.s.m.a.ScDefaultMonitorInterceptor  : Stop executing the springfox.documentation.schema.property.ModelSpecificationFactory.create method
2025-06-11 12:06:54.823  INFO 1 --- [           main] s.g.m.s.m.a.ScDefaultMonitorInterceptor  : Start executing the springfox.documentation.schema.property.ModelSpecificationFactory.create method
2025-06-11 12:06:54.823  INFO 1 --- [           main] s.g.m.s.m.a.ScDefaultMonitorInterceptor  : Stop executing the springfox.documentation.schema.property.ModelSpecificationFactory.create method
2025-06-11 12:06:54.823  INFO 1 --- [           main] s.g.m.s.m.a.ScDefaultMonitorInterceptor  : Start executing the springfox.documentation.schema.property.ModelSpecificationFactory.create method
2025-06-11 12:06:54.823  INFO 1 --- [           main] s.g.m.s.m.a.ScDefaultMonitorInterceptor  : Stop executing the springfox.documentation.schema.property.ModelSpecificationFactory.create method
2025-06-11 12:06:54.824  INFO 1 --- [           main] s.g.m.s.m.a.ScDefaultMonitorInterceptor  : Start executing the springfox.documentation.schema.property.ModelSpecificationFactory.create method
2025-06-11 12:06:54.824  INFO 1 --- [           main] s.g.m.s.m.a.ScDefaultMonitorInterceptor  : Stop executing the springfox.documentation.schema.property.ModelSpecificationFactory.create method
2025-06-11 12:06:54.824  INFO 1 --- [           main] s.g.m.s.m.a.ScDefaultMonitorInterceptor  : Start executing the springfox.documentation.schema.property.ModelSpecificationFactory.create method
2025-06-11 12:06:54.824  INFO 1 --- [           main] s.g.m.s.m.a.ScDefaultMonitorInterceptor  : Stop executing the springfox.documentation.schema.property.ModelSpecificationFactory.create method
2025-06-11 12:06:54.824  INFO 1 --- [           main] s.g.m.s.m.a.ScDefaultMonitorInterceptor  : Start executing the springfox.documentation.schema.property.ModelSpecificationFactory.create method
2025-06-11 12:06:54.824  INFO 1 --- [           main] s.g.m.s.m.a.ScDefaultMonitorInterceptor  : Stop executing the springfox.documentation.schema.property.ModelSpecificationFactory.create method
2025-06-11 12:06:54.824  INFO 1 --- [           main] s.g.m.s.m.a.ScDefaultMonitorInterceptor  : Start executing the springfox.documentation.schema.property.ModelSpecificationFactory.create method
2025-06-11 12:06:54.824  INFO 1 --- [           main] s.g.m.s.m.a.ScDefaultMonitorInterceptor  : Stop executing the springfox.documentation.schema.property.ModelSpecificationFactory.create method
2025-06-11 12:06:54.824  INFO 1 --- [           main] s.g.m.s.m.a.ScDefaultMonitorInterceptor  : Start executing the springfox.documentation.schema.property.ModelSpecificationFactory.create method
2025-06-11 12:06:54.824  INFO 1 --- [           main] s.g.m.s.m.a.ScDefaultMonitorInterceptor  : Stop executing the springfox.documentation.schema.property.ModelSpecificationFactory.create method
2025-06-11 12:06:54.824  INFO 1 --- [           main] s.g.m.s.m.a.ScDefaultMonitorInterceptor  : Start executing the springfox.documentation.schema.property.ModelSpecificationFactory.create method
2025-06-11 12:06:54.824  INFO 1 --- [           main] s.g.m.s.m.a.ScDefaultMonitorInterceptor  : Stop executing the springfox.documentation.schema.property.ModelSpecificationFactory.create method
2025-06-11 12:06:54.824  INFO 1 --- [           main] s.g.m.s.m.a.ScDefaultMonitorInterceptor  : Start executing the springfox.documentation.schema.property.ModelSpecificationFactory.create method
2025-06-11 12:06:54.824  INFO 1 --- [           main] s.g.m.s.m.a.ScDefaultMonitorInterceptor  : Stop executing the springfox.documentation.schema.property.ModelSpecificationFactory.create method
2025-06-11 12:06:54.825  INFO 1 --- [           main] s.g.m.s.m.a.ScDefaultMonitorInterceptor  : Start executing the springfox.documentation.schema.property.ModelSpecificationFactory.create method
2025-06-11 12:06:54.825  INFO 1 --- [           main] s.g.m.s.m.a.ScDefaultMonitorInterceptor  : Stop executing the springfox.documentation.schema.property.ModelSpecificationFactory.create method
2025-06-11 12:06:54.825  INFO 1 --- [           main] s.g.m.s.m.a.ScDefaultMonitorInterceptor  : Start executing the springfox.documentation.schema.property.ModelSpecificationFactory.create method
2025-06-11 12:06:54.825  INFO 1 --- [           main] s.g.m.s.m.a.ScDefaultMonitorInterceptor  : Stop executing the springfox.documentation.schema.property.ModelSpecificationFactory.create method
2025-06-11 12:06:54.825  INFO 1 --- [           main] s.g.m.s.m.a.ScDefaultMonitorInterceptor  : Start executing the springfox.documentation.schema.property.ModelSpecificationFactory.create method
2025-06-11 12:06:54.825  INFO 1 --- [           main] s.g.m.s.m.a.ScDefaultMonitorInterceptor  : Stop executing the springfox.documentation.schema.property.ModelSpecificationFactory.create method
2025-06-11 12:06:54.825  INFO 1 --- [           main] s.g.m.s.m.a.ScDefaultMonitorInterceptor  : Start executing the springfox.documentation.schema.property.ModelSpecificationFactory.create method
2025-06-11 12:06:54.825  INFO 1 --- [           main] s.g.m.s.m.a.ScDefaultMonitorInterceptor  : Stop executing the springfox.documentation.schema.property.ModelSpecificationFactory.create method
2025-06-11 12:06:54.825  INFO 1 --- [           main] s.g.m.s.m.a.ScDefaultMonitorInterceptor  : Start executing the springfox.documentation.schema.property.ModelSpecificationFactory.create method
2025-06-11 12:06:54.826  INFO 1 --- [           main] s.g.m.s.m.a.ScDefaultMonitorInterceptor  : Stop executing the springfox.documentation.schema.property.ModelSpecificationFactory.create method
2025-06-11 12:06:54.826  INFO 1 --- [           main] s.g.m.s.m.a.ScDefaultMonitorInterceptor  : Start executing the springfox.documentation.schema.property.ModelSpecificationFactory.create method
2025-06-11 12:06:54.826  INFO 1 --- [           main] s.g.m.s.m.a.ScDefaultMonitorInterceptor  : Stop executing the springfox.documentation.schema.property.ModelSpecificationFactory.create method
2025-06-11 12:06:54.826  INFO 1 --- [           main] s.g.m.s.m.a.ScDefaultMonitorInterceptor  : Start executing the springfox.documentation.schema.property.ModelSpecificationFactory.create method
2025-06-11 12:06:54.826  INFO 1 --- [           main] s.g.m.s.m.a.ScDefaultMonitorInterceptor  : Stop executing the springfox.documentation.schema.property.ModelSpecificationFactory.create method
2025-06-11 12:06:54.827  INFO 1 --- [           main] s.g.m.s.m.a.ScDefaultMonitorInterceptor  : Start executing the springfox.documentation.schema.property.ModelSpecificationFactory.create method
2025-06-11 12:06:54.827  INFO 1 --- [           main] s.g.m.s.m.a.ScDefaultMonitorInterceptor  : Stop executing the springfox.documentation.schema.property.ModelSpecificationFactory.create method
2025-06-11 12:06:54.827  INFO 1 --- [           main] s.g.m.s.m.a.ScDefaultMonitorInterceptor  : Start executing the springfox.documentation.schema.property.ModelSpecificationFactory.create method
2025-06-11 12:06:54.827  INFO 1 --- [           main] s.g.m.s.m.a.ScDefaultMonitorInterceptor  : Stop executing the springfox.documentation.schema.property.ModelSpecificationFactory.create method
2025-06-11 12:06:54.827  INFO 1 --- [           main] s.g.m.s.m.a.ScDefaultMonitorInterceptor  : Start executing the springfox.documentation.schema.property.ModelSpecificationFactory.create method
2025-06-11 12:06:54.827  INFO 1 --- [           main] s.g.m.s.m.a.ScDefaultMonitorInterceptor  : Stop executing the springfox.documentation.schema.property.ModelSpecificationFactory.create method
2025-06-11 12:06:54.833  INFO 1 --- [           main] s.g.m.s.m.a.ScDefaultMonitorInterceptor  : Start executing the springfox.documentation.schema.property.ModelSpecificationFactory.create method
2025-06-11 12:06:54.833  INFO 1 --- [           main] s.g.m.s.m.a.ScDefaultMonitorInterceptor  : Stop executing the springfox.documentation.schema.property.ModelSpecificationFactory.create method
2025-06-11 12:06:54.833  INFO 1 --- [           main] s.g.m.s.m.a.ScDefaultMonitorInterceptor  : Start executing the springfox.documentation.schema.property.ModelSpecificationFactory.create method
2025-06-11 12:06:54.833  INFO 1 --- [           main] s.g.m.s.m.a.ScDefaultMonitorInterceptor  : Stop executing the springfox.documentation.schema.property.ModelSpecificationFactory.create method
2025-06-11 12:06:54.834  INFO 1 --- [           main] s.g.m.s.m.a.ScDefaultMonitorInterceptor  : Start executing the springfox.documentation.schema.property.ModelSpecificationFactory.create method
2025-06-11 12:06:54.834  INFO 1 --- [           main] s.g.m.s.m.a.ScDefaultMonitorInterceptor  : Stop executing the springfox.documentation.schema.property.ModelSpecificationFactory.create method
2025-06-11 12:06:54.834  INFO 1 --- [           main] s.g.m.s.m.a.ScDefaultMonitorInterceptor  : Start executing the springfox.documentation.schema.property.ModelSpecificationFactory.create method
2025-06-11 12:06:54.834  INFO 1 --- [           main] s.g.m.s.m.a.ScDefaultMonitorInterceptor  : Stop executing the springfox.documentation.schema.property.ModelSpecificationFactory.create method
2025-06-11 12:06:54.834  INFO 1 --- [           main] s.g.m.s.m.a.ScDefaultMonitorInterceptor  : Start executing the springfox.documentation.schema.property.ModelSpecificationFactory.create method
2025-06-11 12:06:54.834  INFO 1 --- [           main] s.g.m.s.m.a.ScDefaultMonitorInterceptor  : Stop executing the springfox.documentation.schema.property.ModelSpecificationFactory.create method
2025-06-11 12:06:54.834  INFO 1 --- [           main] s.g.m.s.m.a.ScDefaultMonitorInterceptor  : Start executing the springfox.documentation.schema.property.ModelSpecificationFactory.create method
2025-06-11 12:06:54.834  INFO 1 --- [           main] s.g.m.s.m.a.ScDefaultMonitorInterceptor  : Stop executing the springfox.documentation.schema.property.ModelSpecificationFactory.create method
2025-06-11 12:06:54.834  INFO 1 --- [           main] s.g.m.s.m.a.ScDefaultMonitorInterceptor  : Start executing the springfox.documentation.schema.property.ModelSpecificationFactory.create method
2025-06-11 12:06:54.834  INFO 1 --- [           main] s.g.m.s.m.a.ScDefaultMonitorInterceptor  : Stop executing the springfox.documentation.schema.property.ModelSpecificationFactory.create method
2025-06-11 12:06:54.834  INFO 1 --- [           main] s.g.m.s.m.a.ScDefaultMonitorInterceptor  : Start executing the springfox.documentation.schema.property.ModelSpecificationFactory.create method
2025-06-11 12:06:54.834  INFO 1 --- [           main] s.g.m.s.m.a.ScDefaultMonitorInterceptor  : Stop executing the springfox.documentation.schema.property.ModelSpecificationFactory.create method
2025-06-11 12:06:54.835  INFO 1 --- [           main] s.g.m.s.m.a.ScDefaultMonitorInterceptor  : Start executing the springfox.documentation.schema.property.ModelSpecificationFactory.create method
2025-06-11 12:06:54.835  INFO 1 --- [           main] s.g.m.s.m.a.ScDefaultMonitorInterceptor  : Stop executing the springfox.documentation.schema.property.ModelSpecificationFactory.create method
2025-06-11 12:06:54.835  INFO 1 --- [           main] s.g.m.s.m.a.ScDefaultMonitorInterceptor  : Start executing the springfox.documentation.schema.property.ModelSpecificationFactory.create method
2025-06-11 12:06:54.835  INFO 1 --- [           main] s.g.m.s.m.a.ScDefaultMonitorInterceptor  : Stop executing the springfox.documentation.schema.property.ModelSpecificationFactory.create method
[GC (Allocation Failure) [DefNew: 51168K->3640K(53568K), 0.0126989 secs] 151731K->105007K(172360K), 0.0127407 secs] [Times: user=0.02 sys=0.00, real=0.01 secs] 
2025-06-11 12:06:54.852  INFO 1 --- [           main] s.g.m.s.m.a.ScDefaultMonitorInterceptor  : Start executing the springfox.documentation.schema.property.ModelSpecificationFactory.create method
2025-06-11 12:06:54.852  INFO 1 --- [           main] s.g.m.s.m.a.ScDefaultMonitorInterceptor  : Stop executing the springfox.documentation.schema.property.ModelSpecificationFactory.create method
2025-06-11 12:06:54.852  INFO 1 --- [           main] s.g.m.s.m.a.ScDefaultMonitorInterceptor  : Start executing the springfox.documentation.schema.property.ModelSpecificationFactory.create method
2025-06-11 12:06:54.852  INFO 1 --- [           main] s.g.m.s.m.a.ScDefaultMonitorInterceptor  : Stop executing the springfox.documentation.schema.property.ModelSpecificationFactory.create method
2025-06-11 12:06:54.852  INFO 1 --- [           main] s.g.m.s.m.a.ScDefaultMonitorInterceptor  : Start executing the springfox.documentation.schema.property.ModelSpecificationFactory.create method
2025-06-11 12:06:54.852  INFO 1 --- [           main] s.g.m.s.m.a.ScDefaultMonitorInterceptor  : Stop executing the springfox.documentation.schema.property.ModelSpecificationFactory.create method
2025-06-11 12:06:54.852  INFO 1 --- [           main] s.g.m.s.m.a.ScDefaultMonitorInterceptor  : Start executing the springfox.documentation.schema.property.ModelSpecificationFactory.create method
2025-06-11 12:06:54.852  INFO 1 --- [           main] s.g.m.s.m.a.ScDefaultMonitorInterceptor  : Stop executing the springfox.documentation.schema.property.ModelSpecificationFactory.create method
2025-06-11 12:06:54.852  INFO 1 --- [           main] s.g.m.s.m.a.ScDefaultMonitorInterceptor  : Start executing the springfox.documentation.schema.property.ModelSpecificationFactory.create method
2025-06-11 12:06:54.852  INFO 1 --- [           main] s.g.m.s.m.a.ScDefaultMonitorInterceptor  : Stop executing the springfox.documentation.schema.property.ModelSpecificationFactory.create method
2025-06-11 12:06:54.853  INFO 1 --- [           main] s.g.m.s.m.a.ScDefaultMonitorInterceptor  : Start executing the springfox.documentation.schema.property.ModelSpecificationFactory.create method
2025-06-11 12:06:54.853  INFO 1 --- [           main] s.g.m.s.m.a.ScDefaultMonitorInterceptor  : Stop executing the springfox.documentation.schema.property.ModelSpecificationFactory.create method
2025-06-11 12:06:54.853  INFO 1 --- [           main] s.g.m.s.m.a.ScDefaultMonitorInterceptor  : Start executing the springfox.documentation.schema.property.ModelSpecificationFactory.create method
2025-06-11 12:06:54.853  INFO 1 --- [           main] s.g.m.s.m.a.ScDefaultMonitorInterceptor  : Stop executing the springfox.documentation.schema.property.ModelSpecificationFactory.create method
2025-06-11 12:06:54.857  INFO 1 --- [           main] s.g.m.s.m.a.ScDefaultMonitorInterceptor  : Start executing the springfox.documentation.schema.property.ModelSpecificationFactory.create method
2025-06-11 12:06:54.857  INFO 1 --- [           main] s.g.m.s.m.a.ScDefaultMonitorInterceptor  : Stop executing the springfox.documentation.schema.property.ModelSpecificationFactory.create method
2025-06-11 12:06:54.858  INFO 1 --- [           main] s.g.m.s.m.a.ScDefaultMonitorInterceptor  : Start executing the springfox.documentation.schema.property.ModelSpecificationFactory.create method
2025-06-11 12:06:54.858  INFO 1 --- [           main] s.g.m.s.m.a.ScDefaultMonitorInterceptor  : Stop executing the springfox.documentation.schema.property.ModelSpecificationFactory.create method
2025-06-11 12:06:54.858  INFO 1 --- [           main] s.g.m.s.m.a.ScDefaultMonitorInterceptor  : Start executing the springfox.documentation.schema.property.ModelSpecificationFactory.create method
2025-06-11 12:06:54.858  INFO 1 --- [           main] s.g.m.s.m.a.ScDefaultMonitorInterceptor  : Stop executing the springfox.documentation.schema.property.ModelSpecificationFactory.create method
2025-06-11 12:06:54.858  INFO 1 --- [           main] s.g.m.s.m.a.ScDefaultMonitorInterceptor  : Start executing the springfox.documentation.schema.property.ModelSpecificationFactory.create method
2025-06-11 12:06:54.858  INFO 1 --- [           main] s.g.m.s.m.a.ScDefaultMonitorInterceptor  : Stop executing the springfox.documentation.schema.property.ModelSpecificationFactory.create method
2025-06-11 12:06:54.858  INFO 1 --- [           main] s.g.m.s.m.a.ScDefaultMonitorInterceptor  : Start executing the springfox.documentation.schema.property.ModelSpecificationFactory.create method
2025-06-11 12:06:54.858  INFO 1 --- [           main] s.g.m.s.m.a.ScDefaultMonitorInterceptor  : Stop executing the springfox.documentation.schema.property.ModelSpecificationFactory.create method
2025-06-11 12:06:54.858  INFO 1 --- [           main] s.g.m.s.m.a.ScDefaultMonitorInterceptor  : Start executing the springfox.documentation.schema.property.ModelSpecificationFactory.create method
2025-06-11 12:06:54.858  INFO 1 --- [           main] s.g.m.s.m.a.ScDefaultMonitorInterceptor  : Stop executing the springfox.documentation.schema.property.ModelSpecificationFactory.create method
2025-06-11 12:06:54.859  INFO 1 --- [           main] s.g.m.s.m.a.ScDefaultMonitorInterceptor  : Start executing the springfox.documentation.schema.property.ModelSpecificationFactory.create method
2025-06-11 12:06:54.859  INFO 1 --- [           main] s.g.m.s.m.a.ScDefaultMonitorInterceptor  : Stop executing the springfox.documentation.schema.property.ModelSpecificationFactory.create method
2025-06-11 12:06:54.859  INFO 1 --- [           main] s.g.m.s.m.a.ScDefaultMonitorInterceptor  : Start executing the springfox.documentation.schema.property.ModelSpecificationFactory.create method
2025-06-11 12:06:54.859  INFO 1 --- [           main] s.g.m.s.m.a.ScDefaultMonitorInterceptor  : Stop executing the springfox.documentation.schema.property.ModelSpecificationFactory.create method
2025-06-11 12:06:54.859  INFO 1 --- [           main] s.g.m.s.m.a.ScDefaultMonitorInterceptor  : Start executing the springfox.documentation.schema.property.ModelSpecificationFactory.create method
2025-06-11 12:06:54.859  INFO 1 --- [           main] s.g.m.s.m.a.ScDefaultMonitorInterceptor  : Stop executing the springfox.documentation.schema.property.ModelSpecificationFactory.create method
2025-06-11 12:06:54.859  INFO 1 --- [           main] s.g.m.s.m.a.ScDefaultMonitorInterceptor  : Start executing the springfox.documentation.schema.property.ModelSpecificationFactory.create method
2025-06-11 12:06:54.859  INFO 1 --- [           main] s.g.m.s.m.a.ScDefaultMonitorInterceptor  : Stop executing the springfox.documentation.schema.property.ModelSpecificationFactory.create method
2025-06-11 12:06:54.859  INFO 1 --- [           main] s.g.m.s.m.a.ScDefaultMonitorInterceptor  : Start executing the springfox.documentation.schema.property.ModelSpecificationFactory.create method
2025-06-11 12:06:54.859  INFO 1 --- [           main] s.g.m.s.m.a.ScDefaultMonitorInterceptor  : Stop executing the springfox.documentation.schema.property.ModelSpecificationFactory.create method
2025-06-11 12:06:54.859  INFO 1 --- [           main] s.g.m.s.m.a.ScDefaultMonitorInterceptor  : Start executing the springfox.documentation.schema.property.ModelSpecificationFactory.create method
2025-06-11 12:06:54.859  INFO 1 --- [           main] s.g.m.s.m.a.ScDefaultMonitorInterceptor  : Stop executing the springfox.documentation.schema.property.ModelSpecificationFactory.create method
2025-06-11 12:06:54.859  INFO 1 --- [           main] s.g.m.s.m.a.ScDefaultMonitorInterceptor  : Start executing the springfox.documentation.schema.property.ModelSpecificationFactory.create method
2025-06-11 12:06:54.859  INFO 1 --- [           main] s.g.m.s.m.a.ScDefaultMonitorInterceptor  : Stop executing the springfox.documentation.schema.property.ModelSpecificationFactory.create method
2025-06-11 12:06:54.859  INFO 1 --- [           main] s.g.m.s.m.a.ScDefaultMonitorInterceptor  : Start executing the springfox.documentation.schema.property.ModelSpecificationFactory.create method
2025-06-11 12:06:54.859  INFO 1 --- [           main] s.g.m.s.m.a.ScDefaultMonitorInterceptor  : Stop executing the springfox.documentation.schema.property.ModelSpecificationFactory.create method
2025-06-11 12:06:54.859  INFO 1 --- [           main] s.g.m.s.m.a.ScDefaultMonitorInterceptor  : Start executing the springfox.documentation.schema.property.ModelSpecificationFactory.create method
2025-06-11 12:06:54.859  INFO 1 --- [           main] s.g.m.s.m.a.ScDefaultMonitorInterceptor  : Stop executing the springfox.documentation.schema.property.ModelSpecificationFactory.create method
2025-06-11 12:06:54.860  INFO 1 --- [           main] s.g.m.s.m.a.ScDefaultMonitorInterceptor  : Start executing the springfox.documentation.schema.property.ModelSpecificationFactory.create method
2025-06-11 12:06:54.860  INFO 1 --- [           main] s.g.m.s.m.a.ScDefaultMonitorInterceptor  : Stop executing the springfox.documentation.schema.property.ModelSpecificationFactory.create method
2025-06-11 12:06:54.860  INFO 1 --- [           main] s.g.m.s.m.a.ScDefaultMonitorInterceptor  : Start executing the springfox.documentation.schema.property.ModelSpecificationFactory.create method
2025-06-11 12:06:54.860  INFO 1 --- [           main] s.g.m.s.m.a.ScDefaultMonitorInterceptor  : Stop executing the springfox.documentation.schema.property.ModelSpecificationFactory.create method
2025-06-11 12:06:54.860  INFO 1 --- [           main] s.g.m.s.m.a.ScDefaultMonitorInterceptor  : Start executing the springfox.documentation.schema.property.ModelSpecificationFactory.create method
2025-06-11 12:06:54.860  INFO 1 --- [           main] s.g.m.s.m.a.ScDefaultMonitorInterceptor  : Stop executing the springfox.documentation.schema.property.ModelSpecificationFactory.create method
2025-06-11 12:06:54.860  INFO 1 --- [           main] s.g.m.s.m.a.ScDefaultMonitorInterceptor  : Start executing the springfox.documentation.schema.property.ModelSpecificationFactory.create method
2025-06-11 12:06:54.860  INFO 1 --- [           main] s.g.m.s.m.a.ScDefaultMonitorInterceptor  : Stop executing the springfox.documentation.schema.property.ModelSpecificationFactory.create method
2025-06-11 12:06:54.861  INFO 1 --- [           main] s.g.m.s.m.a.ScDefaultMonitorInterceptor  : Start executing the springfox.documentation.schema.property.ModelSpecificationFactory.create method
2025-06-11 12:06:54.861  INFO 1 --- [           main] s.g.m.s.m.a.ScDefaultMonitorInterceptor  : Stop executing the springfox.documentation.schema.property.ModelSpecificationFactory.create method
2025-06-11 12:06:54.927  INFO 1 --- [           main] s.g.m.s.m.a.ScDefaultMonitorInterceptor  : Start executing the springfox.documentation.schema.property.ModelSpecificationFactory.create method
2025-06-11 12:06:54.927  INFO 1 --- [           main] s.g.m.s.m.a.ScDefaultMonitorInterceptor  : Stop executing the springfox.documentation.schema.property.ModelSpecificationFactory.create method
2025-06-11 12:06:54.928  INFO 1 --- [           main] s.g.m.s.m.a.ScDefaultMonitorInterceptor  : Start executing the springfox.documentation.schema.property.ModelSpecificationFactory.create method
2025-06-11 12:06:54.928  INFO 1 --- [           main] s.g.m.s.m.a.ScDefaultMonitorInterceptor  : Stop executing the springfox.documentation.schema.property.ModelSpecificationFactory.create method
2025-06-11 12:06:54.928  INFO 1 --- [           main] s.g.m.s.m.a.ScDefaultMonitorInterceptor  : Start executing the springfox.documentation.schema.property.ModelSpecificationFactory.create method
2025-06-11 12:06:54.928  INFO 1 --- [           main] s.g.m.s.m.a.ScDefaultMonitorInterceptor  : Stop executing the springfox.documentation.schema.property.ModelSpecificationFactory.create method
2025-06-11 12:06:54.928  INFO 1 --- [           main] s.g.m.s.m.a.ScDefaultMonitorInterceptor  : Start executing the springfox.documentation.schema.property.ModelSpecificationFactory.create method
2025-06-11 12:06:54.928  INFO 1 --- [           main] s.g.m.s.m.a.ScDefaultMonitorInterceptor  : Stop executing the springfox.documentation.schema.property.ModelSpecificationFactory.create method
2025-06-11 12:06:54.928  INFO 1 --- [           main] s.g.m.s.m.a.ScDefaultMonitorInterceptor  : Start executing the springfox.documentation.schema.property.ModelSpecificationFactory.create method
2025-06-11 12:06:54.928  INFO 1 --- [           main] s.g.m.s.m.a.ScDefaultMonitorInterceptor  : Stop executing the springfox.documentation.schema.property.ModelSpecificationFactory.create method
2025-06-11 12:06:54.928  INFO 1 --- [           main] s.g.m.s.m.a.ScDefaultMonitorInterceptor  : Start executing the springfox.documentation.schema.property.ModelSpecificationFactory.create method
2025-06-11 12:06:54.928  INFO 1 --- [           main] s.g.m.s.m.a.ScDefaultMonitorInterceptor  : Stop executing the springfox.documentation.schema.property.ModelSpecificationFactory.create method
2025-06-11 12:06:54.929  INFO 1 --- [           main] s.g.m.s.m.a.ScDefaultMonitorInterceptor  : Start executing the springfox.documentation.schema.property.ModelSpecificationFactory.create method
2025-06-11 12:06:54.929  INFO 1 --- [           main] s.g.m.s.m.a.ScDefaultMonitorInterceptor  : Stop executing the springfox.documentation.schema.property.ModelSpecificationFactory.create method
2025-06-11 12:06:54.929  INFO 1 --- [           main] s.g.m.s.m.a.ScDefaultMonitorInterceptor  : Start executing the springfox.documentation.schema.property.ModelSpecificationFactory.create method
2025-06-11 12:06:54.929  INFO 1 --- [           main] s.g.m.s.m.a.ScDefaultMonitorInterceptor  : Stop executing the springfox.documentation.schema.property.ModelSpecificationFactory.create method
2025-06-11 12:06:54.929  INFO 1 --- [           main] s.g.m.s.m.a.ScDefaultMonitorInterceptor  : Start executing the springfox.documentation.schema.property.ModelSpecificationFactory.create method
2025-06-11 12:06:54.929  INFO 1 --- [           main] s.g.m.s.m.a.ScDefaultMonitorInterceptor  : Stop executing the springfox.documentation.schema.property.ModelSpecificationFactory.create method
2025-06-11 12:06:54.929  INFO 1 --- [           main] s.g.m.s.m.a.ScDefaultMonitorInterceptor  : Start executing the springfox.documentation.schema.property.ModelSpecificationFactory.create method
2025-06-11 12:06:54.929  INFO 1 --- [           main] s.g.m.s.m.a.ScDefaultMonitorInterceptor  : Stop executing the springfox.documentation.schema.property.ModelSpecificationFactory.create method
2025-06-11 12:06:54.929  INFO 1 --- [           main] s.g.m.s.m.a.ScDefaultMonitorInterceptor  : Start executing the springfox.documentation.schema.property.ModelSpecificationFactory.create method
2025-06-11 12:06:54.929  INFO 1 --- [           main] s.g.m.s.m.a.ScDefaultMonitorInterceptor  : Stop executing the springfox.documentation.schema.property.ModelSpecificationFactory.create method
2025-06-11 12:06:54.930  INFO 1 --- [           main] s.g.m.s.m.a.ScDefaultMonitorInterceptor  : Start executing the springfox.documentation.schema.property.ModelSpecificationFactory.create method
2025-06-11 12:06:54.930  INFO 1 --- [           main] s.g.m.s.m.a.ScDefaultMonitorInterceptor  : Stop executing the springfox.documentation.schema.property.ModelSpecificationFactory.create method
2025-06-11 12:06:54.930  INFO 1 --- [           main] s.g.m.s.m.a.ScDefaultMonitorInterceptor  : Start executing the springfox.documentation.schema.property.ModelSpecificationFactory.create method
2025-06-11 12:06:54.930  INFO 1 --- [           main] s.g.m.s.m.a.ScDefaultMonitorInterceptor  : Stop executing the springfox.documentation.schema.property.ModelSpecificationFactory.create method
2025-06-11 12:06:54.930  INFO 1 --- [           main] s.g.m.s.m.a.ScDefaultMonitorInterceptor  : Start executing the springfox.documentation.schema.property.ModelSpecificationFactory.create method
2025-06-11 12:06:54.930  INFO 1 --- [           main] s.g.m.s.m.a.ScDefaultMonitorInterceptor  : Stop executing the springfox.documentation.schema.property.ModelSpecificationFactory.create method
2025-06-11 12:06:54.930  INFO 1 --- [           main] s.g.m.s.m.a.ScDefaultMonitorInterceptor  : Start executing the springfox.documentation.schema.property.ModelSpecificationFactory.create method
2025-06-11 12:06:54.930  INFO 1 --- [           main] s.g.m.s.m.a.ScDefaultMonitorInterceptor  : Stop executing the springfox.documentation.schema.property.ModelSpecificationFactory.create method
2025-06-11 12:06:54.930  INFO 1 --- [           main] s.g.m.s.m.a.ScDefaultMonitorInterceptor  : Start executing the springfox.documentation.schema.property.ModelSpecificationFactory.create method
2025-06-11 12:06:54.930  INFO 1 --- [           main] s.g.m.s.m.a.ScDefaultMonitorInterceptor  : Stop executing the springfox.documentation.schema.property.ModelSpecificationFactory.create method
2025-06-11 12:06:54.931  INFO 1 --- [           main] s.g.m.s.m.a.ScDefaultMonitorInterceptor  : Start executing the springfox.documentation.schema.property.ModelSpecificationFactory.create method
2025-06-11 12:06:54.931  INFO 1 --- [           main] s.g.m.s.m.a.ScDefaultMonitorInterceptor  : Stop executing the springfox.documentation.schema.property.ModelSpecificationFactory.create method
2025-06-11 12:06:54.931  INFO 1 --- [           main] s.g.m.s.m.a.ScDefaultMonitorInterceptor  : Start executing the springfox.documentation.schema.property.ModelSpecificationFactory.create method
2025-06-11 12:06:54.931  INFO 1 --- [           main] s.g.m.s.m.a.ScDefaultMonitorInterceptor  : Stop executing the springfox.documentation.schema.property.ModelSpecificationFactory.create method
2025-06-11 12:06:54.931  INFO 1 --- [           main] s.g.m.s.m.a.ScDefaultMonitorInterceptor  : Start executing the springfox.documentation.schema.property.ModelSpecificationFactory.create method
2025-06-11 12:06:54.931  INFO 1 --- [           main] s.g.m.s.m.a.ScDefaultMonitorInterceptor  : Stop executing the springfox.documentation.schema.property.ModelSpecificationFactory.create method
2025-06-11 12:06:54.931  INFO 1 --- [           main] s.g.m.s.m.a.ScDefaultMonitorInterceptor  : Start executing the springfox.documentation.schema.property.ModelSpecificationFactory.create method
2025-06-11 12:06:54.931  INFO 1 --- [           main] s.g.m.s.m.a.ScDefaultMonitorInterceptor  : Stop executing the springfox.documentation.schema.property.ModelSpecificationFactory.create method
2025-06-11 12:06:54.931  INFO 1 --- [           main] s.g.m.s.m.a.ScDefaultMonitorInterceptor  : Start executing the springfox.documentation.schema.property.ModelSpecificationFactory.create method
2025-06-11 12:06:54.932  INFO 1 --- [           main] s.g.m.s.m.a.ScDefaultMonitorInterceptor  : Stop executing the springfox.documentation.schema.property.ModelSpecificationFactory.create method
2025-06-11 12:06:54.932  INFO 1 --- [           main] s.g.m.s.m.a.ScDefaultMonitorInterceptor  : Start executing the springfox.documentation.schema.property.ModelSpecificationFactory.create method
2025-06-11 12:06:54.932  INFO 1 --- [           main] s.g.m.s.m.a.ScDefaultMonitorInterceptor  : Stop executing the springfox.documentation.schema.property.ModelSpecificationFactory.create method
2025-06-11 12:06:54.932  INFO 1 --- [           main] s.g.m.s.m.a.ScDefaultMonitorInterceptor  : Start executing the springfox.documentation.schema.property.ModelSpecificationFactory.create method
2025-06-11 12:06:54.932  INFO 1 --- [           main] s.g.m.s.m.a.ScDefaultMonitorInterceptor  : Stop executing the springfox.documentation.schema.property.ModelSpecificationFactory.create method
2025-06-11 12:06:54.932  INFO 1 --- [           main] s.g.m.s.m.a.ScDefaultMonitorInterceptor  : Start executing the springfox.documentation.schema.property.ModelSpecificationFactory.create method
2025-06-11 12:06:54.932  INFO 1 --- [           main] s.g.m.s.m.a.ScDefaultMonitorInterceptor  : Stop executing the springfox.documentation.schema.property.ModelSpecificationFactory.create method
2025-06-11 12:06:54.932  INFO 1 --- [           main] s.g.m.s.m.a.ScDefaultMonitorInterceptor  : Start executing the springfox.documentation.schema.property.ModelSpecificationFactory.create method
2025-06-11 12:06:54.932  INFO 1 --- [           main] s.g.m.s.m.a.ScDefaultMonitorInterceptor  : Stop executing the springfox.documentation.schema.property.ModelSpecificationFactory.create method
2025-06-11 12:06:54.932  INFO 1 --- [           main] s.g.m.s.m.a.ScDefaultMonitorInterceptor  : Start executing the springfox.documentation.schema.property.ModelSpecificationFactory.create method
2025-06-11 12:06:54.932  INFO 1 --- [           main] s.g.m.s.m.a.ScDefaultMonitorInterceptor  : Stop executing the springfox.documentation.schema.property.ModelSpecificationFactory.create method
2025-06-11 12:06:54.932  INFO 1 --- [           main] s.g.m.s.m.a.ScDefaultMonitorInterceptor  : Start executing the springfox.documentation.schema.property.ModelSpecificationFactory.create method
2025-06-11 12:06:54.932  INFO 1 --- [           main] s.g.m.s.m.a.ScDefaultMonitorInterceptor  : Stop executing the springfox.documentation.schema.property.ModelSpecificationFactory.create method
2025-06-11 12:06:54.932  INFO 1 --- [           main] s.g.m.s.m.a.ScDefaultMonitorInterceptor  : Start executing the springfox.documentation.schema.property.ModelSpecificationFactory.create method
2025-06-11 12:06:54.932  INFO 1 --- [           main] s.g.m.s.m.a.ScDefaultMonitorInterceptor  : Stop executing the springfox.documentation.schema.property.ModelSpecificationFactory.create method
2025-06-11 12:06:54.933  INFO 1 --- [           main] s.g.m.s.m.a.ScDefaultMonitorInterceptor  : Start executing the springfox.documentation.schema.property.ModelSpecificationFactory.create method
2025-06-11 12:06:54.933  INFO 1 --- [           main] s.g.m.s.m.a.ScDefaultMonitorInterceptor  : Stop executing the springfox.documentation.schema.property.ModelSpecificationFactory.create method
2025-06-11 12:06:54.933  INFO 1 --- [           main] s.g.m.s.m.a.ScDefaultMonitorInterceptor  : Start executing the springfox.documentation.schema.property.ModelSpecificationFactory.create method
2025-06-11 12:06:54.933  INFO 1 --- [           main] s.g.m.s.m.a.ScDefaultMonitorInterceptor  : Stop executing the springfox.documentation.schema.property.ModelSpecificationFactory.create method
2025-06-11 12:06:54.947  INFO 1 --- [           main] s.g.m.s.m.a.ScDefaultMonitorInterceptor  : Start executing the springfox.documentation.schema.property.ModelSpecificationFactory.create method
2025-06-11 12:06:54.947  INFO 1 --- [           main] s.g.m.s.m.a.ScDefaultMonitorInterceptor  : Stop executing the springfox.documentation.schema.property.ModelSpecificationFactory.create method
2025-06-11 12:06:54.947  INFO 1 --- [           main] s.g.m.s.m.a.ScDefaultMonitorInterceptor  : Start executing the springfox.documentation.schema.property.ModelSpecificationFactory.create method
2025-06-11 12:06:54.947  INFO 1 --- [           main] s.g.m.s.m.a.ScDefaultMonitorInterceptor  : Stop executing the springfox.documentation.schema.property.ModelSpecificationFactory.create method
2025-06-11 12:06:54.947  INFO 1 --- [           main] s.g.m.s.m.a.ScDefaultMonitorInterceptor  : Start executing the springfox.documentation.schema.property.ModelSpecificationFactory.create method
2025-06-11 12:06:54.947  INFO 1 --- [           main] s.g.m.s.m.a.ScDefaultMonitorInterceptor  : Stop executing the springfox.documentation.schema.property.ModelSpecificationFactory.create method
2025-06-11 12:06:54.948  INFO 1 --- [           main] s.g.m.s.m.a.ScDefaultMonitorInterceptor  : Start executing the springfox.documentation.schema.property.ModelSpecificationFactory.create method
2025-06-11 12:06:54.948  INFO 1 --- [           main] s.g.m.s.m.a.ScDefaultMonitorInterceptor  : Stop executing the springfox.documentation.schema.property.ModelSpecificationFactory.create method
2025-06-11 12:06:54.948  INFO 1 --- [           main] s.g.m.s.m.a.ScDefaultMonitorInterceptor  : Start executing the springfox.documentation.schema.property.ModelSpecificationFactory.create method
2025-06-11 12:06:54.948  INFO 1 --- [           main] s.g.m.s.m.a.ScDefaultMonitorInterceptor  : Stop executing the springfox.documentation.schema.property.ModelSpecificationFactory.create method
2025-06-11 12:06:54.948  INFO 1 --- [           main] s.g.m.s.m.a.ScDefaultMonitorInterceptor  : Start executing the springfox.documentation.schema.property.ModelSpecificationFactory.create method
2025-06-11 12:06:54.948  INFO 1 --- [           main] s.g.m.s.m.a.ScDefaultMonitorInterceptor  : Stop executing the springfox.documentation.schema.property.ModelSpecificationFactory.create method
2025-06-11 12:06:54.948  INFO 1 --- [           main] s.g.m.s.m.a.ScDefaultMonitorInterceptor  : Start executing the springfox.documentation.schema.property.ModelSpecificationFactory.create method
2025-06-11 12:06:54.948  INFO 1 --- [           main] s.g.m.s.m.a.ScDefaultMonitorInterceptor  : Stop executing the springfox.documentation.schema.property.ModelSpecificationFactory.create method
2025-06-11 12:06:54.948  INFO 1 --- [           main] s.g.m.s.m.a.ScDefaultMonitorInterceptor  : Start executing the springfox.documentation.schema.property.ModelSpecificationFactory.create method
2025-06-11 12:06:54.948  INFO 1 --- [           main] s.g.m.s.m.a.ScDefaultMonitorInterceptor  : Stop executing the springfox.documentation.schema.property.ModelSpecificationFactory.create method
2025-06-11 12:06:54.949  INFO 1 --- [           main] s.g.m.s.m.a.ScDefaultMonitorInterceptor  : Start executing the springfox.documentation.schema.property.ModelSpecificationFactory.create method
2025-06-11 12:06:54.949  INFO 1 --- [           main] s.g.m.s.m.a.ScDefaultMonitorInterceptor  : Stop executing the springfox.documentation.schema.property.ModelSpecificationFactory.create method
2025-06-11 12:06:54.949  INFO 1 --- [           main] s.g.m.s.m.a.ScDefaultMonitorInterceptor  : Start executing the springfox.documentation.schema.property.ModelSpecificationFactory.create method
2025-06-11 12:06:54.949  INFO 1 --- [           main] s.g.m.s.m.a.ScDefaultMonitorInterceptor  : Stop executing the springfox.documentation.schema.property.ModelSpecificationFactory.create method
2025-06-11 12:06:54.949  INFO 1 --- [           main] s.g.m.s.m.a.ScDefaultMonitorInterceptor  : Start executing the springfox.documentation.schema.property.ModelSpecificationFactory.create method
2025-06-11 12:06:54.949  INFO 1 --- [           main] s.g.m.s.m.a.ScDefaultMonitorInterceptor  : Stop executing the springfox.documentation.schema.property.ModelSpecificationFactory.create method
2025-06-11 12:06:54.949  INFO 1 --- [           main] s.g.m.s.m.a.ScDefaultMonitorInterceptor  : Start executing the springfox.documentation.schema.property.ModelSpecificationFactory.create method
2025-06-11 12:06:54.949  INFO 1 --- [           main] s.g.m.s.m.a.ScDefaultMonitorInterceptor  : Stop executing the springfox.documentation.schema.property.ModelSpecificationFactory.create method
2025-06-11 12:06:54.949  INFO 1 --- [           main] s.g.m.s.m.a.ScDefaultMonitorInterceptor  : Start executing the springfox.documentation.schema.property.ModelSpecificationFactory.create method
2025-06-11 12:06:54.949  INFO 1 --- [           main] s.g.m.s.m.a.ScDefaultMonitorInterceptor  : Stop executing the springfox.documentation.schema.property.ModelSpecificationFactory.create method
2025-06-11 12:06:54.949  INFO 1 --- [           main] s.g.m.s.m.a.ScDefaultMonitorInterceptor  : Start executing the springfox.documentation.schema.property.ModelSpecificationFactory.create method
2025-06-11 12:06:54.949  INFO 1 --- [           main] s.g.m.s.m.a.ScDefaultMonitorInterceptor  : Stop executing the springfox.documentation.schema.property.ModelSpecificationFactory.create method
2025-06-11 12:06:54.949  INFO 1 --- [           main] s.g.m.s.m.a.ScDefaultMonitorInterceptor  : Start executing the springfox.documentation.schema.property.ModelSpecificationFactory.create method
2025-06-11 12:06:54.949  INFO 1 --- [           main] s.g.m.s.m.a.ScDefaultMonitorInterceptor  : Stop executing the springfox.documentation.schema.property.ModelSpecificationFactory.create method
2025-06-11 12:06:54.949  INFO 1 --- [           main] s.g.m.s.m.a.ScDefaultMonitorInterceptor  : Start executing the springfox.documentation.schema.property.ModelSpecificationFactory.create method
2025-06-11 12:06:54.949  INFO 1 --- [           main] s.g.m.s.m.a.ScDefaultMonitorInterceptor  : Stop executing the springfox.documentation.schema.property.ModelSpecificationFactory.create method
2025-06-11 12:06:54.950  INFO 1 --- [           main] s.g.m.s.m.a.ScDefaultMonitorInterceptor  : Start executing the springfox.documentation.schema.property.ModelSpecificationFactory.create method
2025-06-11 12:06:54.950  INFO 1 --- [           main] s.g.m.s.m.a.ScDefaultMonitorInterceptor  : Stop executing the springfox.documentation.schema.property.ModelSpecificationFactory.create method
2025-06-11 12:06:54.950  INFO 1 --- [           main] s.g.m.s.m.a.ScDefaultMonitorInterceptor  : Start executing the springfox.documentation.schema.property.ModelSpecificationFactory.create method
2025-06-11 12:06:54.950  INFO 1 --- [           main] s.g.m.s.m.a.ScDefaultMonitorInterceptor  : Stop executing the springfox.documentation.schema.property.ModelSpecificationFactory.create method
2025-06-11 12:06:54.950  INFO 1 --- [           main] s.g.m.s.m.a.ScDefaultMonitorInterceptor  : Start executing the springfox.documentation.schema.property.ModelSpecificationFactory.create method
2025-06-11 12:06:54.950  INFO 1 --- [           main] s.g.m.s.m.a.ScDefaultMonitorInterceptor  : Stop executing the springfox.documentation.schema.property.ModelSpecificationFactory.create method
2025-06-11 12:06:54.950  INFO 1 --- [           main] s.g.m.s.m.a.ScDefaultMonitorInterceptor  : Start executing the springfox.documentation.schema.property.ModelSpecificationFactory.create method
2025-06-11 12:06:54.950  INFO 1 --- [           main] s.g.m.s.m.a.ScDefaultMonitorInterceptor  : Stop executing the springfox.documentation.schema.property.ModelSpecificationFactory.create method
2025-06-11 12:06:54.951  INFO 1 --- [           main] s.g.m.s.m.a.ScDefaultMonitorInterceptor  : Start executing the springfox.documentation.schema.property.ModelSpecificationFactory.create method
2025-06-11 12:06:54.951  INFO 1 --- [           main] s.g.m.s.m.a.ScDefaultMonitorInterceptor  : Stop executing the springfox.documentation.schema.property.ModelSpecificationFactory.create method
2025-06-11 12:06:54.951  INFO 1 --- [           main] s.g.m.s.m.a.ScDefaultMonitorInterceptor  : Start executing the springfox.documentation.schema.property.ModelSpecificationFactory.create method
2025-06-11 12:06:54.951  INFO 1 --- [           main] s.g.m.s.m.a.ScDefaultMonitorInterceptor  : Stop executing the springfox.documentation.schema.property.ModelSpecificationFactory.create method
2025-06-11 12:06:54.951  INFO 1 --- [           main] s.g.m.s.m.a.ScDefaultMonitorInterceptor  : Start executing the springfox.documentation.schema.property.ModelSpecificationFactory.create method
2025-06-11 12:06:54.951  INFO 1 --- [           main] s.g.m.s.m.a.ScDefaultMonitorInterceptor  : Stop executing the springfox.documentation.schema.property.ModelSpecificationFactory.create method
2025-06-11 12:06:54.951  INFO 1 --- [           main] s.g.m.s.m.a.ScDefaultMonitorInterceptor  : Start executing the springfox.documentation.schema.property.ModelSpecificationFactory.create method
2025-06-11 12:06:54.951  INFO 1 --- [           main] s.g.m.s.m.a.ScDefaultMonitorInterceptor  : Stop executing the springfox.documentation.schema.property.ModelSpecificationFactory.create method
2025-06-11 12:06:54.951  INFO 1 --- [           main] s.g.m.s.m.a.ScDefaultMonitorInterceptor  : Start executing the springfox.documentation.schema.property.ModelSpecificationFactory.create method
2025-06-11 12:06:54.951  INFO 1 --- [           main] s.g.m.s.m.a.ScDefaultMonitorInterceptor  : Stop executing the springfox.documentation.schema.property.ModelSpecificationFactory.create method
2025-06-11 12:06:54.952  INFO 1 --- [           main] s.g.m.s.m.a.ScDefaultMonitorInterceptor  : Start executing the springfox.documentation.schema.property.ModelSpecificationFactory.create method
2025-06-11 12:06:54.952  INFO 1 --- [           main] s.g.m.s.m.a.ScDefaultMonitorInterceptor  : Stop executing the springfox.documentation.schema.property.ModelSpecificationFactory.create method
2025-06-11 12:06:54.952  INFO 1 --- [           main] s.g.m.s.m.a.ScDefaultMonitorInterceptor  : Start executing the springfox.documentation.schema.property.ModelSpecificationFactory.create method
2025-06-11 12:06:54.952  INFO 1 --- [           main] s.g.m.s.m.a.ScDefaultMonitorInterceptor  : Stop executing the springfox.documentation.schema.property.ModelSpecificationFactory.create method
2025-06-11 12:06:54.952  INFO 1 --- [           main] s.g.m.s.m.a.ScDefaultMonitorInterceptor  : Start executing the springfox.documentation.schema.property.ModelSpecificationFactory.create method
2025-06-11 12:06:54.952  INFO 1 --- [           main] s.g.m.s.m.a.ScDefaultMonitorInterceptor  : Stop executing the springfox.documentation.schema.property.ModelSpecificationFactory.create method
2025-06-11 12:06:54.952  INFO 1 --- [           main] s.g.m.s.m.a.ScDefaultMonitorInterceptor  : Start executing the springfox.documentation.schema.property.ModelSpecificationFactory.create method
2025-06-11 12:06:54.952  INFO 1 --- [           main] s.g.m.s.m.a.ScDefaultMonitorInterceptor  : Stop executing the springfox.documentation.schema.property.ModelSpecificationFactory.create method
2025-06-11 12:06:54.952  INFO 1 --- [           main] s.g.m.s.m.a.ScDefaultMonitorInterceptor  : Start executing the springfox.documentation.schema.property.ModelSpecificationFactory.create method
2025-06-11 12:06:54.952  INFO 1 --- [           main] s.g.m.s.m.a.ScDefaultMonitorInterceptor  : Stop executing the springfox.documentation.schema.property.ModelSpecificationFactory.create method
2025-06-11 12:06:54.952  INFO 1 --- [           main] s.g.m.s.m.a.ScDefaultMonitorInterceptor  : Start executing the springfox.documentation.schema.property.ModelSpecificationFactory.create method
2025-06-11 12:06:54.952  INFO 1 --- [           main] s.g.m.s.m.a.ScDefaultMonitorInterceptor  : Stop executing the springfox.documentation.schema.property.ModelSpecificationFactory.create method
2025-06-11 12:06:54.952  INFO 1 --- [           main] s.g.m.s.m.a.ScDefaultMonitorInterceptor  : Start executing the springfox.documentation.schema.property.ModelSpecificationFactory.create method
2025-06-11 12:06:54.952  INFO 1 --- [           main] s.g.m.s.m.a.ScDefaultMonitorInterceptor  : Stop executing the springfox.documentation.schema.property.ModelSpecificationFactory.create method
2025-06-11 12:06:54.953  INFO 1 --- [           main] s.g.m.s.m.a.ScDefaultMonitorInterceptor  : Start executing the springfox.documentation.schema.property.ModelSpecificationFactory.create method
2025-06-11 12:06:54.953  INFO 1 --- [           main] s.g.m.s.m.a.ScDefaultMonitorInterceptor  : Stop executing the springfox.documentation.schema.property.ModelSpecificationFactory.create method
2025-06-11 12:06:54.953  INFO 1 --- [           main] s.g.m.s.m.a.ScDefaultMonitorInterceptor  : Start executing the springfox.documentation.schema.property.ModelSpecificationFactory.create method
2025-06-11 12:06:54.953  INFO 1 --- [           main] s.g.m.s.m.a.ScDefaultMonitorInterceptor  : Stop executing the springfox.documentation.schema.property.ModelSpecificationFactory.create method
2025-06-11 12:06:54.953  INFO 1 --- [           main] s.g.m.s.m.a.ScDefaultMonitorInterceptor  : Start executing the springfox.documentation.schema.property.ModelSpecificationFactory.create method
2025-06-11 12:06:54.953  INFO 1 --- [           main] s.g.m.s.m.a.ScDefaultMonitorInterceptor  : Stop executing the springfox.documentation.schema.property.ModelSpecificationFactory.create method
2025-06-11 12:06:54.953  INFO 1 --- [           main] s.g.m.s.m.a.ScDefaultMonitorInterceptor  : Start executing the springfox.documentation.schema.property.ModelSpecificationFactory.create method
2025-06-11 12:06:54.953  INFO 1 --- [           main] s.g.m.s.m.a.ScDefaultMonitorInterceptor  : Stop executing the springfox.documentation.schema.property.ModelSpecificationFactory.create method
2025-06-11 12:06:54.953  INFO 1 --- [           main] s.g.m.s.m.a.ScDefaultMonitorInterceptor  : Start executing the springfox.documentation.schema.property.ModelSpecificationFactory.create method
2025-06-11 12:06:54.953  INFO 1 --- [           main] s.g.m.s.m.a.ScDefaultMonitorInterceptor  : Stop executing the springfox.documentation.schema.property.ModelSpecificationFactory.create method
2025-06-11 12:06:54.953  INFO 1 --- [           main] s.g.m.s.m.a.ScDefaultMonitorInterceptor  : Start executing the springfox.documentation.schema.property.ModelSpecificationFactory.create method
2025-06-11 12:06:54.953  INFO 1 --- [           main] s.g.m.s.m.a.ScDefaultMonitorInterceptor  : Stop executing the springfox.documentation.schema.property.ModelSpecificationFactory.create method
2025-06-11 12:06:54.954  INFO 1 --- [           main] s.g.m.s.m.a.ScDefaultMonitorInterceptor  : Start executing the springfox.documentation.schema.property.ModelSpecificationFactory.create method
2025-06-11 12:06:54.954  INFO 1 --- [           main] s.g.m.s.m.a.ScDefaultMonitorInterceptor  : Stop executing the springfox.documentation.schema.property.ModelSpecificationFactory.create method
2025-06-11 12:06:54.954  INFO 1 --- [           main] s.g.m.s.m.a.ScDefaultMonitorInterceptor  : Start executing the springfox.documentation.schema.property.ModelSpecificationFactory.create method
2025-06-11 12:06:54.954  INFO 1 --- [           main] s.g.m.s.m.a.ScDefaultMonitorInterceptor  : Stop executing the springfox.documentation.schema.property.ModelSpecificationFactory.create method
2025-06-11 12:06:54.954  INFO 1 --- [           main] s.g.m.s.m.a.ScDefaultMonitorInterceptor  : Start executing the springfox.documentation.schema.property.ModelSpecificationFactory.create method
2025-06-11 12:06:54.954  INFO 1 --- [           main] s.g.m.s.m.a.ScDefaultMonitorInterceptor  : Stop executing the springfox.documentation.schema.property.ModelSpecificationFactory.create method
2025-06-11 12:06:54.954  INFO 1 --- [           main] s.g.m.s.m.a.ScDefaultMonitorInterceptor  : Start executing the springfox.documentation.schema.property.ModelSpecificationFactory.create method
2025-06-11 12:06:54.954  INFO 1 --- [           main] s.g.m.s.m.a.ScDefaultMonitorInterceptor  : Stop executing the springfox.documentation.schema.property.ModelSpecificationFactory.create method
2025-06-11 12:06:54.954  INFO 1 --- [           main] s.g.m.s.m.a.ScDefaultMonitorInterceptor  : Start executing the springfox.documentation.schema.property.ModelSpecificationFactory.create method
2025-06-11 12:06:54.954  INFO 1 --- [           main] s.g.m.s.m.a.ScDefaultMonitorInterceptor  : Stop executing the springfox.documentation.schema.property.ModelSpecificationFactory.create method
2025-06-11 12:06:54.955  INFO 1 --- [           main] s.g.m.s.m.a.ScDefaultMonitorInterceptor  : Start executing the springfox.documentation.schema.property.ModelSpecificationFactory.create method
2025-06-11 12:06:54.955  INFO 1 --- [           main] s.g.m.s.m.a.ScDefaultMonitorInterceptor  : Stop executing the springfox.documentation.schema.property.ModelSpecificationFactory.create method
2025-06-11 12:06:54.955  INFO 1 --- [           main] s.g.m.s.m.a.ScDefaultMonitorInterceptor  : Start executing the springfox.documentation.schema.property.ModelSpecificationFactory.create method
2025-06-11 12:06:54.955  INFO 1 --- [           main] s.g.m.s.m.a.ScDefaultMonitorInterceptor  : Stop executing the springfox.documentation.schema.property.ModelSpecificationFactory.create method
2025-06-11 12:06:54.958  INFO 1 --- [           main] s.g.m.s.m.a.ScDefaultMonitorInterceptor  : Start executing the springfox.documentation.schema.property.ModelSpecificationFactory.create method
2025-06-11 12:06:54.958  INFO 1 --- [           main] s.g.m.s.m.a.ScDefaultMonitorInterceptor  : Stop executing the springfox.documentation.schema.property.ModelSpecificationFactory.create method
2025-06-11 12:06:54.958  INFO 1 --- [           main] s.g.m.s.m.a.ScDefaultMonitorInterceptor  : Start executing the springfox.documentation.schema.property.ModelSpecificationFactory.create method
2025-06-11 12:06:54.958  INFO 1 --- [           main] s.g.m.s.m.a.ScDefaultMonitorInterceptor  : Stop executing the springfox.documentation.schema.property.ModelSpecificationFactory.create method
2025-06-11 12:06:54.963  INFO 1 --- [           main] s.g.m.s.m.a.ScDefaultMonitorInterceptor  : Start executing the springfox.documentation.schema.property.ModelSpecificationFactory.create method
2025-06-11 12:06:54.963  INFO 1 --- [           main] s.g.m.s.m.a.ScDefaultMonitorInterceptor  : Stop executing the springfox.documentation.schema.property.ModelSpecificationFactory.create method
2025-06-11 12:06:55.023  INFO 1 --- [           main] s.g.m.s.m.a.ScDefaultMonitorInterceptor  : Start executing the springfox.documentation.schema.property.ModelSpecificationFactory.create method
2025-06-11 12:06:55.023  INFO 1 --- [           main] s.g.m.s.m.a.ScDefaultMonitorInterceptor  : Stop executing the springfox.documentation.schema.property.ModelSpecificationFactory.create method
2025-06-11 12:06:55.024  INFO 1 --- [           main] s.g.m.s.m.a.ScDefaultMonitorInterceptor  : Start executing the springfox.documentation.schema.property.ModelSpecificationFactory.create method
2025-06-11 12:06:55.024  INFO 1 --- [           main] s.g.m.s.m.a.ScDefaultMonitorInterceptor  : Stop executing the springfox.documentation.schema.property.ModelSpecificationFactory.create method
2025-06-11 12:06:55.024  INFO 1 --- [           main] s.g.m.s.m.a.ScDefaultMonitorInterceptor  : Start executing the springfox.documentation.schema.property.ModelSpecificationFactory.create method
2025-06-11 12:06:55.024  INFO 1 --- [           main] s.g.m.s.m.a.ScDefaultMonitorInterceptor  : Stop executing the springfox.documentation.schema.property.ModelSpecificationFactory.create method
2025-06-11 12:06:55.024  INFO 1 --- [           main] s.g.m.s.m.a.ScDefaultMonitorInterceptor  : Start executing the springfox.documentation.schema.property.ModelSpecificationFactory.create method
2025-06-11 12:06:55.024  INFO 1 --- [           main] s.g.m.s.m.a.ScDefaultMonitorInterceptor  : Stop executing the springfox.documentation.schema.property.ModelSpecificationFactory.create method
2025-06-11 12:06:55.024  INFO 1 --- [           main] s.g.m.s.m.a.ScDefaultMonitorInterceptor  : Start executing the springfox.documentation.schema.property.ModelSpecificationFactory.create method
2025-06-11 12:06:55.024  INFO 1 --- [           main] s.g.m.s.m.a.ScDefaultMonitorInterceptor  : Stop executing the springfox.documentation.schema.property.ModelSpecificationFactory.create method
2025-06-11 12:06:55.025  INFO 1 --- [           main] s.g.m.s.m.a.ScDefaultMonitorInterceptor  : Start executing the springfox.documentation.schema.property.ModelSpecificationFactory.create method
2025-06-11 12:06:55.025  INFO 1 --- [           main] s.g.m.s.m.a.ScDefaultMonitorInterceptor  : Stop executing the springfox.documentation.schema.property.ModelSpecificationFactory.create method
2025-06-11 12:06:55.025  INFO 1 --- [           main] s.g.m.s.m.a.ScDefaultMonitorInterceptor  : Start executing the springfox.documentation.schema.property.ModelSpecificationFactory.create method
2025-06-11 12:06:55.025  INFO 1 --- [           main] s.g.m.s.m.a.ScDefaultMonitorInterceptor  : Stop executing the springfox.documentation.schema.property.ModelSpecificationFactory.create method
2025-06-11 12:06:55.025  INFO 1 --- [           main] s.g.m.s.m.a.ScDefaultMonitorInterceptor  : Start executing the springfox.documentation.schema.property.ModelSpecificationFactory.create method
2025-06-11 12:06:55.025  INFO 1 --- [           main] s.g.m.s.m.a.ScDefaultMonitorInterceptor  : Stop executing the springfox.documentation.schema.property.ModelSpecificationFactory.create method
2025-06-11 12:06:55.025  INFO 1 --- [           main] s.g.m.s.m.a.ScDefaultMonitorInterceptor  : Start executing the springfox.documentation.schema.property.ModelSpecificationFactory.create method
2025-06-11 12:06:55.025  INFO 1 --- [           main] s.g.m.s.m.a.ScDefaultMonitorInterceptor  : Stop executing the springfox.documentation.schema.property.ModelSpecificationFactory.create method
2025-06-11 12:06:55.025  INFO 1 --- [           main] s.g.m.s.m.a.ScDefaultMonitorInterceptor  : Start executing the springfox.documentation.schema.property.ModelSpecificationFactory.create method
2025-06-11 12:06:55.025  INFO 1 --- [           main] s.g.m.s.m.a.ScDefaultMonitorInterceptor  : Stop executing the springfox.documentation.schema.property.ModelSpecificationFactory.create method
2025-06-11 12:06:55.026  INFO 1 --- [           main] s.g.m.s.m.a.ScDefaultMonitorInterceptor  : Start executing the springfox.documentation.schema.property.ModelSpecificationFactory.create method
2025-06-11 12:06:55.026  INFO 1 --- [           main] s.g.m.s.m.a.ScDefaultMonitorInterceptor  : Stop executing the springfox.documentation.schema.property.ModelSpecificationFactory.create method
2025-06-11 12:06:55.026  INFO 1 --- [           main] s.g.m.s.m.a.ScDefaultMonitorInterceptor  : Start executing the springfox.documentation.schema.property.ModelSpecificationFactory.create method
2025-06-11 12:06:55.026  INFO 1 --- [           main] s.g.m.s.m.a.ScDefaultMonitorInterceptor  : Stop executing the springfox.documentation.schema.property.ModelSpecificationFactory.create method
2025-06-11 12:06:55.026  INFO 1 --- [           main] s.g.m.s.m.a.ScDefaultMonitorInterceptor  : Start executing the springfox.documentation.schema.property.ModelSpecificationFactory.create method
2025-06-11 12:06:55.026  INFO 1 --- [           main] s.g.m.s.m.a.ScDefaultMonitorInterceptor  : Stop executing the springfox.documentation.schema.property.ModelSpecificationFactory.create method
2025-06-11 12:06:55.026  INFO 1 --- [           main] s.g.m.s.m.a.ScDefaultMonitorInterceptor  : Start executing the springfox.documentation.schema.property.ModelSpecificationFactory.create method
2025-06-11 12:06:55.026  INFO 1 --- [           main] s.g.m.s.m.a.ScDefaultMonitorInterceptor  : Stop executing the springfox.documentation.schema.property.ModelSpecificationFactory.create method
2025-06-11 12:06:55.026  INFO 1 --- [           main] s.g.m.s.m.a.ScDefaultMonitorInterceptor  : Start executing the springfox.documentation.schema.property.ModelSpecificationFactory.create method
2025-06-11 12:06:55.026  INFO 1 --- [           main] s.g.m.s.m.a.ScDefaultMonitorInterceptor  : Stop executing the springfox.documentation.schema.property.ModelSpecificationFactory.create method
2025-06-11 12:06:55.026  INFO 1 --- [           main] s.g.m.s.m.a.ScDefaultMonitorInterceptor  : Start executing the springfox.documentation.schema.property.ModelSpecificationFactory.create method
2025-06-11 12:06:55.026  INFO 1 --- [           main] s.g.m.s.m.a.ScDefaultMonitorInterceptor  : Stop executing the springfox.documentation.schema.property.ModelSpecificationFactory.create method
2025-06-11 12:06:55.027  INFO 1 --- [           main] s.g.m.s.m.a.ScDefaultMonitorInterceptor  : Start executing the springfox.documentation.schema.property.ModelSpecificationFactory.create method
2025-06-11 12:06:55.027  INFO 1 --- [           main] s.g.m.s.m.a.ScDefaultMonitorInterceptor  : Stop executing the springfox.documentation.schema.property.ModelSpecificationFactory.create method
2025-06-11 12:06:55.029  INFO 1 --- [           main] s.g.m.s.m.a.ScDefaultMonitorInterceptor  : Start executing the springfox.documentation.schema.property.ModelSpecificationFactory.create method
2025-06-11 12:06:55.029  INFO 1 --- [           main] s.g.m.s.m.a.ScDefaultMonitorInterceptor  : Stop executing the springfox.documentation.schema.property.ModelSpecificationFactory.create method
2025-06-11 12:06:55.032  INFO 1 --- [           main] s.g.m.s.m.a.ScDefaultMonitorInterceptor  : Start executing the springfox.documentation.schema.property.ModelSpecificationFactory.create method
2025-06-11 12:06:55.032  INFO 1 --- [           main] s.g.m.s.m.a.ScDefaultMonitorInterceptor  : Stop executing the springfox.documentation.schema.property.ModelSpecificationFactory.create method
2025-06-11 12:06:55.033  INFO 1 --- [           main] s.g.m.s.m.a.ScDefaultMonitorInterceptor  : Start executing the springfox.documentation.schema.property.ModelSpecificationFactory.create method
2025-06-11 12:06:55.033  INFO 1 --- [           main] s.g.m.s.m.a.ScDefaultMonitorInterceptor  : Stop executing the springfox.documentation.schema.property.ModelSpecificationFactory.create method
2025-06-11 12:06:55.033  INFO 1 --- [           main] s.g.m.s.m.a.ScDefaultMonitorInterceptor  : Start executing the springfox.documentation.schema.property.ModelSpecificationFactory.create method
2025-06-11 12:06:55.033  INFO 1 --- [           main] s.g.m.s.m.a.ScDefaultMonitorInterceptor  : Stop executing the springfox.documentation.schema.property.ModelSpecificationFactory.create method
2025-06-11 12:06:55.033  INFO 1 --- [           main] s.g.m.s.m.a.ScDefaultMonitorInterceptor  : Start executing the springfox.documentation.schema.property.ModelSpecificationFactory.create method
2025-06-11 12:06:55.033  INFO 1 --- [           main] s.g.m.s.m.a.ScDefaultMonitorInterceptor  : Stop executing the springfox.documentation.schema.property.ModelSpecificationFactory.create method
2025-06-11 12:06:55.033  INFO 1 --- [           main] s.g.m.s.m.a.ScDefaultMonitorInterceptor  : Start executing the springfox.documentation.schema.property.ModelSpecificationFactory.create method
2025-06-11 12:06:55.033  INFO 1 --- [           main] s.g.m.s.m.a.ScDefaultMonitorInterceptor  : Stop executing the springfox.documentation.schema.property.ModelSpecificationFactory.create method
2025-06-11 12:06:55.033  INFO 1 --- [           main] s.g.m.s.m.a.ScDefaultMonitorInterceptor  : Start executing the springfox.documentation.schema.property.ModelSpecificationFactory.create method
2025-06-11 12:06:55.033  INFO 1 --- [           main] s.g.m.s.m.a.ScDefaultMonitorInterceptor  : Stop executing the springfox.documentation.schema.property.ModelSpecificationFactory.create method
2025-06-11 12:06:55.034  INFO 1 --- [           main] s.g.m.s.m.a.ScDefaultMonitorInterceptor  : Start executing the springfox.documentation.schema.property.ModelSpecificationFactory.create method
2025-06-11 12:06:55.034  INFO 1 --- [           main] s.g.m.s.m.a.ScDefaultMonitorInterceptor  : Stop executing the springfox.documentation.schema.property.ModelSpecificationFactory.create method
2025-06-11 12:06:55.034  INFO 1 --- [           main] s.g.m.s.m.a.ScDefaultMonitorInterceptor  : Start executing the springfox.documentation.schema.property.ModelSpecificationFactory.create method
2025-06-11 12:06:55.034  INFO 1 --- [           main] s.g.m.s.m.a.ScDefaultMonitorInterceptor  : Stop executing the springfox.documentation.schema.property.ModelSpecificationFactory.create method
2025-06-11 12:06:55.034  INFO 1 --- [           main] s.g.m.s.m.a.ScDefaultMonitorInterceptor  : Start executing the springfox.documentation.schema.property.ModelSpecificationFactory.create method
2025-06-11 12:06:55.034  INFO 1 --- [           main] s.g.m.s.m.a.ScDefaultMonitorInterceptor  : Stop executing the springfox.documentation.schema.property.ModelSpecificationFactory.create method
2025-06-11 12:06:55.034  INFO 1 --- [           main] s.g.m.s.m.a.ScDefaultMonitorInterceptor  : Start executing the springfox.documentation.schema.property.ModelSpecificationFactory.create method
2025-06-11 12:06:55.034  INFO 1 --- [           main] s.g.m.s.m.a.ScDefaultMonitorInterceptor  : Stop executing the springfox.documentation.schema.property.ModelSpecificationFactory.create method
2025-06-11 12:06:55.034  INFO 1 --- [           main] s.g.m.s.m.a.ScDefaultMonitorInterceptor  : Start executing the springfox.documentation.schema.property.ModelSpecificationFactory.create method
2025-06-11 12:06:55.034  INFO 1 --- [           main] s.g.m.s.m.a.ScDefaultMonitorInterceptor  : Stop executing the springfox.documentation.schema.property.ModelSpecificationFactory.create method
2025-06-11 12:06:55.043  INFO 1 --- [           main] s.g.m.s.m.a.ScDefaultMonitorInterceptor  : Start executing the springfox.documentation.schema.property.ModelSpecificationFactory.create method
2025-06-11 12:06:55.043  INFO 1 --- [           main] s.g.m.s.m.a.ScDefaultMonitorInterceptor  : Stop executing the springfox.documentation.schema.property.ModelSpecificationFactory.create method
2025-06-11 12:06:55.043  INFO 1 --- [           main] s.g.m.s.m.a.ScDefaultMonitorInterceptor  : Start executing the springfox.documentation.schema.property.ModelSpecificationFactory.create method
2025-06-11 12:06:55.043  INFO 1 --- [           main] s.g.m.s.m.a.ScDefaultMonitorInterceptor  : Stop executing the springfox.documentation.schema.property.ModelSpecificationFactory.create method
2025-06-11 12:06:55.043  INFO 1 --- [           main] s.g.m.s.m.a.ScDefaultMonitorInterceptor  : Start executing the springfox.documentation.schema.property.ModelSpecificationFactory.create method
2025-06-11 12:06:55.043  INFO 1 --- [           main] s.g.m.s.m.a.ScDefaultMonitorInterceptor  : Stop executing the springfox.documentation.schema.property.ModelSpecificationFactory.create method
2025-06-11 12:06:55.043  INFO 1 --- [           main] s.g.m.s.m.a.ScDefaultMonitorInterceptor  : Start executing the springfox.documentation.schema.property.ModelSpecificationFactory.create method
2025-06-11 12:06:55.043  INFO 1 --- [           main] s.g.m.s.m.a.ScDefaultMonitorInterceptor  : Stop executing the springfox.documentation.schema.property.ModelSpecificationFactory.create method
2025-06-11 12:06:55.043  INFO 1 --- [           main] s.g.m.s.m.a.ScDefaultMonitorInterceptor  : Start executing the springfox.documentation.schema.property.ModelSpecificationFactory.create method
2025-06-11 12:06:55.043  INFO 1 --- [           main] s.g.m.s.m.a.ScDefaultMonitorInterceptor  : Stop executing the springfox.documentation.schema.property.ModelSpecificationFactory.create method
2025-06-11 12:06:55.043  INFO 1 --- [           main] s.g.m.s.m.a.ScDefaultMonitorInterceptor  : Start executing the springfox.documentation.schema.property.ModelSpecificationFactory.create method
2025-06-11 12:06:55.043  INFO 1 --- [           main] s.g.m.s.m.a.ScDefaultMonitorInterceptor  : Stop executing the springfox.documentation.schema.property.ModelSpecificationFactory.create method
2025-06-11 12:06:55.044  INFO 1 --- [           main] s.g.m.s.m.a.ScDefaultMonitorInterceptor  : Start executing the springfox.documentation.schema.property.ModelSpecificationFactory.create method
2025-06-11 12:06:55.044  INFO 1 --- [           main] s.g.m.s.m.a.ScDefaultMonitorInterceptor  : Stop executing the springfox.documentation.schema.property.ModelSpecificationFactory.create method
2025-06-11 12:06:55.044  INFO 1 --- [           main] s.g.m.s.m.a.ScDefaultMonitorInterceptor  : Start executing the springfox.documentation.schema.property.ModelSpecificationFactory.create method
2025-06-11 12:06:55.044  INFO 1 --- [           main] s.g.m.s.m.a.ScDefaultMonitorInterceptor  : Stop executing the springfox.documentation.schema.property.ModelSpecificationFactory.create method
2025-06-11 12:06:55.044  INFO 1 --- [           main] s.g.m.s.m.a.ScDefaultMonitorInterceptor  : Start executing the springfox.documentation.schema.property.ModelSpecificationFactory.create method
2025-06-11 12:06:55.044  INFO 1 --- [           main] s.g.m.s.m.a.ScDefaultMonitorInterceptor  : Stop executing the springfox.documentation.schema.property.ModelSpecificationFactory.create method
2025-06-11 12:06:55.044  INFO 1 --- [           main] s.g.m.s.m.a.ScDefaultMonitorInterceptor  : Start executing the springfox.documentation.schema.property.ModelSpecificationFactory.create method
2025-06-11 12:06:55.044  INFO 1 --- [           main] s.g.m.s.m.a.ScDefaultMonitorInterceptor  : Stop executing the springfox.documentation.schema.property.ModelSpecificationFactory.create method
2025-06-11 12:06:55.045  INFO 1 --- [           main] s.g.m.s.m.a.ScDefaultMonitorInterceptor  : Start executing the springfox.documentation.schema.property.ModelSpecificationFactory.create method
2025-06-11 12:06:55.045  INFO 1 --- [           main] s.g.m.s.m.a.ScDefaultMonitorInterceptor  : Stop executing the springfox.documentation.schema.property.ModelSpecificationFactory.create method
2025-06-11 12:06:55.045  INFO 1 --- [           main] s.g.m.s.m.a.ScDefaultMonitorInterceptor  : Start executing the springfox.documentation.schema.property.ModelSpecificationFactory.create method
2025-06-11 12:06:55.045  INFO 1 --- [           main] s.g.m.s.m.a.ScDefaultMonitorInterceptor  : Stop executing the springfox.documentation.schema.property.ModelSpecificationFactory.create method
2025-06-11 12:06:55.045  INFO 1 --- [           main] s.g.m.s.m.a.ScDefaultMonitorInterceptor  : Start executing the springfox.documentation.schema.property.ModelSpecificationFactory.create method
2025-06-11 12:06:55.045  INFO 1 --- [           main] s.g.m.s.m.a.ScDefaultMonitorInterceptor  : Stop executing the springfox.documentation.schema.property.ModelSpecificationFactory.create method
2025-06-11 12:06:55.045  INFO 1 --- [           main] s.g.m.s.m.a.ScDefaultMonitorInterceptor  : Start executing the springfox.documentation.schema.property.ModelSpecificationFactory.create method
2025-06-11 12:06:55.045  INFO 1 --- [           main] s.g.m.s.m.a.ScDefaultMonitorInterceptor  : Stop executing the springfox.documentation.schema.property.ModelSpecificationFactory.create method
2025-06-11 12:06:55.045  INFO 1 --- [           main] s.g.m.s.m.a.ScDefaultMonitorInterceptor  : Start executing the springfox.documentation.schema.property.ModelSpecificationFactory.create method
2025-06-11 12:06:55.045  INFO 1 --- [           main] s.g.m.s.m.a.ScDefaultMonitorInterceptor  : Stop executing the springfox.documentation.schema.property.ModelSpecificationFactory.create method
2025-06-11 12:06:55.045  INFO 1 --- [           main] s.g.m.s.m.a.ScDefaultMonitorInterceptor  : Start executing the springfox.documentation.schema.property.ModelSpecificationFactory.create method
2025-06-11 12:06:55.045  INFO 1 --- [           main] s.g.m.s.m.a.ScDefaultMonitorInterceptor  : Stop executing the springfox.documentation.schema.property.ModelSpecificationFactory.create method
2025-06-11 12:06:55.046  INFO 1 --- [           main] s.g.m.s.m.a.ScDefaultMonitorInterceptor  : Start executing the springfox.documentation.schema.property.ModelSpecificationFactory.create method
2025-06-11 12:06:55.046  INFO 1 --- [           main] s.g.m.s.m.a.ScDefaultMonitorInterceptor  : Stop executing the springfox.documentation.schema.property.ModelSpecificationFactory.create method
2025-06-11 12:06:55.046  INFO 1 --- [           main] s.g.m.s.m.a.ScDefaultMonitorInterceptor  : Start executing the springfox.documentation.schema.property.ModelSpecificationFactory.create method
2025-06-11 12:06:55.046  INFO 1 --- [           main] s.g.m.s.m.a.ScDefaultMonitorInterceptor  : Stop executing the springfox.documentation.schema.property.ModelSpecificationFactory.create method
2025-06-11 12:06:55.046  INFO 1 --- [           main] s.g.m.s.m.a.ScDefaultMonitorInterceptor  : Start executing the springfox.documentation.schema.property.ModelSpecificationFactory.create method
2025-06-11 12:06:55.046  INFO 1 --- [           main] s.g.m.s.m.a.ScDefaultMonitorInterceptor  : Stop executing the springfox.documentation.schema.property.ModelSpecificationFactory.create method
2025-06-11 12:06:55.046  INFO 1 --- [           main] s.g.m.s.m.a.ScDefaultMonitorInterceptor  : Start executing the springfox.documentation.schema.property.ModelSpecificationFactory.create method
2025-06-11 12:06:55.046  INFO 1 --- [           main] s.g.m.s.m.a.ScDefaultMonitorInterceptor  : Stop executing the springfox.documentation.schema.property.ModelSpecificationFactory.create method
2025-06-11 12:06:55.046  INFO 1 --- [           main] s.g.m.s.m.a.ScDefaultMonitorInterceptor  : Start executing the springfox.documentation.schema.property.ModelSpecificationFactory.create method
2025-06-11 12:06:55.046  INFO 1 --- [           main] s.g.m.s.m.a.ScDefaultMonitorInterceptor  : Stop executing the springfox.documentation.schema.property.ModelSpecificationFactory.create method
2025-06-11 12:06:55.046  INFO 1 --- [           main] s.g.m.s.m.a.ScDefaultMonitorInterceptor  : Start executing the springfox.documentation.schema.property.ModelSpecificationFactory.create method
2025-06-11 12:06:55.046  INFO 1 --- [           main] s.g.m.s.m.a.ScDefaultMonitorInterceptor  : Stop executing the springfox.documentation.schema.property.ModelSpecificationFactory.create method
2025-06-11 12:06:55.046  INFO 1 --- [           main] s.g.m.s.m.a.ScDefaultMonitorInterceptor  : Start executing the springfox.documentation.schema.property.ModelSpecificationFactory.create method
2025-06-11 12:06:55.046  INFO 1 --- [           main] s.g.m.s.m.a.ScDefaultMonitorInterceptor  : Stop executing the springfox.documentation.schema.property.ModelSpecificationFactory.create method
2025-06-11 12:06:55.046  INFO 1 --- [           main] s.g.m.s.m.a.ScDefaultMonitorInterceptor  : Start executing the springfox.documentation.schema.property.ModelSpecificationFactory.create method
2025-06-11 12:06:55.046  INFO 1 --- [           main] s.g.m.s.m.a.ScDefaultMonitorInterceptor  : Stop executing the springfox.documentation.schema.property.ModelSpecificationFactory.create method
2025-06-11 12:06:55.047  INFO 1 --- [           main] s.g.m.s.m.a.ScDefaultMonitorInterceptor  : Start executing the springfox.documentation.schema.property.ModelSpecificationFactory.create method
2025-06-11 12:06:55.047  INFO 1 --- [           main] s.g.m.s.m.a.ScDefaultMonitorInterceptor  : Stop executing the springfox.documentation.schema.property.ModelSpecificationFactory.create method
2025-06-11 12:06:55.047  INFO 1 --- [           main] s.g.m.s.m.a.ScDefaultMonitorInterceptor  : Start executing the springfox.documentation.schema.property.ModelSpecificationFactory.create method
2025-06-11 12:06:55.047  INFO 1 --- [           main] s.g.m.s.m.a.ScDefaultMonitorInterceptor  : Stop executing the springfox.documentation.schema.property.ModelSpecificationFactory.create method
2025-06-11 12:06:55.047  INFO 1 --- [           main] s.g.m.s.m.a.ScDefaultMonitorInterceptor  : Start executing the springfox.documentation.schema.property.ModelSpecificationFactory.create method
2025-06-11 12:06:55.047  INFO 1 --- [           main] s.g.m.s.m.a.ScDefaultMonitorInterceptor  : Stop executing the springfox.documentation.schema.property.ModelSpecificationFactory.create method
2025-06-11 12:06:55.047  INFO 1 --- [           main] s.g.m.s.m.a.ScDefaultMonitorInterceptor  : Start executing the springfox.documentation.schema.property.ModelSpecificationFactory.create method
2025-06-11 12:06:55.047  INFO 1 --- [           main] s.g.m.s.m.a.ScDefaultMonitorInterceptor  : Stop executing the springfox.documentation.schema.property.ModelSpecificationFactory.create method
2025-06-11 12:06:55.047  INFO 1 --- [           main] s.g.m.s.m.a.ScDefaultMonitorInterceptor  : Start executing the springfox.documentation.schema.property.ModelSpecificationFactory.create method
2025-06-11 12:06:55.047  INFO 1 --- [           main] s.g.m.s.m.a.ScDefaultMonitorInterceptor  : Stop executing the springfox.documentation.schema.property.ModelSpecificationFactory.create method
2025-06-11 12:06:55.048  INFO 1 --- [           main] s.g.m.s.m.a.ScDefaultMonitorInterceptor  : Start executing the springfox.documentation.schema.property.ModelSpecificationFactory.create method
2025-06-11 12:06:55.048  INFO 1 --- [           main] s.g.m.s.m.a.ScDefaultMonitorInterceptor  : Stop executing the springfox.documentation.schema.property.ModelSpecificationFactory.create method
2025-06-11 12:06:55.048  INFO 1 --- [           main] s.g.m.s.m.a.ScDefaultMonitorInterceptor  : Start executing the springfox.documentation.schema.property.ModelSpecificationFactory.create method
2025-06-11 12:06:55.048  INFO 1 --- [           main] s.g.m.s.m.a.ScDefaultMonitorInterceptor  : Stop executing the springfox.documentation.schema.property.ModelSpecificationFactory.create method
2025-06-11 12:06:55.048  INFO 1 --- [           main] s.g.m.s.m.a.ScDefaultMonitorInterceptor  : Start executing the springfox.documentation.schema.property.ModelSpecificationFactory.create method
2025-06-11 12:06:55.048  INFO 1 --- [           main] s.g.m.s.m.a.ScDefaultMonitorInterceptor  : Stop executing the springfox.documentation.schema.property.ModelSpecificationFactory.create method
2025-06-11 12:06:55.048  INFO 1 --- [           main] s.g.m.s.m.a.ScDefaultMonitorInterceptor  : Start executing the springfox.documentation.schema.property.ModelSpecificationFactory.create method
2025-06-11 12:06:55.048  INFO 1 --- [           main] s.g.m.s.m.a.ScDefaultMonitorInterceptor  : Stop executing the springfox.documentation.schema.property.ModelSpecificationFactory.create method
2025-06-11 12:06:55.048  INFO 1 --- [           main] s.g.m.s.m.a.ScDefaultMonitorInterceptor  : Start executing the springfox.documentation.schema.property.ModelSpecificationFactory.create method
2025-06-11 12:06:55.048  INFO 1 --- [           main] s.g.m.s.m.a.ScDefaultMonitorInterceptor  : Stop executing the springfox.documentation.schema.property.ModelSpecificationFactory.create method
2025-06-11 12:06:55.048  INFO 1 --- [           main] s.g.m.s.m.a.ScDefaultMonitorInterceptor  : Start executing the springfox.documentation.schema.property.ModelSpecificationFactory.create method
2025-06-11 12:06:55.048  INFO 1 --- [           main] s.g.m.s.m.a.ScDefaultMonitorInterceptor  : Stop executing the springfox.documentation.schema.property.ModelSpecificationFactory.create method
2025-06-11 12:06:55.048  INFO 1 --- [           main] s.g.m.s.m.a.ScDefaultMonitorInterceptor  : Start executing the springfox.documentation.schema.property.ModelSpecificationFactory.create method
2025-06-11 12:06:55.048  INFO 1 --- [           main] s.g.m.s.m.a.ScDefaultMonitorInterceptor  : Stop executing the springfox.documentation.schema.property.ModelSpecificationFactory.create method
2025-06-11 12:06:55.048  INFO 1 --- [           main] s.g.m.s.m.a.ScDefaultMonitorInterceptor  : Start executing the springfox.documentation.schema.property.ModelSpecificationFactory.create method
2025-06-11 12:06:55.048  INFO 1 --- [           main] s.g.m.s.m.a.ScDefaultMonitorInterceptor  : Stop executing the springfox.documentation.schema.property.ModelSpecificationFactory.create method
2025-06-11 12:06:55.049  INFO 1 --- [           main] s.g.m.s.m.a.ScDefaultMonitorInterceptor  : Start executing the springfox.documentation.schema.property.ModelSpecificationFactory.create method
2025-06-11 12:06:55.049  INFO 1 --- [           main] s.g.m.s.m.a.ScDefaultMonitorInterceptor  : Stop executing the springfox.documentation.schema.property.ModelSpecificationFactory.create method
2025-06-11 12:06:55.049  INFO 1 --- [           main] s.g.m.s.m.a.ScDefaultMonitorInterceptor  : Start executing the springfox.documentation.schema.property.ModelSpecificationFactory.create method
2025-06-11 12:06:55.049  INFO 1 --- [           main] s.g.m.s.m.a.ScDefaultMonitorInterceptor  : Stop executing the springfox.documentation.schema.property.ModelSpecificationFactory.create method
2025-06-11 12:06:55.049  INFO 1 --- [           main] s.g.m.s.m.a.ScDefaultMonitorInterceptor  : Start executing the springfox.documentation.schema.property.ModelSpecificationFactory.create method
2025-06-11 12:06:55.049  INFO 1 --- [           main] s.g.m.s.m.a.ScDefaultMonitorInterceptor  : Stop executing the springfox.documentation.schema.property.ModelSpecificationFactory.create method
2025-06-11 12:06:55.049  INFO 1 --- [           main] s.g.m.s.m.a.ScDefaultMonitorInterceptor  : Start executing the springfox.documentation.schema.property.ModelSpecificationFactory.create method
2025-06-11 12:06:55.049  INFO 1 --- [           main] s.g.m.s.m.a.ScDefaultMonitorInterceptor  : Stop executing the springfox.documentation.schema.property.ModelSpecificationFactory.create method
2025-06-11 12:06:55.049  INFO 1 --- [           main] s.g.m.s.m.a.ScDefaultMonitorInterceptor  : Start executing the springfox.documentation.schema.property.ModelSpecificationFactory.create method
2025-06-11 12:06:55.049  INFO 1 --- [           main] s.g.m.s.m.a.ScDefaultMonitorInterceptor  : Stop executing the springfox.documentation.schema.property.ModelSpecificationFactory.create method
2025-06-11 12:06:55.049  INFO 1 --- [           main] s.g.m.s.m.a.ScDefaultMonitorInterceptor  : Start executing the springfox.documentation.schema.property.ModelSpecificationFactory.create method
2025-06-11 12:06:55.049  INFO 1 --- [           main] s.g.m.s.m.a.ScDefaultMonitorInterceptor  : Stop executing the springfox.documentation.schema.property.ModelSpecificationFactory.create method
2025-06-11 12:06:55.049  INFO 1 --- [           main] s.g.m.s.m.a.ScDefaultMonitorInterceptor  : Start executing the springfox.documentation.schema.property.ModelSpecificationFactory.create method
2025-06-11 12:06:55.049  INFO 1 --- [           main] s.g.m.s.m.a.ScDefaultMonitorInterceptor  : Stop executing the springfox.documentation.schema.property.ModelSpecificationFactory.create method
2025-06-11 12:06:55.049  INFO 1 --- [           main] s.g.m.s.m.a.ScDefaultMonitorInterceptor  : Start executing the springfox.documentation.schema.property.ModelSpecificationFactory.create method
2025-06-11 12:06:55.049  INFO 1 --- [           main] s.g.m.s.m.a.ScDefaultMonitorInterceptor  : Stop executing the springfox.documentation.schema.property.ModelSpecificationFactory.create method
2025-06-11 12:06:55.050  INFO 1 --- [           main] s.g.m.s.m.a.ScDefaultMonitorInterceptor  : Start executing the springfox.documentation.schema.property.ModelSpecificationFactory.create method
2025-06-11 12:06:55.050  INFO 1 --- [           main] s.g.m.s.m.a.ScDefaultMonitorInterceptor  : Stop executing the springfox.documentation.schema.property.ModelSpecificationFactory.create method
2025-06-11 12:06:55.050  INFO 1 --- [           main] s.g.m.s.m.a.ScDefaultMonitorInterceptor  : Start executing the springfox.documentation.schema.property.ModelSpecificationFactory.create method
2025-06-11 12:06:55.050  INFO 1 --- [           main] s.g.m.s.m.a.ScDefaultMonitorInterceptor  : Stop executing the springfox.documentation.schema.property.ModelSpecificationFactory.create method
2025-06-11 12:06:55.050  INFO 1 --- [           main] s.g.m.s.m.a.ScDefaultMonitorInterceptor  : Start executing the springfox.documentation.schema.property.ModelSpecificationFactory.create method
2025-06-11 12:06:55.050  INFO 1 --- [           main] s.g.m.s.m.a.ScDefaultMonitorInterceptor  : Stop executing the springfox.documentation.schema.property.ModelSpecificationFactory.create method
2025-06-11 12:06:55.050  INFO 1 --- [           main] s.g.m.s.m.a.ScDefaultMonitorInterceptor  : Start executing the springfox.documentation.schema.property.ModelSpecificationFactory.create method
2025-06-11 12:06:55.050  INFO 1 --- [           main] s.g.m.s.m.a.ScDefaultMonitorInterceptor  : Stop executing the springfox.documentation.schema.property.ModelSpecificationFactory.create method
2025-06-11 12:06:55.050  INFO 1 --- [           main] s.g.m.s.m.a.ScDefaultMonitorInterceptor  : Start executing the springfox.documentation.schema.property.ModelSpecificationFactory.create method
2025-06-11 12:06:55.050  INFO 1 --- [           main] s.g.m.s.m.a.ScDefaultMonitorInterceptor  : Stop executing the springfox.documentation.schema.property.ModelSpecificationFactory.create method
2025-06-11 12:06:55.050  INFO 1 --- [           main] s.g.m.s.m.a.ScDefaultMonitorInterceptor  : Start executing the springfox.documentation.schema.property.ModelSpecificationFactory.create method
2025-06-11 12:06:55.050  INFO 1 --- [           main] s.g.m.s.m.a.ScDefaultMonitorInterceptor  : Stop executing the springfox.documentation.schema.property.ModelSpecificationFactory.create method
2025-06-11 12:06:55.051  INFO 1 --- [           main] s.g.m.s.m.a.ScDefaultMonitorInterceptor  : Start executing the springfox.documentation.schema.property.ModelSpecificationFactory.create method
2025-06-11 12:06:55.051  INFO 1 --- [           main] s.g.m.s.m.a.ScDefaultMonitorInterceptor  : Stop executing the springfox.documentation.schema.property.ModelSpecificationFactory.create method
2025-06-11 12:06:55.051  INFO 1 --- [           main] s.g.m.s.m.a.ScDefaultMonitorInterceptor  : Start executing the springfox.documentation.schema.property.ModelSpecificationFactory.create method
2025-06-11 12:06:55.051  INFO 1 --- [           main] s.g.m.s.m.a.ScDefaultMonitorInterceptor  : Stop executing the springfox.documentation.schema.property.ModelSpecificationFactory.create method
2025-06-11 12:06:55.051  INFO 1 --- [           main] s.g.m.s.m.a.ScDefaultMonitorInterceptor  : Start executing the springfox.documentation.schema.property.ModelSpecificationFactory.create method
2025-06-11 12:06:55.051  INFO 1 --- [           main] s.g.m.s.m.a.ScDefaultMonitorInterceptor  : Stop executing the springfox.documentation.schema.property.ModelSpecificationFactory.create method
2025-06-11 12:06:55.052  INFO 1 --- [           main] s.g.m.s.m.a.ScDefaultMonitorInterceptor  : Start executing the springfox.documentation.schema.property.ModelSpecificationFactory.create method
2025-06-11 12:06:55.052  INFO 1 --- [           main] s.g.m.s.m.a.ScDefaultMonitorInterceptor  : Stop executing the springfox.documentation.schema.property.ModelSpecificationFactory.create method
2025-06-11 12:06:55.052  INFO 1 --- [           main] s.g.m.s.m.a.ScDefaultMonitorInterceptor  : Start executing the springfox.documentation.schema.property.ModelSpecificationFactory.create method
2025-06-11 12:06:55.052  INFO 1 --- [           main] s.g.m.s.m.a.ScDefaultMonitorInterceptor  : Stop executing the springfox.documentation.schema.property.ModelSpecificationFactory.create method
2025-06-11 12:06:55.055  INFO 1 --- [           main] s.g.m.s.m.a.ScDefaultMonitorInterceptor  : Start executing the springfox.documentation.schema.property.ModelSpecificationFactory.create method
2025-06-11 12:06:55.055  INFO 1 --- [           main] s.g.m.s.m.a.ScDefaultMonitorInterceptor  : Stop executing the springfox.documentation.schema.property.ModelSpecificationFactory.create method
2025-06-11 12:06:55.055  INFO 1 --- [           main] s.g.m.s.m.a.ScDefaultMonitorInterceptor  : Start executing the springfox.documentation.schema.property.ModelSpecificationFactory.create method
2025-06-11 12:06:55.055  INFO 1 --- [           main] s.g.m.s.m.a.ScDefaultMonitorInterceptor  : Stop executing the springfox.documentation.schema.property.ModelSpecificationFactory.create method
2025-06-11 12:06:55.055  INFO 1 --- [           main] s.g.m.s.m.a.ScDefaultMonitorInterceptor  : Start executing the springfox.documentation.schema.property.ModelSpecificationFactory.create method
2025-06-11 12:06:55.055  INFO 1 --- [           main] s.g.m.s.m.a.ScDefaultMonitorInterceptor  : Stop executing the springfox.documentation.schema.property.ModelSpecificationFactory.create method
2025-06-11 12:06:55.056  INFO 1 --- [           main] s.g.m.s.m.a.ScDefaultMonitorInterceptor  : Start executing the springfox.documentation.schema.property.ModelSpecificationFactory.create method
2025-06-11 12:06:55.056  INFO 1 --- [           main] s.g.m.s.m.a.ScDefaultMonitorInterceptor  : Stop executing the springfox.documentation.schema.property.ModelSpecificationFactory.create method
2025-06-11 12:06:55.056  INFO 1 --- [           main] s.g.m.s.m.a.ScDefaultMonitorInterceptor  : Start executing the springfox.documentation.schema.property.ModelSpecificationFactory.create method
2025-06-11 12:06:55.056  INFO 1 --- [           main] s.g.m.s.m.a.ScDefaultMonitorInterceptor  : Stop executing the springfox.documentation.schema.property.ModelSpecificationFactory.create method
2025-06-11 12:06:55.058  INFO 1 --- [           main] s.g.m.s.m.a.ScDefaultMonitorInterceptor  : Start executing the springfox.documentation.schema.property.ModelSpecificationFactory.create method
2025-06-11 12:06:55.058  INFO 1 --- [           main] s.g.m.s.m.a.ScDefaultMonitorInterceptor  : Stop executing the springfox.documentation.schema.property.ModelSpecificationFactory.create method
2025-06-11 12:06:55.058  INFO 1 --- [           main] s.g.m.s.m.a.ScDefaultMonitorInterceptor  : Start executing the springfox.documentation.schema.property.ModelSpecificationFactory.create method
2025-06-11 12:06:55.058  INFO 1 --- [           main] s.g.m.s.m.a.ScDefaultMonitorInterceptor  : Stop executing the springfox.documentation.schema.property.ModelSpecificationFactory.create method
2025-06-11 12:06:55.059  INFO 1 --- [           main] s.g.m.s.m.a.ScDefaultMonitorInterceptor  : Start executing the springfox.documentation.schema.property.ModelSpecificationFactory.create method
2025-06-11 12:06:55.059  INFO 1 --- [           main] s.g.m.s.m.a.ScDefaultMonitorInterceptor  : Stop executing the springfox.documentation.schema.property.ModelSpecificationFactory.create method
2025-06-11 12:06:55.059  INFO 1 --- [           main] s.g.m.s.m.a.ScDefaultMonitorInterceptor  : Start executing the springfox.documentation.schema.property.ModelSpecificationFactory.create method
2025-06-11 12:06:55.059  INFO 1 --- [           main] s.g.m.s.m.a.ScDefaultMonitorInterceptor  : Stop executing the springfox.documentation.schema.property.ModelSpecificationFactory.create method
2025-06-11 12:06:55.059  INFO 1 --- [           main] s.g.m.s.m.a.ScDefaultMonitorInterceptor  : Start executing the springfox.documentation.schema.property.ModelSpecificationFactory.create method
2025-06-11 12:06:55.059  INFO 1 --- [           main] s.g.m.s.m.a.ScDefaultMonitorInterceptor  : Stop executing the springfox.documentation.schema.property.ModelSpecificationFactory.create method
2025-06-11 12:06:55.125  INFO 1 --- [           main] s.g.m.s.m.a.ScDefaultMonitorInterceptor  : Start executing the springfox.documentation.schema.property.ModelSpecificationFactory.create method
2025-06-11 12:06:55.125  INFO 1 --- [           main] s.g.m.s.m.a.ScDefaultMonitorInterceptor  : Stop executing the springfox.documentation.schema.property.ModelSpecificationFactory.create method
2025-06-11 12:06:55.125  INFO 1 --- [           main] s.g.m.s.m.a.ScDefaultMonitorInterceptor  : Start executing the springfox.documentation.schema.property.ModelSpecificationFactory.create method
2025-06-11 12:06:55.125  INFO 1 --- [           main] s.g.m.s.m.a.ScDefaultMonitorInterceptor  : Stop executing the springfox.documentation.schema.property.ModelSpecificationFactory.create method
2025-06-11 12:06:55.125  INFO 1 --- [           main] s.g.m.s.m.a.ScDefaultMonitorInterceptor  : Start executing the springfox.documentation.schema.property.ModelSpecificationFactory.create method
2025-06-11 12:06:55.125  INFO 1 --- [           main] s.g.m.s.m.a.ScDefaultMonitorInterceptor  : Stop executing the springfox.documentation.schema.property.ModelSpecificationFactory.create method
2025-06-11 12:06:55.126  INFO 1 --- [           main] s.g.m.s.m.a.ScDefaultMonitorInterceptor  : Start executing the springfox.documentation.schema.property.ModelSpecificationFactory.create method
2025-06-11 12:06:55.126  INFO 1 --- [           main] s.g.m.s.m.a.ScDefaultMonitorInterceptor  : Stop executing the springfox.documentation.schema.property.ModelSpecificationFactory.create method
2025-06-11 12:06:55.126  INFO 1 --- [           main] s.g.m.s.m.a.ScDefaultMonitorInterceptor  : Start executing the springfox.documentation.schema.property.ModelSpecificationFactory.create method
2025-06-11 12:06:55.126  INFO 1 --- [           main] s.g.m.s.m.a.ScDefaultMonitorInterceptor  : Stop executing the springfox.documentation.schema.property.ModelSpecificationFactory.create method
2025-06-11 12:06:55.126  INFO 1 --- [           main] s.g.m.s.m.a.ScDefaultMonitorInterceptor  : Start executing the springfox.documentation.schema.property.ModelSpecificationFactory.create method
2025-06-11 12:06:55.126  INFO 1 --- [           main] s.g.m.s.m.a.ScDefaultMonitorInterceptor  : Stop executing the springfox.documentation.schema.property.ModelSpecificationFactory.create method
2025-06-11 12:06:55.126  INFO 1 --- [           main] s.g.m.s.m.a.ScDefaultMonitorInterceptor  : Start executing the springfox.documentation.schema.property.ModelSpecificationFactory.create method
2025-06-11 12:06:55.126  INFO 1 --- [           main] s.g.m.s.m.a.ScDefaultMonitorInterceptor  : Stop executing the springfox.documentation.schema.property.ModelSpecificationFactory.create method
2025-06-11 12:06:55.127  INFO 1 --- [           main] s.g.m.s.m.a.ScDefaultMonitorInterceptor  : Start executing the springfox.documentation.schema.property.ModelSpecificationFactory.create method
2025-06-11 12:06:55.127  INFO 1 --- [           main] s.g.m.s.m.a.ScDefaultMonitorInterceptor  : Stop executing the springfox.documentation.schema.property.ModelSpecificationFactory.create method
2025-06-11 12:06:55.127  INFO 1 --- [           main] s.g.m.s.m.a.ScDefaultMonitorInterceptor  : Start executing the springfox.documentation.schema.property.ModelSpecificationFactory.create method
2025-06-11 12:06:55.127  INFO 1 --- [           main] s.g.m.s.m.a.ScDefaultMonitorInterceptor  : Stop executing the springfox.documentation.schema.property.ModelSpecificationFactory.create method
2025-06-11 12:06:55.127  INFO 1 --- [           main] s.g.m.s.m.a.ScDefaultMonitorInterceptor  : Start executing the springfox.documentation.schema.property.ModelSpecificationFactory.create method
2025-06-11 12:06:55.127  INFO 1 --- [           main] s.g.m.s.m.a.ScDefaultMonitorInterceptor  : Stop executing the springfox.documentation.schema.property.ModelSpecificationFactory.create method
2025-06-11 12:06:55.127  INFO 1 --- [           main] s.g.m.s.m.a.ScDefaultMonitorInterceptor  : Start executing the springfox.documentation.schema.property.ModelSpecificationFactory.create method
2025-06-11 12:06:55.127  INFO 1 --- [           main] s.g.m.s.m.a.ScDefaultMonitorInterceptor  : Stop executing the springfox.documentation.schema.property.ModelSpecificationFactory.create method
2025-06-11 12:06:55.127  INFO 1 --- [           main] s.g.m.s.m.a.ScDefaultMonitorInterceptor  : Start executing the springfox.documentation.schema.property.ModelSpecificationFactory.create method
2025-06-11 12:06:55.127  INFO 1 --- [           main] s.g.m.s.m.a.ScDefaultMonitorInterceptor  : Stop executing the springfox.documentation.schema.property.ModelSpecificationFactory.create method
2025-06-11 12:06:55.127  INFO 1 --- [           main] s.g.m.s.m.a.ScDefaultMonitorInterceptor  : Start executing the springfox.documentation.schema.property.ModelSpecificationFactory.create method
2025-06-11 12:06:55.127  INFO 1 --- [           main] s.g.m.s.m.a.ScDefaultMonitorInterceptor  : Stop executing the springfox.documentation.schema.property.ModelSpecificationFactory.create method
2025-06-11 12:06:55.127  INFO 1 --- [           main] s.g.m.s.m.a.ScDefaultMonitorInterceptor  : Start executing the springfox.documentation.schema.property.ModelSpecificationFactory.create method
2025-06-11 12:06:55.127  INFO 1 --- [           main] s.g.m.s.m.a.ScDefaultMonitorInterceptor  : Stop executing the springfox.documentation.schema.property.ModelSpecificationFactory.create method
2025-06-11 12:06:55.127  INFO 1 --- [           main] s.g.m.s.m.a.ScDefaultMonitorInterceptor  : Start executing the springfox.documentation.schema.property.ModelSpecificationFactory.create method
2025-06-11 12:06:55.128  INFO 1 --- [           main] s.g.m.s.m.a.ScDefaultMonitorInterceptor  : Stop executing the springfox.documentation.schema.property.ModelSpecificationFactory.create method
2025-06-11 12:06:55.128  INFO 1 --- [           main] s.g.m.s.m.a.ScDefaultMonitorInterceptor  : Start executing the springfox.documentation.schema.property.ModelSpecificationFactory.create method
2025-06-11 12:06:55.128  INFO 1 --- [           main] s.g.m.s.m.a.ScDefaultMonitorInterceptor  : Stop executing the springfox.documentation.schema.property.ModelSpecificationFactory.create method
2025-06-11 12:06:55.128  INFO 1 --- [           main] s.g.m.s.m.a.ScDefaultMonitorInterceptor  : Start executing the springfox.documentation.schema.property.ModelSpecificationFactory.create method
2025-06-11 12:06:55.128  INFO 1 --- [           main] s.g.m.s.m.a.ScDefaultMonitorInterceptor  : Stop executing the springfox.documentation.schema.property.ModelSpecificationFactory.create method
2025-06-11 12:06:55.128  INFO 1 --- [           main] s.g.m.s.m.a.ScDefaultMonitorInterceptor  : Start executing the springfox.documentation.schema.property.ModelSpecificationFactory.create method
2025-06-11 12:06:55.128  INFO 1 --- [           main] s.g.m.s.m.a.ScDefaultMonitorInterceptor  : Stop executing the springfox.documentation.schema.property.ModelSpecificationFactory.create method
2025-06-11 12:06:55.128  INFO 1 --- [           main] s.g.m.s.m.a.ScDefaultMonitorInterceptor  : Start executing the springfox.documentation.schema.property.ModelSpecificationFactory.create method
2025-06-11 12:06:55.128  INFO 1 --- [           main] s.g.m.s.m.a.ScDefaultMonitorInterceptor  : Stop executing the springfox.documentation.schema.property.ModelSpecificationFactory.create method
2025-06-11 12:06:55.129  INFO 1 --- [           main] s.g.m.s.m.a.ScDefaultMonitorInterceptor  : Start executing the springfox.documentation.schema.property.ModelSpecificationFactory.create method
2025-06-11 12:06:55.129  INFO 1 --- [           main] s.g.m.s.m.a.ScDefaultMonitorInterceptor  : Stop executing the springfox.documentation.schema.property.ModelSpecificationFactory.create method
2025-06-11 12:06:55.129  INFO 1 --- [           main] s.g.m.s.m.a.ScDefaultMonitorInterceptor  : Start executing the springfox.documentation.schema.property.ModelSpecificationFactory.create method
2025-06-11 12:06:55.129  INFO 1 --- [           main] s.g.m.s.m.a.ScDefaultMonitorInterceptor  : Stop executing the springfox.documentation.schema.property.ModelSpecificationFactory.create method
2025-06-11 12:06:55.132  INFO 1 --- [           main] s.g.m.s.m.a.ScDefaultMonitorInterceptor  : Start executing the springfox.documentation.schema.property.ModelSpecificationFactory.create method
2025-06-11 12:06:55.132  INFO 1 --- [           main] s.g.m.s.m.a.ScDefaultMonitorInterceptor  : Stop executing the springfox.documentation.schema.property.ModelSpecificationFactory.create method
2025-06-11 12:06:55.133  INFO 1 --- [           main] s.g.m.s.m.a.ScDefaultMonitorInterceptor  : Start executing the springfox.documentation.schema.property.ModelSpecificationFactory.create method
2025-06-11 12:06:55.133  INFO 1 --- [           main] s.g.m.s.m.a.ScDefaultMonitorInterceptor  : Stop executing the springfox.documentation.schema.property.ModelSpecificationFactory.create method
2025-06-11 12:06:55.136  INFO 1 --- [           main] s.g.m.s.m.a.ScDefaultMonitorInterceptor  : Start executing the springfox.documentation.schema.property.ModelSpecificationFactory.create method
2025-06-11 12:06:55.136  INFO 1 --- [           main] s.g.m.s.m.a.ScDefaultMonitorInterceptor  : Stop executing the springfox.documentation.schema.property.ModelSpecificationFactory.create method
2025-06-11 12:06:55.136  INFO 1 --- [           main] s.g.m.s.m.a.ScDefaultMonitorInterceptor  : Start executing the springfox.documentation.schema.property.ModelSpecificationFactory.create method
2025-06-11 12:06:55.136  INFO 1 --- [           main] s.g.m.s.m.a.ScDefaultMonitorInterceptor  : Stop executing the springfox.documentation.schema.property.ModelSpecificationFactory.create method
2025-06-11 12:06:55.136  INFO 1 --- [           main] s.g.m.s.m.a.ScDefaultMonitorInterceptor  : Start executing the springfox.documentation.schema.property.ModelSpecificationFactory.create method
2025-06-11 12:06:55.136  INFO 1 --- [           main] s.g.m.s.m.a.ScDefaultMonitorInterceptor  : Stop executing the springfox.documentation.schema.property.ModelSpecificationFactory.create method
2025-06-11 12:06:55.136  INFO 1 --- [           main] s.g.m.s.m.a.ScDefaultMonitorInterceptor  : Start executing the springfox.documentation.schema.property.ModelSpecificationFactory.create method
2025-06-11 12:06:55.136  INFO 1 --- [           main] s.g.m.s.m.a.ScDefaultMonitorInterceptor  : Stop executing the springfox.documentation.schema.property.ModelSpecificationFactory.create method
2025-06-11 12:06:55.137  INFO 1 --- [           main] s.g.m.s.m.a.ScDefaultMonitorInterceptor  : Start executing the springfox.documentation.schema.property.ModelSpecificationFactory.create method
2025-06-11 12:06:55.137  INFO 1 --- [           main] s.g.m.s.m.a.ScDefaultMonitorInterceptor  : Stop executing the springfox.documentation.schema.property.ModelSpecificationFactory.create method
2025-06-11 12:06:55.139  INFO 1 --- [           main] s.g.m.s.m.a.ScDefaultMonitorInterceptor  : Start executing the springfox.documentation.schema.property.ModelSpecificationFactory.create method
2025-06-11 12:06:55.140  INFO 1 --- [           main] s.g.m.s.m.a.ScDefaultMonitorInterceptor  : Stop executing the springfox.documentation.schema.property.ModelSpecificationFactory.create method
2025-06-11 12:06:55.140  INFO 1 --- [           main] s.g.m.s.m.a.ScDefaultMonitorInterceptor  : Start executing the springfox.documentation.schema.property.ModelSpecificationFactory.create method
2025-06-11 12:06:55.140  INFO 1 --- [           main] s.g.m.s.m.a.ScDefaultMonitorInterceptor  : Stop executing the springfox.documentation.schema.property.ModelSpecificationFactory.create method
2025-06-11 12:06:55.140  INFO 1 --- [           main] s.g.m.s.m.a.ScDefaultMonitorInterceptor  : Start executing the springfox.documentation.schema.property.ModelSpecificationFactory.create method
2025-06-11 12:06:55.140  INFO 1 --- [           main] s.g.m.s.m.a.ScDefaultMonitorInterceptor  : Stop executing the springfox.documentation.schema.property.ModelSpecificationFactory.create method
2025-06-11 12:06:55.140  INFO 1 --- [           main] s.g.m.s.m.a.ScDefaultMonitorInterceptor  : Start executing the springfox.documentation.schema.property.ModelSpecificationFactory.create method
2025-06-11 12:06:55.140  INFO 1 --- [           main] s.g.m.s.m.a.ScDefaultMonitorInterceptor  : Stop executing the springfox.documentation.schema.property.ModelSpecificationFactory.create method
2025-06-11 12:06:55.141  INFO 1 --- [           main] s.g.m.s.m.a.ScDefaultMonitorInterceptor  : Start executing the springfox.documentation.schema.property.ModelSpecificationFactory.create method
2025-06-11 12:06:55.141  INFO 1 --- [           main] s.g.m.s.m.a.ScDefaultMonitorInterceptor  : Stop executing the springfox.documentation.schema.property.ModelSpecificationFactory.create method
2025-06-11 12:06:55.145  INFO 1 --- [           main] s.g.m.s.m.a.ScDefaultMonitorInterceptor  : Start executing the springfox.documentation.schema.property.ModelSpecificationFactory.create method
2025-06-11 12:06:55.145  INFO 1 --- [           main] s.g.m.s.m.a.ScDefaultMonitorInterceptor  : Stop executing the springfox.documentation.schema.property.ModelSpecificationFactory.create method
2025-06-11 12:06:55.145  INFO 1 --- [           main] s.g.m.s.m.a.ScDefaultMonitorInterceptor  : Start executing the springfox.documentation.schema.property.ModelSpecificationFactory.create method
2025-06-11 12:06:55.145  INFO 1 --- [           main] s.g.m.s.m.a.ScDefaultMonitorInterceptor  : Stop executing the springfox.documentation.schema.property.ModelSpecificationFactory.create method
2025-06-11 12:06:55.145  INFO 1 --- [           main] s.g.m.s.m.a.ScDefaultMonitorInterceptor  : Start executing the springfox.documentation.schema.property.ModelSpecificationFactory.create method
2025-06-11 12:06:55.145  INFO 1 --- [           main] s.g.m.s.m.a.ScDefaultMonitorInterceptor  : Stop executing the springfox.documentation.schema.property.ModelSpecificationFactory.create method
2025-06-11 12:06:55.145  INFO 1 --- [           main] s.g.m.s.m.a.ScDefaultMonitorInterceptor  : Start executing the springfox.documentation.schema.property.ModelSpecificationFactory.create method
2025-06-11 12:06:55.145  INFO 1 --- [           main] s.g.m.s.m.a.ScDefaultMonitorInterceptor  : Stop executing the springfox.documentation.schema.property.ModelSpecificationFactory.create method
2025-06-11 12:06:55.145  INFO 1 --- [           main] s.g.m.s.m.a.ScDefaultMonitorInterceptor  : Start executing the springfox.documentation.schema.property.ModelSpecificationFactory.create method
2025-06-11 12:06:55.145  INFO 1 --- [           main] s.g.m.s.m.a.ScDefaultMonitorInterceptor  : Stop executing the springfox.documentation.schema.property.ModelSpecificationFactory.create method
2025-06-11 12:06:55.145  INFO 1 --- [           main] s.g.m.s.m.a.ScDefaultMonitorInterceptor  : Start executing the springfox.documentation.schema.property.ModelSpecificationFactory.create method
2025-06-11 12:06:55.145  INFO 1 --- [           main] s.g.m.s.m.a.ScDefaultMonitorInterceptor  : Stop executing the springfox.documentation.schema.property.ModelSpecificationFactory.create method
2025-06-11 12:06:55.146  INFO 1 --- [           main] s.g.m.s.m.a.ScDefaultMonitorInterceptor  : Start executing the springfox.documentation.schema.property.ModelSpecificationFactory.create method
2025-06-11 12:06:55.146  INFO 1 --- [           main] s.g.m.s.m.a.ScDefaultMonitorInterceptor  : Stop executing the springfox.documentation.schema.property.ModelSpecificationFactory.create method
2025-06-11 12:06:55.146  INFO 1 --- [           main] s.g.m.s.m.a.ScDefaultMonitorInterceptor  : Start executing the springfox.documentation.schema.property.ModelSpecificationFactory.create method
2025-06-11 12:06:55.146  INFO 1 --- [           main] s.g.m.s.m.a.ScDefaultMonitorInterceptor  : Stop executing the springfox.documentation.schema.property.ModelSpecificationFactory.create method
2025-06-11 12:06:55.146  INFO 1 --- [           main] s.g.m.s.m.a.ScDefaultMonitorInterceptor  : Start executing the springfox.documentation.schema.property.ModelSpecificationFactory.create method
2025-06-11 12:06:55.146  INFO 1 --- [           main] s.g.m.s.m.a.ScDefaultMonitorInterceptor  : Stop executing the springfox.documentation.schema.property.ModelSpecificationFactory.create method
2025-06-11 12:06:55.146  INFO 1 --- [           main] s.g.m.s.m.a.ScDefaultMonitorInterceptor  : Start executing the springfox.documentation.schema.property.ModelSpecificationFactory.create method
2025-06-11 12:06:55.146  INFO 1 --- [           main] s.g.m.s.m.a.ScDefaultMonitorInterceptor  : Stop executing the springfox.documentation.schema.property.ModelSpecificationFactory.create method
2025-06-11 12:06:55.146  INFO 1 --- [           main] s.g.m.s.m.a.ScDefaultMonitorInterceptor  : Start executing the springfox.documentation.schema.property.ModelSpecificationFactory.create method
2025-06-11 12:06:55.146  INFO 1 --- [           main] s.g.m.s.m.a.ScDefaultMonitorInterceptor  : Stop executing the springfox.documentation.schema.property.ModelSpecificationFactory.create method
2025-06-11 12:06:55.146  INFO 1 --- [           main] s.g.m.s.m.a.ScDefaultMonitorInterceptor  : Start executing the springfox.documentation.schema.property.ModelSpecificationFactory.create method
2025-06-11 12:06:55.146  INFO 1 --- [           main] s.g.m.s.m.a.ScDefaultMonitorInterceptor  : Stop executing the springfox.documentation.schema.property.ModelSpecificationFactory.create method
2025-06-11 12:06:55.146  INFO 1 --- [           main] s.g.m.s.m.a.ScDefaultMonitorInterceptor  : Start executing the springfox.documentation.schema.property.ModelSpecificationFactory.create method
2025-06-11 12:06:55.146  INFO 1 --- [           main] s.g.m.s.m.a.ScDefaultMonitorInterceptor  : Stop executing the springfox.documentation.schema.property.ModelSpecificationFactory.create method
2025-06-11 12:06:55.147  INFO 1 --- [           main] s.g.m.s.m.a.ScDefaultMonitorInterceptor  : Start executing the springfox.documentation.schema.property.ModelSpecificationFactory.create method
2025-06-11 12:06:55.147  INFO 1 --- [           main] s.g.m.s.m.a.ScDefaultMonitorInterceptor  : Stop executing the springfox.documentation.schema.property.ModelSpecificationFactory.create method
2025-06-11 12:06:55.147  INFO 1 --- [           main] s.g.m.s.m.a.ScDefaultMonitorInterceptor  : Start executing the springfox.documentation.schema.property.ModelSpecificationFactory.create method
2025-06-11 12:06:55.147  INFO 1 --- [           main] s.g.m.s.m.a.ScDefaultMonitorInterceptor  : Stop executing the springfox.documentation.schema.property.ModelSpecificationFactory.create method
2025-06-11 12:06:55.147  INFO 1 --- [           main] s.g.m.s.m.a.ScDefaultMonitorInterceptor  : Start executing the springfox.documentation.schema.property.ModelSpecificationFactory.create method
2025-06-11 12:06:55.147  INFO 1 --- [           main] s.g.m.s.m.a.ScDefaultMonitorInterceptor  : Stop executing the springfox.documentation.schema.property.ModelSpecificationFactory.create method
2025-06-11 12:06:55.154  INFO 1 --- [           main] s.g.m.s.m.a.ScDefaultMonitorInterceptor  : Start executing the springfox.documentation.schema.property.ModelSpecificationFactory.create method
2025-06-11 12:06:55.154  INFO 1 --- [           main] s.g.m.s.m.a.ScDefaultMonitorInterceptor  : Stop executing the springfox.documentation.schema.property.ModelSpecificationFactory.create method
2025-06-11 12:06:55.154  INFO 1 --- [           main] s.g.m.s.m.a.ScDefaultMonitorInterceptor  : Start executing the springfox.documentation.schema.property.ModelSpecificationFactory.create method
2025-06-11 12:06:55.154  INFO 1 --- [           main] s.g.m.s.m.a.ScDefaultMonitorInterceptor  : Stop executing the springfox.documentation.schema.property.ModelSpecificationFactory.create method
2025-06-11 12:06:55.154  INFO 1 --- [           main] s.g.m.s.m.a.ScDefaultMonitorInterceptor  : Start executing the springfox.documentation.schema.property.ModelSpecificationFactory.create method
2025-06-11 12:06:55.154  INFO 1 --- [           main] s.g.m.s.m.a.ScDefaultMonitorInterceptor  : Stop executing the springfox.documentation.schema.property.ModelSpecificationFactory.create method
2025-06-11 12:06:55.155  INFO 1 --- [           main] s.g.m.s.m.a.ScDefaultMonitorInterceptor  : Start executing the springfox.documentation.schema.property.ModelSpecificationFactory.create method
2025-06-11 12:06:55.155  INFO 1 --- [           main] s.g.m.s.m.a.ScDefaultMonitorInterceptor  : Stop executing the springfox.documentation.schema.property.ModelSpecificationFactory.create method
2025-06-11 12:06:55.155  INFO 1 --- [           main] s.g.m.s.m.a.ScDefaultMonitorInterceptor  : Start executing the springfox.documentation.schema.property.ModelSpecificationFactory.create method
2025-06-11 12:06:55.155  INFO 1 --- [           main] s.g.m.s.m.a.ScDefaultMonitorInterceptor  : Stop executing the springfox.documentation.schema.property.ModelSpecificationFactory.create method
2025-06-11 12:06:55.155  INFO 1 --- [           main] s.g.m.s.m.a.ScDefaultMonitorInterceptor  : Start executing the springfox.documentation.schema.property.ModelSpecificationFactory.create method
2025-06-11 12:06:55.155  INFO 1 --- [           main] s.g.m.s.m.a.ScDefaultMonitorInterceptor  : Stop executing the springfox.documentation.schema.property.ModelSpecificationFactory.create method
2025-06-11 12:06:55.155  INFO 1 --- [           main] s.g.m.s.m.a.ScDefaultMonitorInterceptor  : Start executing the springfox.documentation.schema.property.ModelSpecificationFactory.create method
2025-06-11 12:06:55.155  INFO 1 --- [           main] s.g.m.s.m.a.ScDefaultMonitorInterceptor  : Stop executing the springfox.documentation.schema.property.ModelSpecificationFactory.create method
2025-06-11 12:06:55.155  INFO 1 --- [           main] s.g.m.s.m.a.ScDefaultMonitorInterceptor  : Start executing the springfox.documentation.schema.property.ModelSpecificationFactory.create method
2025-06-11 12:06:55.155  INFO 1 --- [           main] s.g.m.s.m.a.ScDefaultMonitorInterceptor  : Stop executing the springfox.documentation.schema.property.ModelSpecificationFactory.create method
2025-06-11 12:06:55.156  INFO 1 --- [           main] s.g.m.s.m.a.ScDefaultMonitorInterceptor  : Start executing the springfox.documentation.schema.property.ModelSpecificationFactory.create method
2025-06-11 12:06:55.156  INFO 1 --- [           main] s.g.m.s.m.a.ScDefaultMonitorInterceptor  : Stop executing the springfox.documentation.schema.property.ModelSpecificationFactory.create method
2025-06-11 12:06:55.156  INFO 1 --- [           main] s.g.m.s.m.a.ScDefaultMonitorInterceptor  : Start executing the springfox.documentation.schema.property.ModelSpecificationFactory.create method
2025-06-11 12:06:55.156  INFO 1 --- [           main] s.g.m.s.m.a.ScDefaultMonitorInterceptor  : Stop executing the springfox.documentation.schema.property.ModelSpecificationFactory.create method
2025-06-11 12:06:55.156  INFO 1 --- [           main] s.g.m.s.m.a.ScDefaultMonitorInterceptor  : Start executing the springfox.documentation.schema.property.ModelSpecificationFactory.create method
2025-06-11 12:06:55.156  INFO 1 --- [           main] s.g.m.s.m.a.ScDefaultMonitorInterceptor  : Stop executing the springfox.documentation.schema.property.ModelSpecificationFactory.create method
2025-06-11 12:06:55.156  INFO 1 --- [           main] s.g.m.s.m.a.ScDefaultMonitorInterceptor  : Start executing the springfox.documentation.schema.property.ModelSpecificationFactory.create method
2025-06-11 12:06:55.156  INFO 1 --- [           main] s.g.m.s.m.a.ScDefaultMonitorInterceptor  : Stop executing the springfox.documentation.schema.property.ModelSpecificationFactory.create method
2025-06-11 12:06:55.156  INFO 1 --- [           main] s.g.m.s.m.a.ScDefaultMonitorInterceptor  : Start executing the springfox.documentation.schema.property.ModelSpecificationFactory.create method
2025-06-11 12:06:55.156  INFO 1 --- [           main] s.g.m.s.m.a.ScDefaultMonitorInterceptor  : Stop executing the springfox.documentation.schema.property.ModelSpecificationFactory.create method
2025-06-11 12:06:55.156  INFO 1 --- [           main] s.g.m.s.m.a.ScDefaultMonitorInterceptor  : Start executing the springfox.documentation.schema.property.ModelSpecificationFactory.create method
2025-06-11 12:06:55.156  INFO 1 --- [           main] s.g.m.s.m.a.ScDefaultMonitorInterceptor  : Stop executing the springfox.documentation.schema.property.ModelSpecificationFactory.create method
2025-06-11 12:06:55.156  INFO 1 --- [           main] s.g.m.s.m.a.ScDefaultMonitorInterceptor  : Start executing the springfox.documentation.schema.property.ModelSpecificationFactory.create method
2025-06-11 12:06:55.156  INFO 1 --- [           main] s.g.m.s.m.a.ScDefaultMonitorInterceptor  : Stop executing the springfox.documentation.schema.property.ModelSpecificationFactory.create method
2025-06-11 12:06:55.156  INFO 1 --- [           main] s.g.m.s.m.a.ScDefaultMonitorInterceptor  : Start executing the springfox.documentation.schema.property.ModelSpecificationFactory.create method
2025-06-11 12:06:55.156  INFO 1 --- [           main] s.g.m.s.m.a.ScDefaultMonitorInterceptor  : Stop executing the springfox.documentation.schema.property.ModelSpecificationFactory.create method
2025-06-11 12:06:55.156  INFO 1 --- [           main] s.g.m.s.m.a.ScDefaultMonitorInterceptor  : Start executing the springfox.documentation.schema.property.ModelSpecificationFactory.create method
2025-06-11 12:06:55.156  INFO 1 --- [           main] s.g.m.s.m.a.ScDefaultMonitorInterceptor  : Stop executing the springfox.documentation.schema.property.ModelSpecificationFactory.create method
2025-06-11 12:06:55.157  INFO 1 --- [           main] s.g.m.s.m.a.ScDefaultMonitorInterceptor  : Start executing the springfox.documentation.schema.property.ModelSpecificationFactory.create method
2025-06-11 12:06:55.157  INFO 1 --- [           main] s.g.m.s.m.a.ScDefaultMonitorInterceptor  : Stop executing the springfox.documentation.schema.property.ModelSpecificationFactory.create method
2025-06-11 12:06:55.162  INFO 1 --- [           main] s.g.m.s.m.a.ScDefaultMonitorInterceptor  : Start executing the springfox.documentation.schema.property.ModelSpecificationFactory.create method
2025-06-11 12:06:55.162  INFO 1 --- [           main] s.g.m.s.m.a.ScDefaultMonitorInterceptor  : Stop executing the springfox.documentation.schema.property.ModelSpecificationFactory.create method
2025-06-11 12:06:55.162  INFO 1 --- [           main] s.g.m.s.m.a.ScDefaultMonitorInterceptor  : Start executing the springfox.documentation.schema.property.ModelSpecificationFactory.create method
2025-06-11 12:06:55.162  INFO 1 --- [           main] s.g.m.s.m.a.ScDefaultMonitorInterceptor  : Stop executing the springfox.documentation.schema.property.ModelSpecificationFactory.create method
2025-06-11 12:06:55.162  INFO 1 --- [           main] s.g.m.s.m.a.ScDefaultMonitorInterceptor  : Start executing the springfox.documentation.schema.property.ModelSpecificationFactory.create method
2025-06-11 12:06:55.163  INFO 1 --- [           main] s.g.m.s.m.a.ScDefaultMonitorInterceptor  : Stop executing the springfox.documentation.schema.property.ModelSpecificationFactory.create method
2025-06-11 12:06:55.163  INFO 1 --- [           main] s.g.m.s.m.a.ScDefaultMonitorInterceptor  : Start executing the springfox.documentation.schema.property.ModelSpecificationFactory.create method
2025-06-11 12:06:55.163  INFO 1 --- [           main] s.g.m.s.m.a.ScDefaultMonitorInterceptor  : Stop executing the springfox.documentation.schema.property.ModelSpecificationFactory.create method
2025-06-11 12:06:55.163  INFO 1 --- [           main] s.g.m.s.m.a.ScDefaultMonitorInterceptor  : Start executing the springfox.documentation.schema.property.ModelSpecificationFactory.create method
2025-06-11 12:06:55.163  INFO 1 --- [           main] s.g.m.s.m.a.ScDefaultMonitorInterceptor  : Stop executing the springfox.documentation.schema.property.ModelSpecificationFactory.create method
2025-06-11 12:06:55.163  INFO 1 --- [           main] s.g.m.s.m.a.ScDefaultMonitorInterceptor  : Start executing the springfox.documentation.schema.property.ModelSpecificationFactory.create method
2025-06-11 12:06:55.163  INFO 1 --- [           main] s.g.m.s.m.a.ScDefaultMonitorInterceptor  : Stop executing the springfox.documentation.schema.property.ModelSpecificationFactory.create method
2025-06-11 12:06:55.223  INFO 1 --- [           main] s.g.m.s.m.a.ScDefaultMonitorInterceptor  : Start executing the springfox.documentation.schema.property.ModelSpecificationFactory.create method
2025-06-11 12:06:55.224  INFO 1 --- [           main] s.g.m.s.m.a.ScDefaultMonitorInterceptor  : Stop executing the springfox.documentation.schema.property.ModelSpecificationFactory.create method
2025-06-11 12:06:55.224  INFO 1 --- [           main] s.g.m.s.m.a.ScDefaultMonitorInterceptor  : Start executing the springfox.documentation.schema.property.ModelSpecificationFactory.create method
2025-06-11 12:06:55.224  INFO 1 --- [           main] s.g.m.s.m.a.ScDefaultMonitorInterceptor  : Stop executing the springfox.documentation.schema.property.ModelSpecificationFactory.create method
2025-06-11 12:06:55.224  INFO 1 --- [           main] s.g.m.s.m.a.ScDefaultMonitorInterceptor  : Start executing the springfox.documentation.schema.property.ModelSpecificationFactory.create method
2025-06-11 12:06:55.224  INFO 1 --- [           main] s.g.m.s.m.a.ScDefaultMonitorInterceptor  : Stop executing the springfox.documentation.schema.property.ModelSpecificationFactory.create method
2025-06-11 12:06:55.224  INFO 1 --- [           main] s.g.m.s.m.a.ScDefaultMonitorInterceptor  : Start executing the springfox.documentation.schema.property.ModelSpecificationFactory.create method
2025-06-11 12:06:55.225  INFO 1 --- [           main] s.g.m.s.m.a.ScDefaultMonitorInterceptor  : Stop executing the springfox.documentation.schema.property.ModelSpecificationFactory.create method
2025-06-11 12:06:55.225  INFO 1 --- [           main] s.g.m.s.m.a.ScDefaultMonitorInterceptor  : Start executing the springfox.documentation.schema.property.ModelSpecificationFactory.create method
2025-06-11 12:06:55.225  INFO 1 --- [           main] s.g.m.s.m.a.ScDefaultMonitorInterceptor  : Stop executing the springfox.documentation.schema.property.ModelSpecificationFactory.create method
2025-06-11 12:06:55.225  INFO 1 --- [           main] s.g.m.s.m.a.ScDefaultMonitorInterceptor  : Start executing the springfox.documentation.schema.property.ModelSpecificationFactory.create method
2025-06-11 12:06:55.225  INFO 1 --- [           main] s.g.m.s.m.a.ScDefaultMonitorInterceptor  : Stop executing the springfox.documentation.schema.property.ModelSpecificationFactory.create method
2025-06-11 12:06:55.225  INFO 1 --- [           main] s.g.m.s.m.a.ScDefaultMonitorInterceptor  : Start executing the springfox.documentation.schema.property.ModelSpecificationFactory.create method
2025-06-11 12:06:55.225  INFO 1 --- [           main] s.g.m.s.m.a.ScDefaultMonitorInterceptor  : Stop executing the springfox.documentation.schema.property.ModelSpecificationFactory.create method
2025-06-11 12:06:55.225  INFO 1 --- [           main] s.g.m.s.m.a.ScDefaultMonitorInterceptor  : Start executing the springfox.documentation.schema.property.ModelSpecificationFactory.create method
2025-06-11 12:06:55.225  INFO 1 --- [           main] s.g.m.s.m.a.ScDefaultMonitorInterceptor  : Stop executing the springfox.documentation.schema.property.ModelSpecificationFactory.create method
2025-06-11 12:06:55.225  INFO 1 --- [           main] s.g.m.s.m.a.ScDefaultMonitorInterceptor  : Start executing the springfox.documentation.schema.property.ModelSpecificationFactory.create method
2025-06-11 12:06:55.225  INFO 1 --- [           main] s.g.m.s.m.a.ScDefaultMonitorInterceptor  : Stop executing the springfox.documentation.schema.property.ModelSpecificationFactory.create method
2025-06-11 12:06:55.226  INFO 1 --- [           main] s.g.m.s.m.a.ScDefaultMonitorInterceptor  : Start executing the springfox.documentation.schema.property.ModelSpecificationFactory.create method
2025-06-11 12:06:55.226  INFO 1 --- [           main] s.g.m.s.m.a.ScDefaultMonitorInterceptor  : Stop executing the springfox.documentation.schema.property.ModelSpecificationFactory.create method
2025-06-11 12:06:55.226  INFO 1 --- [           main] s.g.m.s.m.a.ScDefaultMonitorInterceptor  : Start executing the springfox.documentation.schema.property.ModelSpecificationFactory.create method
2025-06-11 12:06:55.226  INFO 1 --- [           main] s.g.m.s.m.a.ScDefaultMonitorInterceptor  : Stop executing the springfox.documentation.schema.property.ModelSpecificationFactory.create method
2025-06-11 12:06:55.226  INFO 1 --- [           main] s.g.m.s.m.a.ScDefaultMonitorInterceptor  : Start executing the springfox.documentation.schema.property.ModelSpecificationFactory.create method
2025-06-11 12:06:55.226  INFO 1 --- [           main] s.g.m.s.m.a.ScDefaultMonitorInterceptor  : Stop executing the springfox.documentation.schema.property.ModelSpecificationFactory.create method
2025-06-11 12:06:55.226  INFO 1 --- [           main] s.g.m.s.m.a.ScDefaultMonitorInterceptor  : Start executing the springfox.documentation.schema.property.ModelSpecificationFactory.create method
2025-06-11 12:06:55.226  INFO 1 --- [           main] s.g.m.s.m.a.ScDefaultMonitorInterceptor  : Stop executing the springfox.documentation.schema.property.ModelSpecificationFactory.create method
2025-06-11 12:06:55.226  INFO 1 --- [           main] s.g.m.s.m.a.ScDefaultMonitorInterceptor  : Start executing the springfox.documentation.schema.property.ModelSpecificationFactory.create method
2025-06-11 12:06:55.226  INFO 1 --- [           main] s.g.m.s.m.a.ScDefaultMonitorInterceptor  : Stop executing the springfox.documentation.schema.property.ModelSpecificationFactory.create method
2025-06-11 12:06:55.226  INFO 1 --- [           main] s.g.m.s.m.a.ScDefaultMonitorInterceptor  : Start executing the springfox.documentation.schema.property.ModelSpecificationFactory.create method
2025-06-11 12:06:55.226  INFO 1 --- [           main] s.g.m.s.m.a.ScDefaultMonitorInterceptor  : Stop executing the springfox.documentation.schema.property.ModelSpecificationFactory.create method
2025-06-11 12:06:55.227  INFO 1 --- [           main] s.g.m.s.m.a.ScDefaultMonitorInterceptor  : Start executing the springfox.documentation.schema.property.ModelSpecificationFactory.create method
2025-06-11 12:06:55.227  INFO 1 --- [           main] s.g.m.s.m.a.ScDefaultMonitorInterceptor  : Stop executing the springfox.documentation.schema.property.ModelSpecificationFactory.create method
2025-06-11 12:06:55.227  INFO 1 --- [           main] s.g.m.s.m.a.ScDefaultMonitorInterceptor  : Start executing the springfox.documentation.schema.property.ModelSpecificationFactory.create method
2025-06-11 12:06:55.227  INFO 1 --- [           main] s.g.m.s.m.a.ScDefaultMonitorInterceptor  : Stop executing the springfox.documentation.schema.property.ModelSpecificationFactory.create method
2025-06-11 12:06:55.232  INFO 1 --- [           main] s.g.m.s.m.a.ScDefaultMonitorInterceptor  : Start executing the springfox.documentation.schema.property.ModelSpecificationFactory.create method
2025-06-11 12:06:55.232  INFO 1 --- [           main] s.g.m.s.m.a.ScDefaultMonitorInterceptor  : Stop executing the springfox.documentation.schema.property.ModelSpecificationFactory.create method
[GC (Allocation Failure) [DefNew: 51320K->3148K(53568K), 0.0133059 secs] 152687K->106106K(172360K), 0.0133383 secs] [Times: user=0.02 sys=0.00, real=0.01 secs] 
2025-06-11 12:06:55.254  INFO 1 --- [           main] s.g.m.s.m.a.ScDefaultMonitorInterceptor  : Start executing the springfox.documentation.schema.property.ModelSpecificationFactory.create method
2025-06-11 12:06:55.254  INFO 1 --- [           main] s.g.m.s.m.a.ScDefaultMonitorInterceptor  : Stop executing the springfox.documentation.schema.property.ModelSpecificationFactory.create method
2025-06-11 12:06:55.254  INFO 1 --- [           main] s.g.m.s.m.a.ScDefaultMonitorInterceptor  : Start executing the springfox.documentation.schema.property.ModelSpecificationFactory.create method
2025-06-11 12:06:55.254  INFO 1 --- [           main] s.g.m.s.m.a.ScDefaultMonitorInterceptor  : Stop executing the springfox.documentation.schema.property.ModelSpecificationFactory.create method
2025-06-11 12:06:55.254  INFO 1 --- [           main] s.g.m.s.m.a.ScDefaultMonitorInterceptor  : Start executing the springfox.documentation.schema.property.ModelSpecificationFactory.create method
2025-06-11 12:06:55.254  INFO 1 --- [           main] s.g.m.s.m.a.ScDefaultMonitorInterceptor  : Stop executing the springfox.documentation.schema.property.ModelSpecificationFactory.create method
2025-06-11 12:06:55.254  INFO 1 --- [           main] s.g.m.s.m.a.ScDefaultMonitorInterceptor  : Start executing the springfox.documentation.schema.property.ModelSpecificationFactory.create method
2025-06-11 12:06:55.254  INFO 1 --- [           main] s.g.m.s.m.a.ScDefaultMonitorInterceptor  : Stop executing the springfox.documentation.schema.property.ModelSpecificationFactory.create method
2025-06-11 12:06:55.254  INFO 1 --- [           main] s.g.m.s.m.a.ScDefaultMonitorInterceptor  : Start executing the springfox.documentation.schema.property.ModelSpecificationFactory.create method
2025-06-11 12:06:55.254  INFO 1 --- [           main] s.g.m.s.m.a.ScDefaultMonitorInterceptor  : Stop executing the springfox.documentation.schema.property.ModelSpecificationFactory.create method
2025-06-11 12:06:55.255  INFO 1 --- [           main] s.g.m.s.m.a.ScDefaultMonitorInterceptor  : Start executing the springfox.documentation.schema.property.ModelSpecificationFactory.create method
2025-06-11 12:06:55.255  INFO 1 --- [           main] s.g.m.s.m.a.ScDefaultMonitorInterceptor  : Stop executing the springfox.documentation.schema.property.ModelSpecificationFactory.create method
2025-06-11 12:06:55.255  INFO 1 --- [           main] s.g.m.s.m.a.ScDefaultMonitorInterceptor  : Start executing the springfox.documentation.schema.property.ModelSpecificationFactory.create method
2025-06-11 12:06:55.255  INFO 1 --- [           main] s.g.m.s.m.a.ScDefaultMonitorInterceptor  : Stop executing the springfox.documentation.schema.property.ModelSpecificationFactory.create method
2025-06-11 12:06:55.255  INFO 1 --- [           main] s.g.m.s.m.a.ScDefaultMonitorInterceptor  : Start executing the springfox.documentation.schema.property.ModelSpecificationFactory.create method
2025-06-11 12:06:55.255  INFO 1 --- [           main] s.g.m.s.m.a.ScDefaultMonitorInterceptor  : Stop executing the springfox.documentation.schema.property.ModelSpecificationFactory.create method
2025-06-11 12:06:55.255  INFO 1 --- [           main] s.g.m.s.m.a.ScDefaultMonitorInterceptor  : Start executing the springfox.documentation.schema.property.ModelSpecificationFactory.create method
2025-06-11 12:06:55.255  INFO 1 --- [           main] s.g.m.s.m.a.ScDefaultMonitorInterceptor  : Stop executing the springfox.documentation.schema.property.ModelSpecificationFactory.create method
2025-06-11 12:06:55.255  INFO 1 --- [           main] s.g.m.s.m.a.ScDefaultMonitorInterceptor  : Start executing the springfox.documentation.schema.property.ModelSpecificationFactory.create method
2025-06-11 12:06:55.255  INFO 1 --- [           main] s.g.m.s.m.a.ScDefaultMonitorInterceptor  : Stop executing the springfox.documentation.schema.property.ModelSpecificationFactory.create method
2025-06-11 12:06:55.255  INFO 1 --- [           main] s.g.m.s.m.a.ScDefaultMonitorInterceptor  : Start executing the springfox.documentation.schema.property.ModelSpecificationFactory.create method
2025-06-11 12:06:55.255  INFO 1 --- [           main] s.g.m.s.m.a.ScDefaultMonitorInterceptor  : Stop executing the springfox.documentation.schema.property.ModelSpecificationFactory.create method
2025-06-11 12:06:55.256  INFO 1 --- [           main] s.g.m.s.m.a.ScDefaultMonitorInterceptor  : Start executing the springfox.documentation.schema.property.ModelSpecificationFactory.create method
2025-06-11 12:06:55.256  INFO 1 --- [           main] s.g.m.s.m.a.ScDefaultMonitorInterceptor  : Stop executing the springfox.documentation.schema.property.ModelSpecificationFactory.create method
2025-06-11 12:06:55.256  INFO 1 --- [           main] s.g.m.s.m.a.ScDefaultMonitorInterceptor  : Start executing the springfox.documentation.schema.property.ModelSpecificationFactory.create method
2025-06-11 12:06:55.256  INFO 1 --- [           main] s.g.m.s.m.a.ScDefaultMonitorInterceptor  : Stop executing the springfox.documentation.schema.property.ModelSpecificationFactory.create method
2025-06-11 12:06:55.256  INFO 1 --- [           main] s.g.m.s.m.a.ScDefaultMonitorInterceptor  : Start executing the springfox.documentation.schema.property.ModelSpecificationFactory.create method
2025-06-11 12:06:55.256  INFO 1 --- [           main] s.g.m.s.m.a.ScDefaultMonitorInterceptor  : Stop executing the springfox.documentation.schema.property.ModelSpecificationFactory.create method
2025-06-11 12:06:55.256  INFO 1 --- [           main] s.g.m.s.m.a.ScDefaultMonitorInterceptor  : Start executing the springfox.documentation.schema.property.ModelSpecificationFactory.create method
2025-06-11 12:06:55.256  INFO 1 --- [           main] s.g.m.s.m.a.ScDefaultMonitorInterceptor  : Stop executing the springfox.documentation.schema.property.ModelSpecificationFactory.create method
2025-06-11 12:06:55.256  INFO 1 --- [           main] s.g.m.s.m.a.ScDefaultMonitorInterceptor  : Start executing the springfox.documentation.schema.property.ModelSpecificationFactory.create method
2025-06-11 12:06:55.256  INFO 1 --- [           main] s.g.m.s.m.a.ScDefaultMonitorInterceptor  : Stop executing the springfox.documentation.schema.property.ModelSpecificationFactory.create method
2025-06-11 12:06:55.256  INFO 1 --- [           main] s.g.m.s.m.a.ScDefaultMonitorInterceptor  : Start executing the springfox.documentation.schema.property.ModelSpecificationFactory.create method
2025-06-11 12:06:55.256  INFO 1 --- [           main] s.g.m.s.m.a.ScDefaultMonitorInterceptor  : Stop executing the springfox.documentation.schema.property.ModelSpecificationFactory.create method
2025-06-11 12:06:55.256  INFO 1 --- [           main] s.g.m.s.m.a.ScDefaultMonitorInterceptor  : Start executing the springfox.documentation.schema.property.ModelSpecificationFactory.create method
2025-06-11 12:06:55.256  INFO 1 --- [           main] s.g.m.s.m.a.ScDefaultMonitorInterceptor  : Stop executing the springfox.documentation.schema.property.ModelSpecificationFactory.create method
2025-06-11 12:06:55.256  INFO 1 --- [           main] s.g.m.s.m.a.ScDefaultMonitorInterceptor  : Start executing the springfox.documentation.schema.property.ModelSpecificationFactory.create method
2025-06-11 12:06:55.256  INFO 1 --- [           main] s.g.m.s.m.a.ScDefaultMonitorInterceptor  : Stop executing the springfox.documentation.schema.property.ModelSpecificationFactory.create method
2025-06-11 12:06:55.256  INFO 1 --- [           main] s.g.m.s.m.a.ScDefaultMonitorInterceptor  : Start executing the springfox.documentation.schema.property.ModelSpecificationFactory.create method
2025-06-11 12:06:55.256  INFO 1 --- [           main] s.g.m.s.m.a.ScDefaultMonitorInterceptor  : Stop executing the springfox.documentation.schema.property.ModelSpecificationFactory.create method
2025-06-11 12:06:55.256  INFO 1 --- [           main] s.g.m.s.m.a.ScDefaultMonitorInterceptor  : Start executing the springfox.documentation.schema.property.ModelSpecificationFactory.create method
2025-06-11 12:06:55.256  INFO 1 --- [           main] s.g.m.s.m.a.ScDefaultMonitorInterceptor  : Stop executing the springfox.documentation.schema.property.ModelSpecificationFactory.create method
2025-06-11 12:06:55.256  INFO 1 --- [           main] s.g.m.s.m.a.ScDefaultMonitorInterceptor  : Start executing the springfox.documentation.schema.property.ModelSpecificationFactory.create method
2025-06-11 12:06:55.256  INFO 1 --- [           main] s.g.m.s.m.a.ScDefaultMonitorInterceptor  : Stop executing the springfox.documentation.schema.property.ModelSpecificationFactory.create method
2025-06-11 12:06:55.257  INFO 1 --- [           main] s.g.m.s.m.a.ScDefaultMonitorInterceptor  : Start executing the springfox.documentation.schema.property.ModelSpecificationFactory.create method
2025-06-11 12:06:55.257  INFO 1 --- [           main] s.g.m.s.m.a.ScDefaultMonitorInterceptor  : Stop executing the springfox.documentation.schema.property.ModelSpecificationFactory.create method
2025-06-11 12:06:55.257  INFO 1 --- [           main] s.g.m.s.m.a.ScDefaultMonitorInterceptor  : Start executing the springfox.documentation.schema.property.ModelSpecificationFactory.create method
2025-06-11 12:06:55.257  INFO 1 --- [           main] s.g.m.s.m.a.ScDefaultMonitorInterceptor  : Stop executing the springfox.documentation.schema.property.ModelSpecificationFactory.create method
2025-06-11 12:06:55.257  INFO 1 --- [           main] s.g.m.s.m.a.ScDefaultMonitorInterceptor  : Start executing the springfox.documentation.schema.property.ModelSpecificationFactory.create method
2025-06-11 12:06:55.257  INFO 1 --- [           main] s.g.m.s.m.a.ScDefaultMonitorInterceptor  : Stop executing the springfox.documentation.schema.property.ModelSpecificationFactory.create method
2025-06-11 12:06:55.257  INFO 1 --- [           main] s.g.m.s.m.a.ScDefaultMonitorInterceptor  : Start executing the springfox.documentation.schema.property.ModelSpecificationFactory.create method
2025-06-11 12:06:55.257  INFO 1 --- [           main] s.g.m.s.m.a.ScDefaultMonitorInterceptor  : Stop executing the springfox.documentation.schema.property.ModelSpecificationFactory.create method
2025-06-11 12:06:55.257  INFO 1 --- [           main] s.g.m.s.m.a.ScDefaultMonitorInterceptor  : Start executing the springfox.documentation.schema.property.ModelSpecificationFactory.create method
2025-06-11 12:06:55.257  INFO 1 --- [           main] s.g.m.s.m.a.ScDefaultMonitorInterceptor  : Stop executing the springfox.documentation.schema.property.ModelSpecificationFactory.create method
2025-06-11 12:06:55.257  INFO 1 --- [           main] s.g.m.s.m.a.ScDefaultMonitorInterceptor  : Start executing the springfox.documentation.schema.property.ModelSpecificationFactory.create method
2025-06-11 12:06:55.257  INFO 1 --- [           main] s.g.m.s.m.a.ScDefaultMonitorInterceptor  : Stop executing the springfox.documentation.schema.property.ModelSpecificationFactory.create method
2025-06-11 12:06:55.257  INFO 1 --- [           main] s.g.m.s.m.a.ScDefaultMonitorInterceptor  : Start executing the springfox.documentation.schema.property.ModelSpecificationFactory.create method
2025-06-11 12:06:55.257  INFO 1 --- [           main] s.g.m.s.m.a.ScDefaultMonitorInterceptor  : Stop executing the springfox.documentation.schema.property.ModelSpecificationFactory.create method
2025-06-11 12:06:55.258  INFO 1 --- [           main] s.g.m.s.m.a.ScDefaultMonitorInterceptor  : Start executing the springfox.documentation.schema.property.ModelSpecificationFactory.create method
2025-06-11 12:06:55.258  INFO 1 --- [           main] s.g.m.s.m.a.ScDefaultMonitorInterceptor  : Stop executing the springfox.documentation.schema.property.ModelSpecificationFactory.create method
2025-06-11 12:06:55.258  INFO 1 --- [           main] s.g.m.s.m.a.ScDefaultMonitorInterceptor  : Start executing the springfox.documentation.schema.property.ModelSpecificationFactory.create method
2025-06-11 12:06:55.258  INFO 1 --- [           main] s.g.m.s.m.a.ScDefaultMonitorInterceptor  : Stop executing the springfox.documentation.schema.property.ModelSpecificationFactory.create method
2025-06-11 12:06:55.258  INFO 1 --- [           main] s.g.m.s.m.a.ScDefaultMonitorInterceptor  : Start executing the springfox.documentation.schema.property.ModelSpecificationFactory.create method
2025-06-11 12:06:55.258  INFO 1 --- [           main] s.g.m.s.m.a.ScDefaultMonitorInterceptor  : Stop executing the springfox.documentation.schema.property.ModelSpecificationFactory.create method
2025-06-11 12:06:55.258  INFO 1 --- [           main] s.g.m.s.m.a.ScDefaultMonitorInterceptor  : Start executing the springfox.documentation.schema.property.ModelSpecificationFactory.create method
2025-06-11 12:06:55.258  INFO 1 --- [           main] s.g.m.s.m.a.ScDefaultMonitorInterceptor  : Stop executing the springfox.documentation.schema.property.ModelSpecificationFactory.create method
2025-06-11 12:06:55.258  INFO 1 --- [           main] s.g.m.s.m.a.ScDefaultMonitorInterceptor  : Start executing the springfox.documentation.schema.property.ModelSpecificationFactory.create method
2025-06-11 12:06:55.258  INFO 1 --- [           main] s.g.m.s.m.a.ScDefaultMonitorInterceptor  : Stop executing the springfox.documentation.schema.property.ModelSpecificationFactory.create method
2025-06-11 12:06:55.258  INFO 1 --- [           main] s.g.m.s.m.a.ScDefaultMonitorInterceptor  : Start executing the springfox.documentation.schema.property.ModelSpecificationFactory.create method
2025-06-11 12:06:55.258  INFO 1 --- [           main] s.g.m.s.m.a.ScDefaultMonitorInterceptor  : Stop executing the springfox.documentation.schema.property.ModelSpecificationFactory.create method
2025-06-11 12:06:55.258  INFO 1 --- [           main] s.g.m.s.m.a.ScDefaultMonitorInterceptor  : Start executing the springfox.documentation.schema.property.ModelSpecificationFactory.create method
2025-06-11 12:06:55.258  INFO 1 --- [           main] s.g.m.s.m.a.ScDefaultMonitorInterceptor  : Stop executing the springfox.documentation.schema.property.ModelSpecificationFactory.create method
2025-06-11 12:06:55.258  INFO 1 --- [           main] s.g.m.s.m.a.ScDefaultMonitorInterceptor  : Start executing the springfox.documentation.schema.property.ModelSpecificationFactory.create method
2025-06-11 12:06:55.258  INFO 1 --- [           main] s.g.m.s.m.a.ScDefaultMonitorInterceptor  : Stop executing the springfox.documentation.schema.property.ModelSpecificationFactory.create method
2025-06-11 12:06:55.259  INFO 1 --- [           main] s.g.m.s.m.a.ScDefaultMonitorInterceptor  : Start executing the springfox.documentation.schema.property.ModelSpecificationFactory.create method
2025-06-11 12:06:55.259  INFO 1 --- [           main] s.g.m.s.m.a.ScDefaultMonitorInterceptor  : Stop executing the springfox.documentation.schema.property.ModelSpecificationFactory.create method
2025-06-11 12:06:55.259  INFO 1 --- [           main] s.g.m.s.m.a.ScDefaultMonitorInterceptor  : Start executing the springfox.documentation.schema.property.ModelSpecificationFactory.create method
2025-06-11 12:06:55.259  INFO 1 --- [           main] s.g.m.s.m.a.ScDefaultMonitorInterceptor  : Stop executing the springfox.documentation.schema.property.ModelSpecificationFactory.create method
2025-06-11 12:06:55.259  INFO 1 --- [           main] s.g.m.s.m.a.ScDefaultMonitorInterceptor  : Start executing the springfox.documentation.schema.property.ModelSpecificationFactory.create method
2025-06-11 12:06:55.259  INFO 1 --- [           main] s.g.m.s.m.a.ScDefaultMonitorInterceptor  : Stop executing the springfox.documentation.schema.property.ModelSpecificationFactory.create method
2025-06-11 12:06:55.325  INFO 1 --- [           main] s.g.m.s.m.a.ScDefaultMonitorInterceptor  : Start executing the springfox.documentation.schema.property.ModelSpecificationFactory.create method
2025-06-11 12:06:55.325  INFO 1 --- [           main] s.g.m.s.m.a.ScDefaultMonitorInterceptor  : Stop executing the springfox.documentation.schema.property.ModelSpecificationFactory.create method
2025-06-11 12:06:55.326  INFO 1 --- [           main] s.g.m.s.m.a.ScDefaultMonitorInterceptor  : Start executing the springfox.documentation.schema.property.ModelSpecificationFactory.create method
2025-06-11 12:06:55.326  INFO 1 --- [           main] s.g.m.s.m.a.ScDefaultMonitorInterceptor  : Stop executing the springfox.documentation.schema.property.ModelSpecificationFactory.create method
2025-06-11 12:06:55.326  INFO 1 --- [           main] s.g.m.s.m.a.ScDefaultMonitorInterceptor  : Start executing the springfox.documentation.schema.property.ModelSpecificationFactory.create method
2025-06-11 12:06:55.326  INFO 1 --- [           main] s.g.m.s.m.a.ScDefaultMonitorInterceptor  : Stop executing the springfox.documentation.schema.property.ModelSpecificationFactory.create method
2025-06-11 12:06:55.326  INFO 1 --- [           main] s.g.m.s.m.a.ScDefaultMonitorInterceptor  : Start executing the springfox.documentation.schema.property.ModelSpecificationFactory.create method
2025-06-11 12:06:55.326  INFO 1 --- [           main] s.g.m.s.m.a.ScDefaultMonitorInterceptor  : Stop executing the springfox.documentation.schema.property.ModelSpecificationFactory.create method
2025-06-11 12:06:55.326  INFO 1 --- [           main] s.g.m.s.m.a.ScDefaultMonitorInterceptor  : Start executing the springfox.documentation.schema.property.ModelSpecificationFactory.create method
2025-06-11 12:06:55.326  INFO 1 --- [           main] s.g.m.s.m.a.ScDefaultMonitorInterceptor  : Stop executing the springfox.documentation.schema.property.ModelSpecificationFactory.create method
2025-06-11 12:06:55.326  INFO 1 --- [           main] s.g.m.s.m.a.ScDefaultMonitorInterceptor  : Start executing the springfox.documentation.schema.property.ModelSpecificationFactory.create method
2025-06-11 12:06:55.326  INFO 1 --- [           main] s.g.m.s.m.a.ScDefaultMonitorInterceptor  : Stop executing the springfox.documentation.schema.property.ModelSpecificationFactory.create method
2025-06-11 12:06:55.327  INFO 1 --- [           main] s.g.m.s.m.a.ScDefaultMonitorInterceptor  : Start executing the springfox.documentation.schema.property.ModelSpecificationFactory.create method
2025-06-11 12:06:55.327  INFO 1 --- [           main] s.g.m.s.m.a.ScDefaultMonitorInterceptor  : Stop executing the springfox.documentation.schema.property.ModelSpecificationFactory.create method
2025-06-11 12:06:55.327  INFO 1 --- [           main] s.g.m.s.m.a.ScDefaultMonitorInterceptor  : Start executing the springfox.documentation.schema.property.ModelSpecificationFactory.create method
2025-06-11 12:06:55.327  INFO 1 --- [           main] s.g.m.s.m.a.ScDefaultMonitorInterceptor  : Stop executing the springfox.documentation.schema.property.ModelSpecificationFactory.create method
2025-06-11 12:06:55.327  INFO 1 --- [           main] s.g.m.s.m.a.ScDefaultMonitorInterceptor  : Start executing the springfox.documentation.schema.property.ModelSpecificationFactory.create method
2025-06-11 12:06:55.327  INFO 1 --- [           main] s.g.m.s.m.a.ScDefaultMonitorInterceptor  : Stop executing the springfox.documentation.schema.property.ModelSpecificationFactory.create method
2025-06-11 12:06:55.327  INFO 1 --- [           main] s.g.m.s.m.a.ScDefaultMonitorInterceptor  : Start executing the springfox.documentation.schema.property.ModelSpecificationFactory.create method
2025-06-11 12:06:55.327  INFO 1 --- [           main] s.g.m.s.m.a.ScDefaultMonitorInterceptor  : Stop executing the springfox.documentation.schema.property.ModelSpecificationFactory.create method
2025-06-11 12:06:55.327  INFO 1 --- [           main] s.g.m.s.m.a.ScDefaultMonitorInterceptor  : Start executing the springfox.documentation.schema.property.ModelSpecificationFactory.create method
2025-06-11 12:06:55.327  INFO 1 --- [           main] s.g.m.s.m.a.ScDefaultMonitorInterceptor  : Stop executing the springfox.documentation.schema.property.ModelSpecificationFactory.create method
2025-06-11 12:06:55.327  INFO 1 --- [           main] s.g.m.s.m.a.ScDefaultMonitorInterceptor  : Start executing the springfox.documentation.schema.property.ModelSpecificationFactory.create method
2025-06-11 12:06:55.327  INFO 1 --- [           main] s.g.m.s.m.a.ScDefaultMonitorInterceptor  : Stop executing the springfox.documentation.schema.property.ModelSpecificationFactory.create method
2025-06-11 12:06:55.327  INFO 1 --- [           main] s.g.m.s.m.a.ScDefaultMonitorInterceptor  : Start executing the springfox.documentation.schema.property.ModelSpecificationFactory.create method
2025-06-11 12:06:55.327  INFO 1 --- [           main] s.g.m.s.m.a.ScDefaultMonitorInterceptor  : Stop executing the springfox.documentation.schema.property.ModelSpecificationFactory.create method
2025-06-11 12:06:55.327  INFO 1 --- [           main] s.g.m.s.m.a.ScDefaultMonitorInterceptor  : Start executing the springfox.documentation.schema.property.ModelSpecificationFactory.create method
2025-06-11 12:06:55.327  INFO 1 --- [           main] s.g.m.s.m.a.ScDefaultMonitorInterceptor  : Stop executing the springfox.documentation.schema.property.ModelSpecificationFactory.create method
2025-06-11 12:06:55.327  INFO 1 --- [           main] s.g.m.s.m.a.ScDefaultMonitorInterceptor  : Start executing the springfox.documentation.schema.property.ModelSpecificationFactory.create method
2025-06-11 12:06:55.327  INFO 1 --- [           main] s.g.m.s.m.a.ScDefaultMonitorInterceptor  : Stop executing the springfox.documentation.schema.property.ModelSpecificationFactory.create method
2025-06-11 12:06:55.328  INFO 1 --- [           main] s.g.m.s.m.a.ScDefaultMonitorInterceptor  : Start executing the springfox.documentation.schema.property.ModelSpecificationFactory.create method
2025-06-11 12:06:55.328  INFO 1 --- [           main] s.g.m.s.m.a.ScDefaultMonitorInterceptor  : Stop executing the springfox.documentation.schema.property.ModelSpecificationFactory.create method
2025-06-11 12:06:55.328  INFO 1 --- [           main] s.g.m.s.m.a.ScDefaultMonitorInterceptor  : Start executing the springfox.documentation.schema.property.ModelSpecificationFactory.create method
2025-06-11 12:06:55.328  INFO 1 --- [           main] s.g.m.s.m.a.ScDefaultMonitorInterceptor  : Stop executing the springfox.documentation.schema.property.ModelSpecificationFactory.create method
2025-06-11 12:06:55.328  INFO 1 --- [           main] s.g.m.s.m.a.ScDefaultMonitorInterceptor  : Start executing the springfox.documentation.schema.property.ModelSpecificationFactory.create method
2025-06-11 12:06:55.328  INFO 1 --- [           main] s.g.m.s.m.a.ScDefaultMonitorInterceptor  : Stop executing the springfox.documentation.schema.property.ModelSpecificationFactory.create method
2025-06-11 12:06:55.328  INFO 1 --- [           main] s.g.m.s.m.a.ScDefaultMonitorInterceptor  : Start executing the springfox.documentation.schema.property.ModelSpecificationFactory.create method
2025-06-11 12:06:55.328  INFO 1 --- [           main] s.g.m.s.m.a.ScDefaultMonitorInterceptor  : Stop executing the springfox.documentation.schema.property.ModelSpecificationFactory.create method
2025-06-11 12:06:55.328  INFO 1 --- [           main] s.g.m.s.m.a.ScDefaultMonitorInterceptor  : Start executing the springfox.documentation.schema.property.ModelSpecificationFactory.create method
2025-06-11 12:06:55.328  INFO 1 --- [           main] s.g.m.s.m.a.ScDefaultMonitorInterceptor  : Stop executing the springfox.documentation.schema.property.ModelSpecificationFactory.create method
2025-06-11 12:06:55.328  INFO 1 --- [           main] s.g.m.s.m.a.ScDefaultMonitorInterceptor  : Start executing the springfox.documentation.schema.property.ModelSpecificationFactory.create method
2025-06-11 12:06:55.328  INFO 1 --- [           main] s.g.m.s.m.a.ScDefaultMonitorInterceptor  : Stop executing the springfox.documentation.schema.property.ModelSpecificationFactory.create method
2025-06-11 12:06:55.328  INFO 1 --- [           main] s.g.m.s.m.a.ScDefaultMonitorInterceptor  : Start executing the springfox.documentation.schema.property.ModelSpecificationFactory.create method
2025-06-11 12:06:55.328  INFO 1 --- [           main] s.g.m.s.m.a.ScDefaultMonitorInterceptor  : Stop executing the springfox.documentation.schema.property.ModelSpecificationFactory.create method
2025-06-11 12:06:55.328  INFO 1 --- [           main] s.g.m.s.m.a.ScDefaultMonitorInterceptor  : Start executing the springfox.documentation.schema.property.ModelSpecificationFactory.create method
2025-06-11 12:06:55.328  INFO 1 --- [           main] s.g.m.s.m.a.ScDefaultMonitorInterceptor  : Stop executing the springfox.documentation.schema.property.ModelSpecificationFactory.create method
2025-06-11 12:06:55.328  INFO 1 --- [           main] s.g.m.s.m.a.ScDefaultMonitorInterceptor  : Start executing the springfox.documentation.schema.property.ModelSpecificationFactory.create method
2025-06-11 12:06:55.328  INFO 1 --- [           main] s.g.m.s.m.a.ScDefaultMonitorInterceptor  : Stop executing the springfox.documentation.schema.property.ModelSpecificationFactory.create method
2025-06-11 12:06:55.329  INFO 1 --- [           main] s.g.m.s.m.a.ScDefaultMonitorInterceptor  : Start executing the springfox.documentation.schema.property.ModelSpecificationFactory.create method
2025-06-11 12:06:55.329  INFO 1 --- [           main] s.g.m.s.m.a.ScDefaultMonitorInterceptor  : Stop executing the springfox.documentation.schema.property.ModelSpecificationFactory.create method
2025-06-11 12:06:55.329  INFO 1 --- [           main] s.g.m.s.m.a.ScDefaultMonitorInterceptor  : Start executing the springfox.documentation.schema.property.ModelSpecificationFactory.create method
2025-06-11 12:06:55.329  INFO 1 --- [           main] s.g.m.s.m.a.ScDefaultMonitorInterceptor  : Stop executing the springfox.documentation.schema.property.ModelSpecificationFactory.create method
2025-06-11 12:06:55.329  INFO 1 --- [           main] s.g.m.s.m.a.ScDefaultMonitorInterceptor  : Start executing the springfox.documentation.schema.property.ModelSpecificationFactory.create method
2025-06-11 12:06:55.329  INFO 1 --- [           main] s.g.m.s.m.a.ScDefaultMonitorInterceptor  : Stop executing the springfox.documentation.schema.property.ModelSpecificationFactory.create method
2025-06-11 12:06:55.329  INFO 1 --- [           main] s.g.m.s.m.a.ScDefaultMonitorInterceptor  : Start executing the springfox.documentation.schema.property.ModelSpecificationFactory.create method
2025-06-11 12:06:55.329  INFO 1 --- [           main] s.g.m.s.m.a.ScDefaultMonitorInterceptor  : Stop executing the springfox.documentation.schema.property.ModelSpecificationFactory.create method
2025-06-11 12:06:55.334  INFO 1 --- [           main] s.g.m.s.m.a.ScDefaultMonitorInterceptor  : Start executing the springfox.documentation.schema.property.ModelSpecificationFactory.create method
2025-06-11 12:06:55.334  INFO 1 --- [           main] s.g.m.s.m.a.ScDefaultMonitorInterceptor  : Stop executing the springfox.documentation.schema.property.ModelSpecificationFactory.create method
2025-06-11 12:06:55.334  INFO 1 --- [           main] s.g.m.s.m.a.ScDefaultMonitorInterceptor  : Start executing the springfox.documentation.schema.property.ModelSpecificationFactory.create method
2025-06-11 12:06:55.334  INFO 1 --- [           main] s.g.m.s.m.a.ScDefaultMonitorInterceptor  : Stop executing the springfox.documentation.schema.property.ModelSpecificationFactory.create method
2025-06-11 12:06:55.334  INFO 1 --- [           main] s.g.m.s.m.a.ScDefaultMonitorInterceptor  : Start executing the springfox.documentation.schema.property.ModelSpecificationFactory.create method
2025-06-11 12:06:55.334  INFO 1 --- [           main] s.g.m.s.m.a.ScDefaultMonitorInterceptor  : Stop executing the springfox.documentation.schema.property.ModelSpecificationFactory.create method
2025-06-11 12:06:55.334  INFO 1 --- [           main] s.g.m.s.m.a.ScDefaultMonitorInterceptor  : Start executing the springfox.documentation.schema.property.ModelSpecificationFactory.create method
2025-06-11 12:06:55.334  INFO 1 --- [           main] s.g.m.s.m.a.ScDefaultMonitorInterceptor  : Stop executing the springfox.documentation.schema.property.ModelSpecificationFactory.create method
2025-06-11 12:06:55.334  INFO 1 --- [           main] s.g.m.s.m.a.ScDefaultMonitorInterceptor  : Start executing the springfox.documentation.schema.property.ModelSpecificationFactory.create method
2025-06-11 12:06:55.334  INFO 1 --- [           main] s.g.m.s.m.a.ScDefaultMonitorInterceptor  : Stop executing the springfox.documentation.schema.property.ModelSpecificationFactory.create method
2025-06-11 12:06:55.334  INFO 1 --- [           main] s.g.m.s.m.a.ScDefaultMonitorInterceptor  : Start executing the springfox.documentation.schema.property.ModelSpecificationFactory.create method
2025-06-11 12:06:55.334  INFO 1 --- [           main] s.g.m.s.m.a.ScDefaultMonitorInterceptor  : Stop executing the springfox.documentation.schema.property.ModelSpecificationFactory.create method
2025-06-11 12:06:55.335  INFO 1 --- [           main] s.g.m.s.m.a.ScDefaultMonitorInterceptor  : Start executing the springfox.documentation.schema.property.ModelSpecificationFactory.create method
2025-06-11 12:06:55.335  INFO 1 --- [           main] s.g.m.s.m.a.ScDefaultMonitorInterceptor  : Stop executing the springfox.documentation.schema.property.ModelSpecificationFactory.create method
2025-06-11 12:06:55.335  INFO 1 --- [           main] s.g.m.s.m.a.ScDefaultMonitorInterceptor  : Start executing the springfox.documentation.schema.property.ModelSpecificationFactory.create method
2025-06-11 12:06:55.335  INFO 1 --- [           main] s.g.m.s.m.a.ScDefaultMonitorInterceptor  : Stop executing the springfox.documentation.schema.property.ModelSpecificationFactory.create method
2025-06-11 12:06:55.335  INFO 1 --- [           main] s.g.m.s.m.a.ScDefaultMonitorInterceptor  : Start executing the springfox.documentation.schema.property.ModelSpecificationFactory.create method
2025-06-11 12:06:55.335  INFO 1 --- [           main] s.g.m.s.m.a.ScDefaultMonitorInterceptor  : Stop executing the springfox.documentation.schema.property.ModelSpecificationFactory.create method
2025-06-11 12:06:55.335  INFO 1 --- [           main] s.g.m.s.m.a.ScDefaultMonitorInterceptor  : Start executing the springfox.documentation.schema.property.ModelSpecificationFactory.create method
2025-06-11 12:06:55.335  INFO 1 --- [           main] s.g.m.s.m.a.ScDefaultMonitorInterceptor  : Stop executing the springfox.documentation.schema.property.ModelSpecificationFactory.create method
2025-06-11 12:06:55.335  INFO 1 --- [           main] s.g.m.s.m.a.ScDefaultMonitorInterceptor  : Start executing the springfox.documentation.schema.property.ModelSpecificationFactory.create method
2025-06-11 12:06:55.335  INFO 1 --- [           main] s.g.m.s.m.a.ScDefaultMonitorInterceptor  : Stop executing the springfox.documentation.schema.property.ModelSpecificationFactory.create method
2025-06-11 12:06:55.335  INFO 1 --- [           main] s.g.m.s.m.a.ScDefaultMonitorInterceptor  : Start executing the springfox.documentation.schema.property.ModelSpecificationFactory.create method
2025-06-11 12:06:55.335  INFO 1 --- [           main] s.g.m.s.m.a.ScDefaultMonitorInterceptor  : Stop executing the springfox.documentation.schema.property.ModelSpecificationFactory.create method
2025-06-11 12:06:55.335  INFO 1 --- [           main] s.g.m.s.m.a.ScDefaultMonitorInterceptor  : Start executing the springfox.documentation.schema.property.ModelSpecificationFactory.create method
2025-06-11 12:06:55.335  INFO 1 --- [           main] s.g.m.s.m.a.ScDefaultMonitorInterceptor  : Stop executing the springfox.documentation.schema.property.ModelSpecificationFactory.create method
2025-06-11 12:06:55.336  INFO 1 --- [           main] s.g.m.s.m.a.ScDefaultMonitorInterceptor  : Start executing the springfox.documentation.schema.property.ModelSpecificationFactory.create method
2025-06-11 12:06:55.336  INFO 1 --- [           main] s.g.m.s.m.a.ScDefaultMonitorInterceptor  : Stop executing the springfox.documentation.schema.property.ModelSpecificationFactory.create method
2025-06-11 12:06:55.336  INFO 1 --- [           main] s.g.m.s.m.a.ScDefaultMonitorInterceptor  : Start executing the springfox.documentation.schema.property.ModelSpecificationFactory.create method
2025-06-11 12:06:55.336  INFO 1 --- [           main] s.g.m.s.m.a.ScDefaultMonitorInterceptor  : Stop executing the springfox.documentation.schema.property.ModelSpecificationFactory.create method
2025-06-11 12:06:55.336  INFO 1 --- [           main] s.g.m.s.m.a.ScDefaultMonitorInterceptor  : Start executing the springfox.documentation.schema.property.ModelSpecificationFactory.create method
2025-06-11 12:06:55.336  INFO 1 --- [           main] s.g.m.s.m.a.ScDefaultMonitorInterceptor  : Stop executing the springfox.documentation.schema.property.ModelSpecificationFactory.create method
2025-06-11 12:06:55.336  INFO 1 --- [           main] s.g.m.s.m.a.ScDefaultMonitorInterceptor  : Start executing the springfox.documentation.schema.property.ModelSpecificationFactory.create method
2025-06-11 12:06:55.336  INFO 1 --- [           main] s.g.m.s.m.a.ScDefaultMonitorInterceptor  : Stop executing the springfox.documentation.schema.property.ModelSpecificationFactory.create method
2025-06-11 12:06:55.336  INFO 1 --- [           main] s.g.m.s.m.a.ScDefaultMonitorInterceptor  : Start executing the springfox.documentation.schema.property.ModelSpecificationFactory.create method
2025-06-11 12:06:55.336  INFO 1 --- [           main] s.g.m.s.m.a.ScDefaultMonitorInterceptor  : Stop executing the springfox.documentation.schema.property.ModelSpecificationFactory.create method
2025-06-11 12:06:55.336  INFO 1 --- [           main] s.g.m.s.m.a.ScDefaultMonitorInterceptor  : Start executing the springfox.documentation.schema.property.ModelSpecificationFactory.create method
2025-06-11 12:06:55.336  INFO 1 --- [           main] s.g.m.s.m.a.ScDefaultMonitorInterceptor  : Stop executing the springfox.documentation.schema.property.ModelSpecificationFactory.create method
2025-06-11 12:06:55.336  INFO 1 --- [           main] s.g.m.s.m.a.ScDefaultMonitorInterceptor  : Start executing the springfox.documentation.schema.property.ModelSpecificationFactory.create method
2025-06-11 12:06:55.336  INFO 1 --- [           main] s.g.m.s.m.a.ScDefaultMonitorInterceptor  : Stop executing the springfox.documentation.schema.property.ModelSpecificationFactory.create method
2025-06-11 12:06:55.336  INFO 1 --- [           main] s.g.m.s.m.a.ScDefaultMonitorInterceptor  : Start executing the springfox.documentation.schema.property.ModelSpecificationFactory.create method
2025-06-11 12:06:55.336  INFO 1 --- [           main] s.g.m.s.m.a.ScDefaultMonitorInterceptor  : Stop executing the springfox.documentation.schema.property.ModelSpecificationFactory.create method
2025-06-11 12:06:55.337  INFO 1 --- [           main] s.g.m.s.m.a.ScDefaultMonitorInterceptor  : Start executing the springfox.documentation.schema.property.ModelSpecificationFactory.create method
2025-06-11 12:06:55.337  INFO 1 --- [           main] s.g.m.s.m.a.ScDefaultMonitorInterceptor  : Stop executing the springfox.documentation.schema.property.ModelSpecificationFactory.create method
2025-06-11 12:06:55.337  INFO 1 --- [           main] s.g.m.s.m.a.ScDefaultMonitorInterceptor  : Start executing the springfox.documentation.schema.property.ModelSpecificationFactory.create method
2025-06-11 12:06:55.337  INFO 1 --- [           main] s.g.m.s.m.a.ScDefaultMonitorInterceptor  : Stop executing the springfox.documentation.schema.property.ModelSpecificationFactory.create method
2025-06-11 12:06:55.346  INFO 1 --- [           main] s.g.m.s.m.a.ScDefaultMonitorInterceptor  : Start executing the springfox.documentation.schema.property.ModelSpecificationFactory.create method
2025-06-11 12:06:55.346  INFO 1 --- [           main] s.g.m.s.m.a.ScDefaultMonitorInterceptor  : Stop executing the springfox.documentation.schema.property.ModelSpecificationFactory.create method
2025-06-11 12:06:55.346  INFO 1 --- [           main] s.g.m.s.m.a.ScDefaultMonitorInterceptor  : Start executing the springfox.documentation.schema.property.ModelSpecificationFactory.create method
2025-06-11 12:06:55.346  INFO 1 --- [           main] s.g.m.s.m.a.ScDefaultMonitorInterceptor  : Stop executing the springfox.documentation.schema.property.ModelSpecificationFactory.create method
2025-06-11 12:06:55.346  INFO 1 --- [           main] s.g.m.s.m.a.ScDefaultMonitorInterceptor  : Start executing the springfox.documentation.schema.property.ModelSpecificationFactory.create method
2025-06-11 12:06:55.346  INFO 1 --- [           main] s.g.m.s.m.a.ScDefaultMonitorInterceptor  : Stop executing the springfox.documentation.schema.property.ModelSpecificationFactory.create method
2025-06-11 12:06:55.346  INFO 1 --- [           main] s.g.m.s.m.a.ScDefaultMonitorInterceptor  : Start executing the springfox.documentation.schema.property.ModelSpecificationFactory.create method
2025-06-11 12:06:55.346  INFO 1 --- [           main] s.g.m.s.m.a.ScDefaultMonitorInterceptor  : Stop executing the springfox.documentation.schema.property.ModelSpecificationFactory.create method
2025-06-11 12:06:55.346  INFO 1 --- [           main] s.g.m.s.m.a.ScDefaultMonitorInterceptor  : Start executing the springfox.documentation.schema.property.ModelSpecificationFactory.create method
2025-06-11 12:06:55.346  INFO 1 --- [           main] s.g.m.s.m.a.ScDefaultMonitorInterceptor  : Stop executing the springfox.documentation.schema.property.ModelSpecificationFactory.create method
2025-06-11 12:06:55.346  INFO 1 --- [           main] s.g.m.s.m.a.ScDefaultMonitorInterceptor  : Start executing the springfox.documentation.schema.property.ModelSpecificationFactory.create method
2025-06-11 12:06:55.346  INFO 1 --- [           main] s.g.m.s.m.a.ScDefaultMonitorInterceptor  : Stop executing the springfox.documentation.schema.property.ModelSpecificationFactory.create method
2025-06-11 12:06:55.347  INFO 1 --- [           main] s.g.m.s.m.a.ScDefaultMonitorInterceptor  : Start executing the springfox.documentation.schema.property.ModelSpecificationFactory.create method
2025-06-11 12:06:55.347  INFO 1 --- [           main] s.g.m.s.m.a.ScDefaultMonitorInterceptor  : Stop executing the springfox.documentation.schema.property.ModelSpecificationFactory.create method
2025-06-11 12:06:55.347  INFO 1 --- [           main] s.g.m.s.m.a.ScDefaultMonitorInterceptor  : Start executing the springfox.documentation.schema.property.ModelSpecificationFactory.create method
2025-06-11 12:06:55.347  INFO 1 --- [           main] s.g.m.s.m.a.ScDefaultMonitorInterceptor  : Stop executing the springfox.documentation.schema.property.ModelSpecificationFactory.create method
2025-06-11 12:06:55.347  INFO 1 --- [           main] s.g.m.s.m.a.ScDefaultMonitorInterceptor  : Start executing the springfox.documentation.schema.property.ModelSpecificationFactory.create method
2025-06-11 12:06:55.347  INFO 1 --- [           main] s.g.m.s.m.a.ScDefaultMonitorInterceptor  : Stop executing the springfox.documentation.schema.property.ModelSpecificationFactory.create method
2025-06-11 12:06:55.347  INFO 1 --- [           main] s.g.m.s.m.a.ScDefaultMonitorInterceptor  : Start executing the springfox.documentation.schema.property.ModelSpecificationFactory.create method
2025-06-11 12:06:55.347  INFO 1 --- [           main] s.g.m.s.m.a.ScDefaultMonitorInterceptor  : Stop executing the springfox.documentation.schema.property.ModelSpecificationFactory.create method
2025-06-11 12:06:55.347  INFO 1 --- [           main] s.g.m.s.m.a.ScDefaultMonitorInterceptor  : Start executing the springfox.documentation.schema.property.ModelSpecificationFactory.create method
2025-06-11 12:06:55.347  INFO 1 --- [           main] s.g.m.s.m.a.ScDefaultMonitorInterceptor  : Stop executing the springfox.documentation.schema.property.ModelSpecificationFactory.create method
2025-06-11 12:06:55.348  INFO 1 --- [           main] s.g.m.s.m.a.ScDefaultMonitorInterceptor  : Start executing the springfox.documentation.schema.property.ModelSpecificationFactory.create method
2025-06-11 12:06:55.348  INFO 1 --- [           main] s.g.m.s.m.a.ScDefaultMonitorInterceptor  : Stop executing the springfox.documentation.schema.property.ModelSpecificationFactory.create method
2025-06-11 12:06:55.348  INFO 1 --- [           main] s.g.m.s.m.a.ScDefaultMonitorInterceptor  : Start executing the springfox.documentation.schema.property.ModelSpecificationFactory.create method
2025-06-11 12:06:55.348  INFO 1 --- [           main] s.g.m.s.m.a.ScDefaultMonitorInterceptor  : Stop executing the springfox.documentation.schema.property.ModelSpecificationFactory.create method
2025-06-11 12:06:55.348  INFO 1 --- [           main] s.g.m.s.m.a.ScDefaultMonitorInterceptor  : Start executing the springfox.documentation.schema.property.ModelSpecificationFactory.create method
2025-06-11 12:06:55.348  INFO 1 --- [           main] s.g.m.s.m.a.ScDefaultMonitorInterceptor  : Stop executing the springfox.documentation.schema.property.ModelSpecificationFactory.create method
2025-06-11 12:06:55.348  INFO 1 --- [           main] s.g.m.s.m.a.ScDefaultMonitorInterceptor  : Start executing the springfox.documentation.schema.property.ModelSpecificationFactory.create method
2025-06-11 12:06:55.348  INFO 1 --- [           main] s.g.m.s.m.a.ScDefaultMonitorInterceptor  : Stop executing the springfox.documentation.schema.property.ModelSpecificationFactory.create method
2025-06-11 12:06:55.348  INFO 1 --- [           main] s.g.m.s.m.a.ScDefaultMonitorInterceptor  : Start executing the springfox.documentation.schema.property.ModelSpecificationFactory.create method
2025-06-11 12:06:55.348  INFO 1 --- [           main] s.g.m.s.m.a.ScDefaultMonitorInterceptor  : Stop executing the springfox.documentation.schema.property.ModelSpecificationFactory.create method
2025-06-11 12:06:55.348  INFO 1 --- [           main] s.g.m.s.m.a.ScDefaultMonitorInterceptor  : Start executing the springfox.documentation.schema.property.ModelSpecificationFactory.create method
2025-06-11 12:06:55.348  INFO 1 --- [           main] s.g.m.s.m.a.ScDefaultMonitorInterceptor  : Stop executing the springfox.documentation.schema.property.ModelSpecificationFactory.create method
2025-06-11 12:06:55.348  INFO 1 --- [           main] s.g.m.s.m.a.ScDefaultMonitorInterceptor  : Start executing the springfox.documentation.schema.property.ModelSpecificationFactory.create method
2025-06-11 12:06:55.349  INFO 1 --- [           main] s.g.m.s.m.a.ScDefaultMonitorInterceptor  : Stop executing the springfox.documentation.schema.property.ModelSpecificationFactory.create method
2025-06-11 12:06:55.349  INFO 1 --- [           main] s.g.m.s.m.a.ScDefaultMonitorInterceptor  : Start executing the springfox.documentation.schema.property.ModelSpecificationFactory.create method
2025-06-11 12:06:55.349  INFO 1 --- [           main] s.g.m.s.m.a.ScDefaultMonitorInterceptor  : Stop executing the springfox.documentation.schema.property.ModelSpecificationFactory.create method
2025-06-11 12:06:55.349  INFO 1 --- [           main] s.g.m.s.m.a.ScDefaultMonitorInterceptor  : Start executing the springfox.documentation.schema.property.ModelSpecificationFactory.create method
2025-06-11 12:06:55.349  INFO 1 --- [           main] s.g.m.s.m.a.ScDefaultMonitorInterceptor  : Stop executing the springfox.documentation.schema.property.ModelSpecificationFactory.create method
2025-06-11 12:06:55.349  INFO 1 --- [           main] s.g.m.s.m.a.ScDefaultMonitorInterceptor  : Start executing the springfox.documentation.schema.property.ModelSpecificationFactory.create method
2025-06-11 12:06:55.349  INFO 1 --- [           main] s.g.m.s.m.a.ScDefaultMonitorInterceptor  : Stop executing the springfox.documentation.schema.property.ModelSpecificationFactory.create method
2025-06-11 12:06:55.349  INFO 1 --- [           main] s.g.m.s.m.a.ScDefaultMonitorInterceptor  : Start executing the springfox.documentation.schema.property.ModelSpecificationFactory.create method
2025-06-11 12:06:55.349  INFO 1 --- [           main] s.g.m.s.m.a.ScDefaultMonitorInterceptor  : Stop executing the springfox.documentation.schema.property.ModelSpecificationFactory.create method
2025-06-11 12:06:55.349  INFO 1 --- [           main] s.g.m.s.m.a.ScDefaultMonitorInterceptor  : Start executing the springfox.documentation.schema.property.ModelSpecificationFactory.create method
2025-06-11 12:06:55.349  INFO 1 --- [           main] s.g.m.s.m.a.ScDefaultMonitorInterceptor  : Stop executing the springfox.documentation.schema.property.ModelSpecificationFactory.create method
2025-06-11 12:06:55.349  INFO 1 --- [           main] s.g.m.s.m.a.ScDefaultMonitorInterceptor  : Start executing the springfox.documentation.schema.property.ModelSpecificationFactory.create method
2025-06-11 12:06:55.349  INFO 1 --- [           main] s.g.m.s.m.a.ScDefaultMonitorInterceptor  : Stop executing the springfox.documentation.schema.property.ModelSpecificationFactory.create method
2025-06-11 12:06:55.349  INFO 1 --- [           main] s.g.m.s.m.a.ScDefaultMonitorInterceptor  : Start executing the springfox.documentation.schema.property.ModelSpecificationFactory.create method
2025-06-11 12:06:55.349  INFO 1 --- [           main] s.g.m.s.m.a.ScDefaultMonitorInterceptor  : Stop executing the springfox.documentation.schema.property.ModelSpecificationFactory.create method
2025-06-11 12:06:55.349  INFO 1 --- [           main] s.g.m.s.m.a.ScDefaultMonitorInterceptor  : Start executing the springfox.documentation.schema.property.ModelSpecificationFactory.create method
2025-06-11 12:06:55.349  INFO 1 --- [           main] s.g.m.s.m.a.ScDefaultMonitorInterceptor  : Stop executing the springfox.documentation.schema.property.ModelSpecificationFactory.create method
2025-06-11 12:06:55.349  INFO 1 --- [           main] s.g.m.s.m.a.ScDefaultMonitorInterceptor  : Start executing the springfox.documentation.schema.property.ModelSpecificationFactory.create method
2025-06-11 12:06:55.349  INFO 1 --- [           main] s.g.m.s.m.a.ScDefaultMonitorInterceptor  : Stop executing the springfox.documentation.schema.property.ModelSpecificationFactory.create method
2025-06-11 12:06:55.349  INFO 1 --- [           main] s.g.m.s.m.a.ScDefaultMonitorInterceptor  : Start executing the springfox.documentation.schema.property.ModelSpecificationFactory.create method
2025-06-11 12:06:55.349  INFO 1 --- [           main] s.g.m.s.m.a.ScDefaultMonitorInterceptor  : Stop executing the springfox.documentation.schema.property.ModelSpecificationFactory.create method
2025-06-11 12:06:55.350  INFO 1 --- [           main] s.g.m.s.m.a.ScDefaultMonitorInterceptor  : Start executing the springfox.documentation.schema.property.ModelSpecificationFactory.create method
2025-06-11 12:06:55.350  INFO 1 --- [           main] s.g.m.s.m.a.ScDefaultMonitorInterceptor  : Stop executing the springfox.documentation.schema.property.ModelSpecificationFactory.create method
2025-06-11 12:06:55.350  INFO 1 --- [           main] s.g.m.s.m.a.ScDefaultMonitorInterceptor  : Start executing the springfox.documentation.schema.property.ModelSpecificationFactory.create method
2025-06-11 12:06:55.350  INFO 1 --- [           main] s.g.m.s.m.a.ScDefaultMonitorInterceptor  : Stop executing the springfox.documentation.schema.property.ModelSpecificationFactory.create method
2025-06-11 12:06:55.350  INFO 1 --- [           main] s.g.m.s.m.a.ScDefaultMonitorInterceptor  : Start executing the springfox.documentation.schema.property.ModelSpecificationFactory.create method
2025-06-11 12:06:55.350  INFO 1 --- [           main] s.g.m.s.m.a.ScDefaultMonitorInterceptor  : Stop executing the springfox.documentation.schema.property.ModelSpecificationFactory.create method
2025-06-11 12:06:55.350  INFO 1 --- [           main] s.g.m.s.m.a.ScDefaultMonitorInterceptor  : Start executing the springfox.documentation.schema.property.ModelSpecificationFactory.create method
2025-06-11 12:06:55.350  INFO 1 --- [           main] s.g.m.s.m.a.ScDefaultMonitorInterceptor  : Stop executing the springfox.documentation.schema.property.ModelSpecificationFactory.create method
2025-06-11 12:06:55.350  INFO 1 --- [           main] s.g.m.s.m.a.ScDefaultMonitorInterceptor  : Start executing the springfox.documentation.schema.property.ModelSpecificationFactory.create method
2025-06-11 12:06:55.350  INFO 1 --- [           main] s.g.m.s.m.a.ScDefaultMonitorInterceptor  : Stop executing the springfox.documentation.schema.property.ModelSpecificationFactory.create method
2025-06-11 12:06:55.351  INFO 1 --- [           main] s.g.m.s.m.a.ScDefaultMonitorInterceptor  : Start executing the springfox.documentation.schema.property.ModelSpecificationFactory.create method
2025-06-11 12:06:55.351  INFO 1 --- [           main] s.g.m.s.m.a.ScDefaultMonitorInterceptor  : Stop executing the springfox.documentation.schema.property.ModelSpecificationFactory.create method
2025-06-11 12:06:55.351  INFO 1 --- [           main] s.g.m.s.m.a.ScDefaultMonitorInterceptor  : Start executing the springfox.documentation.schema.property.ModelSpecificationFactory.create method
2025-06-11 12:06:55.351  INFO 1 --- [           main] s.g.m.s.m.a.ScDefaultMonitorInterceptor  : Stop executing the springfox.documentation.schema.property.ModelSpecificationFactory.create method
2025-06-11 12:06:55.351  INFO 1 --- [           main] s.g.m.s.m.a.ScDefaultMonitorInterceptor  : Start executing the springfox.documentation.schema.property.ModelSpecificationFactory.create method
2025-06-11 12:06:55.351  INFO 1 --- [           main] s.g.m.s.m.a.ScDefaultMonitorInterceptor  : Stop executing the springfox.documentation.schema.property.ModelSpecificationFactory.create method
2025-06-11 12:06:55.351  INFO 1 --- [           main] s.g.m.s.m.a.ScDefaultMonitorInterceptor  : Start executing the springfox.documentation.schema.property.ModelSpecificationFactory.create method
2025-06-11 12:06:55.351  INFO 1 --- [           main] s.g.m.s.m.a.ScDefaultMonitorInterceptor  : Stop executing the springfox.documentation.schema.property.ModelSpecificationFactory.create method
2025-06-11 12:06:55.351  INFO 1 --- [           main] s.g.m.s.m.a.ScDefaultMonitorInterceptor  : Start executing the springfox.documentation.schema.property.ModelSpecificationFactory.create method
2025-06-11 12:06:55.351  INFO 1 --- [           main] s.g.m.s.m.a.ScDefaultMonitorInterceptor  : Stop executing the springfox.documentation.schema.property.ModelSpecificationFactory.create method
2025-06-11 12:06:55.351  INFO 1 --- [           main] s.g.m.s.m.a.ScDefaultMonitorInterceptor  : Start executing the springfox.documentation.schema.property.ModelSpecificationFactory.create method
2025-06-11 12:06:55.351  INFO 1 --- [           main] s.g.m.s.m.a.ScDefaultMonitorInterceptor  : Stop executing the springfox.documentation.schema.property.ModelSpecificationFactory.create method
2025-06-11 12:06:55.351  INFO 1 --- [           main] s.g.m.s.m.a.ScDefaultMonitorInterceptor  : Start executing the springfox.documentation.schema.property.ModelSpecificationFactory.create method
2025-06-11 12:06:55.351  INFO 1 --- [           main] s.g.m.s.m.a.ScDefaultMonitorInterceptor  : Stop executing the springfox.documentation.schema.property.ModelSpecificationFactory.create method
2025-06-11 12:06:55.351  INFO 1 --- [           main] s.g.m.s.m.a.ScDefaultMonitorInterceptor  : Start executing the springfox.documentation.schema.property.ModelSpecificationFactory.create method
2025-06-11 12:06:55.351  INFO 1 --- [           main] s.g.m.s.m.a.ScDefaultMonitorInterceptor  : Stop executing the springfox.documentation.schema.property.ModelSpecificationFactory.create method
2025-06-11 12:06:55.351  INFO 1 --- [           main] s.g.m.s.m.a.ScDefaultMonitorInterceptor  : Start executing the springfox.documentation.schema.property.ModelSpecificationFactory.create method
2025-06-11 12:06:55.351  INFO 1 --- [           main] s.g.m.s.m.a.ScDefaultMonitorInterceptor  : Stop executing the springfox.documentation.schema.property.ModelSpecificationFactory.create method
2025-06-11 12:06:55.352  INFO 1 --- [           main] s.g.m.s.m.a.ScDefaultMonitorInterceptor  : Start executing the springfox.documentation.schema.property.ModelSpecificationFactory.create method
2025-06-11 12:06:55.352  INFO 1 --- [           main] s.g.m.s.m.a.ScDefaultMonitorInterceptor  : Stop executing the springfox.documentation.schema.property.ModelSpecificationFactory.create method
2025-06-11 12:06:55.352  INFO 1 --- [           main] s.g.m.s.m.a.ScDefaultMonitorInterceptor  : Start executing the springfox.documentation.schema.property.ModelSpecificationFactory.create method
2025-06-11 12:06:55.352  INFO 1 --- [           main] s.g.m.s.m.a.ScDefaultMonitorInterceptor  : Stop executing the springfox.documentation.schema.property.ModelSpecificationFactory.create method
2025-06-11 12:06:55.352  INFO 1 --- [           main] s.g.m.s.m.a.ScDefaultMonitorInterceptor  : Start executing the springfox.documentation.schema.property.ModelSpecificationFactory.create method
2025-06-11 12:06:55.352  INFO 1 --- [           main] s.g.m.s.m.a.ScDefaultMonitorInterceptor  : Stop executing the springfox.documentation.schema.property.ModelSpecificationFactory.create method
2025-06-11 12:06:55.352  INFO 1 --- [           main] s.g.m.s.m.a.ScDefaultMonitorInterceptor  : Start executing the springfox.documentation.schema.property.ModelSpecificationFactory.create method
2025-06-11 12:06:55.352  INFO 1 --- [           main] s.g.m.s.m.a.ScDefaultMonitorInterceptor  : Stop executing the springfox.documentation.schema.property.ModelSpecificationFactory.create method
2025-06-11 12:06:55.352  INFO 1 --- [           main] s.g.m.s.m.a.ScDefaultMonitorInterceptor  : Start executing the springfox.documentation.schema.property.ModelSpecificationFactory.create method
2025-06-11 12:06:55.352  INFO 1 --- [           main] s.g.m.s.m.a.ScDefaultMonitorInterceptor  : Stop executing the springfox.documentation.schema.property.ModelSpecificationFactory.create method
2025-06-11 12:06:55.353  INFO 1 --- [           main] s.g.m.s.m.a.ScDefaultMonitorInterceptor  : Start executing the springfox.documentation.schema.property.ModelSpecificationFactory.create method
2025-06-11 12:06:55.353  INFO 1 --- [           main] s.g.m.s.m.a.ScDefaultMonitorInterceptor  : Stop executing the springfox.documentation.schema.property.ModelSpecificationFactory.create method
2025-06-11 12:06:55.356  INFO 1 --- [           main] s.g.m.s.m.a.ScDefaultMonitorInterceptor  : Start executing the springfox.documentation.schema.property.ModelSpecificationFactory.create method
2025-06-11 12:06:55.356  INFO 1 --- [           main] s.g.m.s.m.a.ScDefaultMonitorInterceptor  : Stop executing the springfox.documentation.schema.property.ModelSpecificationFactory.create method
2025-06-11 12:06:55.356  INFO 1 --- [           main] s.g.m.s.m.a.ScDefaultMonitorInterceptor  : Start executing the springfox.documentation.schema.property.ModelSpecificationFactory.create method
2025-06-11 12:06:55.356  INFO 1 --- [           main] s.g.m.s.m.a.ScDefaultMonitorInterceptor  : Stop executing the springfox.documentation.schema.property.ModelSpecificationFactory.create method
2025-06-11 12:06:55.356  INFO 1 --- [           main] s.g.m.s.m.a.ScDefaultMonitorInterceptor  : Start executing the springfox.documentation.schema.property.ModelSpecificationFactory.create method
2025-06-11 12:06:55.356  INFO 1 --- [           main] s.g.m.s.m.a.ScDefaultMonitorInterceptor  : Stop executing the springfox.documentation.schema.property.ModelSpecificationFactory.create method
2025-06-11 12:06:55.356  INFO 1 --- [           main] s.g.m.s.m.a.ScDefaultMonitorInterceptor  : Start executing the springfox.documentation.schema.property.ModelSpecificationFactory.create method
2025-06-11 12:06:55.356  INFO 1 --- [           main] s.g.m.s.m.a.ScDefaultMonitorInterceptor  : Stop executing the springfox.documentation.schema.property.ModelSpecificationFactory.create method
2025-06-11 12:06:55.357  INFO 1 --- [           main] s.g.m.s.m.a.ScDefaultMonitorInterceptor  : Start executing the springfox.documentation.schema.property.ModelSpecificationFactory.create method
2025-06-11 12:06:55.357  INFO 1 --- [           main] s.g.m.s.m.a.ScDefaultMonitorInterceptor  : Stop executing the springfox.documentation.schema.property.ModelSpecificationFactory.create method
2025-06-11 12:06:55.357  INFO 1 --- [           main] s.g.m.s.m.a.ScDefaultMonitorInterceptor  : Start executing the springfox.documentation.schema.property.ModelSpecificationFactory.create method
2025-06-11 12:06:55.357  INFO 1 --- [           main] s.g.m.s.m.a.ScDefaultMonitorInterceptor  : Stop executing the springfox.documentation.schema.property.ModelSpecificationFactory.create method
2025-06-11 12:06:55.357  INFO 1 --- [           main] s.g.m.s.m.a.ScDefaultMonitorInterceptor  : Start executing the springfox.documentation.schema.property.ModelSpecificationFactory.create method
2025-06-11 12:06:55.357  INFO 1 --- [           main] s.g.m.s.m.a.ScDefaultMonitorInterceptor  : Stop executing the springfox.documentation.schema.property.ModelSpecificationFactory.create method
2025-06-11 12:06:55.357  INFO 1 --- [           main] s.g.m.s.m.a.ScDefaultMonitorInterceptor  : Start executing the springfox.documentation.schema.property.ModelSpecificationFactory.create method
2025-06-11 12:06:55.357  INFO 1 --- [           main] s.g.m.s.m.a.ScDefaultMonitorInterceptor  : Stop executing the springfox.documentation.schema.property.ModelSpecificationFactory.create method
2025-06-11 12:06:55.357  INFO 1 --- [           main] s.g.m.s.m.a.ScDefaultMonitorInterceptor  : Start executing the springfox.documentation.schema.property.ModelSpecificationFactory.create method
2025-06-11 12:06:55.357  INFO 1 --- [           main] s.g.m.s.m.a.ScDefaultMonitorInterceptor  : Stop executing the springfox.documentation.schema.property.ModelSpecificationFactory.create method
2025-06-11 12:06:55.357  INFO 1 --- [           main] s.g.m.s.m.a.ScDefaultMonitorInterceptor  : Start executing the springfox.documentation.schema.property.ModelSpecificationFactory.create method
2025-06-11 12:06:55.358  INFO 1 --- [           main] s.g.m.s.m.a.ScDefaultMonitorInterceptor  : Stop executing the springfox.documentation.schema.property.ModelSpecificationFactory.create method
2025-06-11 12:06:55.359  INFO 1 --- [           main] s.g.m.s.m.a.ScDefaultMonitorInterceptor  : Start executing the springfox.documentation.schema.property.ModelSpecificationFactory.create method
2025-06-11 12:06:55.359  INFO 1 --- [           main] s.g.m.s.m.a.ScDefaultMonitorInterceptor  : Stop executing the springfox.documentation.schema.property.ModelSpecificationFactory.create method
2025-06-11 12:06:55.359  INFO 1 --- [           main] s.g.m.s.m.a.ScDefaultMonitorInterceptor  : Start executing the springfox.documentation.schema.property.ModelSpecificationFactory.create method
2025-06-11 12:06:55.359  INFO 1 --- [           main] s.g.m.s.m.a.ScDefaultMonitorInterceptor  : Stop executing the springfox.documentation.schema.property.ModelSpecificationFactory.create method
2025-06-11 12:06:55.359  INFO 1 --- [           main] s.g.m.s.m.a.ScDefaultMonitorInterceptor  : Start executing the springfox.documentation.schema.property.ModelSpecificationFactory.create method
2025-06-11 12:06:55.359  INFO 1 --- [           main] s.g.m.s.m.a.ScDefaultMonitorInterceptor  : Stop executing the springfox.documentation.schema.property.ModelSpecificationFactory.create method
2025-06-11 12:06:55.360  INFO 1 --- [           main] s.g.m.s.m.a.ScDefaultMonitorInterceptor  : Start executing the springfox.documentation.schema.property.ModelSpecificationFactory.create method
2025-06-11 12:06:55.360  INFO 1 --- [           main] s.g.m.s.m.a.ScDefaultMonitorInterceptor  : Stop executing the springfox.documentation.schema.property.ModelSpecificationFactory.create method
2025-06-11 12:06:55.363  INFO 1 --- [           main] s.g.m.s.m.a.ScDefaultMonitorInterceptor  : Start executing the springfox.documentation.schema.property.ModelSpecificationFactory.create method
2025-06-11 12:06:55.363  INFO 1 --- [           main] s.g.m.s.m.a.ScDefaultMonitorInterceptor  : Stop executing the springfox.documentation.schema.property.ModelSpecificationFactory.create method
2025-06-11 12:06:55.363  INFO 1 --- [           main] s.g.m.s.m.a.ScDefaultMonitorInterceptor  : Start executing the springfox.documentation.schema.property.ModelSpecificationFactory.create method
2025-06-11 12:06:55.363  INFO 1 --- [           main] s.g.m.s.m.a.ScDefaultMonitorInterceptor  : Stop executing the springfox.documentation.schema.property.ModelSpecificationFactory.create method
2025-06-11 12:06:55.364  INFO 1 --- [           main] s.g.m.s.m.a.ScDefaultMonitorInterceptor  : Start executing the springfox.documentation.schema.property.ModelSpecificationFactory.create method
2025-06-11 12:06:55.364  INFO 1 --- [           main] s.g.m.s.m.a.ScDefaultMonitorInterceptor  : Stop executing the springfox.documentation.schema.property.ModelSpecificationFactory.create method
2025-06-11 12:06:55.364  INFO 1 --- [           main] s.g.m.s.m.a.ScDefaultMonitorInterceptor  : Start executing the springfox.documentation.schema.property.ModelSpecificationFactory.create method
2025-06-11 12:06:55.364  INFO 1 --- [           main] s.g.m.s.m.a.ScDefaultMonitorInterceptor  : Stop executing the springfox.documentation.schema.property.ModelSpecificationFactory.create method
2025-06-11 12:06:55.364  INFO 1 --- [           main] s.g.m.s.m.a.ScDefaultMonitorInterceptor  : Start executing the springfox.documentation.schema.property.ModelSpecificationFactory.create method
2025-06-11 12:06:55.364  INFO 1 --- [           main] s.g.m.s.m.a.ScDefaultMonitorInterceptor  : Stop executing the springfox.documentation.schema.property.ModelSpecificationFactory.create method
2025-06-11 12:06:55.364  INFO 1 --- [           main] s.g.m.s.m.a.ScDefaultMonitorInterceptor  : Start executing the springfox.documentation.schema.property.ModelSpecificationFactory.create method
2025-06-11 12:06:55.364  INFO 1 --- [           main] s.g.m.s.m.a.ScDefaultMonitorInterceptor  : Stop executing the springfox.documentation.schema.property.ModelSpecificationFactory.create method
2025-06-11 12:06:55.364  INFO 1 --- [           main] s.g.m.s.m.a.ScDefaultMonitorInterceptor  : Start executing the springfox.documentation.schema.property.ModelSpecificationFactory.create method
2025-06-11 12:06:55.364  INFO 1 --- [           main] s.g.m.s.m.a.ScDefaultMonitorInterceptor  : Stop executing the springfox.documentation.schema.property.ModelSpecificationFactory.create method
2025-06-11 12:06:55.364  INFO 1 --- [           main] s.g.m.s.m.a.ScDefaultMonitorInterceptor  : Start executing the springfox.documentation.schema.property.ModelSpecificationFactory.create method
2025-06-11 12:06:55.364  INFO 1 --- [           main] s.g.m.s.m.a.ScDefaultMonitorInterceptor  : Stop executing the springfox.documentation.schema.property.ModelSpecificationFactory.create method
2025-06-11 12:06:55.364  INFO 1 --- [           main] s.g.m.s.m.a.ScDefaultMonitorInterceptor  : Start executing the springfox.documentation.schema.property.ModelSpecificationFactory.create method
2025-06-11 12:06:55.364  INFO 1 --- [           main] s.g.m.s.m.a.ScDefaultMonitorInterceptor  : Stop executing the springfox.documentation.schema.property.ModelSpecificationFactory.create method
2025-06-11 12:06:55.364  INFO 1 --- [           main] s.g.m.s.m.a.ScDefaultMonitorInterceptor  : Start executing the springfox.documentation.schema.property.ModelSpecificationFactory.create method
2025-06-11 12:06:55.364  INFO 1 --- [           main] s.g.m.s.m.a.ScDefaultMonitorInterceptor  : Stop executing the springfox.documentation.schema.property.ModelSpecificationFactory.create method
2025-06-11 12:06:55.365  INFO 1 --- [           main] s.g.m.s.m.a.ScDefaultMonitorInterceptor  : Start executing the springfox.documentation.schema.property.ModelSpecificationFactory.create method
2025-06-11 12:06:55.365  INFO 1 --- [           main] s.g.m.s.m.a.ScDefaultMonitorInterceptor  : Stop executing the springfox.documentation.schema.property.ModelSpecificationFactory.create method
2025-06-11 12:06:55.365  INFO 1 --- [           main] s.g.m.s.m.a.ScDefaultMonitorInterceptor  : Start executing the springfox.documentation.schema.property.ModelSpecificationFactory.create method
2025-06-11 12:06:55.365  INFO 1 --- [           main] s.g.m.s.m.a.ScDefaultMonitorInterceptor  : Stop executing the springfox.documentation.schema.property.ModelSpecificationFactory.create method
2025-06-11 12:06:55.365  INFO 1 --- [           main] s.g.m.s.m.a.ScDefaultMonitorInterceptor  : Start executing the springfox.documentation.schema.property.ModelSpecificationFactory.create method
2025-06-11 12:06:55.365  INFO 1 --- [           main] s.g.m.s.m.a.ScDefaultMonitorInterceptor  : Stop executing the springfox.documentation.schema.property.ModelSpecificationFactory.create method
2025-06-11 12:06:55.365  INFO 1 --- [           main] s.g.m.s.m.a.ScDefaultMonitorInterceptor  : Start executing the springfox.documentation.schema.property.ModelSpecificationFactory.create method
2025-06-11 12:06:55.366  INFO 1 --- [           main] s.g.m.s.m.a.ScDefaultMonitorInterceptor  : Stop executing the springfox.documentation.schema.property.ModelSpecificationFactory.create method
2025-06-11 12:06:55.367  INFO 1 --- [           main] s.g.m.s.m.a.ScDefaultMonitorInterceptor  : Start executing the springfox.documentation.schema.property.ModelSpecificationFactory.create method
2025-06-11 12:06:55.367  INFO 1 --- [           main] s.g.m.s.m.a.ScDefaultMonitorInterceptor  : Stop executing the springfox.documentation.schema.property.ModelSpecificationFactory.create method
2025-06-11 12:06:55.367  INFO 1 --- [           main] s.g.m.s.m.a.ScDefaultMonitorInterceptor  : Start executing the springfox.documentation.schema.property.ModelSpecificationFactory.create method
2025-06-11 12:06:55.367  INFO 1 --- [           main] s.g.m.s.m.a.ScDefaultMonitorInterceptor  : Stop executing the springfox.documentation.schema.property.ModelSpecificationFactory.create method
2025-06-11 12:06:55.369  INFO 1 --- [           main] s.g.m.s.m.a.ScDefaultMonitorInterceptor  : Start executing the springfox.documentation.schema.property.ModelSpecificationFactory.create method
2025-06-11 12:06:55.369  INFO 1 --- [           main] s.g.m.s.m.a.ScDefaultMonitorInterceptor  : Stop executing the springfox.documentation.schema.property.ModelSpecificationFactory.create method
2025-06-11 12:06:55.369  INFO 1 --- [           main] s.g.m.s.m.a.ScDefaultMonitorInterceptor  : Start executing the springfox.documentation.schema.property.ModelSpecificationFactory.create method
2025-06-11 12:06:55.369  INFO 1 --- [           main] s.g.m.s.m.a.ScDefaultMonitorInterceptor  : Stop executing the springfox.documentation.schema.property.ModelSpecificationFactory.create method
2025-06-11 12:06:55.369  INFO 1 --- [           main] s.g.m.s.m.a.ScDefaultMonitorInterceptor  : Start executing the springfox.documentation.schema.property.ModelSpecificationFactory.create method
2025-06-11 12:06:55.369  INFO 1 --- [           main] s.g.m.s.m.a.ScDefaultMonitorInterceptor  : Stop executing the springfox.documentation.schema.property.ModelSpecificationFactory.create method
2025-06-11 12:06:55.369  INFO 1 --- [           main] s.g.m.s.m.a.ScDefaultMonitorInterceptor  : Start executing the springfox.documentation.schema.property.ModelSpecificationFactory.create method
2025-06-11 12:06:55.369  INFO 1 --- [           main] s.g.m.s.m.a.ScDefaultMonitorInterceptor  : Stop executing the springfox.documentation.schema.property.ModelSpecificationFactory.create method
2025-06-11 12:06:55.427  INFO 1 --- [           main] s.g.m.s.m.a.ScDefaultMonitorInterceptor  : Start executing the springfox.documentation.schema.property.ModelSpecificationFactory.create method
2025-06-11 12:06:55.427  INFO 1 --- [           main] s.g.m.s.m.a.ScDefaultMonitorInterceptor  : Stop executing the springfox.documentation.schema.property.ModelSpecificationFactory.create method
2025-06-11 12:06:55.427  INFO 1 --- [           main] s.g.m.s.m.a.ScDefaultMonitorInterceptor  : Start executing the springfox.documentation.schema.property.ModelSpecificationFactory.create method
2025-06-11 12:06:55.427  INFO 1 --- [           main] s.g.m.s.m.a.ScDefaultMonitorInterceptor  : Stop executing the springfox.documentation.schema.property.ModelSpecificationFactory.create method
2025-06-11 12:06:55.427  INFO 1 --- [           main] s.g.m.s.m.a.ScDefaultMonitorInterceptor  : Start executing the springfox.documentation.schema.property.ModelSpecificationFactory.create method
2025-06-11 12:06:55.427  INFO 1 --- [           main] s.g.m.s.m.a.ScDefaultMonitorInterceptor  : Stop executing the springfox.documentation.schema.property.ModelSpecificationFactory.create method
2025-06-11 12:06:55.428  INFO 1 --- [           main] s.g.m.s.m.a.ScDefaultMonitorInterceptor  : Start executing the springfox.documentation.schema.property.ModelSpecificationFactory.create method
2025-06-11 12:06:55.428  INFO 1 --- [           main] s.g.m.s.m.a.ScDefaultMonitorInterceptor  : Stop executing the springfox.documentation.schema.property.ModelSpecificationFactory.create method
2025-06-11 12:06:55.428  INFO 1 --- [           main] s.g.m.s.m.a.ScDefaultMonitorInterceptor  : Start executing the springfox.documentation.schema.property.ModelSpecificationFactory.create method
2025-06-11 12:06:55.428  INFO 1 --- [           main] s.g.m.s.m.a.ScDefaultMonitorInterceptor  : Stop executing the springfox.documentation.schema.property.ModelSpecificationFactory.create method
2025-06-11 12:06:55.428  INFO 1 --- [           main] s.g.m.s.m.a.ScDefaultMonitorInterceptor  : Start executing the springfox.documentation.schema.property.ModelSpecificationFactory.create method
2025-06-11 12:06:55.428  INFO 1 --- [           main] s.g.m.s.m.a.ScDefaultMonitorInterceptor  : Stop executing the springfox.documentation.schema.property.ModelSpecificationFactory.create method
2025-06-11 12:06:55.428  INFO 1 --- [           main] s.g.m.s.m.a.ScDefaultMonitorInterceptor  : Start executing the springfox.documentation.schema.property.ModelSpecificationFactory.create method
2025-06-11 12:06:55.428  INFO 1 --- [           main] s.g.m.s.m.a.ScDefaultMonitorInterceptor  : Stop executing the springfox.documentation.schema.property.ModelSpecificationFactory.create method
2025-06-11 12:06:55.428  INFO 1 --- [           main] s.g.m.s.m.a.ScDefaultMonitorInterceptor  : Start executing the springfox.documentation.schema.property.ModelSpecificationFactory.create method
2025-06-11 12:06:55.428  INFO 1 --- [           main] s.g.m.s.m.a.ScDefaultMonitorInterceptor  : Stop executing the springfox.documentation.schema.property.ModelSpecificationFactory.create method
2025-06-11 12:06:55.428  INFO 1 --- [           main] s.g.m.s.m.a.ScDefaultMonitorInterceptor  : Start executing the springfox.documentation.schema.property.ModelSpecificationFactory.create method
2025-06-11 12:06:55.428  INFO 1 --- [           main] s.g.m.s.m.a.ScDefaultMonitorInterceptor  : Stop executing the springfox.documentation.schema.property.ModelSpecificationFactory.create method
2025-06-11 12:06:55.428  INFO 1 --- [           main] s.g.m.s.m.a.ScDefaultMonitorInterceptor  : Start executing the springfox.documentation.schema.property.ModelSpecificationFactory.create method
2025-06-11 12:06:55.428  INFO 1 --- [           main] s.g.m.s.m.a.ScDefaultMonitorInterceptor  : Stop executing the springfox.documentation.schema.property.ModelSpecificationFactory.create method
2025-06-11 12:06:55.428  INFO 1 --- [           main] s.g.m.s.m.a.ScDefaultMonitorInterceptor  : Start executing the springfox.documentation.schema.property.ModelSpecificationFactory.create method
2025-06-11 12:06:55.428  INFO 1 --- [           main] s.g.m.s.m.a.ScDefaultMonitorInterceptor  : Stop executing the springfox.documentation.schema.property.ModelSpecificationFactory.create method
2025-06-11 12:06:55.429  INFO 1 --- [           main] s.g.m.s.m.a.ScDefaultMonitorInterceptor  : Start executing the springfox.documentation.schema.property.ModelSpecificationFactory.create method
2025-06-11 12:06:55.429  INFO 1 --- [           main] s.g.m.s.m.a.ScDefaultMonitorInterceptor  : Stop executing the springfox.documentation.schema.property.ModelSpecificationFactory.create method
2025-06-11 12:06:55.429  INFO 1 --- [           main] s.g.m.s.m.a.ScDefaultMonitorInterceptor  : Start executing the springfox.documentation.schema.property.ModelSpecificationFactory.create method
2025-06-11 12:06:55.429  INFO 1 --- [           main] s.g.m.s.m.a.ScDefaultMonitorInterceptor  : Stop executing the springfox.documentation.schema.property.ModelSpecificationFactory.create method
2025-06-11 12:06:55.429  INFO 1 --- [           main] s.g.m.s.m.a.ScDefaultMonitorInterceptor  : Start executing the springfox.documentation.schema.property.ModelSpecificationFactory.create method
2025-06-11 12:06:55.429  INFO 1 --- [           main] s.g.m.s.m.a.ScDefaultMonitorInterceptor  : Stop executing the springfox.documentation.schema.property.ModelSpecificationFactory.create method
2025-06-11 12:06:55.429  INFO 1 --- [           main] s.g.m.s.m.a.ScDefaultMonitorInterceptor  : Start executing the springfox.documentation.schema.property.ModelSpecificationFactory.create method
2025-06-11 12:06:55.429  INFO 1 --- [           main] s.g.m.s.m.a.ScDefaultMonitorInterceptor  : Stop executing the springfox.documentation.schema.property.ModelSpecificationFactory.create method
2025-06-11 12:06:55.429  INFO 1 --- [           main] s.g.m.s.m.a.ScDefaultMonitorInterceptor  : Start executing the springfox.documentation.schema.property.ModelSpecificationFactory.create method
2025-06-11 12:06:55.429  INFO 1 --- [           main] s.g.m.s.m.a.ScDefaultMonitorInterceptor  : Stop executing the springfox.documentation.schema.property.ModelSpecificationFactory.create method
2025-06-11 12:06:55.429  INFO 1 --- [           main] s.g.m.s.m.a.ScDefaultMonitorInterceptor  : Start executing the springfox.documentation.schema.property.ModelSpecificationFactory.create method
2025-06-11 12:06:55.429  INFO 1 --- [           main] s.g.m.s.m.a.ScDefaultMonitorInterceptor  : Stop executing the springfox.documentation.schema.property.ModelSpecificationFactory.create method
2025-06-11 12:06:55.429  INFO 1 --- [           main] s.g.m.s.m.a.ScDefaultMonitorInterceptor  : Start executing the springfox.documentation.schema.property.ModelSpecificationFactory.create method
2025-06-11 12:06:55.429  INFO 1 --- [           main] s.g.m.s.m.a.ScDefaultMonitorInterceptor  : Stop executing the springfox.documentation.schema.property.ModelSpecificationFactory.create method
2025-06-11 12:06:55.430  INFO 1 --- [           main] s.g.m.s.m.a.ScDefaultMonitorInterceptor  : Start executing the springfox.documentation.schema.property.ModelSpecificationFactory.create method
2025-06-11 12:06:55.430  INFO 1 --- [           main] s.g.m.s.m.a.ScDefaultMonitorInterceptor  : Stop executing the springfox.documentation.schema.property.ModelSpecificationFactory.create method
2025-06-11 12:06:55.432  INFO 1 --- [           main] s.g.m.s.m.a.ScDefaultMonitorInterceptor  : Start executing the springfox.documentation.schema.property.ModelSpecificationFactory.create method
2025-06-11 12:06:55.432  INFO 1 --- [           main] s.g.m.s.m.a.ScDefaultMonitorInterceptor  : Stop executing the springfox.documentation.schema.property.ModelSpecificationFactory.create method
2025-06-11 12:06:55.432  INFO 1 --- [           main] s.g.m.s.m.a.ScDefaultMonitorInterceptor  : Start executing the springfox.documentation.schema.property.ModelSpecificationFactory.create method
2025-06-11 12:06:55.432  INFO 1 --- [           main] s.g.m.s.m.a.ScDefaultMonitorInterceptor  : Stop executing the springfox.documentation.schema.property.ModelSpecificationFactory.create method
2025-06-11 12:06:55.446  INFO 1 --- [           main] s.g.m.s.m.a.ScDefaultMonitorInterceptor  : Start executing the springfox.documentation.schema.property.ModelSpecificationFactory.create method
2025-06-11 12:06:55.446  INFO 1 --- [           main] s.g.m.s.m.a.ScDefaultMonitorInterceptor  : Stop executing the springfox.documentation.schema.property.ModelSpecificationFactory.create method
2025-06-11 12:06:55.447  INFO 1 --- [           main] s.g.m.s.m.a.ScDefaultMonitorInterceptor  : Start executing the springfox.documentation.schema.property.ModelSpecificationFactory.create method
2025-06-11 12:06:55.447  INFO 1 --- [           main] s.g.m.s.m.a.ScDefaultMonitorInterceptor  : Stop executing the springfox.documentation.schema.property.ModelSpecificationFactory.create method
2025-06-11 12:06:55.447  INFO 1 --- [           main] s.g.m.s.m.a.ScDefaultMonitorInterceptor  : Start executing the springfox.documentation.schema.property.ModelSpecificationFactory.create method
2025-06-11 12:06:55.447  INFO 1 --- [           main] s.g.m.s.m.a.ScDefaultMonitorInterceptor  : Stop executing the springfox.documentation.schema.property.ModelSpecificationFactory.create method
2025-06-11 12:06:55.447  INFO 1 --- [           main] s.g.m.s.m.a.ScDefaultMonitorInterceptor  : Start executing the springfox.documentation.schema.property.ModelSpecificationFactory.create method
2025-06-11 12:06:55.447  INFO 1 --- [           main] s.g.m.s.m.a.ScDefaultMonitorInterceptor  : Stop executing the springfox.documentation.schema.property.ModelSpecificationFactory.create method
2025-06-11 12:06:55.447  INFO 1 --- [           main] s.g.m.s.m.a.ScDefaultMonitorInterceptor  : Start executing the springfox.documentation.schema.property.ModelSpecificationFactory.create method
2025-06-11 12:06:55.447  INFO 1 --- [           main] s.g.m.s.m.a.ScDefaultMonitorInterceptor  : Stop executing the springfox.documentation.schema.property.ModelSpecificationFactory.create method
2025-06-11 12:06:55.447  INFO 1 --- [           main] s.g.m.s.m.a.ScDefaultMonitorInterceptor  : Start executing the springfox.documentation.schema.property.ModelSpecificationFactory.create method
2025-06-11 12:06:55.447  INFO 1 --- [           main] s.g.m.s.m.a.ScDefaultMonitorInterceptor  : Stop executing the springfox.documentation.schema.property.ModelSpecificationFactory.create method
2025-06-11 12:06:55.447  INFO 1 --- [           main] s.g.m.s.m.a.ScDefaultMonitorInterceptor  : Start executing the springfox.documentation.schema.property.ModelSpecificationFactory.create method
2025-06-11 12:06:55.447  INFO 1 --- [           main] s.g.m.s.m.a.ScDefaultMonitorInterceptor  : Stop executing the springfox.documentation.schema.property.ModelSpecificationFactory.create method
2025-06-11 12:06:55.447  INFO 1 --- [           main] s.g.m.s.m.a.ScDefaultMonitorInterceptor  : Start executing the springfox.documentation.schema.property.ModelSpecificationFactory.create method
2025-06-11 12:06:55.447  INFO 1 --- [           main] s.g.m.s.m.a.ScDefaultMonitorInterceptor  : Stop executing the springfox.documentation.schema.property.ModelSpecificationFactory.create method
2025-06-11 12:06:55.447  INFO 1 --- [           main] s.g.m.s.m.a.ScDefaultMonitorInterceptor  : Start executing the springfox.documentation.schema.property.ModelSpecificationFactory.create method
2025-06-11 12:06:55.447  INFO 1 --- [           main] s.g.m.s.m.a.ScDefaultMonitorInterceptor  : Stop executing the springfox.documentation.schema.property.ModelSpecificationFactory.create method
2025-06-11 12:06:55.447  INFO 1 --- [           main] s.g.m.s.m.a.ScDefaultMonitorInterceptor  : Start executing the springfox.documentation.schema.property.ModelSpecificationFactory.create method
2025-06-11 12:06:55.447  INFO 1 --- [           main] s.g.m.s.m.a.ScDefaultMonitorInterceptor  : Stop executing the springfox.documentation.schema.property.ModelSpecificationFactory.create method
2025-06-11 12:06:55.448  INFO 1 --- [           main] s.g.m.s.m.a.ScDefaultMonitorInterceptor  : Start executing the springfox.documentation.schema.property.ModelSpecificationFactory.create method
2025-06-11 12:06:55.448  INFO 1 --- [           main] s.g.m.s.m.a.ScDefaultMonitorInterceptor  : Stop executing the springfox.documentation.schema.property.ModelSpecificationFactory.create method
2025-06-11 12:06:55.448  INFO 1 --- [           main] s.g.m.s.m.a.ScDefaultMonitorInterceptor  : Start executing the springfox.documentation.schema.property.ModelSpecificationFactory.create method
2025-06-11 12:06:55.448  INFO 1 --- [           main] s.g.m.s.m.a.ScDefaultMonitorInterceptor  : Stop executing the springfox.documentation.schema.property.ModelSpecificationFactory.create method
2025-06-11 12:06:55.448  INFO 1 --- [           main] s.g.m.s.m.a.ScDefaultMonitorInterceptor  : Start executing the springfox.documentation.schema.property.ModelSpecificationFactory.create method
2025-06-11 12:06:55.448  INFO 1 --- [           main] s.g.m.s.m.a.ScDefaultMonitorInterceptor  : Stop executing the springfox.documentation.schema.property.ModelSpecificationFactory.create method
2025-06-11 12:06:55.448  INFO 1 --- [           main] s.g.m.s.m.a.ScDefaultMonitorInterceptor  : Start executing the springfox.documentation.schema.property.ModelSpecificationFactory.create method
2025-06-11 12:06:55.448  INFO 1 --- [           main] s.g.m.s.m.a.ScDefaultMonitorInterceptor  : Stop executing the springfox.documentation.schema.property.ModelSpecificationFactory.create method
2025-06-11 12:06:55.448  INFO 1 --- [           main] s.g.m.s.m.a.ScDefaultMonitorInterceptor  : Start executing the springfox.documentation.schema.property.ModelSpecificationFactory.create method
2025-06-11 12:06:55.448  INFO 1 --- [           main] s.g.m.s.m.a.ScDefaultMonitorInterceptor  : Stop executing the springfox.documentation.schema.property.ModelSpecificationFactory.create method
2025-06-11 12:06:55.448  INFO 1 --- [           main] s.g.m.s.m.a.ScDefaultMonitorInterceptor  : Start executing the springfox.documentation.schema.property.ModelSpecificationFactory.create method
2025-06-11 12:06:55.448  INFO 1 --- [           main] s.g.m.s.m.a.ScDefaultMonitorInterceptor  : Stop executing the springfox.documentation.schema.property.ModelSpecificationFactory.create method
2025-06-11 12:06:55.449  INFO 1 --- [           main] s.g.m.s.m.a.ScDefaultMonitorInterceptor  : Start executing the springfox.documentation.schema.property.ModelSpecificationFactory.create method
2025-06-11 12:06:55.449  INFO 1 --- [           main] s.g.m.s.m.a.ScDefaultMonitorInterceptor  : Stop executing the springfox.documentation.schema.property.ModelSpecificationFactory.create method
2025-06-11 12:06:55.449  INFO 1 --- [           main] s.g.m.s.m.a.ScDefaultMonitorInterceptor  : Start executing the springfox.documentation.schema.property.ModelSpecificationFactory.create method
2025-06-11 12:06:55.449  INFO 1 --- [           main] s.g.m.s.m.a.ScDefaultMonitorInterceptor  : Stop executing the springfox.documentation.schema.property.ModelSpecificationFactory.create method
2025-06-11 12:06:55.449  INFO 1 --- [           main] s.g.m.s.m.a.ScDefaultMonitorInterceptor  : Start executing the springfox.documentation.schema.property.ModelSpecificationFactory.create method
2025-06-11 12:06:55.449  INFO 1 --- [           main] s.g.m.s.m.a.ScDefaultMonitorInterceptor  : Stop executing the springfox.documentation.schema.property.ModelSpecificationFactory.create method
2025-06-11 12:06:55.449  INFO 1 --- [           main] s.g.m.s.m.a.ScDefaultMonitorInterceptor  : Start executing the springfox.documentation.schema.property.ModelSpecificationFactory.create method
2025-06-11 12:06:55.449  INFO 1 --- [           main] s.g.m.s.m.a.ScDefaultMonitorInterceptor  : Stop executing the springfox.documentation.schema.property.ModelSpecificationFactory.create method
2025-06-11 12:06:55.449  INFO 1 --- [           main] s.g.m.s.m.a.ScDefaultMonitorInterceptor  : Start executing the springfox.documentation.schema.property.ModelSpecificationFactory.create method
2025-06-11 12:06:55.449  INFO 1 --- [           main] s.g.m.s.m.a.ScDefaultMonitorInterceptor  : Stop executing the springfox.documentation.schema.property.ModelSpecificationFactory.create method
2025-06-11 12:06:55.449  INFO 1 --- [           main] s.g.m.s.m.a.ScDefaultMonitorInterceptor  : Start executing the springfox.documentation.schema.property.ModelSpecificationFactory.create method
2025-06-11 12:06:55.449  INFO 1 --- [           main] s.g.m.s.m.a.ScDefaultMonitorInterceptor  : Stop executing the springfox.documentation.schema.property.ModelSpecificationFactory.create method
2025-06-11 12:06:55.449  INFO 1 --- [           main] s.g.m.s.m.a.ScDefaultMonitorInterceptor  : Start executing the springfox.documentation.schema.property.ModelSpecificationFactory.create method
2025-06-11 12:06:55.449  INFO 1 --- [           main] s.g.m.s.m.a.ScDefaultMonitorInterceptor  : Stop executing the springfox.documentation.schema.property.ModelSpecificationFactory.create method
2025-06-11 12:06:55.449  INFO 1 --- [           main] s.g.m.s.m.a.ScDefaultMonitorInterceptor  : Start executing the springfox.documentation.schema.property.ModelSpecificationFactory.create method
2025-06-11 12:06:55.450  INFO 1 --- [           main] s.g.m.s.m.a.ScDefaultMonitorInterceptor  : Stop executing the springfox.documentation.schema.property.ModelSpecificationFactory.create method
2025-06-11 12:06:55.450  INFO 1 --- [           main] s.g.m.s.m.a.ScDefaultMonitorInterceptor  : Start executing the springfox.documentation.schema.property.ModelSpecificationFactory.create method
2025-06-11 12:06:55.450  INFO 1 --- [           main] s.g.m.s.m.a.ScDefaultMonitorInterceptor  : Stop executing the springfox.documentation.schema.property.ModelSpecificationFactory.create method
2025-06-11 12:06:55.450  INFO 1 --- [           main] s.g.m.s.m.a.ScDefaultMonitorInterceptor  : Start executing the springfox.documentation.schema.property.ModelSpecificationFactory.create method
2025-06-11 12:06:55.450  INFO 1 --- [           main] s.g.m.s.m.a.ScDefaultMonitorInterceptor  : Stop executing the springfox.documentation.schema.property.ModelSpecificationFactory.create method
2025-06-11 12:06:55.450  INFO 1 --- [           main] s.g.m.s.m.a.ScDefaultMonitorInterceptor  : Start executing the springfox.documentation.schema.property.ModelSpecificationFactory.create method
2025-06-11 12:06:55.450  INFO 1 --- [           main] s.g.m.s.m.a.ScDefaultMonitorInterceptor  : Stop executing the springfox.documentation.schema.property.ModelSpecificationFactory.create method
2025-06-11 12:06:55.450  INFO 1 --- [           main] s.g.m.s.m.a.ScDefaultMonitorInterceptor  : Start executing the springfox.documentation.schema.property.ModelSpecificationFactory.create method
2025-06-11 12:06:55.450  INFO 1 --- [           main] s.g.m.s.m.a.ScDefaultMonitorInterceptor  : Stop executing the springfox.documentation.schema.property.ModelSpecificationFactory.create method
2025-06-11 12:06:55.450  INFO 1 --- [           main] s.g.m.s.m.a.ScDefaultMonitorInterceptor  : Start executing the springfox.documentation.schema.property.ModelSpecificationFactory.create method
2025-06-11 12:06:55.450  INFO 1 --- [           main] s.g.m.s.m.a.ScDefaultMonitorInterceptor  : Stop executing the springfox.documentation.schema.property.ModelSpecificationFactory.create method
2025-06-11 12:06:55.450  INFO 1 --- [           main] s.g.m.s.m.a.ScDefaultMonitorInterceptor  : Start executing the springfox.documentation.schema.property.ModelSpecificationFactory.create method
2025-06-11 12:06:55.450  INFO 1 --- [           main] s.g.m.s.m.a.ScDefaultMonitorInterceptor  : Stop executing the springfox.documentation.schema.property.ModelSpecificationFactory.create method
2025-06-11 12:06:55.450  INFO 1 --- [           main] s.g.m.s.m.a.ScDefaultMonitorInterceptor  : Start executing the springfox.documentation.schema.property.ModelSpecificationFactory.create method
2025-06-11 12:06:55.450  INFO 1 --- [           main] s.g.m.s.m.a.ScDefaultMonitorInterceptor  : Stop executing the springfox.documentation.schema.property.ModelSpecificationFactory.create method
2025-06-11 12:06:55.450  INFO 1 --- [           main] s.g.m.s.m.a.ScDefaultMonitorInterceptor  : Start executing the springfox.documentation.schema.property.ModelSpecificationFactory.create method
2025-06-11 12:06:55.450  INFO 1 --- [           main] s.g.m.s.m.a.ScDefaultMonitorInterceptor  : Stop executing the springfox.documentation.schema.property.ModelSpecificationFactory.create method
2025-06-11 12:06:55.450  INFO 1 --- [           main] s.g.m.s.m.a.ScDefaultMonitorInterceptor  : Start executing the springfox.documentation.schema.property.ModelSpecificationFactory.create method
2025-06-11 12:06:55.450  INFO 1 --- [           main] s.g.m.s.m.a.ScDefaultMonitorInterceptor  : Stop executing the springfox.documentation.schema.property.ModelSpecificationFactory.create method
2025-06-11 12:06:55.451  INFO 1 --- [           main] s.g.m.s.m.a.ScDefaultMonitorInterceptor  : Start executing the springfox.documentation.schema.property.ModelSpecificationFactory.create method
2025-06-11 12:06:55.451  INFO 1 --- [           main] s.g.m.s.m.a.ScDefaultMonitorInterceptor  : Stop executing the springfox.documentation.schema.property.ModelSpecificationFactory.create method
2025-06-11 12:06:55.451  INFO 1 --- [           main] s.g.m.s.m.a.ScDefaultMonitorInterceptor  : Start executing the springfox.documentation.schema.property.ModelSpecificationFactory.create method
2025-06-11 12:06:55.451  INFO 1 --- [           main] s.g.m.s.m.a.ScDefaultMonitorInterceptor  : Stop executing the springfox.documentation.schema.property.ModelSpecificationFactory.create method
2025-06-11 12:06:55.451  INFO 1 --- [           main] s.g.m.s.m.a.ScDefaultMonitorInterceptor  : Start executing the springfox.documentation.schema.property.ModelSpecificationFactory.create method
2025-06-11 12:06:55.451  INFO 1 --- [           main] s.g.m.s.m.a.ScDefaultMonitorInterceptor  : Stop executing the springfox.documentation.schema.property.ModelSpecificationFactory.create method
2025-06-11 12:06:55.451  INFO 1 --- [           main] s.g.m.s.m.a.ScDefaultMonitorInterceptor  : Start executing the springfox.documentation.schema.property.ModelSpecificationFactory.create method
2025-06-11 12:06:55.451  INFO 1 --- [           main] s.g.m.s.m.a.ScDefaultMonitorInterceptor  : Stop executing the springfox.documentation.schema.property.ModelSpecificationFactory.create method
2025-06-11 12:06:55.451  INFO 1 --- [           main] s.g.m.s.m.a.ScDefaultMonitorInterceptor  : Start executing the springfox.documentation.schema.property.ModelSpecificationFactory.create method
2025-06-11 12:06:55.451  INFO 1 --- [           main] s.g.m.s.m.a.ScDefaultMonitorInterceptor  : Stop executing the springfox.documentation.schema.property.ModelSpecificationFactory.create method
2025-06-11 12:06:55.451  INFO 1 --- [           main] s.g.m.s.m.a.ScDefaultMonitorInterceptor  : Start executing the springfox.documentation.schema.property.ModelSpecificationFactory.create method
2025-06-11 12:06:55.451  INFO 1 --- [           main] s.g.m.s.m.a.ScDefaultMonitorInterceptor  : Stop executing the springfox.documentation.schema.property.ModelSpecificationFactory.create method
2025-06-11 12:06:55.451  INFO 1 --- [           main] s.g.m.s.m.a.ScDefaultMonitorInterceptor  : Start executing the springfox.documentation.schema.property.ModelSpecificationFactory.create method
2025-06-11 12:06:55.451  INFO 1 --- [           main] s.g.m.s.m.a.ScDefaultMonitorInterceptor  : Stop executing the springfox.documentation.schema.property.ModelSpecificationFactory.create method
2025-06-11 12:06:55.451  INFO 1 --- [           main] s.g.m.s.m.a.ScDefaultMonitorInterceptor  : Start executing the springfox.documentation.schema.property.ModelSpecificationFactory.create method
2025-06-11 12:06:55.451  INFO 1 --- [           main] s.g.m.s.m.a.ScDefaultMonitorInterceptor  : Stop executing the springfox.documentation.schema.property.ModelSpecificationFactory.create method
2025-06-11 12:06:55.452  INFO 1 --- [           main] s.g.m.s.m.a.ScDefaultMonitorInterceptor  : Start executing the springfox.documentation.schema.property.ModelSpecificationFactory.create method
2025-06-11 12:06:55.452  INFO 1 --- [           main] s.g.m.s.m.a.ScDefaultMonitorInterceptor  : Stop executing the springfox.documentation.schema.property.ModelSpecificationFactory.create method
2025-06-11 12:06:55.452  INFO 1 --- [           main] s.g.m.s.m.a.ScDefaultMonitorInterceptor  : Start executing the springfox.documentation.schema.property.ModelSpecificationFactory.create method
2025-06-11 12:06:55.452  INFO 1 --- [           main] s.g.m.s.m.a.ScDefaultMonitorInterceptor  : Stop executing the springfox.documentation.schema.property.ModelSpecificationFactory.create method
2025-06-11 12:06:55.452  INFO 1 --- [           main] s.g.m.s.m.a.ScDefaultMonitorInterceptor  : Start executing the springfox.documentation.schema.property.ModelSpecificationFactory.create method
2025-06-11 12:06:55.452  INFO 1 --- [           main] s.g.m.s.m.a.ScDefaultMonitorInterceptor  : Stop executing the springfox.documentation.schema.property.ModelSpecificationFactory.create method
2025-06-11 12:06:55.452  INFO 1 --- [           main] s.g.m.s.m.a.ScDefaultMonitorInterceptor  : Start executing the springfox.documentation.schema.property.ModelSpecificationFactory.create method
2025-06-11 12:06:55.452  INFO 1 --- [           main] s.g.m.s.m.a.ScDefaultMonitorInterceptor  : Stop executing the springfox.documentation.schema.property.ModelSpecificationFactory.create method
2025-06-11 12:06:55.452  INFO 1 --- [           main] s.g.m.s.m.a.ScDefaultMonitorInterceptor  : Start executing the springfox.documentation.schema.property.ModelSpecificationFactory.create method
2025-06-11 12:06:55.452  INFO 1 --- [           main] s.g.m.s.m.a.ScDefaultMonitorInterceptor  : Stop executing the springfox.documentation.schema.property.ModelSpecificationFactory.create method
2025-06-11 12:06:55.453  INFO 1 --- [           main] s.g.m.s.m.a.ScDefaultMonitorInterceptor  : Start executing the springfox.documentation.schema.property.ModelSpecificationFactory.create method
2025-06-11 12:06:55.453  INFO 1 --- [           main] s.g.m.s.m.a.ScDefaultMonitorInterceptor  : Stop executing the springfox.documentation.schema.property.ModelSpecificationFactory.create method
2025-06-11 12:06:55.453  INFO 1 --- [           main] s.g.m.s.m.a.ScDefaultMonitorInterceptor  : Start executing the springfox.documentation.schema.property.ModelSpecificationFactory.create method
2025-06-11 12:06:55.453  INFO 1 --- [           main] s.g.m.s.m.a.ScDefaultMonitorInterceptor  : Stop executing the springfox.documentation.schema.property.ModelSpecificationFactory.create method
2025-06-11 12:06:55.453  INFO 1 --- [           main] s.g.m.s.m.a.ScDefaultMonitorInterceptor  : Start executing the springfox.documentation.schema.property.ModelSpecificationFactory.create method
2025-06-11 12:06:55.453  INFO 1 --- [           main] s.g.m.s.m.a.ScDefaultMonitorInterceptor  : Stop executing the springfox.documentation.schema.property.ModelSpecificationFactory.create method
2025-06-11 12:06:55.453  INFO 1 --- [           main] s.g.m.s.m.a.ScDefaultMonitorInterceptor  : Start executing the springfox.documentation.schema.property.ModelSpecificationFactory.create method
2025-06-11 12:06:55.453  INFO 1 --- [           main] s.g.m.s.m.a.ScDefaultMonitorInterceptor  : Stop executing the springfox.documentation.schema.property.ModelSpecificationFactory.create method
2025-06-11 12:06:55.453  INFO 1 --- [           main] s.g.m.s.m.a.ScDefaultMonitorInterceptor  : Start executing the springfox.documentation.schema.property.ModelSpecificationFactory.create method
2025-06-11 12:06:55.453  INFO 1 --- [           main] s.g.m.s.m.a.ScDefaultMonitorInterceptor  : Stop executing the springfox.documentation.schema.property.ModelSpecificationFactory.create method
2025-06-11 12:06:55.453  INFO 1 --- [           main] s.g.m.s.m.a.ScDefaultMonitorInterceptor  : Start executing the springfox.documentation.schema.property.ModelSpecificationFactory.create method
2025-06-11 12:06:55.453  INFO 1 --- [           main] s.g.m.s.m.a.ScDefaultMonitorInterceptor  : Stop executing the springfox.documentation.schema.property.ModelSpecificationFactory.create method
2025-06-11 12:06:55.453  INFO 1 --- [           main] s.g.m.s.m.a.ScDefaultMonitorInterceptor  : Start executing the springfox.documentation.schema.property.ModelSpecificationFactory.create method
2025-06-11 12:06:55.453  INFO 1 --- [           main] s.g.m.s.m.a.ScDefaultMonitorInterceptor  : Stop executing the springfox.documentation.schema.property.ModelSpecificationFactory.create method
2025-06-11 12:06:55.454  INFO 1 --- [           main] s.g.m.s.m.a.ScDefaultMonitorInterceptor  : Start executing the springfox.documentation.schema.property.ModelSpecificationFactory.create method
2025-06-11 12:06:55.454  INFO 1 --- [           main] s.g.m.s.m.a.ScDefaultMonitorInterceptor  : Stop executing the springfox.documentation.schema.property.ModelSpecificationFactory.create method
2025-06-11 12:06:55.454  INFO 1 --- [           main] s.g.m.s.m.a.ScDefaultMonitorInterceptor  : Start executing the springfox.documentation.schema.property.ModelSpecificationFactory.create method
2025-06-11 12:06:55.454  INFO 1 --- [           main] s.g.m.s.m.a.ScDefaultMonitorInterceptor  : Stop executing the springfox.documentation.schema.property.ModelSpecificationFactory.create method
2025-06-11 12:06:55.454  INFO 1 --- [           main] s.g.m.s.m.a.ScDefaultMonitorInterceptor  : Start executing the springfox.documentation.schema.property.ModelSpecificationFactory.create method
2025-06-11 12:06:55.454  INFO 1 --- [           main] s.g.m.s.m.a.ScDefaultMonitorInterceptor  : Stop executing the springfox.documentation.schema.property.ModelSpecificationFactory.create method
2025-06-11 12:06:55.454  INFO 1 --- [           main] s.g.m.s.m.a.ScDefaultMonitorInterceptor  : Start executing the springfox.documentation.schema.property.ModelSpecificationFactory.create method
2025-06-11 12:06:55.454  INFO 1 --- [           main] s.g.m.s.m.a.ScDefaultMonitorInterceptor  : Stop executing the springfox.documentation.schema.property.ModelSpecificationFactory.create method
2025-06-11 12:06:55.454  INFO 1 --- [           main] s.g.m.s.m.a.ScDefaultMonitorInterceptor  : Start executing the springfox.documentation.schema.property.ModelSpecificationFactory.create method
2025-06-11 12:06:55.454  INFO 1 --- [           main] s.g.m.s.m.a.ScDefaultMonitorInterceptor  : Stop executing the springfox.documentation.schema.property.ModelSpecificationFactory.create method
2025-06-11 12:06:55.454  INFO 1 --- [           main] s.g.m.s.m.a.ScDefaultMonitorInterceptor  : Start executing the springfox.documentation.schema.property.ModelSpecificationFactory.create method
2025-06-11 12:06:55.454  INFO 1 --- [           main] s.g.m.s.m.a.ScDefaultMonitorInterceptor  : Stop executing the springfox.documentation.schema.property.ModelSpecificationFactory.create method
2025-06-11 12:06:55.454  INFO 1 --- [           main] s.g.m.s.m.a.ScDefaultMonitorInterceptor  : Start executing the springfox.documentation.schema.property.ModelSpecificationFactory.create method
2025-06-11 12:06:55.454  INFO 1 --- [           main] s.g.m.s.m.a.ScDefaultMonitorInterceptor  : Stop executing the springfox.documentation.schema.property.ModelSpecificationFactory.create method
2025-06-11 12:06:55.454  INFO 1 --- [           main] s.g.m.s.m.a.ScDefaultMonitorInterceptor  : Start executing the springfox.documentation.schema.property.ModelSpecificationFactory.create method
2025-06-11 12:06:55.454  INFO 1 --- [           main] s.g.m.s.m.a.ScDefaultMonitorInterceptor  : Stop executing the springfox.documentation.schema.property.ModelSpecificationFactory.create method
2025-06-11 12:06:55.455  INFO 1 --- [           main] s.g.m.s.m.a.ScDefaultMonitorInterceptor  : Start executing the springfox.documentation.schema.property.ModelSpecificationFactory.create method
2025-06-11 12:06:55.455  INFO 1 --- [           main] s.g.m.s.m.a.ScDefaultMonitorInterceptor  : Stop executing the springfox.documentation.schema.property.ModelSpecificationFactory.create method
2025-06-11 12:06:55.455  INFO 1 --- [           main] s.g.m.s.m.a.ScDefaultMonitorInterceptor  : Start executing the springfox.documentation.schema.property.ModelSpecificationFactory.create method
2025-06-11 12:06:55.455  INFO 1 --- [           main] s.g.m.s.m.a.ScDefaultMonitorInterceptor  : Stop executing the springfox.documentation.schema.property.ModelSpecificationFactory.create method
2025-06-11 12:06:55.455  INFO 1 --- [           main] s.g.m.s.m.a.ScDefaultMonitorInterceptor  : Start executing the springfox.documentation.schema.property.ModelSpecificationFactory.create method
2025-06-11 12:06:55.455  INFO 1 --- [           main] s.g.m.s.m.a.ScDefaultMonitorInterceptor  : Stop executing the springfox.documentation.schema.property.ModelSpecificationFactory.create method
2025-06-11 12:06:55.455  INFO 1 --- [           main] s.g.m.s.m.a.ScDefaultMonitorInterceptor  : Start executing the springfox.documentation.schema.property.ModelSpecificationFactory.create method
2025-06-11 12:06:55.455  INFO 1 --- [           main] s.g.m.s.m.a.ScDefaultMonitorInterceptor  : Stop executing the springfox.documentation.schema.property.ModelSpecificationFactory.create method
2025-06-11 12:06:55.455  INFO 1 --- [           main] s.g.m.s.m.a.ScDefaultMonitorInterceptor  : Start executing the springfox.documentation.schema.property.ModelSpecificationFactory.create method
2025-06-11 12:06:55.455  INFO 1 --- [           main] s.g.m.s.m.a.ScDefaultMonitorInterceptor  : Stop executing the springfox.documentation.schema.property.ModelSpecificationFactory.create method
2025-06-11 12:06:55.455  INFO 1 --- [           main] s.g.m.s.m.a.ScDefaultMonitorInterceptor  : Start executing the springfox.documentation.schema.property.ModelSpecificationFactory.create method
2025-06-11 12:06:55.455  INFO 1 --- [           main] s.g.m.s.m.a.ScDefaultMonitorInterceptor  : Stop executing the springfox.documentation.schema.property.ModelSpecificationFactory.create method
2025-06-11 12:06:55.455  INFO 1 --- [           main] s.g.m.s.m.a.ScDefaultMonitorInterceptor  : Start executing the springfox.documentation.schema.property.ModelSpecificationFactory.create method
2025-06-11 12:06:55.455  INFO 1 --- [           main] s.g.m.s.m.a.ScDefaultMonitorInterceptor  : Stop executing the springfox.documentation.schema.property.ModelSpecificationFactory.create method
2025-06-11 12:06:55.455  INFO 1 --- [           main] s.g.m.s.m.a.ScDefaultMonitorInterceptor  : Start executing the springfox.documentation.schema.property.ModelSpecificationFactory.create method
2025-06-11 12:06:55.455  INFO 1 --- [           main] s.g.m.s.m.a.ScDefaultMonitorInterceptor  : Stop executing the springfox.documentation.schema.property.ModelSpecificationFactory.create method
2025-06-11 12:06:55.456  INFO 1 --- [           main] s.g.m.s.m.a.ScDefaultMonitorInterceptor  : Start executing the springfox.documentation.schema.property.ModelSpecificationFactory.create method
2025-06-11 12:06:55.456  INFO 1 --- [           main] s.g.m.s.m.a.ScDefaultMonitorInterceptor  : Stop executing the springfox.documentation.schema.property.ModelSpecificationFactory.create method
2025-06-11 12:06:55.456  INFO 1 --- [           main] s.g.m.s.m.a.ScDefaultMonitorInterceptor  : Start executing the springfox.documentation.schema.property.ModelSpecificationFactory.create method
2025-06-11 12:06:55.456  INFO 1 --- [           main] s.g.m.s.m.a.ScDefaultMonitorInterceptor  : Stop executing the springfox.documentation.schema.property.ModelSpecificationFactory.create method
2025-06-11 12:06:55.456  INFO 1 --- [           main] s.g.m.s.m.a.ScDefaultMonitorInterceptor  : Start executing the springfox.documentation.schema.property.ModelSpecificationFactory.create method
2025-06-11 12:06:55.456  INFO 1 --- [           main] s.g.m.s.m.a.ScDefaultMonitorInterceptor  : Stop executing the springfox.documentation.schema.property.ModelSpecificationFactory.create method
2025-06-11 12:06:55.456  INFO 1 --- [           main] s.g.m.s.m.a.ScDefaultMonitorInterceptor  : Start executing the springfox.documentation.schema.property.ModelSpecificationFactory.create method
2025-06-11 12:06:55.456  INFO 1 --- [           main] s.g.m.s.m.a.ScDefaultMonitorInterceptor  : Stop executing the springfox.documentation.schema.property.ModelSpecificationFactory.create method
2025-06-11 12:06:55.456  INFO 1 --- [           main] s.g.m.s.m.a.ScDefaultMonitorInterceptor  : Start executing the springfox.documentation.schema.property.ModelSpecificationFactory.create method
2025-06-11 12:06:55.456  INFO 1 --- [           main] s.g.m.s.m.a.ScDefaultMonitorInterceptor  : Stop executing the springfox.documentation.schema.property.ModelSpecificationFactory.create method
2025-06-11 12:06:55.457  INFO 1 --- [           main] s.g.m.s.m.a.ScDefaultMonitorInterceptor  : Start executing the springfox.documentation.schema.property.ModelSpecificationFactory.create method
2025-06-11 12:06:55.457  INFO 1 --- [           main] s.g.m.s.m.a.ScDefaultMonitorInterceptor  : Stop executing the springfox.documentation.schema.property.ModelSpecificationFactory.create method
2025-06-11 12:06:55.457  INFO 1 --- [           main] s.g.m.s.m.a.ScDefaultMonitorInterceptor  : Start executing the springfox.documentation.schema.property.ModelSpecificationFactory.create method
2025-06-11 12:06:55.457  INFO 1 --- [           main] s.g.m.s.m.a.ScDefaultMonitorInterceptor  : Stop executing the springfox.documentation.schema.property.ModelSpecificationFactory.create method
2025-06-11 12:06:55.457  INFO 1 --- [           main] s.g.m.s.m.a.ScDefaultMonitorInterceptor  : Start executing the springfox.documentation.schema.property.ModelSpecificationFactory.create method
2025-06-11 12:06:55.457  INFO 1 --- [           main] s.g.m.s.m.a.ScDefaultMonitorInterceptor  : Stop executing the springfox.documentation.schema.property.ModelSpecificationFactory.create method
2025-06-11 12:06:55.457  INFO 1 --- [           main] s.g.m.s.m.a.ScDefaultMonitorInterceptor  : Start executing the springfox.documentation.schema.property.ModelSpecificationFactory.create method
2025-06-11 12:06:55.457  INFO 1 --- [           main] s.g.m.s.m.a.ScDefaultMonitorInterceptor  : Stop executing the springfox.documentation.schema.property.ModelSpecificationFactory.create method
2025-06-11 12:06:55.457  INFO 1 --- [           main] s.g.m.s.m.a.ScDefaultMonitorInterceptor  : Start executing the springfox.documentation.schema.property.ModelSpecificationFactory.create method
2025-06-11 12:06:55.457  INFO 1 --- [           main] s.g.m.s.m.a.ScDefaultMonitorInterceptor  : Stop executing the springfox.documentation.schema.property.ModelSpecificationFactory.create method
2025-06-11 12:06:55.457  INFO 1 --- [           main] s.g.m.s.m.a.ScDefaultMonitorInterceptor  : Start executing the springfox.documentation.schema.property.ModelSpecificationFactory.create method
2025-06-11 12:06:55.457  INFO 1 --- [           main] s.g.m.s.m.a.ScDefaultMonitorInterceptor  : Stop executing the springfox.documentation.schema.property.ModelSpecificationFactory.create method
2025-06-11 12:06:55.457  INFO 1 --- [           main] s.g.m.s.m.a.ScDefaultMonitorInterceptor  : Start executing the springfox.documentation.schema.property.ModelSpecificationFactory.create method
2025-06-11 12:06:55.457  INFO 1 --- [           main] s.g.m.s.m.a.ScDefaultMonitorInterceptor  : Stop executing the springfox.documentation.schema.property.ModelSpecificationFactory.create method
2025-06-11 12:06:55.457  INFO 1 --- [           main] s.g.m.s.m.a.ScDefaultMonitorInterceptor  : Start executing the springfox.documentation.schema.property.ModelSpecificationFactory.create method
2025-06-11 12:06:55.457  INFO 1 --- [           main] s.g.m.s.m.a.ScDefaultMonitorInterceptor  : Stop executing the springfox.documentation.schema.property.ModelSpecificationFactory.create method
2025-06-11 12:06:55.457  INFO 1 --- [           main] s.g.m.s.m.a.ScDefaultMonitorInterceptor  : Start executing the springfox.documentation.schema.property.ModelSpecificationFactory.create method
2025-06-11 12:06:55.457  INFO 1 --- [           main] s.g.m.s.m.a.ScDefaultMonitorInterceptor  : Stop executing the springfox.documentation.schema.property.ModelSpecificationFactory.create method
2025-06-11 12:06:55.458  INFO 1 --- [           main] s.g.m.s.m.a.ScDefaultMonitorInterceptor  : Start executing the springfox.documentation.schema.property.ModelSpecificationFactory.create method
2025-06-11 12:06:55.458  INFO 1 --- [           main] s.g.m.s.m.a.ScDefaultMonitorInterceptor  : Stop executing the springfox.documentation.schema.property.ModelSpecificationFactory.create method
2025-06-11 12:06:55.458  INFO 1 --- [           main] s.g.m.s.m.a.ScDefaultMonitorInterceptor  : Start executing the springfox.documentation.schema.property.ModelSpecificationFactory.create method
2025-06-11 12:06:55.458  INFO 1 --- [           main] s.g.m.s.m.a.ScDefaultMonitorInterceptor  : Stop executing the springfox.documentation.schema.property.ModelSpecificationFactory.create method
2025-06-11 12:06:55.458  INFO 1 --- [           main] s.g.m.s.m.a.ScDefaultMonitorInterceptor  : Start executing the springfox.documentation.schema.property.ModelSpecificationFactory.create method
2025-06-11 12:06:55.458  INFO 1 --- [           main] s.g.m.s.m.a.ScDefaultMonitorInterceptor  : Stop executing the springfox.documentation.schema.property.ModelSpecificationFactory.create method
2025-06-11 12:06:55.458  INFO 1 --- [           main] s.g.m.s.m.a.ScDefaultMonitorInterceptor  : Start executing the springfox.documentation.schema.property.ModelSpecificationFactory.create method
2025-06-11 12:06:55.458  INFO 1 --- [           main] s.g.m.s.m.a.ScDefaultMonitorInterceptor  : Stop executing the springfox.documentation.schema.property.ModelSpecificationFactory.create method
2025-06-11 12:06:55.458  INFO 1 --- [           main] s.g.m.s.m.a.ScDefaultMonitorInterceptor  : Start executing the springfox.documentation.schema.property.ModelSpecificationFactory.create method
2025-06-11 12:06:55.458  INFO 1 --- [           main] s.g.m.s.m.a.ScDefaultMonitorInterceptor  : Stop executing the springfox.documentation.schema.property.ModelSpecificationFactory.create method
2025-06-11 12:06:55.458  INFO 1 --- [           main] s.g.m.s.m.a.ScDefaultMonitorInterceptor  : Start executing the springfox.documentation.schema.property.ModelSpecificationFactory.create method
2025-06-11 12:06:55.458  INFO 1 --- [           main] s.g.m.s.m.a.ScDefaultMonitorInterceptor  : Stop executing the springfox.documentation.schema.property.ModelSpecificationFactory.create method
2025-06-11 12:06:55.458  INFO 1 --- [           main] s.g.m.s.m.a.ScDefaultMonitorInterceptor  : Start executing the springfox.documentation.schema.property.ModelSpecificationFactory.create method
2025-06-11 12:06:55.458  INFO 1 --- [           main] s.g.m.s.m.a.ScDefaultMonitorInterceptor  : Stop executing the springfox.documentation.schema.property.ModelSpecificationFactory.create method
2025-06-11 12:06:55.458  INFO 1 --- [           main] s.g.m.s.m.a.ScDefaultMonitorInterceptor  : Start executing the springfox.documentation.schema.property.ModelSpecificationFactory.create method
2025-06-11 12:06:55.458  INFO 1 --- [           main] s.g.m.s.m.a.ScDefaultMonitorInterceptor  : Stop executing the springfox.documentation.schema.property.ModelSpecificationFactory.create method
2025-06-11 12:06:55.458  INFO 1 --- [           main] s.g.m.s.m.a.ScDefaultMonitorInterceptor  : Start executing the springfox.documentation.schema.property.ModelSpecificationFactory.create method
2025-06-11 12:06:55.458  INFO 1 --- [           main] s.g.m.s.m.a.ScDefaultMonitorInterceptor  : Stop executing the springfox.documentation.schema.property.ModelSpecificationFactory.create method
2025-06-11 12:06:55.458  INFO 1 --- [           main] s.g.m.s.m.a.ScDefaultMonitorInterceptor  : Start executing the springfox.documentation.schema.property.ModelSpecificationFactory.create method
2025-06-11 12:06:55.458  INFO 1 --- [           main] s.g.m.s.m.a.ScDefaultMonitorInterceptor  : Stop executing the springfox.documentation.schema.property.ModelSpecificationFactory.create method
2025-06-11 12:06:55.459  INFO 1 --- [           main] s.g.m.s.m.a.ScDefaultMonitorInterceptor  : Start executing the springfox.documentation.schema.property.ModelSpecificationFactory.create method
2025-06-11 12:06:55.459  INFO 1 --- [           main] s.g.m.s.m.a.ScDefaultMonitorInterceptor  : Stop executing the springfox.documentation.schema.property.ModelSpecificationFactory.create method
2025-06-11 12:06:55.459  INFO 1 --- [           main] s.g.m.s.m.a.ScDefaultMonitorInterceptor  : Start executing the springfox.documentation.schema.property.ModelSpecificationFactory.create method
2025-06-11 12:06:55.459  INFO 1 --- [           main] s.g.m.s.m.a.ScDefaultMonitorInterceptor  : Stop executing the springfox.documentation.schema.property.ModelSpecificationFactory.create method
2025-06-11 12:06:55.459  INFO 1 --- [           main] s.g.m.s.m.a.ScDefaultMonitorInterceptor  : Start executing the springfox.documentation.schema.property.ModelSpecificationFactory.create method
2025-06-11 12:06:55.459  INFO 1 --- [           main] s.g.m.s.m.a.ScDefaultMonitorInterceptor  : Stop executing the springfox.documentation.schema.property.ModelSpecificationFactory.create method
2025-06-11 12:06:55.459  INFO 1 --- [           main] s.g.m.s.m.a.ScDefaultMonitorInterceptor  : Start executing the springfox.documentation.schema.property.ModelSpecificationFactory.create method
2025-06-11 12:06:55.459  INFO 1 --- [           main] s.g.m.s.m.a.ScDefaultMonitorInterceptor  : Stop executing the springfox.documentation.schema.property.ModelSpecificationFactory.create method
2025-06-11 12:06:55.460  INFO 1 --- [           main] s.g.m.s.m.a.ScDefaultMonitorInterceptor  : Start executing the springfox.documentation.schema.property.ModelSpecificationFactory.create method
2025-06-11 12:06:55.460  INFO 1 --- [           main] s.g.m.s.m.a.ScDefaultMonitorInterceptor  : Stop executing the springfox.documentation.schema.property.ModelSpecificationFactory.create method
2025-06-11 12:06:55.462  INFO 1 --- [           main] s.g.m.s.m.a.ScDefaultMonitorInterceptor  : Start executing the springfox.documentation.schema.property.ModelSpecificationFactory.create method
2025-06-11 12:06:55.462  INFO 1 --- [           main] s.g.m.s.m.a.ScDefaultMonitorInterceptor  : Stop executing the springfox.documentation.schema.property.ModelSpecificationFactory.create method
2025-06-11 12:06:55.462  INFO 1 --- [           main] s.g.m.s.m.a.ScDefaultMonitorInterceptor  : Start executing the springfox.documentation.schema.property.ModelSpecificationFactory.create method
2025-06-11 12:06:55.462  INFO 1 --- [           main] s.g.m.s.m.a.ScDefaultMonitorInterceptor  : Stop executing the springfox.documentation.schema.property.ModelSpecificationFactory.create method
2025-06-11 12:06:55.525  INFO 1 --- [           main] s.g.m.s.m.a.ScDefaultMonitorInterceptor  : Start executing the springfox.documentation.schema.property.ModelSpecificationFactory.create method
2025-06-11 12:06:55.525  INFO 1 --- [           main] s.g.m.s.m.a.ScDefaultMonitorInterceptor  : Stop executing the springfox.documentation.schema.property.ModelSpecificationFactory.create method
2025-06-11 12:06:55.526  INFO 1 --- [           main] s.g.m.s.m.a.ScDefaultMonitorInterceptor  : Start executing the springfox.documentation.schema.property.ModelSpecificationFactory.create method
2025-06-11 12:06:55.526  INFO 1 --- [           main] s.g.m.s.m.a.ScDefaultMonitorInterceptor  : Stop executing the springfox.documentation.schema.property.ModelSpecificationFactory.create method
2025-06-11 12:06:55.530  INFO 1 --- [           main] s.g.m.s.m.a.ScDefaultMonitorInterceptor  : Start executing the springfox.documentation.schema.property.ModelSpecificationFactory.create method
2025-06-11 12:06:55.530  INFO 1 --- [           main] s.g.m.s.m.a.ScDefaultMonitorInterceptor  : Stop executing the springfox.documentation.schema.property.ModelSpecificationFactory.create method
2025-06-11 12:06:55.530  INFO 1 --- [           main] s.g.m.s.m.a.ScDefaultMonitorInterceptor  : Start executing the springfox.documentation.schema.property.ModelSpecificationFactory.create method
2025-06-11 12:06:55.530  INFO 1 --- [           main] s.g.m.s.m.a.ScDefaultMonitorInterceptor  : Stop executing the springfox.documentation.schema.property.ModelSpecificationFactory.create method
2025-06-11 12:06:55.530  INFO 1 --- [           main] s.g.m.s.m.a.ScDefaultMonitorInterceptor  : Start executing the springfox.documentation.schema.property.ModelSpecificationFactory.create method
2025-06-11 12:06:55.530  INFO 1 --- [           main] s.g.m.s.m.a.ScDefaultMonitorInterceptor  : Stop executing the springfox.documentation.schema.property.ModelSpecificationFactory.create method
2025-06-11 12:06:55.530  INFO 1 --- [           main] s.g.m.s.m.a.ScDefaultMonitorInterceptor  : Start executing the springfox.documentation.schema.property.ModelSpecificationFactory.create method
2025-06-11 12:06:55.530  INFO 1 --- [           main] s.g.m.s.m.a.ScDefaultMonitorInterceptor  : Stop executing the springfox.documentation.schema.property.ModelSpecificationFactory.create method
2025-06-11 12:06:55.530  INFO 1 --- [           main] s.g.m.s.m.a.ScDefaultMonitorInterceptor  : Start executing the springfox.documentation.schema.property.ModelSpecificationFactory.create method
2025-06-11 12:06:55.530  INFO 1 --- [           main] s.g.m.s.m.a.ScDefaultMonitorInterceptor  : Stop executing the springfox.documentation.schema.property.ModelSpecificationFactory.create method
2025-06-11 12:06:55.530  INFO 1 --- [           main] s.g.m.s.m.a.ScDefaultMonitorInterceptor  : Start executing the springfox.documentation.schema.property.ModelSpecificationFactory.create method
2025-06-11 12:06:55.530  INFO 1 --- [           main] s.g.m.s.m.a.ScDefaultMonitorInterceptor  : Stop executing the springfox.documentation.schema.property.ModelSpecificationFactory.create method
2025-06-11 12:06:55.531  INFO 1 --- [           main] s.g.m.s.m.a.ScDefaultMonitorInterceptor  : Start executing the springfox.documentation.schema.property.ModelSpecificationFactory.create method
2025-06-11 12:06:55.531  INFO 1 --- [           main] s.g.m.s.m.a.ScDefaultMonitorInterceptor  : Stop executing the springfox.documentation.schema.property.ModelSpecificationFactory.create method
2025-06-11 12:06:55.531  INFO 1 --- [           main] s.g.m.s.m.a.ScDefaultMonitorInterceptor  : Start executing the springfox.documentation.schema.property.ModelSpecificationFactory.create method
2025-06-11 12:06:55.531  INFO 1 --- [           main] s.g.m.s.m.a.ScDefaultMonitorInterceptor  : Stop executing the springfox.documentation.schema.property.ModelSpecificationFactory.create method
2025-06-11 12:06:55.531  INFO 1 --- [           main] s.g.m.s.m.a.ScDefaultMonitorInterceptor  : Start executing the springfox.documentation.schema.property.ModelSpecificationFactory.create method
2025-06-11 12:06:55.531  INFO 1 --- [           main] s.g.m.s.m.a.ScDefaultMonitorInterceptor  : Stop executing the springfox.documentation.schema.property.ModelSpecificationFactory.create method
2025-06-11 12:06:55.531  INFO 1 --- [           main] s.g.m.s.m.a.ScDefaultMonitorInterceptor  : Start executing the springfox.documentation.schema.property.ModelSpecificationFactory.create method
2025-06-11 12:06:55.531  INFO 1 --- [           main] s.g.m.s.m.a.ScDefaultMonitorInterceptor  : Stop executing the springfox.documentation.schema.property.ModelSpecificationFactory.create method
2025-06-11 12:06:55.533  INFO 1 --- [           main] s.g.m.s.m.a.ScDefaultMonitorInterceptor  : Start executing the springfox.documentation.schema.property.ModelSpecificationFactory.create method
2025-06-11 12:06:55.533  INFO 1 --- [           main] s.g.m.s.m.a.ScDefaultMonitorInterceptor  : Stop executing the springfox.documentation.schema.property.ModelSpecificationFactory.create method
2025-06-11 12:06:55.535  INFO 1 --- [           main] s.g.m.s.m.a.ScDefaultMonitorInterceptor  : Start executing the springfox.documentation.schema.property.ModelSpecificationFactory.create method
2025-06-11 12:06:55.535  INFO 1 --- [           main] s.g.m.s.m.a.ScDefaultMonitorInterceptor  : Stop executing the springfox.documentation.schema.property.ModelSpecificationFactory.create method
2025-06-11 12:06:55.535  INFO 1 --- [           main] s.g.m.s.m.a.ScDefaultMonitorInterceptor  : Start executing the springfox.documentation.schema.property.ModelSpecificationFactory.create method
2025-06-11 12:06:55.535  INFO 1 --- [           main] s.g.m.s.m.a.ScDefaultMonitorInterceptor  : Stop executing the springfox.documentation.schema.property.ModelSpecificationFactory.create method
[GC (Allocation Failure) [DefNew: 50828K->3154K(53568K), 0.0105101 secs] 153786K->107059K(172360K), 0.0105495 secs] [Times: user=0.01 sys=0.00, real=0.01 secs] 
2025-06-11 12:06:55.552  INFO 1 --- [           main] s.g.m.s.m.a.ScDefaultMonitorInterceptor  : Start executing the springfox.documentation.schema.property.ModelSpecificationFactory.create method
2025-06-11 12:06:55.553  INFO 1 --- [           main] s.g.m.s.m.a.ScDefaultMonitorInterceptor  : Stop executing the springfox.documentation.schema.property.ModelSpecificationFactory.create method
2025-06-11 12:06:55.553  INFO 1 --- [           main] s.g.m.s.m.a.ScDefaultMonitorInterceptor  : Start executing the springfox.documentation.schema.property.ModelSpecificationFactory.create method
2025-06-11 12:06:55.553  INFO 1 --- [           main] s.g.m.s.m.a.ScDefaultMonitorInterceptor  : Stop executing the springfox.documentation.schema.property.ModelSpecificationFactory.create method
2025-06-11 12:06:55.553  INFO 1 --- [           main] s.g.m.s.m.a.ScDefaultMonitorInterceptor  : Start executing the springfox.documentation.schema.property.ModelSpecificationFactory.create method
2025-06-11 12:06:55.553  INFO 1 --- [           main] s.g.m.s.m.a.ScDefaultMonitorInterceptor  : Stop executing the springfox.documentation.schema.property.ModelSpecificationFactory.create method
2025-06-11 12:06:55.553  INFO 1 --- [           main] s.g.m.s.m.a.ScDefaultMonitorInterceptor  : Start executing the springfox.documentation.schema.property.ModelSpecificationFactory.create method
2025-06-11 12:06:55.553  INFO 1 --- [           main] s.g.m.s.m.a.ScDefaultMonitorInterceptor  : Stop executing the springfox.documentation.schema.property.ModelSpecificationFactory.create method
2025-06-11 12:06:55.553  INFO 1 --- [           main] s.g.m.s.m.a.ScDefaultMonitorInterceptor  : Start executing the springfox.documentation.schema.property.ModelSpecificationFactory.create method
2025-06-11 12:06:55.553  INFO 1 --- [           main] s.g.m.s.m.a.ScDefaultMonitorInterceptor  : Stop executing the springfox.documentation.schema.property.ModelSpecificationFactory.create method
2025-06-11 12:06:55.553  INFO 1 --- [           main] s.g.m.s.m.a.ScDefaultMonitorInterceptor  : Start executing the springfox.documentation.schema.property.ModelSpecificationFactory.create method
2025-06-11 12:06:55.553  INFO 1 --- [           main] s.g.m.s.m.a.ScDefaultMonitorInterceptor  : Stop executing the springfox.documentation.schema.property.ModelSpecificationFactory.create method
2025-06-11 12:06:55.553  INFO 1 --- [           main] s.g.m.s.m.a.ScDefaultMonitorInterceptor  : Start executing the springfox.documentation.schema.property.ModelSpecificationFactory.create method
2025-06-11 12:06:55.553  INFO 1 --- [           main] s.g.m.s.m.a.ScDefaultMonitorInterceptor  : Stop executing the springfox.documentation.schema.property.ModelSpecificationFactory.create method
2025-06-11 12:06:55.554  INFO 1 --- [           main] s.g.m.s.m.a.ScDefaultMonitorInterceptor  : Start executing the springfox.documentation.schema.property.ModelSpecificationFactory.create method
2025-06-11 12:06:55.554  INFO 1 --- [           main] s.g.m.s.m.a.ScDefaultMonitorInterceptor  : Stop executing the springfox.documentation.schema.property.ModelSpecificationFactory.create method
2025-06-11 12:06:55.554  INFO 1 --- [           main] s.g.m.s.m.a.ScDefaultMonitorInterceptor  : Start executing the springfox.documentation.schema.property.ModelSpecificationFactory.create method
2025-06-11 12:06:55.554  INFO 1 --- [           main] s.g.m.s.m.a.ScDefaultMonitorInterceptor  : Stop executing the springfox.documentation.schema.property.ModelSpecificationFactory.create method
2025-06-11 12:06:55.554  INFO 1 --- [           main] s.g.m.s.m.a.ScDefaultMonitorInterceptor  : Start executing the springfox.documentation.schema.property.ModelSpecificationFactory.create method
2025-06-11 12:06:55.554  INFO 1 --- [           main] s.g.m.s.m.a.ScDefaultMonitorInterceptor  : Stop executing the springfox.documentation.schema.property.ModelSpecificationFactory.create method
2025-06-11 12:06:55.554  INFO 1 --- [           main] s.g.m.s.m.a.ScDefaultMonitorInterceptor  : Start executing the springfox.documentation.schema.property.ModelSpecificationFactory.create method
2025-06-11 12:06:55.554  INFO 1 --- [           main] s.g.m.s.m.a.ScDefaultMonitorInterceptor  : Stop executing the springfox.documentation.schema.property.ModelSpecificationFactory.create method
2025-06-11 12:06:55.554  INFO 1 --- [           main] s.g.m.s.m.a.ScDefaultMonitorInterceptor  : Start executing the springfox.documentation.schema.property.ModelSpecificationFactory.create method
2025-06-11 12:06:55.554  INFO 1 --- [           main] s.g.m.s.m.a.ScDefaultMonitorInterceptor  : Stop executing the springfox.documentation.schema.property.ModelSpecificationFactory.create method
2025-06-11 12:06:55.554  INFO 1 --- [           main] s.g.m.s.m.a.ScDefaultMonitorInterceptor  : Start executing the springfox.documentation.schema.property.ModelSpecificationFactory.create method
2025-06-11 12:06:55.554  INFO 1 --- [           main] s.g.m.s.m.a.ScDefaultMonitorInterceptor  : Stop executing the springfox.documentation.schema.property.ModelSpecificationFactory.create method
2025-06-11 12:06:55.554  INFO 1 --- [           main] s.g.m.s.m.a.ScDefaultMonitorInterceptor  : Start executing the springfox.documentation.schema.property.ModelSpecificationFactory.create method
2025-06-11 12:06:55.554  INFO 1 --- [           main] s.g.m.s.m.a.ScDefaultMonitorInterceptor  : Stop executing the springfox.documentation.schema.property.ModelSpecificationFactory.create method
2025-06-11 12:06:55.555  INFO 1 --- [           main] s.g.m.s.m.a.ScDefaultMonitorInterceptor  : Start executing the springfox.documentation.schema.property.ModelSpecificationFactory.create method
2025-06-11 12:06:55.555  INFO 1 --- [           main] s.g.m.s.m.a.ScDefaultMonitorInterceptor  : Stop executing the springfox.documentation.schema.property.ModelSpecificationFactory.create method
2025-06-11 12:06:55.555  INFO 1 --- [           main] s.g.m.s.m.a.ScDefaultMonitorInterceptor  : Start executing the springfox.documentation.schema.property.ModelSpecificationFactory.create method
2025-06-11 12:06:55.555  INFO 1 --- [           main] s.g.m.s.m.a.ScDefaultMonitorInterceptor  : Stop executing the springfox.documentation.schema.property.ModelSpecificationFactory.create method
2025-06-11 12:06:55.555  INFO 1 --- [           main] s.g.m.s.m.a.ScDefaultMonitorInterceptor  : Start executing the springfox.documentation.schema.property.ModelSpecificationFactory.create method
2025-06-11 12:06:55.555  INFO 1 --- [           main] s.g.m.s.m.a.ScDefaultMonitorInterceptor  : Stop executing the springfox.documentation.schema.property.ModelSpecificationFactory.create method
2025-06-11 12:06:55.555  INFO 1 --- [           main] s.g.m.s.m.a.ScDefaultMonitorInterceptor  : Start executing the springfox.documentation.schema.property.ModelSpecificationFactory.create method
2025-06-11 12:06:55.555  INFO 1 --- [           main] s.g.m.s.m.a.ScDefaultMonitorInterceptor  : Stop executing the springfox.documentation.schema.property.ModelSpecificationFactory.create method
2025-06-11 12:06:55.555  INFO 1 --- [           main] s.g.m.s.m.a.ScDefaultMonitorInterceptor  : Start executing the springfox.documentation.schema.property.ModelSpecificationFactory.create method
2025-06-11 12:06:55.555  INFO 1 --- [           main] s.g.m.s.m.a.ScDefaultMonitorInterceptor  : Stop executing the springfox.documentation.schema.property.ModelSpecificationFactory.create method
2025-06-11 12:06:55.555  INFO 1 --- [           main] s.g.m.s.m.a.ScDefaultMonitorInterceptor  : Start executing the springfox.documentation.schema.property.ModelSpecificationFactory.create method
2025-06-11 12:06:55.555  INFO 1 --- [           main] s.g.m.s.m.a.ScDefaultMonitorInterceptor  : Stop executing the springfox.documentation.schema.property.ModelSpecificationFactory.create method
2025-06-11 12:06:55.555  INFO 1 --- [           main] s.g.m.s.m.a.ScDefaultMonitorInterceptor  : Start executing the springfox.documentation.schema.property.ModelSpecificationFactory.create method
2025-06-11 12:06:55.555  INFO 1 --- [           main] s.g.m.s.m.a.ScDefaultMonitorInterceptor  : Stop executing the springfox.documentation.schema.property.ModelSpecificationFactory.create method
2025-06-11 12:06:55.556  INFO 1 --- [           main] s.g.m.s.m.a.ScDefaultMonitorInterceptor  : Start executing the springfox.documentation.schema.property.ModelSpecificationFactory.create method
2025-06-11 12:06:55.556  INFO 1 --- [           main] s.g.m.s.m.a.ScDefaultMonitorInterceptor  : Stop executing the springfox.documentation.schema.property.ModelSpecificationFactory.create method
2025-06-11 12:06:55.556  INFO 1 --- [           main] s.g.m.s.m.a.ScDefaultMonitorInterceptor  : Start executing the springfox.documentation.schema.property.ModelSpecificationFactory.create method
2025-06-11 12:06:55.556  INFO 1 --- [           main] s.g.m.s.m.a.ScDefaultMonitorInterceptor  : Stop executing the springfox.documentation.schema.property.ModelSpecificationFactory.create method
2025-06-11 12:06:55.556  INFO 1 --- [           main] s.g.m.s.m.a.ScDefaultMonitorInterceptor  : Start executing the springfox.documentation.schema.property.ModelSpecificationFactory.create method
2025-06-11 12:06:55.556  INFO 1 --- [           main] s.g.m.s.m.a.ScDefaultMonitorInterceptor  : Stop executing the springfox.documentation.schema.property.ModelSpecificationFactory.create method
2025-06-11 12:06:55.556  INFO 1 --- [           main] s.g.m.s.m.a.ScDefaultMonitorInterceptor  : Start executing the springfox.documentation.schema.property.ModelSpecificationFactory.create method
2025-06-11 12:06:55.556  INFO 1 --- [           main] s.g.m.s.m.a.ScDefaultMonitorInterceptor  : Stop executing the springfox.documentation.schema.property.ModelSpecificationFactory.create method
2025-06-11 12:06:55.556  INFO 1 --- [           main] s.g.m.s.m.a.ScDefaultMonitorInterceptor  : Start executing the springfox.documentation.schema.property.ModelSpecificationFactory.create method
2025-06-11 12:06:55.556  INFO 1 --- [           main] s.g.m.s.m.a.ScDefaultMonitorInterceptor  : Stop executing the springfox.documentation.schema.property.ModelSpecificationFactory.create method
2025-06-11 12:06:55.556  INFO 1 --- [           main] s.g.m.s.m.a.ScDefaultMonitorInterceptor  : Start executing the springfox.documentation.schema.property.ModelSpecificationFactory.create method
2025-06-11 12:06:55.556  INFO 1 --- [           main] s.g.m.s.m.a.ScDefaultMonitorInterceptor  : Stop executing the springfox.documentation.schema.property.ModelSpecificationFactory.create method
2025-06-11 12:06:55.556  INFO 1 --- [           main] s.g.m.s.m.a.ScDefaultMonitorInterceptor  : Start executing the springfox.documentation.schema.property.ModelSpecificationFactory.create method
2025-06-11 12:06:55.556  INFO 1 --- [           main] s.g.m.s.m.a.ScDefaultMonitorInterceptor  : Stop executing the springfox.documentation.schema.property.ModelSpecificationFactory.create method
2025-06-11 12:06:55.556  INFO 1 --- [           main] s.g.m.s.m.a.ScDefaultMonitorInterceptor  : Start executing the springfox.documentation.schema.property.ModelSpecificationFactory.create method
2025-06-11 12:06:55.556  INFO 1 --- [           main] s.g.m.s.m.a.ScDefaultMonitorInterceptor  : Stop executing the springfox.documentation.schema.property.ModelSpecificationFactory.create method
2025-06-11 12:06:55.556  INFO 1 --- [           main] s.g.m.s.m.a.ScDefaultMonitorInterceptor  : Start executing the springfox.documentation.schema.property.ModelSpecificationFactory.create method
2025-06-11 12:06:55.556  INFO 1 --- [           main] s.g.m.s.m.a.ScDefaultMonitorInterceptor  : Stop executing the springfox.documentation.schema.property.ModelSpecificationFactory.create method
2025-06-11 12:06:55.557  INFO 1 --- [           main] s.g.m.s.m.a.ScDefaultMonitorInterceptor  : Start executing the springfox.documentation.schema.property.ModelSpecificationFactory.create method
2025-06-11 12:06:55.557  INFO 1 --- [           main] s.g.m.s.m.a.ScDefaultMonitorInterceptor  : Stop executing the springfox.documentation.schema.property.ModelSpecificationFactory.create method
2025-06-11 12:06:55.557  INFO 1 --- [           main] s.g.m.s.m.a.ScDefaultMonitorInterceptor  : Start executing the springfox.documentation.schema.property.ModelSpecificationFactory.create method
2025-06-11 12:06:55.557  INFO 1 --- [           main] s.g.m.s.m.a.ScDefaultMonitorInterceptor  : Stop executing the springfox.documentation.schema.property.ModelSpecificationFactory.create method
2025-06-11 12:06:55.557  INFO 1 --- [           main] s.g.m.s.m.a.ScDefaultMonitorInterceptor  : Start executing the springfox.documentation.schema.property.ModelSpecificationFactory.create method
2025-06-11 12:06:55.557  INFO 1 --- [           main] s.g.m.s.m.a.ScDefaultMonitorInterceptor  : Stop executing the springfox.documentation.schema.property.ModelSpecificationFactory.create method
2025-06-11 12:06:55.557  INFO 1 --- [           main] s.g.m.s.m.a.ScDefaultMonitorInterceptor  : Start executing the springfox.documentation.schema.property.ModelSpecificationFactory.create method
2025-06-11 12:06:55.557  INFO 1 --- [           main] s.g.m.s.m.a.ScDefaultMonitorInterceptor  : Stop executing the springfox.documentation.schema.property.ModelSpecificationFactory.create method
2025-06-11 12:06:55.557  INFO 1 --- [           main] s.g.m.s.m.a.ScDefaultMonitorInterceptor  : Start executing the springfox.documentation.schema.property.ModelSpecificationFactory.create method
2025-06-11 12:06:55.557  INFO 1 --- [           main] s.g.m.s.m.a.ScDefaultMonitorInterceptor  : Stop executing the springfox.documentation.schema.property.ModelSpecificationFactory.create method
2025-06-11 12:06:55.557  INFO 1 --- [           main] s.g.m.s.m.a.ScDefaultMonitorInterceptor  : Start executing the springfox.documentation.schema.property.ModelSpecificationFactory.create method
2025-06-11 12:06:55.557  INFO 1 --- [           main] s.g.m.s.m.a.ScDefaultMonitorInterceptor  : Stop executing the springfox.documentation.schema.property.ModelSpecificationFactory.create method
2025-06-11 12:06:55.557  INFO 1 --- [           main] s.g.m.s.m.a.ScDefaultMonitorInterceptor  : Start executing the springfox.documentation.schema.property.ModelSpecificationFactory.create method
2025-06-11 12:06:55.557  INFO 1 --- [           main] s.g.m.s.m.a.ScDefaultMonitorInterceptor  : Stop executing the springfox.documentation.schema.property.ModelSpecificationFactory.create method
2025-06-11 12:06:55.557  INFO 1 --- [           main] s.g.m.s.m.a.ScDefaultMonitorInterceptor  : Start executing the springfox.documentation.schema.property.ModelSpecificationFactory.create method
2025-06-11 12:06:55.557  INFO 1 --- [           main] s.g.m.s.m.a.ScDefaultMonitorInterceptor  : Stop executing the springfox.documentation.schema.property.ModelSpecificationFactory.create method
2025-06-11 12:06:55.557  INFO 1 --- [           main] s.g.m.s.m.a.ScDefaultMonitorInterceptor  : Start executing the springfox.documentation.schema.property.ModelSpecificationFactory.create method
2025-06-11 12:06:55.557  INFO 1 --- [           main] s.g.m.s.m.a.ScDefaultMonitorInterceptor  : Stop executing the springfox.documentation.schema.property.ModelSpecificationFactory.create method
2025-06-11 12:06:55.557  INFO 1 --- [           main] s.g.m.s.m.a.ScDefaultMonitorInterceptor  : Start executing the springfox.documentation.schema.property.ModelSpecificationFactory.create method
2025-06-11 12:06:55.557  INFO 1 --- [           main] s.g.m.s.m.a.ScDefaultMonitorInterceptor  : Stop executing the springfox.documentation.schema.property.ModelSpecificationFactory.create method
2025-06-11 12:06:55.558  INFO 1 --- [           main] s.g.m.s.m.a.ScDefaultMonitorInterceptor  : Start executing the springfox.documentation.schema.property.ModelSpecificationFactory.create method
2025-06-11 12:06:55.558  INFO 1 --- [           main] s.g.m.s.m.a.ScDefaultMonitorInterceptor  : Stop executing the springfox.documentation.schema.property.ModelSpecificationFactory.create method
2025-06-11 12:06:55.558  INFO 1 --- [           main] s.g.m.s.m.a.ScDefaultMonitorInterceptor  : Start executing the springfox.documentation.schema.property.ModelSpecificationFactory.create method
2025-06-11 12:06:55.558  INFO 1 --- [           main] s.g.m.s.m.a.ScDefaultMonitorInterceptor  : Stop executing the springfox.documentation.schema.property.ModelSpecificationFactory.create method
2025-06-11 12:06:55.558  INFO 1 --- [           main] s.g.m.s.m.a.ScDefaultMonitorInterceptor  : Start executing the springfox.documentation.schema.property.ModelSpecificationFactory.create method
2025-06-11 12:06:55.558  INFO 1 --- [           main] s.g.m.s.m.a.ScDefaultMonitorInterceptor  : Stop executing the springfox.documentation.schema.property.ModelSpecificationFactory.create method
2025-06-11 12:06:55.559  INFO 1 --- [           main] s.g.m.s.m.a.ScDefaultMonitorInterceptor  : Start executing the springfox.documentation.schema.property.ModelSpecificationFactory.create method
2025-06-11 12:06:55.559  INFO 1 --- [           main] s.g.m.s.m.a.ScDefaultMonitorInterceptor  : Stop executing the springfox.documentation.schema.property.ModelSpecificationFactory.create method
2025-06-11 12:06:55.569  INFO 1 --- [           main] s.g.m.s.m.a.ScDefaultMonitorInterceptor  : Start executing the springfox.documentation.schema.property.ModelSpecificationFactory.create method
2025-06-11 12:06:55.569  INFO 1 --- [           main] s.g.m.s.m.a.ScDefaultMonitorInterceptor  : Stop executing the springfox.documentation.schema.property.ModelSpecificationFactory.create method
2025-06-11 12:06:55.569  INFO 1 --- [           main] s.g.m.s.m.a.ScDefaultMonitorInterceptor  : Start executing the springfox.documentation.schema.property.ModelSpecificationFactory.create method
2025-06-11 12:06:55.569  INFO 1 --- [           main] s.g.m.s.m.a.ScDefaultMonitorInterceptor  : Stop executing the springfox.documentation.schema.property.ModelSpecificationFactory.create method
2025-06-11 12:06:55.569  INFO 1 --- [           main] s.g.m.s.m.a.ScDefaultMonitorInterceptor  : Start executing the springfox.documentation.schema.property.ModelSpecificationFactory.create method
2025-06-11 12:06:55.569  INFO 1 --- [           main] s.g.m.s.m.a.ScDefaultMonitorInterceptor  : Stop executing the springfox.documentation.schema.property.ModelSpecificationFactory.create method
2025-06-11 12:06:55.569  INFO 1 --- [           main] s.g.m.s.m.a.ScDefaultMonitorInterceptor  : Start executing the springfox.documentation.schema.property.ModelSpecificationFactory.create method
2025-06-11 12:06:55.569  INFO 1 --- [           main] s.g.m.s.m.a.ScDefaultMonitorInterceptor  : Stop executing the springfox.documentation.schema.property.ModelSpecificationFactory.create method
2025-06-11 12:06:55.569  INFO 1 --- [           main] s.g.m.s.m.a.ScDefaultMonitorInterceptor  : Start executing the springfox.documentation.schema.property.ModelSpecificationFactory.create method
2025-06-11 12:06:55.569  INFO 1 --- [           main] s.g.m.s.m.a.ScDefaultMonitorInterceptor  : Stop executing the springfox.documentation.schema.property.ModelSpecificationFactory.create method
2025-06-11 12:06:55.569  INFO 1 --- [           main] s.g.m.s.m.a.ScDefaultMonitorInterceptor  : Start executing the springfox.documentation.schema.property.ModelSpecificationFactory.create method
2025-06-11 12:06:55.570  INFO 1 --- [           main] s.g.m.s.m.a.ScDefaultMonitorInterceptor  : Stop executing the springfox.documentation.schema.property.ModelSpecificationFactory.create method
2025-06-11 12:06:55.570  INFO 1 --- [           main] s.g.m.s.m.a.ScDefaultMonitorInterceptor  : Start executing the springfox.documentation.schema.property.ModelSpecificationFactory.create method
2025-06-11 12:06:55.570  INFO 1 --- [           main] s.g.m.s.m.a.ScDefaultMonitorInterceptor  : Stop executing the springfox.documentation.schema.property.ModelSpecificationFactory.create method
2025-06-11 12:06:55.570  INFO 1 --- [           main] s.g.m.s.m.a.ScDefaultMonitorInterceptor  : Start executing the springfox.documentation.schema.property.ModelSpecificationFactory.create method
2025-06-11 12:06:55.570  INFO 1 --- [           main] s.g.m.s.m.a.ScDefaultMonitorInterceptor  : Stop executing the springfox.documentation.schema.property.ModelSpecificationFactory.create method
2025-06-11 12:06:55.570  INFO 1 --- [           main] s.g.m.s.m.a.ScDefaultMonitorInterceptor  : Start executing the springfox.documentation.schema.property.ModelSpecificationFactory.create method
2025-06-11 12:06:55.570  INFO 1 --- [           main] s.g.m.s.m.a.ScDefaultMonitorInterceptor  : Stop executing the springfox.documentation.schema.property.ModelSpecificationFactory.create method
2025-06-11 12:06:55.570  INFO 1 --- [           main] s.g.m.s.m.a.ScDefaultMonitorInterceptor  : Start executing the springfox.documentation.schema.property.ModelSpecificationFactory.create method
2025-06-11 12:06:55.570  INFO 1 --- [           main] s.g.m.s.m.a.ScDefaultMonitorInterceptor  : Stop executing the springfox.documentation.schema.property.ModelSpecificationFactory.create method
2025-06-11 12:06:55.570  INFO 1 --- [           main] s.g.m.s.m.a.ScDefaultMonitorInterceptor  : Start executing the springfox.documentation.schema.property.ModelSpecificationFactory.create method
2025-06-11 12:06:55.570  INFO 1 --- [           main] s.g.m.s.m.a.ScDefaultMonitorInterceptor  : Stop executing the springfox.documentation.schema.property.ModelSpecificationFactory.create method
2025-06-11 12:06:55.570  INFO 1 --- [           main] s.g.m.s.m.a.ScDefaultMonitorInterceptor  : Start executing the springfox.documentation.schema.property.ModelSpecificationFactory.create method
2025-06-11 12:06:55.571  INFO 1 --- [           main] s.g.m.s.m.a.ScDefaultMonitorInterceptor  : Stop executing the springfox.documentation.schema.property.ModelSpecificationFactory.create method
2025-06-11 12:06:55.571  INFO 1 --- [           main] s.g.m.s.m.a.ScDefaultMonitorInterceptor  : Start executing the springfox.documentation.schema.property.ModelSpecificationFactory.create method
2025-06-11 12:06:55.571  INFO 1 --- [           main] s.g.m.s.m.a.ScDefaultMonitorInterceptor  : Stop executing the springfox.documentation.schema.property.ModelSpecificationFactory.create method
2025-06-11 12:06:55.571  INFO 1 --- [           main] s.g.m.s.m.a.ScDefaultMonitorInterceptor  : Start executing the springfox.documentation.schema.property.ModelSpecificationFactory.create method
2025-06-11 12:06:55.571  INFO 1 --- [           main] s.g.m.s.m.a.ScDefaultMonitorInterceptor  : Stop executing the springfox.documentation.schema.property.ModelSpecificationFactory.create method
2025-06-11 12:06:55.571  INFO 1 --- [           main] s.g.m.s.m.a.ScDefaultMonitorInterceptor  : Start executing the springfox.documentation.schema.property.ModelSpecificationFactory.create method
2025-06-11 12:06:55.571  INFO 1 --- [           main] s.g.m.s.m.a.ScDefaultMonitorInterceptor  : Stop executing the springfox.documentation.schema.property.ModelSpecificationFactory.create method
2025-06-11 12:06:55.571  INFO 1 --- [           main] s.g.m.s.m.a.ScDefaultMonitorInterceptor  : Start executing the springfox.documentation.schema.property.ModelSpecificationFactory.create method
2025-06-11 12:06:55.571  INFO 1 --- [           main] s.g.m.s.m.a.ScDefaultMonitorInterceptor  : Stop executing the springfox.documentation.schema.property.ModelSpecificationFactory.create method
2025-06-11 12:06:55.571  INFO 1 --- [           main] s.g.m.s.m.a.ScDefaultMonitorInterceptor  : Start executing the springfox.documentation.schema.property.ModelSpecificationFactory.create method
2025-06-11 12:06:55.571  INFO 1 --- [           main] s.g.m.s.m.a.ScDefaultMonitorInterceptor  : Stop executing the springfox.documentation.schema.property.ModelSpecificationFactory.create method
2025-06-11 12:06:55.571  INFO 1 --- [           main] s.g.m.s.m.a.ScDefaultMonitorInterceptor  : Start executing the springfox.documentation.schema.property.ModelSpecificationFactory.create method
2025-06-11 12:06:55.571  INFO 1 --- [           main] s.g.m.s.m.a.ScDefaultMonitorInterceptor  : Stop executing the springfox.documentation.schema.property.ModelSpecificationFactory.create method
2025-06-11 12:06:55.571  INFO 1 --- [           main] s.g.m.s.m.a.ScDefaultMonitorInterceptor  : Start executing the springfox.documentation.schema.property.ModelSpecificationFactory.create method
2025-06-11 12:06:55.571  INFO 1 --- [           main] s.g.m.s.m.a.ScDefaultMonitorInterceptor  : Stop executing the springfox.documentation.schema.property.ModelSpecificationFactory.create method
2025-06-11 12:06:55.571  INFO 1 --- [           main] s.g.m.s.m.a.ScDefaultMonitorInterceptor  : Start executing the springfox.documentation.schema.property.ModelSpecificationFactory.create method
2025-06-11 12:06:55.571  INFO 1 --- [           main] s.g.m.s.m.a.ScDefaultMonitorInterceptor  : Stop executing the springfox.documentation.schema.property.ModelSpecificationFactory.create method
2025-06-11 12:06:55.572  INFO 1 --- [           main] s.g.m.s.m.a.ScDefaultMonitorInterceptor  : Start executing the springfox.documentation.schema.property.ModelSpecificationFactory.create method
2025-06-11 12:06:55.572  INFO 1 --- [           main] s.g.m.s.m.a.ScDefaultMonitorInterceptor  : Stop executing the springfox.documentation.schema.property.ModelSpecificationFactory.create method
2025-06-11 12:06:55.572  INFO 1 --- [           main] s.g.m.s.m.a.ScDefaultMonitorInterceptor  : Start executing the springfox.documentation.schema.property.ModelSpecificationFactory.create method
2025-06-11 12:06:55.572  INFO 1 --- [           main] s.g.m.s.m.a.ScDefaultMonitorInterceptor  : Stop executing the springfox.documentation.schema.property.ModelSpecificationFactory.create method
2025-06-11 12:06:55.572  INFO 1 --- [           main] s.g.m.s.m.a.ScDefaultMonitorInterceptor  : Start executing the springfox.documentation.schema.property.ModelSpecificationFactory.create method
2025-06-11 12:06:55.572  INFO 1 --- [           main] s.g.m.s.m.a.ScDefaultMonitorInterceptor  : Stop executing the springfox.documentation.schema.property.ModelSpecificationFactory.create method
2025-06-11 12:06:55.572  INFO 1 --- [           main] s.g.m.s.m.a.ScDefaultMonitorInterceptor  : Start executing the springfox.documentation.schema.property.ModelSpecificationFactory.create method
2025-06-11 12:06:55.572  INFO 1 --- [           main] s.g.m.s.m.a.ScDefaultMonitorInterceptor  : Stop executing the springfox.documentation.schema.property.ModelSpecificationFactory.create method
2025-06-11 12:06:55.572  INFO 1 --- [           main] s.g.m.s.m.a.ScDefaultMonitorInterceptor  : Start executing the springfox.documentation.schema.property.ModelSpecificationFactory.create method
2025-06-11 12:06:55.572  INFO 1 --- [           main] s.g.m.s.m.a.ScDefaultMonitorInterceptor  : Stop executing the springfox.documentation.schema.property.ModelSpecificationFactory.create method
2025-06-11 12:06:55.572  INFO 1 --- [           main] s.g.m.s.m.a.ScDefaultMonitorInterceptor  : Start executing the springfox.documentation.schema.property.ModelSpecificationFactory.create method
2025-06-11 12:06:55.572  INFO 1 --- [           main] s.g.m.s.m.a.ScDefaultMonitorInterceptor  : Stop executing the springfox.documentation.schema.property.ModelSpecificationFactory.create method
2025-06-11 12:06:55.572  INFO 1 --- [           main] s.g.m.s.m.a.ScDefaultMonitorInterceptor  : Start executing the springfox.documentation.schema.property.ModelSpecificationFactory.create method
2025-06-11 12:06:55.572  INFO 1 --- [           main] s.g.m.s.m.a.ScDefaultMonitorInterceptor  : Stop executing the springfox.documentation.schema.property.ModelSpecificationFactory.create method
2025-06-11 12:06:55.572  INFO 1 --- [           main] s.g.m.s.m.a.ScDefaultMonitorInterceptor  : Start executing the springfox.documentation.schema.property.ModelSpecificationFactory.create method
2025-06-11 12:06:55.572  INFO 1 --- [           main] s.g.m.s.m.a.ScDefaultMonitorInterceptor  : Stop executing the springfox.documentation.schema.property.ModelSpecificationFactory.create method
2025-06-11 12:06:55.572  INFO 1 --- [           main] s.g.m.s.m.a.ScDefaultMonitorInterceptor  : Start executing the springfox.documentation.schema.property.ModelSpecificationFactory.create method
2025-06-11 12:06:55.572  INFO 1 --- [           main] s.g.m.s.m.a.ScDefaultMonitorInterceptor  : Stop executing the springfox.documentation.schema.property.ModelSpecificationFactory.create method
2025-06-11 12:06:55.572  INFO 1 --- [           main] s.g.m.s.m.a.ScDefaultMonitorInterceptor  : Start executing the springfox.documentation.schema.property.ModelSpecificationFactory.create method
2025-06-11 12:06:55.572  INFO 1 --- [           main] s.g.m.s.m.a.ScDefaultMonitorInterceptor  : Stop executing the springfox.documentation.schema.property.ModelSpecificationFactory.create method
2025-06-11 12:06:55.572  INFO 1 --- [           main] s.g.m.s.m.a.ScDefaultMonitorInterceptor  : Start executing the springfox.documentation.schema.property.ModelSpecificationFactory.create method
2025-06-11 12:06:55.572  INFO 1 --- [           main] s.g.m.s.m.a.ScDefaultMonitorInterceptor  : Stop executing the springfox.documentation.schema.property.ModelSpecificationFactory.create method
2025-06-11 12:06:55.623  INFO 1 --- [           main] s.g.m.s.m.a.ScDefaultMonitorInterceptor  : Start executing the springfox.documentation.schema.property.ModelSpecificationFactory.create method
2025-06-11 12:06:55.623  INFO 1 --- [           main] s.g.m.s.m.a.ScDefaultMonitorInterceptor  : Stop executing the springfox.documentation.schema.property.ModelSpecificationFactory.create method
2025-06-11 12:06:55.623  INFO 1 --- [           main] s.g.m.s.m.a.ScDefaultMonitorInterceptor  : Start executing the springfox.documentation.schema.property.ModelSpecificationFactory.create method
2025-06-11 12:06:55.623  INFO 1 --- [           main] s.g.m.s.m.a.ScDefaultMonitorInterceptor  : Stop executing the springfox.documentation.schema.property.ModelSpecificationFactory.create method
2025-06-11 12:06:55.624  INFO 1 --- [           main] s.g.m.s.m.a.ScDefaultMonitorInterceptor  : Start executing the springfox.documentation.schema.property.ModelSpecificationFactory.create method
2025-06-11 12:06:55.624  INFO 1 --- [           main] s.g.m.s.m.a.ScDefaultMonitorInterceptor  : Stop executing the springfox.documentation.schema.property.ModelSpecificationFactory.create method
2025-06-11 12:06:55.624  INFO 1 --- [           main] s.g.m.s.m.a.ScDefaultMonitorInterceptor  : Start executing the springfox.documentation.schema.property.ModelSpecificationFactory.create method
2025-06-11 12:06:55.624  INFO 1 --- [           main] s.g.m.s.m.a.ScDefaultMonitorInterceptor  : Stop executing the springfox.documentation.schema.property.ModelSpecificationFactory.create method
2025-06-11 12:06:55.624  INFO 1 --- [           main] s.g.m.s.m.a.ScDefaultMonitorInterceptor  : Start executing the springfox.documentation.schema.property.ModelSpecificationFactory.create method
2025-06-11 12:06:55.624  INFO 1 --- [           main] s.g.m.s.m.a.ScDefaultMonitorInterceptor  : Stop executing the springfox.documentation.schema.property.ModelSpecificationFactory.create method
2025-06-11 12:06:55.624  INFO 1 --- [           main] s.g.m.s.m.a.ScDefaultMonitorInterceptor  : Start executing the springfox.documentation.schema.property.ModelSpecificationFactory.create method
2025-06-11 12:06:55.624  INFO 1 --- [           main] s.g.m.s.m.a.ScDefaultMonitorInterceptor  : Stop executing the springfox.documentation.schema.property.ModelSpecificationFactory.create method
2025-06-11 12:06:55.624  INFO 1 --- [           main] s.g.m.s.m.a.ScDefaultMonitorInterceptor  : Start executing the springfox.documentation.schema.property.ModelSpecificationFactory.create method
2025-06-11 12:06:55.624  INFO 1 --- [           main] s.g.m.s.m.a.ScDefaultMonitorInterceptor  : Stop executing the springfox.documentation.schema.property.ModelSpecificationFactory.create method
2025-06-11 12:06:55.624  INFO 1 --- [           main] s.g.m.s.m.a.ScDefaultMonitorInterceptor  : Start executing the springfox.documentation.schema.property.ModelSpecificationFactory.create method
2025-06-11 12:06:55.624  INFO 1 --- [           main] s.g.m.s.m.a.ScDefaultMonitorInterceptor  : Stop executing the springfox.documentation.schema.property.ModelSpecificationFactory.create method
2025-06-11 12:06:55.624  INFO 1 --- [           main] s.g.m.s.m.a.ScDefaultMonitorInterceptor  : Start executing the springfox.documentation.schema.property.ModelSpecificationFactory.create method
2025-06-11 12:06:55.624  INFO 1 --- [           main] s.g.m.s.m.a.ScDefaultMonitorInterceptor  : Stop executing the springfox.documentation.schema.property.ModelSpecificationFactory.create method
2025-06-11 12:06:55.624  INFO 1 --- [           main] s.g.m.s.m.a.ScDefaultMonitorInterceptor  : Start executing the springfox.documentation.schema.property.ModelSpecificationFactory.create method
2025-06-11 12:06:55.624  INFO 1 --- [           main] s.g.m.s.m.a.ScDefaultMonitorInterceptor  : Stop executing the springfox.documentation.schema.property.ModelSpecificationFactory.create method
2025-06-11 12:06:55.625  INFO 1 --- [           main] s.g.m.s.m.a.ScDefaultMonitorInterceptor  : Start executing the springfox.documentation.schema.property.ModelSpecificationFactory.create method
2025-06-11 12:06:55.625  INFO 1 --- [           main] s.g.m.s.m.a.ScDefaultMonitorInterceptor  : Stop executing the springfox.documentation.schema.property.ModelSpecificationFactory.create method
2025-06-11 12:06:55.625  INFO 1 --- [           main] s.g.m.s.m.a.ScDefaultMonitorInterceptor  : Start executing the springfox.documentation.schema.property.ModelSpecificationFactory.create method
2025-06-11 12:06:55.625  INFO 1 --- [           main] s.g.m.s.m.a.ScDefaultMonitorInterceptor  : Stop executing the springfox.documentation.schema.property.ModelSpecificationFactory.create method
2025-06-11 12:06:55.625  INFO 1 --- [           main] s.g.m.s.m.a.ScDefaultMonitorInterceptor  : Start executing the springfox.documentation.schema.property.ModelSpecificationFactory.create method
2025-06-11 12:06:55.625  INFO 1 --- [           main] s.g.m.s.m.a.ScDefaultMonitorInterceptor  : Stop executing the springfox.documentation.schema.property.ModelSpecificationFactory.create method
2025-06-11 12:06:55.625  INFO 1 --- [           main] s.g.m.s.m.a.ScDefaultMonitorInterceptor  : Start executing the springfox.documentation.schema.property.ModelSpecificationFactory.create method
2025-06-11 12:06:55.625  INFO 1 --- [           main] s.g.m.s.m.a.ScDefaultMonitorInterceptor  : Stop executing the springfox.documentation.schema.property.ModelSpecificationFactory.create method
2025-06-11 12:06:55.625  INFO 1 --- [           main] s.g.m.s.m.a.ScDefaultMonitorInterceptor  : Start executing the springfox.documentation.schema.property.ModelSpecificationFactory.create method
2025-06-11 12:06:55.625  INFO 1 --- [           main] s.g.m.s.m.a.ScDefaultMonitorInterceptor  : Stop executing the springfox.documentation.schema.property.ModelSpecificationFactory.create method
2025-06-11 12:06:55.625  INFO 1 --- [           main] s.g.m.s.m.a.ScDefaultMonitorInterceptor  : Start executing the springfox.documentation.schema.property.ModelSpecificationFactory.create method
2025-06-11 12:06:55.625  INFO 1 --- [           main] s.g.m.s.m.a.ScDefaultMonitorInterceptor  : Stop executing the springfox.documentation.schema.property.ModelSpecificationFactory.create method
2025-06-11 12:06:55.625  INFO 1 --- [           main] s.g.m.s.m.a.ScDefaultMonitorInterceptor  : Start executing the springfox.documentation.schema.property.ModelSpecificationFactory.create method
2025-06-11 12:06:55.625  INFO 1 --- [           main] s.g.m.s.m.a.ScDefaultMonitorInterceptor  : Stop executing the springfox.documentation.schema.property.ModelSpecificationFactory.create method
2025-06-11 12:06:55.625  INFO 1 --- [           main] s.g.m.s.m.a.ScDefaultMonitorInterceptor  : Start executing the springfox.documentation.schema.property.ModelSpecificationFactory.create method
2025-06-11 12:06:55.625  INFO 1 --- [           main] s.g.m.s.m.a.ScDefaultMonitorInterceptor  : Stop executing the springfox.documentation.schema.property.ModelSpecificationFactory.create method
2025-06-11 12:06:55.626  INFO 1 --- [           main] s.g.m.s.m.a.ScDefaultMonitorInterceptor  : Start executing the springfox.documentation.schema.property.ModelSpecificationFactory.create method
2025-06-11 12:06:55.626  INFO 1 --- [           main] s.g.m.s.m.a.ScDefaultMonitorInterceptor  : Stop executing the springfox.documentation.schema.property.ModelSpecificationFactory.create method
2025-06-11 12:06:55.626  INFO 1 --- [           main] s.g.m.s.m.a.ScDefaultMonitorInterceptor  : Start executing the springfox.documentation.schema.property.ModelSpecificationFactory.create method
2025-06-11 12:06:55.626  INFO 1 --- [           main] s.g.m.s.m.a.ScDefaultMonitorInterceptor  : Stop executing the springfox.documentation.schema.property.ModelSpecificationFactory.create method
2025-06-11 12:06:55.626  INFO 1 --- [           main] s.g.m.s.m.a.ScDefaultMonitorInterceptor  : Start executing the springfox.documentation.schema.property.ModelSpecificationFactory.create method
2025-06-11 12:06:55.626  INFO 1 --- [           main] s.g.m.s.m.a.ScDefaultMonitorInterceptor  : Stop executing the springfox.documentation.schema.property.ModelSpecificationFactory.create method
2025-06-11 12:06:55.626  INFO 1 --- [           main] s.g.m.s.m.a.ScDefaultMonitorInterceptor  : Start executing the springfox.documentation.schema.property.ModelSpecificationFactory.create method
2025-06-11 12:06:55.626  INFO 1 --- [           main] s.g.m.s.m.a.ScDefaultMonitorInterceptor  : Stop executing the springfox.documentation.schema.property.ModelSpecificationFactory.create method
2025-06-11 12:06:55.626  INFO 1 --- [           main] s.g.m.s.m.a.ScDefaultMonitorInterceptor  : Start executing the springfox.documentation.schema.property.ModelSpecificationFactory.create method
2025-06-11 12:06:55.626  INFO 1 --- [           main] s.g.m.s.m.a.ScDefaultMonitorInterceptor  : Stop executing the springfox.documentation.schema.property.ModelSpecificationFactory.create method
2025-06-11 12:06:55.626  INFO 1 --- [           main] s.g.m.s.m.a.ScDefaultMonitorInterceptor  : Start executing the springfox.documentation.schema.property.ModelSpecificationFactory.create method
2025-06-11 12:06:55.626  INFO 1 --- [           main] s.g.m.s.m.a.ScDefaultMonitorInterceptor  : Stop executing the springfox.documentation.schema.property.ModelSpecificationFactory.create method
2025-06-11 12:06:55.626  INFO 1 --- [           main] s.g.m.s.m.a.ScDefaultMonitorInterceptor  : Start executing the springfox.documentation.schema.property.ModelSpecificationFactory.create method
2025-06-11 12:06:55.626  INFO 1 --- [           main] s.g.m.s.m.a.ScDefaultMonitorInterceptor  : Stop executing the springfox.documentation.schema.property.ModelSpecificationFactory.create method
2025-06-11 12:06:55.626  INFO 1 --- [           main] s.g.m.s.m.a.ScDefaultMonitorInterceptor  : Start executing the springfox.documentation.schema.property.ModelSpecificationFactory.create method
2025-06-11 12:06:55.626  INFO 1 --- [           main] s.g.m.s.m.a.ScDefaultMonitorInterceptor  : Stop executing the springfox.documentation.schema.property.ModelSpecificationFactory.create method
2025-06-11 12:06:55.626  INFO 1 --- [           main] s.g.m.s.m.a.ScDefaultMonitorInterceptor  : Start executing the springfox.documentation.schema.property.ModelSpecificationFactory.create method
2025-06-11 12:06:55.627  INFO 1 --- [           main] s.g.m.s.m.a.ScDefaultMonitorInterceptor  : Stop executing the springfox.documentation.schema.property.ModelSpecificationFactory.create method
2025-06-11 12:06:55.627  INFO 1 --- [           main] s.g.m.s.m.a.ScDefaultMonitorInterceptor  : Start executing the springfox.documentation.schema.property.ModelSpecificationFactory.create method
2025-06-11 12:06:55.627  INFO 1 --- [           main] s.g.m.s.m.a.ScDefaultMonitorInterceptor  : Stop executing the springfox.documentation.schema.property.ModelSpecificationFactory.create method
2025-06-11 12:06:55.627  INFO 1 --- [           main] s.g.m.s.m.a.ScDefaultMonitorInterceptor  : Start executing the springfox.documentation.schema.property.ModelSpecificationFactory.create method
2025-06-11 12:06:55.627  INFO 1 --- [           main] s.g.m.s.m.a.ScDefaultMonitorInterceptor  : Stop executing the springfox.documentation.schema.property.ModelSpecificationFactory.create method
2025-06-11 12:06:55.627  INFO 1 --- [           main] s.g.m.s.m.a.ScDefaultMonitorInterceptor  : Start executing the springfox.documentation.schema.property.ModelSpecificationFactory.create method
2025-06-11 12:06:55.627  INFO 1 --- [           main] s.g.m.s.m.a.ScDefaultMonitorInterceptor  : Stop executing the springfox.documentation.schema.property.ModelSpecificationFactory.create method
2025-06-11 12:06:55.627  INFO 1 --- [           main] s.g.m.s.m.a.ScDefaultMonitorInterceptor  : Start executing the springfox.documentation.schema.property.ModelSpecificationFactory.create method
2025-06-11 12:06:55.627  INFO 1 --- [           main] s.g.m.s.m.a.ScDefaultMonitorInterceptor  : Stop executing the springfox.documentation.schema.property.ModelSpecificationFactory.create method
2025-06-11 12:06:55.628  INFO 1 --- [           main] s.g.m.s.m.a.ScDefaultMonitorInterceptor  : Start executing the springfox.documentation.schema.property.ModelSpecificationFactory.create method
2025-06-11 12:06:55.628  INFO 1 --- [           main] s.g.m.s.m.a.ScDefaultMonitorInterceptor  : Stop executing the springfox.documentation.schema.property.ModelSpecificationFactory.create method
2025-06-11 12:06:55.628  INFO 1 --- [           main] s.g.m.s.m.a.ScDefaultMonitorInterceptor  : Start executing the springfox.documentation.schema.property.ModelSpecificationFactory.create method
2025-06-11 12:06:55.628  INFO 1 --- [           main] s.g.m.s.m.a.ScDefaultMonitorInterceptor  : Stop executing the springfox.documentation.schema.property.ModelSpecificationFactory.create method
2025-06-11 12:06:55.628  INFO 1 --- [           main] s.g.m.s.m.a.ScDefaultMonitorInterceptor  : Start executing the springfox.documentation.schema.property.ModelSpecificationFactory.create method
2025-06-11 12:06:55.628  INFO 1 --- [           main] s.g.m.s.m.a.ScDefaultMonitorInterceptor  : Stop executing the springfox.documentation.schema.property.ModelSpecificationFactory.create method
2025-06-11 12:06:55.628  INFO 1 --- [           main] s.g.m.s.m.a.ScDefaultMonitorInterceptor  : Start executing the springfox.documentation.schema.property.ModelSpecificationFactory.create method
2025-06-11 12:06:55.628  INFO 1 --- [           main] s.g.m.s.m.a.ScDefaultMonitorInterceptor  : Stop executing the springfox.documentation.schema.property.ModelSpecificationFactory.create method
2025-06-11 12:06:55.628  INFO 1 --- [           main] s.g.m.s.m.a.ScDefaultMonitorInterceptor  : Start executing the springfox.documentation.schema.property.ModelSpecificationFactory.create method
2025-06-11 12:06:55.628  INFO 1 --- [           main] s.g.m.s.m.a.ScDefaultMonitorInterceptor  : Stop executing the springfox.documentation.schema.property.ModelSpecificationFactory.create method
2025-06-11 12:06:55.629  INFO 1 --- [           main] s.g.m.s.m.a.ScDefaultMonitorInterceptor  : Start executing the springfox.documentation.schema.property.ModelSpecificationFactory.create method
2025-06-11 12:06:55.629  INFO 1 --- [           main] s.g.m.s.m.a.ScDefaultMonitorInterceptor  : Stop executing the springfox.documentation.schema.property.ModelSpecificationFactory.create method
2025-06-11 12:06:55.636  INFO 1 --- [           main] s.g.m.s.m.a.ScDefaultMonitorInterceptor  : Start executing the springfox.documentation.schema.property.ModelSpecificationFactory.create method
2025-06-11 12:06:55.636  INFO 1 --- [           main] s.g.m.s.m.a.ScDefaultMonitorInterceptor  : Stop executing the springfox.documentation.schema.property.ModelSpecificationFactory.create method
2025-06-11 12:06:55.636  INFO 1 --- [           main] s.g.m.s.m.a.ScDefaultMonitorInterceptor  : Start executing the springfox.documentation.schema.property.ModelSpecificationFactory.create method
2025-06-11 12:06:55.636  INFO 1 --- [           main] s.g.m.s.m.a.ScDefaultMonitorInterceptor  : Stop executing the springfox.documentation.schema.property.ModelSpecificationFactory.create method
2025-06-11 12:06:55.636  INFO 1 --- [           main] s.g.m.s.m.a.ScDefaultMonitorInterceptor  : Start executing the springfox.documentation.schema.property.ModelSpecificationFactory.create method
2025-06-11 12:06:55.636  INFO 1 --- [           main] s.g.m.s.m.a.ScDefaultMonitorInterceptor  : Stop executing the springfox.documentation.schema.property.ModelSpecificationFactory.create method
2025-06-11 12:06:55.636  INFO 1 --- [           main] s.g.m.s.m.a.ScDefaultMonitorInterceptor  : Start executing the springfox.documentation.schema.property.ModelSpecificationFactory.create method
2025-06-11 12:06:55.636  INFO 1 --- [           main] s.g.m.s.m.a.ScDefaultMonitorInterceptor  : Stop executing the springfox.documentation.schema.property.ModelSpecificationFactory.create method
2025-06-11 12:06:55.636  INFO 1 --- [           main] s.g.m.s.m.a.ScDefaultMonitorInterceptor  : Start executing the springfox.documentation.schema.property.ModelSpecificationFactory.create method
2025-06-11 12:06:55.636  INFO 1 --- [           main] s.g.m.s.m.a.ScDefaultMonitorInterceptor  : Stop executing the springfox.documentation.schema.property.ModelSpecificationFactory.create method
2025-06-11 12:06:55.636  INFO 1 --- [           main] s.g.m.s.m.a.ScDefaultMonitorInterceptor  : Start executing the springfox.documentation.schema.property.ModelSpecificationFactory.create method
2025-06-11 12:06:55.636  INFO 1 --- [           main] s.g.m.s.m.a.ScDefaultMonitorInterceptor  : Stop executing the springfox.documentation.schema.property.ModelSpecificationFactory.create method
2025-06-11 12:06:55.636  INFO 1 --- [           main] s.g.m.s.m.a.ScDefaultMonitorInterceptor  : Start executing the springfox.documentation.schema.property.ModelSpecificationFactory.create method
2025-06-11 12:06:55.636  INFO 1 --- [           main] s.g.m.s.m.a.ScDefaultMonitorInterceptor  : Stop executing the springfox.documentation.schema.property.ModelSpecificationFactory.create method
2025-06-11 12:06:55.636  INFO 1 --- [           main] s.g.m.s.m.a.ScDefaultMonitorInterceptor  : Start executing the springfox.documentation.schema.property.ModelSpecificationFactory.create method
2025-06-11 12:06:55.636  INFO 1 --- [           main] s.g.m.s.m.a.ScDefaultMonitorInterceptor  : Stop executing the springfox.documentation.schema.property.ModelSpecificationFactory.create method
2025-06-11 12:06:55.637  INFO 1 --- [           main] s.g.m.s.m.a.ScDefaultMonitorInterceptor  : Start executing the springfox.documentation.schema.property.ModelSpecificationFactory.create method
2025-06-11 12:06:55.637  INFO 1 --- [           main] s.g.m.s.m.a.ScDefaultMonitorInterceptor  : Stop executing the springfox.documentation.schema.property.ModelSpecificationFactory.create method
2025-06-11 12:06:55.637  INFO 1 --- [           main] s.g.m.s.m.a.ScDefaultMonitorInterceptor  : Start executing the springfox.documentation.schema.property.ModelSpecificationFactory.create method
2025-06-11 12:06:55.637  INFO 1 --- [           main] s.g.m.s.m.a.ScDefaultMonitorInterceptor  : Stop executing the springfox.documentation.schema.property.ModelSpecificationFactory.create method
2025-06-11 12:06:55.637  INFO 1 --- [           main] s.g.m.s.m.a.ScDefaultMonitorInterceptor  : Start executing the springfox.documentation.schema.property.ModelSpecificationFactory.create method
2025-06-11 12:06:55.637  INFO 1 --- [           main] s.g.m.s.m.a.ScDefaultMonitorInterceptor  : Stop executing the springfox.documentation.schema.property.ModelSpecificationFactory.create method
2025-06-11 12:06:55.637  INFO 1 --- [           main] s.g.m.s.m.a.ScDefaultMonitorInterceptor  : Start executing the springfox.documentation.schema.property.ModelSpecificationFactory.create method
2025-06-11 12:06:55.637  INFO 1 --- [           main] s.g.m.s.m.a.ScDefaultMonitorInterceptor  : Stop executing the springfox.documentation.schema.property.ModelSpecificationFactory.create method
2025-06-11 12:06:55.637  INFO 1 --- [           main] s.g.m.s.m.a.ScDefaultMonitorInterceptor  : Start executing the springfox.documentation.schema.property.ModelSpecificationFactory.create method
2025-06-11 12:06:55.637  INFO 1 --- [           main] s.g.m.s.m.a.ScDefaultMonitorInterceptor  : Stop executing the springfox.documentation.schema.property.ModelSpecificationFactory.create method
2025-06-11 12:06:55.637  INFO 1 --- [           main] s.g.m.s.m.a.ScDefaultMonitorInterceptor  : Start executing the springfox.documentation.schema.property.ModelSpecificationFactory.create method
2025-06-11 12:06:55.637  INFO 1 --- [           main] s.g.m.s.m.a.ScDefaultMonitorInterceptor  : Stop executing the springfox.documentation.schema.property.ModelSpecificationFactory.create method
2025-06-11 12:06:55.639  INFO 1 --- [           main] s.g.m.s.m.a.ScDefaultMonitorInterceptor  : Start executing the springfox.documentation.schema.property.ModelSpecificationFactory.create method
2025-06-11 12:06:55.639  INFO 1 --- [           main] s.g.m.s.m.a.ScDefaultMonitorInterceptor  : Stop executing the springfox.documentation.schema.property.ModelSpecificationFactory.create method
2025-06-11 12:06:55.640  INFO 1 --- [           main] s.g.m.s.m.a.ScDefaultMonitorInterceptor  : Start executing the springfox.documentation.schema.property.ModelSpecificationFactory.create method
2025-06-11 12:06:55.640  INFO 1 --- [           main] s.g.m.s.m.a.ScDefaultMonitorInterceptor  : Stop executing the springfox.documentation.schema.property.ModelSpecificationFactory.create method
2025-06-11 12:06:55.640  INFO 1 --- [           main] s.g.m.s.m.a.ScDefaultMonitorInterceptor  : Start executing the springfox.documentation.schema.property.ModelSpecificationFactory.create method
2025-06-11 12:06:55.640  INFO 1 --- [           main] s.g.m.s.m.a.ScDefaultMonitorInterceptor  : Stop executing the springfox.documentation.schema.property.ModelSpecificationFactory.create method
2025-06-11 12:06:55.640  INFO 1 --- [           main] s.g.m.s.m.a.ScDefaultMonitorInterceptor  : Start executing the springfox.documentation.schema.property.ModelSpecificationFactory.create method
2025-06-11 12:06:55.640  INFO 1 --- [           main] s.g.m.s.m.a.ScDefaultMonitorInterceptor  : Stop executing the springfox.documentation.schema.property.ModelSpecificationFactory.create method
2025-06-11 12:06:55.640  INFO 1 --- [           main] s.g.m.s.m.a.ScDefaultMonitorInterceptor  : Start executing the springfox.documentation.schema.property.ModelSpecificationFactory.create method
2025-06-11 12:06:55.640  INFO 1 --- [           main] s.g.m.s.m.a.ScDefaultMonitorInterceptor  : Stop executing the springfox.documentation.schema.property.ModelSpecificationFactory.create method
2025-06-11 12:06:55.642  INFO 1 --- [           main] s.g.m.s.m.a.ScDefaultMonitorInterceptor  : Start executing the springfox.documentation.schema.property.ModelSpecificationFactory.create method
2025-06-11 12:06:55.642  INFO 1 --- [           main] s.g.m.s.m.a.ScDefaultMonitorInterceptor  : Stop executing the springfox.documentation.schema.property.ModelSpecificationFactory.create method
2025-06-11 12:06:55.642  INFO 1 --- [           main] s.g.m.s.m.a.ScDefaultMonitorInterceptor  : Start executing the springfox.documentation.schema.property.ModelSpecificationFactory.create method
2025-06-11 12:06:55.642  INFO 1 --- [           main] s.g.m.s.m.a.ScDefaultMonitorInterceptor  : Stop executing the springfox.documentation.schema.property.ModelSpecificationFactory.create method
2025-06-11 12:06:55.643  INFO 1 --- [           main] s.g.m.s.m.a.ScDefaultMonitorInterceptor  : Start executing the springfox.documentation.schema.property.ModelSpecificationFactory.create method
2025-06-11 12:06:55.643  INFO 1 --- [           main] s.g.m.s.m.a.ScDefaultMonitorInterceptor  : Stop executing the springfox.documentation.schema.property.ModelSpecificationFactory.create method
2025-06-11 12:06:55.643  INFO 1 --- [           main] s.g.m.s.m.a.ScDefaultMonitorInterceptor  : Start executing the springfox.documentation.schema.property.ModelSpecificationFactory.create method
2025-06-11 12:06:55.643  INFO 1 --- [           main] s.g.m.s.m.a.ScDefaultMonitorInterceptor  : Stop executing the springfox.documentation.schema.property.ModelSpecificationFactory.create method
2025-06-11 12:06:55.645  INFO 1 --- [           main] s.g.m.s.m.a.ScDefaultMonitorInterceptor  : Start executing the springfox.documentation.schema.property.ModelSpecificationFactory.create method
2025-06-11 12:06:55.645  INFO 1 --- [           main] s.g.m.s.m.a.ScDefaultMonitorInterceptor  : Stop executing the springfox.documentation.schema.property.ModelSpecificationFactory.create method
2025-06-11 12:06:55.646  INFO 1 --- [           main] s.g.m.s.m.a.ScDefaultMonitorInterceptor  : Start executing the springfox.documentation.schema.property.ModelSpecificationFactory.create method
2025-06-11 12:06:55.646  INFO 1 --- [           main] s.g.m.s.m.a.ScDefaultMonitorInterceptor  : Stop executing the springfox.documentation.schema.property.ModelSpecificationFactory.create method
2025-06-11 12:06:55.647  INFO 1 --- [           main] s.g.m.s.m.a.ScDefaultMonitorInterceptor  : Start executing the springfox.documentation.schema.property.ModelSpecificationFactory.create method
2025-06-11 12:06:55.647  INFO 1 --- [           main] s.g.m.s.m.a.ScDefaultMonitorInterceptor  : Stop executing the springfox.documentation.schema.property.ModelSpecificationFactory.create method
2025-06-11 12:06:55.650  INFO 1 --- [           main] s.g.m.s.m.a.ScDefaultMonitorInterceptor  : Start executing the springfox.documentation.schema.property.ModelSpecificationFactory.create method
2025-06-11 12:06:55.650  INFO 1 --- [           main] s.g.m.s.m.a.ScDefaultMonitorInterceptor  : Stop executing the springfox.documentation.schema.property.ModelSpecificationFactory.create method
2025-06-11 12:06:55.650  INFO 1 --- [           main] s.g.m.s.m.a.ScDefaultMonitorInterceptor  : Start executing the springfox.documentation.schema.property.ModelSpecificationFactory.create method
2025-06-11 12:06:55.650  INFO 1 --- [           main] s.g.m.s.m.a.ScDefaultMonitorInterceptor  : Stop executing the springfox.documentation.schema.property.ModelSpecificationFactory.create method
2025-06-11 12:06:55.650  INFO 1 --- [           main] s.g.m.s.m.a.ScDefaultMonitorInterceptor  : Start executing the springfox.documentation.schema.property.ModelSpecificationFactory.create method
2025-06-11 12:06:55.650  INFO 1 --- [           main] s.g.m.s.m.a.ScDefaultMonitorInterceptor  : Stop executing the springfox.documentation.schema.property.ModelSpecificationFactory.create method
2025-06-11 12:06:55.650  INFO 1 --- [           main] s.g.m.s.m.a.ScDefaultMonitorInterceptor  : Start executing the springfox.documentation.schema.property.ModelSpecificationFactory.create method
2025-06-11 12:06:55.650  INFO 1 --- [           main] s.g.m.s.m.a.ScDefaultMonitorInterceptor  : Stop executing the springfox.documentation.schema.property.ModelSpecificationFactory.create method
2025-06-11 12:06:55.650  INFO 1 --- [           main] s.g.m.s.m.a.ScDefaultMonitorInterceptor  : Start executing the springfox.documentation.schema.property.ModelSpecificationFactory.create method
2025-06-11 12:06:55.650  INFO 1 --- [           main] s.g.m.s.m.a.ScDefaultMonitorInterceptor  : Stop executing the springfox.documentation.schema.property.ModelSpecificationFactory.create method
2025-06-11 12:06:55.650  INFO 1 --- [           main] s.g.m.s.m.a.ScDefaultMonitorInterceptor  : Start executing the springfox.documentation.schema.property.ModelSpecificationFactory.create method
2025-06-11 12:06:55.650  INFO 1 --- [           main] s.g.m.s.m.a.ScDefaultMonitorInterceptor  : Stop executing the springfox.documentation.schema.property.ModelSpecificationFactory.create method
2025-06-11 12:06:55.651  INFO 1 --- [           main] s.g.m.s.m.a.ScDefaultMonitorInterceptor  : Start executing the springfox.documentation.schema.property.ModelSpecificationFactory.create method
2025-06-11 12:06:55.651  INFO 1 --- [           main] s.g.m.s.m.a.ScDefaultMonitorInterceptor  : Stop executing the springfox.documentation.schema.property.ModelSpecificationFactory.create method
2025-06-11 12:06:55.651  INFO 1 --- [           main] s.g.m.s.m.a.ScDefaultMonitorInterceptor  : Start executing the springfox.documentation.schema.property.ModelSpecificationFactory.create method
2025-06-11 12:06:55.651  INFO 1 --- [           main] s.g.m.s.m.a.ScDefaultMonitorInterceptor  : Stop executing the springfox.documentation.schema.property.ModelSpecificationFactory.create method
2025-06-11 12:06:55.651  INFO 1 --- [           main] s.g.m.s.m.a.ScDefaultMonitorInterceptor  : Start executing the springfox.documentation.schema.property.ModelSpecificationFactory.create method
2025-06-11 12:06:55.651  INFO 1 --- [           main] s.g.m.s.m.a.ScDefaultMonitorInterceptor  : Stop executing the springfox.documentation.schema.property.ModelSpecificationFactory.create method
2025-06-11 12:06:55.651  INFO 1 --- [           main] s.g.m.s.m.a.ScDefaultMonitorInterceptor  : Start executing the springfox.documentation.schema.property.ModelSpecificationFactory.create method
2025-06-11 12:06:55.651  INFO 1 --- [           main] s.g.m.s.m.a.ScDefaultMonitorInterceptor  : Stop executing the springfox.documentation.schema.property.ModelSpecificationFactory.create method
2025-06-11 12:06:55.651  INFO 1 --- [           main] s.g.m.s.m.a.ScDefaultMonitorInterceptor  : Start executing the springfox.documentation.schema.property.ModelSpecificationFactory.create method
2025-06-11 12:06:55.651  INFO 1 --- [           main] s.g.m.s.m.a.ScDefaultMonitorInterceptor  : Stop executing the springfox.documentation.schema.property.ModelSpecificationFactory.create method
2025-06-11 12:06:55.651  INFO 1 --- [           main] s.g.m.s.m.a.ScDefaultMonitorInterceptor  : Start executing the springfox.documentation.schema.property.ModelSpecificationFactory.create method
2025-06-11 12:06:55.651  INFO 1 --- [           main] s.g.m.s.m.a.ScDefaultMonitorInterceptor  : Stop executing the springfox.documentation.schema.property.ModelSpecificationFactory.create method
2025-06-11 12:06:55.651  INFO 1 --- [           main] s.g.m.s.m.a.ScDefaultMonitorInterceptor  : Start executing the springfox.documentation.schema.property.ModelSpecificationFactory.create method
2025-06-11 12:06:55.651  INFO 1 --- [           main] s.g.m.s.m.a.ScDefaultMonitorInterceptor  : Stop executing the springfox.documentation.schema.property.ModelSpecificationFactory.create method
2025-06-11 12:06:55.651  INFO 1 --- [           main] s.g.m.s.m.a.ScDefaultMonitorInterceptor  : Start executing the springfox.documentation.schema.property.ModelSpecificationFactory.create method
2025-06-11 12:06:55.651  INFO 1 --- [           main] s.g.m.s.m.a.ScDefaultMonitorInterceptor  : Stop executing the springfox.documentation.schema.property.ModelSpecificationFactory.create method
2025-06-11 12:06:55.651  INFO 1 --- [           main] s.g.m.s.m.a.ScDefaultMonitorInterceptor  : Start executing the springfox.documentation.schema.property.ModelSpecificationFactory.create method
2025-06-11 12:06:55.651  INFO 1 --- [           main] s.g.m.s.m.a.ScDefaultMonitorInterceptor  : Stop executing the springfox.documentation.schema.property.ModelSpecificationFactory.create method
2025-06-11 12:06:55.651  INFO 1 --- [           main] s.g.m.s.m.a.ScDefaultMonitorInterceptor  : Start executing the springfox.documentation.schema.property.ModelSpecificationFactory.create method
2025-06-11 12:06:55.651  INFO 1 --- [           main] s.g.m.s.m.a.ScDefaultMonitorInterceptor  : Stop executing the springfox.documentation.schema.property.ModelSpecificationFactory.create method
2025-06-11 12:06:55.652  INFO 1 --- [           main] s.g.m.s.m.a.ScDefaultMonitorInterceptor  : Start executing the springfox.documentation.schema.property.ModelSpecificationFactory.create method
2025-06-11 12:06:55.652  INFO 1 --- [           main] s.g.m.s.m.a.ScDefaultMonitorInterceptor  : Stop executing the springfox.documentation.schema.property.ModelSpecificationFactory.create method
2025-06-11 12:06:55.652  INFO 1 --- [           main] s.g.m.s.m.a.ScDefaultMonitorInterceptor  : Start executing the springfox.documentation.schema.property.ModelSpecificationFactory.create method
2025-06-11 12:06:55.652  INFO 1 --- [           main] s.g.m.s.m.a.ScDefaultMonitorInterceptor  : Stop executing the springfox.documentation.schema.property.ModelSpecificationFactory.create method
2025-06-11 12:06:55.652  INFO 1 --- [           main] s.g.m.s.m.a.ScDefaultMonitorInterceptor  : Start executing the springfox.documentation.schema.property.ModelSpecificationFactory.create method
2025-06-11 12:06:55.652  INFO 1 --- [           main] s.g.m.s.m.a.ScDefaultMonitorInterceptor  : Stop executing the springfox.documentation.schema.property.ModelSpecificationFactory.create method
2025-06-11 12:06:55.654  INFO 1 --- [           main] s.g.m.s.m.a.ScDefaultMonitorInterceptor  : Start executing the springfox.documentation.schema.property.ModelSpecificationFactory.create method
2025-06-11 12:06:55.654  INFO 1 --- [           main] s.g.m.s.m.a.ScDefaultMonitorInterceptor  : Stop executing the springfox.documentation.schema.property.ModelSpecificationFactory.create method
2025-06-11 12:06:55.654  INFO 1 --- [           main] s.g.m.s.m.a.ScDefaultMonitorInterceptor  : Start executing the springfox.documentation.schema.property.ModelSpecificationFactory.create method
2025-06-11 12:06:55.654  INFO 1 --- [           main] s.g.m.s.m.a.ScDefaultMonitorInterceptor  : Stop executing the springfox.documentation.schema.property.ModelSpecificationFactory.create method
2025-06-11 12:06:55.655  INFO 1 --- [           main] s.g.m.s.m.a.ScDefaultMonitorInterceptor  : Start executing the springfox.documentation.schema.property.ModelSpecificationFactory.create method
2025-06-11 12:06:55.656  INFO 1 --- [           main] s.g.m.s.m.a.ScDefaultMonitorInterceptor  : Stop executing the springfox.documentation.schema.property.ModelSpecificationFactory.create method
2025-06-11 12:06:55.656  INFO 1 --- [           main] s.g.m.s.m.a.ScDefaultMonitorInterceptor  : Start executing the springfox.documentation.schema.property.ModelSpecificationFactory.create method
2025-06-11 12:06:55.656  INFO 1 --- [           main] s.g.m.s.m.a.ScDefaultMonitorInterceptor  : Stop executing the springfox.documentation.schema.property.ModelSpecificationFactory.create method
2025-06-11 12:06:55.659  INFO 1 --- [           main] s.g.m.s.m.a.ScDefaultMonitorInterceptor  : Start executing the springfox.documentation.schema.property.ModelSpecificationFactory.create method
2025-06-11 12:06:55.660  INFO 1 --- [           main] s.g.m.s.m.a.ScDefaultMonitorInterceptor  : Stop executing the springfox.documentation.schema.property.ModelSpecificationFactory.create method
2025-06-11 12:06:55.660  INFO 1 --- [           main] s.g.m.s.m.a.ScDefaultMonitorInterceptor  : Start executing the springfox.documentation.schema.property.ModelSpecificationFactory.create method
2025-06-11 12:06:55.660  INFO 1 --- [           main] s.g.m.s.m.a.ScDefaultMonitorInterceptor  : Stop executing the springfox.documentation.schema.property.ModelSpecificationFactory.create method
2025-06-11 12:06:55.660  INFO 1 --- [           main] s.g.m.s.m.a.ScDefaultMonitorInterceptor  : Start executing the springfox.documentation.schema.property.ModelSpecificationFactory.create method
2025-06-11 12:06:55.660  INFO 1 --- [           main] s.g.m.s.m.a.ScDefaultMonitorInterceptor  : Stop executing the springfox.documentation.schema.property.ModelSpecificationFactory.create method
2025-06-11 12:06:55.660  INFO 1 --- [           main] s.g.m.s.m.a.ScDefaultMonitorInterceptor  : Start executing the springfox.documentation.schema.property.ModelSpecificationFactory.create method
2025-06-11 12:06:55.660  INFO 1 --- [           main] s.g.m.s.m.a.ScDefaultMonitorInterceptor  : Stop executing the springfox.documentation.schema.property.ModelSpecificationFactory.create method
2025-06-11 12:06:55.660  INFO 1 --- [           main] s.g.m.s.m.a.ScDefaultMonitorInterceptor  : Start executing the springfox.documentation.schema.property.ModelSpecificationFactory.create method
2025-06-11 12:06:55.660  INFO 1 --- [           main] s.g.m.s.m.a.ScDefaultMonitorInterceptor  : Stop executing the springfox.documentation.schema.property.ModelSpecificationFactory.create method
2025-06-11 12:06:55.660  INFO 1 --- [           main] s.g.m.s.m.a.ScDefaultMonitorInterceptor  : Start executing the springfox.documentation.schema.property.ModelSpecificationFactory.create method
2025-06-11 12:06:55.660  INFO 1 --- [           main] s.g.m.s.m.a.ScDefaultMonitorInterceptor  : Stop executing the springfox.documentation.schema.property.ModelSpecificationFactory.create method
2025-06-11 12:06:55.660  INFO 1 --- [           main] s.g.m.s.m.a.ScDefaultMonitorInterceptor  : Start executing the springfox.documentation.schema.property.ModelSpecificationFactory.create method
2025-06-11 12:06:55.660  INFO 1 --- [           main] s.g.m.s.m.a.ScDefaultMonitorInterceptor  : Stop executing the springfox.documentation.schema.property.ModelSpecificationFactory.create method
2025-06-11 12:06:55.660  INFO 1 --- [           main] s.g.m.s.m.a.ScDefaultMonitorInterceptor  : Start executing the springfox.documentation.schema.property.ModelSpecificationFactory.create method
2025-06-11 12:06:55.660  INFO 1 --- [           main] s.g.m.s.m.a.ScDefaultMonitorInterceptor  : Stop executing the springfox.documentation.schema.property.ModelSpecificationFactory.create method
2025-06-11 12:06:55.660  INFO 1 --- [           main] s.g.m.s.m.a.ScDefaultMonitorInterceptor  : Start executing the springfox.documentation.schema.property.ModelSpecificationFactory.create method
2025-06-11 12:06:55.661  INFO 1 --- [           main] s.g.m.s.m.a.ScDefaultMonitorInterceptor  : Stop executing the springfox.documentation.schema.property.ModelSpecificationFactory.create method
2025-06-11 12:06:55.661  INFO 1 --- [           main] s.g.m.s.m.a.ScDefaultMonitorInterceptor  : Start executing the springfox.documentation.schema.property.ModelSpecificationFactory.create method
2025-06-11 12:06:55.661  INFO 1 --- [           main] s.g.m.s.m.a.ScDefaultMonitorInterceptor  : Stop executing the springfox.documentation.schema.property.ModelSpecificationFactory.create method
2025-06-11 12:06:55.661  INFO 1 --- [           main] s.g.m.s.m.a.ScDefaultMonitorInterceptor  : Start executing the springfox.documentation.schema.property.ModelSpecificationFactory.create method
2025-06-11 12:06:55.661  INFO 1 --- [           main] s.g.m.s.m.a.ScDefaultMonitorInterceptor  : Stop executing the springfox.documentation.schema.property.ModelSpecificationFactory.create method
2025-06-11 12:06:55.661  INFO 1 --- [           main] s.g.m.s.m.a.ScDefaultMonitorInterceptor  : Start executing the springfox.documentation.schema.property.ModelSpecificationFactory.create method
2025-06-11 12:06:55.661  INFO 1 --- [           main] s.g.m.s.m.a.ScDefaultMonitorInterceptor  : Stop executing the springfox.documentation.schema.property.ModelSpecificationFactory.create method
2025-06-11 12:06:55.661  INFO 1 --- [           main] s.g.m.s.m.a.ScDefaultMonitorInterceptor  : Start executing the springfox.documentation.schema.property.ModelSpecificationFactory.create method
2025-06-11 12:06:55.661  INFO 1 --- [           main] s.g.m.s.m.a.ScDefaultMonitorInterceptor  : Stop executing the springfox.documentation.schema.property.ModelSpecificationFactory.create method
2025-06-11 12:06:55.661  INFO 1 --- [           main] s.g.m.s.m.a.ScDefaultMonitorInterceptor  : Start executing the springfox.documentation.schema.property.ModelSpecificationFactory.create method
2025-06-11 12:06:55.661  INFO 1 --- [           main] s.g.m.s.m.a.ScDefaultMonitorInterceptor  : Stop executing the springfox.documentation.schema.property.ModelSpecificationFactory.create method
2025-06-11 12:06:55.661  INFO 1 --- [           main] s.g.m.s.m.a.ScDefaultMonitorInterceptor  : Start executing the springfox.documentation.schema.property.ModelSpecificationFactory.create method
2025-06-11 12:06:55.661  INFO 1 --- [           main] s.g.m.s.m.a.ScDefaultMonitorInterceptor  : Stop executing the springfox.documentation.schema.property.ModelSpecificationFactory.create method
2025-06-11 12:06:55.661  INFO 1 --- [           main] s.g.m.s.m.a.ScDefaultMonitorInterceptor  : Start executing the springfox.documentation.schema.property.ModelSpecificationFactory.create method
2025-06-11 12:06:55.661  INFO 1 --- [           main] s.g.m.s.m.a.ScDefaultMonitorInterceptor  : Stop executing the springfox.documentation.schema.property.ModelSpecificationFactory.create method
2025-06-11 12:06:55.661  INFO 1 --- [           main] s.g.m.s.m.a.ScDefaultMonitorInterceptor  : Start executing the springfox.documentation.schema.property.ModelSpecificationFactory.create method
2025-06-11 12:06:55.661  INFO 1 --- [           main] s.g.m.s.m.a.ScDefaultMonitorInterceptor  : Stop executing the springfox.documentation.schema.property.ModelSpecificationFactory.create method
2025-06-11 12:06:55.661  INFO 1 --- [           main] s.g.m.s.m.a.ScDefaultMonitorInterceptor  : Start executing the springfox.documentation.schema.property.ModelSpecificationFactory.create method
2025-06-11 12:06:55.661  INFO 1 --- [           main] s.g.m.s.m.a.ScDefaultMonitorInterceptor  : Stop executing the springfox.documentation.schema.property.ModelSpecificationFactory.create method
2025-06-11 12:06:55.662  INFO 1 --- [           main] s.g.m.s.m.a.ScDefaultMonitorInterceptor  : Start executing the springfox.documentation.schema.property.ModelSpecificationFactory.create method
2025-06-11 12:06:55.662  INFO 1 --- [           main] s.g.m.s.m.a.ScDefaultMonitorInterceptor  : Stop executing the springfox.documentation.schema.property.ModelSpecificationFactory.create method
2025-06-11 12:06:55.662  INFO 1 --- [           main] s.g.m.s.m.a.ScDefaultMonitorInterceptor  : Start executing the springfox.documentation.schema.property.ModelSpecificationFactory.create method
2025-06-11 12:06:55.662  INFO 1 --- [           main] s.g.m.s.m.a.ScDefaultMonitorInterceptor  : Stop executing the springfox.documentation.schema.property.ModelSpecificationFactory.create method
2025-06-11 12:06:55.662  INFO 1 --- [           main] s.g.m.s.m.a.ScDefaultMonitorInterceptor  : Start executing the springfox.documentation.schema.property.ModelSpecificationFactory.create method
2025-06-11 12:06:55.662  INFO 1 --- [           main] s.g.m.s.m.a.ScDefaultMonitorInterceptor  : Stop executing the springfox.documentation.schema.property.ModelSpecificationFactory.create method
2025-06-11 12:06:55.662  INFO 1 --- [           main] s.g.m.s.m.a.ScDefaultMonitorInterceptor  : Start executing the springfox.documentation.schema.property.ModelSpecificationFactory.create method
2025-06-11 12:06:55.662  INFO 1 --- [           main] s.g.m.s.m.a.ScDefaultMonitorInterceptor  : Stop executing the springfox.documentation.schema.property.ModelSpecificationFactory.create method
2025-06-11 12:06:55.729  INFO 1 --- [           main] s.g.m.s.m.a.ScDefaultMonitorInterceptor  : Start executing the springfox.documentation.schema.property.ModelSpecificationFactory.create method
2025-06-11 12:06:55.729  INFO 1 --- [           main] s.g.m.s.m.a.ScDefaultMonitorInterceptor  : Stop executing the springfox.documentation.schema.property.ModelSpecificationFactory.create method
2025-06-11 12:06:55.730  INFO 1 --- [           main] s.g.m.s.m.a.ScDefaultMonitorInterceptor  : Start executing the springfox.documentation.schema.property.ModelSpecificationFactory.create method
2025-06-11 12:06:55.730  INFO 1 --- [           main] s.g.m.s.m.a.ScDefaultMonitorInterceptor  : Stop executing the springfox.documentation.schema.property.ModelSpecificationFactory.create method
2025-06-11 12:06:55.730  INFO 1 --- [           main] s.g.m.s.m.a.ScDefaultMonitorInterceptor  : Start executing the springfox.documentation.schema.property.ModelSpecificationFactory.create method
2025-06-11 12:06:55.730  INFO 1 --- [           main] s.g.m.s.m.a.ScDefaultMonitorInterceptor  : Stop executing the springfox.documentation.schema.property.ModelSpecificationFactory.create method
2025-06-11 12:06:55.730  INFO 1 --- [           main] s.g.m.s.m.a.ScDefaultMonitorInterceptor  : Start executing the springfox.documentation.schema.property.ModelSpecificationFactory.create method
2025-06-11 12:06:55.730  INFO 1 --- [           main] s.g.m.s.m.a.ScDefaultMonitorInterceptor  : Stop executing the springfox.documentation.schema.property.ModelSpecificationFactory.create method
2025-06-11 12:06:55.730  INFO 1 --- [           main] s.g.m.s.m.a.ScDefaultMonitorInterceptor  : Start executing the springfox.documentation.schema.property.ModelSpecificationFactory.create method
2025-06-11 12:06:55.730  INFO 1 --- [           main] s.g.m.s.m.a.ScDefaultMonitorInterceptor  : Stop executing the springfox.documentation.schema.property.ModelSpecificationFactory.create method
2025-06-11 12:06:55.730  INFO 1 --- [           main] s.g.m.s.m.a.ScDefaultMonitorInterceptor  : Start executing the springfox.documentation.schema.property.ModelSpecificationFactory.create method
2025-06-11 12:06:55.730  INFO 1 --- [           main] s.g.m.s.m.a.ScDefaultMonitorInterceptor  : Stop executing the springfox.documentation.schema.property.ModelSpecificationFactory.create method
2025-06-11 12:06:55.730  INFO 1 --- [           main] s.g.m.s.m.a.ScDefaultMonitorInterceptor  : Start executing the springfox.documentation.schema.property.ModelSpecificationFactory.create method
2025-06-11 12:06:55.730  INFO 1 --- [           main] s.g.m.s.m.a.ScDefaultMonitorInterceptor  : Stop executing the springfox.documentation.schema.property.ModelSpecificationFactory.create method
2025-06-11 12:06:55.730  INFO 1 --- [           main] s.g.m.s.m.a.ScDefaultMonitorInterceptor  : Start executing the springfox.documentation.schema.property.ModelSpecificationFactory.create method
2025-06-11 12:06:55.730  INFO 1 --- [           main] s.g.m.s.m.a.ScDefaultMonitorInterceptor  : Stop executing the springfox.documentation.schema.property.ModelSpecificationFactory.create method
2025-06-11 12:06:55.731  INFO 1 --- [           main] s.g.m.s.m.a.ScDefaultMonitorInterceptor  : Start executing the springfox.documentation.schema.property.ModelSpecificationFactory.create method
2025-06-11 12:06:55.731  INFO 1 --- [           main] s.g.m.s.m.a.ScDefaultMonitorInterceptor  : Stop executing the springfox.documentation.schema.property.ModelSpecificationFactory.create method
2025-06-11 12:06:55.731  INFO 1 --- [           main] s.g.m.s.m.a.ScDefaultMonitorInterceptor  : Start executing the springfox.documentation.schema.property.ModelSpecificationFactory.create method
2025-06-11 12:06:55.731  INFO 1 --- [           main] s.g.m.s.m.a.ScDefaultMonitorInterceptor  : Stop executing the springfox.documentation.schema.property.ModelSpecificationFactory.create method
2025-06-11 12:06:55.731  INFO 1 --- [           main] s.g.m.s.m.a.ScDefaultMonitorInterceptor  : Start executing the springfox.documentation.schema.property.ModelSpecificationFactory.create method
2025-06-11 12:06:55.731  INFO 1 --- [           main] s.g.m.s.m.a.ScDefaultMonitorInterceptor  : Stop executing the springfox.documentation.schema.property.ModelSpecificationFactory.create method
2025-06-11 12:06:55.731  INFO 1 --- [           main] s.g.m.s.m.a.ScDefaultMonitorInterceptor  : Start executing the springfox.documentation.schema.property.ModelSpecificationFactory.create method
2025-06-11 12:06:55.731  INFO 1 --- [           main] s.g.m.s.m.a.ScDefaultMonitorInterceptor  : Stop executing the springfox.documentation.schema.property.ModelSpecificationFactory.create method
2025-06-11 12:06:55.731  INFO 1 --- [           main] s.g.m.s.m.a.ScDefaultMonitorInterceptor  : Start executing the springfox.documentation.schema.property.ModelSpecificationFactory.create method
2025-06-11 12:06:55.731  INFO 1 --- [           main] s.g.m.s.m.a.ScDefaultMonitorInterceptor  : Stop executing the springfox.documentation.schema.property.ModelSpecificationFactory.create method
2025-06-11 12:06:55.731  INFO 1 --- [           main] s.g.m.s.m.a.ScDefaultMonitorInterceptor  : Start executing the springfox.documentation.schema.property.ModelSpecificationFactory.create method
2025-06-11 12:06:55.731  INFO 1 --- [           main] s.g.m.s.m.a.ScDefaultMonitorInterceptor  : Stop executing the springfox.documentation.schema.property.ModelSpecificationFactory.create method
2025-06-11 12:06:55.731  INFO 1 --- [           main] s.g.m.s.m.a.ScDefaultMonitorInterceptor  : Start executing the springfox.documentation.schema.property.ModelSpecificationFactory.create method
2025-06-11 12:06:55.731  INFO 1 --- [           main] s.g.m.s.m.a.ScDefaultMonitorInterceptor  : Stop executing the springfox.documentation.schema.property.ModelSpecificationFactory.create method
2025-06-11 12:06:55.731  INFO 1 --- [           main] s.g.m.s.m.a.ScDefaultMonitorInterceptor  : Start executing the springfox.documentation.schema.property.ModelSpecificationFactory.create method
2025-06-11 12:06:55.731  INFO 1 --- [           main] s.g.m.s.m.a.ScDefaultMonitorInterceptor  : Stop executing the springfox.documentation.schema.property.ModelSpecificationFactory.create method
2025-06-11 12:06:55.731  INFO 1 --- [           main] s.g.m.s.m.a.ScDefaultMonitorInterceptor  : Start executing the springfox.documentation.schema.property.ModelSpecificationFactory.create method
2025-06-11 12:06:55.731  INFO 1 --- [           main] s.g.m.s.m.a.ScDefaultMonitorInterceptor  : Stop executing the springfox.documentation.schema.property.ModelSpecificationFactory.create method
2025-06-11 12:06:55.731  INFO 1 --- [           main] s.g.m.s.m.a.ScDefaultMonitorInterceptor  : Start executing the springfox.documentation.schema.property.ModelSpecificationFactory.create method
2025-06-11 12:06:55.732  INFO 1 --- [           main] s.g.m.s.m.a.ScDefaultMonitorInterceptor  : Stop executing the springfox.documentation.schema.property.ModelSpecificationFactory.create method
2025-06-11 12:06:55.732  INFO 1 --- [           main] s.g.m.s.m.a.ScDefaultMonitorInterceptor  : Start executing the springfox.documentation.schema.property.ModelSpecificationFactory.create method
2025-06-11 12:06:55.732  INFO 1 --- [           main] s.g.m.s.m.a.ScDefaultMonitorInterceptor  : Stop executing the springfox.documentation.schema.property.ModelSpecificationFactory.create method
2025-06-11 12:06:55.732  INFO 1 --- [           main] s.g.m.s.m.a.ScDefaultMonitorInterceptor  : Start executing the springfox.documentation.schema.property.ModelSpecificationFactory.create method
2025-06-11 12:06:55.732  INFO 1 --- [           main] s.g.m.s.m.a.ScDefaultMonitorInterceptor  : Stop executing the springfox.documentation.schema.property.ModelSpecificationFactory.create method
2025-06-11 12:06:55.732  INFO 1 --- [           main] s.g.m.s.m.a.ScDefaultMonitorInterceptor  : Start executing the springfox.documentation.schema.property.ModelSpecificationFactory.create method
2025-06-11 12:06:55.732  INFO 1 --- [           main] s.g.m.s.m.a.ScDefaultMonitorInterceptor  : Stop executing the springfox.documentation.schema.property.ModelSpecificationFactory.create method
2025-06-11 12:06:55.732  INFO 1 --- [           main] s.g.m.s.m.a.ScDefaultMonitorInterceptor  : Start executing the springfox.documentation.schema.property.ModelSpecificationFactory.create method
2025-06-11 12:06:55.732  INFO 1 --- [           main] s.g.m.s.m.a.ScDefaultMonitorInterceptor  : Stop executing the springfox.documentation.schema.property.ModelSpecificationFactory.create method
2025-06-11 12:06:55.732  INFO 1 --- [           main] s.g.m.s.m.a.ScDefaultMonitorInterceptor  : Start executing the springfox.documentation.schema.property.ModelSpecificationFactory.create method
2025-06-11 12:06:55.732  INFO 1 --- [           main] s.g.m.s.m.a.ScDefaultMonitorInterceptor  : Stop executing the springfox.documentation.schema.property.ModelSpecificationFactory.create method
2025-06-11 12:06:55.732  INFO 1 --- [           main] s.g.m.s.m.a.ScDefaultMonitorInterceptor  : Start executing the springfox.documentation.schema.property.ModelSpecificationFactory.create method
2025-06-11 12:06:55.732  INFO 1 --- [           main] s.g.m.s.m.a.ScDefaultMonitorInterceptor  : Stop executing the springfox.documentation.schema.property.ModelSpecificationFactory.create method
2025-06-11 12:06:55.732  INFO 1 --- [           main] s.g.m.s.m.a.ScDefaultMonitorInterceptor  : Start executing the springfox.documentation.schema.property.ModelSpecificationFactory.create method
2025-06-11 12:06:55.732  INFO 1 --- [           main] s.g.m.s.m.a.ScDefaultMonitorInterceptor  : Stop executing the springfox.documentation.schema.property.ModelSpecificationFactory.create method
2025-06-11 12:06:55.732  INFO 1 --- [           main] s.g.m.s.m.a.ScDefaultMonitorInterceptor  : Start executing the springfox.documentation.schema.property.ModelSpecificationFactory.create method
2025-06-11 12:06:55.732  INFO 1 --- [           main] s.g.m.s.m.a.ScDefaultMonitorInterceptor  : Stop executing the springfox.documentation.schema.property.ModelSpecificationFactory.create method
2025-06-11 12:06:55.732  INFO 1 --- [           main] s.g.m.s.m.a.ScDefaultMonitorInterceptor  : Start executing the springfox.documentation.schema.property.ModelSpecificationFactory.create method
2025-06-11 12:06:55.732  INFO 1 --- [           main] s.g.m.s.m.a.ScDefaultMonitorInterceptor  : Stop executing the springfox.documentation.schema.property.ModelSpecificationFactory.create method
2025-06-11 12:06:55.732  INFO 1 --- [           main] s.g.m.s.m.a.ScDefaultMonitorInterceptor  : Start executing the springfox.documentation.schema.property.ModelSpecificationFactory.create method
2025-06-11 12:06:55.732  INFO 1 --- [           main] s.g.m.s.m.a.ScDefaultMonitorInterceptor  : Stop executing the springfox.documentation.schema.property.ModelSpecificationFactory.create method
2025-06-11 12:06:55.732  INFO 1 --- [           main] s.g.m.s.m.a.ScDefaultMonitorInterceptor  : Start executing the springfox.documentation.schema.property.ModelSpecificationFactory.create method
2025-06-11 12:06:55.732  INFO 1 --- [           main] s.g.m.s.m.a.ScDefaultMonitorInterceptor  : Stop executing the springfox.documentation.schema.property.ModelSpecificationFactory.create method
2025-06-11 12:06:55.732  INFO 1 --- [           main] s.g.m.s.m.a.ScDefaultMonitorInterceptor  : Start executing the springfox.documentation.schema.property.ModelSpecificationFactory.create method
2025-06-11 12:06:55.732  INFO 1 --- [           main] s.g.m.s.m.a.ScDefaultMonitorInterceptor  : Stop executing the springfox.documentation.schema.property.ModelSpecificationFactory.create method
2025-06-11 12:06:55.732  INFO 1 --- [           main] s.g.m.s.m.a.ScDefaultMonitorInterceptor  : Start executing the springfox.documentation.schema.property.ModelSpecificationFactory.create method
2025-06-11 12:06:55.733  INFO 1 --- [           main] s.g.m.s.m.a.ScDefaultMonitorInterceptor  : Stop executing the springfox.documentation.schema.property.ModelSpecificationFactory.create method
2025-06-11 12:06:55.733  INFO 1 --- [           main] s.g.m.s.m.a.ScDefaultMonitorInterceptor  : Start executing the springfox.documentation.schema.property.ModelSpecificationFactory.create method
2025-06-11 12:06:55.733  INFO 1 --- [           main] s.g.m.s.m.a.ScDefaultMonitorInterceptor  : Stop executing the springfox.documentation.schema.property.ModelSpecificationFactory.create method
2025-06-11 12:06:55.733  INFO 1 --- [           main] s.g.m.s.m.a.ScDefaultMonitorInterceptor  : Start executing the springfox.documentation.schema.property.ModelSpecificationFactory.create method
2025-06-11 12:06:55.733  INFO 1 --- [           main] s.g.m.s.m.a.ScDefaultMonitorInterceptor  : Stop executing the springfox.documentation.schema.property.ModelSpecificationFactory.create method
2025-06-11 12:06:55.733  INFO 1 --- [           main] s.g.m.s.m.a.ScDefaultMonitorInterceptor  : Start executing the springfox.documentation.schema.property.ModelSpecificationFactory.create method
2025-06-11 12:06:55.733  INFO 1 --- [           main] s.g.m.s.m.a.ScDefaultMonitorInterceptor  : Stop executing the springfox.documentation.schema.property.ModelSpecificationFactory.create method
2025-06-11 12:06:55.733  INFO 1 --- [           main] s.g.m.s.m.a.ScDefaultMonitorInterceptor  : Start executing the springfox.documentation.schema.property.ModelSpecificationFactory.create method
2025-06-11 12:06:55.733  INFO 1 --- [           main] s.g.m.s.m.a.ScDefaultMonitorInterceptor  : Stop executing the springfox.documentation.schema.property.ModelSpecificationFactory.create method
2025-06-11 12:06:55.733  INFO 1 --- [           main] s.g.m.s.m.a.ScDefaultMonitorInterceptor  : Start executing the springfox.documentation.schema.property.ModelSpecificationFactory.create method
2025-06-11 12:06:55.733  INFO 1 --- [           main] s.g.m.s.m.a.ScDefaultMonitorInterceptor  : Stop executing the springfox.documentation.schema.property.ModelSpecificationFactory.create method
2025-06-11 12:06:55.733  INFO 1 --- [           main] s.g.m.s.m.a.ScDefaultMonitorInterceptor  : Start executing the springfox.documentation.schema.property.ModelSpecificationFactory.create method
2025-06-11 12:06:55.733  INFO 1 --- [           main] s.g.m.s.m.a.ScDefaultMonitorInterceptor  : Stop executing the springfox.documentation.schema.property.ModelSpecificationFactory.create method
2025-06-11 12:06:55.733  INFO 1 --- [           main] s.g.m.s.m.a.ScDefaultMonitorInterceptor  : Start executing the springfox.documentation.schema.property.ModelSpecificationFactory.create method
2025-06-11 12:06:55.733  INFO 1 --- [           main] s.g.m.s.m.a.ScDefaultMonitorInterceptor  : Stop executing the springfox.documentation.schema.property.ModelSpecificationFactory.create method
2025-06-11 12:06:55.733  INFO 1 --- [           main] s.g.m.s.m.a.ScDefaultMonitorInterceptor  : Start executing the springfox.documentation.schema.property.ModelSpecificationFactory.create method
2025-06-11 12:06:55.733  INFO 1 --- [           main] s.g.m.s.m.a.ScDefaultMonitorInterceptor  : Stop executing the springfox.documentation.schema.property.ModelSpecificationFactory.create method
2025-06-11 12:06:55.733  INFO 1 --- [           main] s.g.m.s.m.a.ScDefaultMonitorInterceptor  : Start executing the springfox.documentation.schema.property.ModelSpecificationFactory.create method
2025-06-11 12:06:55.733  INFO 1 --- [           main] s.g.m.s.m.a.ScDefaultMonitorInterceptor  : Stop executing the springfox.documentation.schema.property.ModelSpecificationFactory.create method
2025-06-11 12:06:55.734  INFO 1 --- [           main] s.g.m.s.m.a.ScDefaultMonitorInterceptor  : Start executing the springfox.documentation.schema.property.ModelSpecificationFactory.create method
2025-06-11 12:06:55.734  INFO 1 --- [           main] s.g.m.s.m.a.ScDefaultMonitorInterceptor  : Stop executing the springfox.documentation.schema.property.ModelSpecificationFactory.create method
2025-06-11 12:06:55.734  INFO 1 --- [           main] s.g.m.s.m.a.ScDefaultMonitorInterceptor  : Start executing the springfox.documentation.schema.property.ModelSpecificationFactory.create method
2025-06-11 12:06:55.734  INFO 1 --- [           main] s.g.m.s.m.a.ScDefaultMonitorInterceptor  : Stop executing the springfox.documentation.schema.property.ModelSpecificationFactory.create method
2025-06-11 12:06:55.741  INFO 1 --- [           main] s.g.m.s.m.a.ScDefaultMonitorInterceptor  : Start executing the springfox.documentation.schema.property.ModelSpecificationFactory.create method
2025-06-11 12:06:55.741  INFO 1 --- [           main] s.g.m.s.m.a.ScDefaultMonitorInterceptor  : Stop executing the springfox.documentation.schema.property.ModelSpecificationFactory.create method
2025-06-11 12:06:55.741  INFO 1 --- [           main] s.g.m.s.m.a.ScDefaultMonitorInterceptor  : Start executing the springfox.documentation.schema.property.ModelSpecificationFactory.create method
2025-06-11 12:06:55.741  INFO 1 --- [           main] s.g.m.s.m.a.ScDefaultMonitorInterceptor  : Stop executing the springfox.documentation.schema.property.ModelSpecificationFactory.create method
2025-06-11 12:06:55.741  INFO 1 --- [           main] s.g.m.s.m.a.ScDefaultMonitorInterceptor  : Start executing the springfox.documentation.schema.property.ModelSpecificationFactory.create method
2025-06-11 12:06:55.741  INFO 1 --- [           main] s.g.m.s.m.a.ScDefaultMonitorInterceptor  : Stop executing the springfox.documentation.schema.property.ModelSpecificationFactory.create method
2025-06-11 12:06:55.741  INFO 1 --- [           main] s.g.m.s.m.a.ScDefaultMonitorInterceptor  : Start executing the springfox.documentation.schema.property.ModelSpecificationFactory.create method
2025-06-11 12:06:55.741  INFO 1 --- [           main] s.g.m.s.m.a.ScDefaultMonitorInterceptor  : Stop executing the springfox.documentation.schema.property.ModelSpecificationFactory.create method
2025-06-11 12:06:55.741  INFO 1 --- [           main] s.g.m.s.m.a.ScDefaultMonitorInterceptor  : Start executing the springfox.documentation.schema.property.ModelSpecificationFactory.create method
2025-06-11 12:06:55.741  INFO 1 --- [           main] s.g.m.s.m.a.ScDefaultMonitorInterceptor  : Stop executing the springfox.documentation.schema.property.ModelSpecificationFactory.create method
2025-06-11 12:06:55.741  INFO 1 --- [           main] s.g.m.s.m.a.ScDefaultMonitorInterceptor  : Start executing the springfox.documentation.schema.property.ModelSpecificationFactory.create method
2025-06-11 12:06:55.741  INFO 1 --- [           main] s.g.m.s.m.a.ScDefaultMonitorInterceptor  : Stop executing the springfox.documentation.schema.property.ModelSpecificationFactory.create method
2025-06-11 12:06:55.741  INFO 1 --- [           main] s.g.m.s.m.a.ScDefaultMonitorInterceptor  : Start executing the springfox.documentation.schema.property.ModelSpecificationFactory.create method
2025-06-11 12:06:55.741  INFO 1 --- [           main] s.g.m.s.m.a.ScDefaultMonitorInterceptor  : Stop executing the springfox.documentation.schema.property.ModelSpecificationFactory.create method
2025-06-11 12:06:55.741  INFO 1 --- [           main] s.g.m.s.m.a.ScDefaultMonitorInterceptor  : Start executing the springfox.documentation.schema.property.ModelSpecificationFactory.create method
2025-06-11 12:06:55.742  INFO 1 --- [           main] s.g.m.s.m.a.ScDefaultMonitorInterceptor  : Stop executing the springfox.documentation.schema.property.ModelSpecificationFactory.create method
2025-06-11 12:06:55.742  INFO 1 --- [           main] s.g.m.s.m.a.ScDefaultMonitorInterceptor  : Start executing the springfox.documentation.schema.property.ModelSpecificationFactory.create method
2025-06-11 12:06:55.742  INFO 1 --- [           main] s.g.m.s.m.a.ScDefaultMonitorInterceptor  : Stop executing the springfox.documentation.schema.property.ModelSpecificationFactory.create method
2025-06-11 12:06:55.742  INFO 1 --- [           main] s.g.m.s.m.a.ScDefaultMonitorInterceptor  : Start executing the springfox.documentation.schema.property.ModelSpecificationFactory.create method
2025-06-11 12:06:55.742  INFO 1 --- [           main] s.g.m.s.m.a.ScDefaultMonitorInterceptor  : Stop executing the springfox.documentation.schema.property.ModelSpecificationFactory.create method
2025-06-11 12:06:55.742  INFO 1 --- [           main] s.g.m.s.m.a.ScDefaultMonitorInterceptor  : Start executing the springfox.documentation.schema.property.ModelSpecificationFactory.create method
2025-06-11 12:06:55.742  INFO 1 --- [           main] s.g.m.s.m.a.ScDefaultMonitorInterceptor  : Stop executing the springfox.documentation.schema.property.ModelSpecificationFactory.create method
2025-06-11 12:06:55.742  INFO 1 --- [           main] s.g.m.s.m.a.ScDefaultMonitorInterceptor  : Start executing the springfox.documentation.schema.property.ModelSpecificationFactory.create method
2025-06-11 12:06:55.742  INFO 1 --- [           main] s.g.m.s.m.a.ScDefaultMonitorInterceptor  : Stop executing the springfox.documentation.schema.property.ModelSpecificationFactory.create method
2025-06-11 12:06:55.742  INFO 1 --- [           main] s.g.m.s.m.a.ScDefaultMonitorInterceptor  : Start executing the springfox.documentation.schema.property.ModelSpecificationFactory.create method
2025-06-11 12:06:55.742  INFO 1 --- [           main] s.g.m.s.m.a.ScDefaultMonitorInterceptor  : Stop executing the springfox.documentation.schema.property.ModelSpecificationFactory.create method
2025-06-11 12:06:55.742  INFO 1 --- [           main] s.g.m.s.m.a.ScDefaultMonitorInterceptor  : Start executing the springfox.documentation.schema.property.ModelSpecificationFactory.create method
2025-06-11 12:06:55.742  INFO 1 --- [           main] s.g.m.s.m.a.ScDefaultMonitorInterceptor  : Stop executing the springfox.documentation.schema.property.ModelSpecificationFactory.create method
2025-06-11 12:06:55.742  INFO 1 --- [           main] s.g.m.s.m.a.ScDefaultMonitorInterceptor  : Start executing the springfox.documentation.schema.property.ModelSpecificationFactory.create method
2025-06-11 12:06:55.742  INFO 1 --- [           main] s.g.m.s.m.a.ScDefaultMonitorInterceptor  : Stop executing the springfox.documentation.schema.property.ModelSpecificationFactory.create method
2025-06-11 12:06:55.742  INFO 1 --- [           main] s.g.m.s.m.a.ScDefaultMonitorInterceptor  : Start executing the springfox.documentation.schema.property.ModelSpecificationFactory.create method
2025-06-11 12:06:55.742  INFO 1 --- [           main] s.g.m.s.m.a.ScDefaultMonitorInterceptor  : Stop executing the springfox.documentation.schema.property.ModelSpecificationFactory.create method
2025-06-11 12:06:55.742  INFO 1 --- [           main] s.g.m.s.m.a.ScDefaultMonitorInterceptor  : Start executing the springfox.documentation.schema.property.ModelSpecificationFactory.create method
2025-06-11 12:06:55.742  INFO 1 --- [           main] s.g.m.s.m.a.ScDefaultMonitorInterceptor  : Stop executing the springfox.documentation.schema.property.ModelSpecificationFactory.create method
2025-06-11 12:06:55.742  INFO 1 --- [           main] s.g.m.s.m.a.ScDefaultMonitorInterceptor  : Start executing the springfox.documentation.schema.property.ModelSpecificationFactory.create method
2025-06-11 12:06:55.742  INFO 1 --- [           main] s.g.m.s.m.a.ScDefaultMonitorInterceptor  : Stop executing the springfox.documentation.schema.property.ModelSpecificationFactory.create method
2025-06-11 12:06:55.743  INFO 1 --- [           main] s.g.m.s.m.a.ScDefaultMonitorInterceptor  : Start executing the springfox.documentation.schema.property.ModelSpecificationFactory.create method
2025-06-11 12:06:55.743  INFO 1 --- [           main] s.g.m.s.m.a.ScDefaultMonitorInterceptor  : Stop executing the springfox.documentation.schema.property.ModelSpecificationFactory.create method
2025-06-11 12:06:55.743  INFO 1 --- [           main] s.g.m.s.m.a.ScDefaultMonitorInterceptor  : Start executing the springfox.documentation.schema.property.ModelSpecificationFactory.create method
2025-06-11 12:06:55.743  INFO 1 --- [           main] s.g.m.s.m.a.ScDefaultMonitorInterceptor  : Stop executing the springfox.documentation.schema.property.ModelSpecificationFactory.create method
2025-06-11 12:06:55.743  INFO 1 --- [           main] s.g.m.s.m.a.ScDefaultMonitorInterceptor  : Start executing the springfox.documentation.schema.property.ModelSpecificationFactory.create method
2025-06-11 12:06:55.743  INFO 1 --- [           main] s.g.m.s.m.a.ScDefaultMonitorInterceptor  : Stop executing the springfox.documentation.schema.property.ModelSpecificationFactory.create method
2025-06-11 12:06:55.743  INFO 1 --- [           main] s.g.m.s.m.a.ScDefaultMonitorInterceptor  : Start executing the springfox.documentation.schema.property.ModelSpecificationFactory.create method
2025-06-11 12:06:55.743  INFO 1 --- [           main] s.g.m.s.m.a.ScDefaultMonitorInterceptor  : Stop executing the springfox.documentation.schema.property.ModelSpecificationFactory.create method
2025-06-11 12:06:55.743  INFO 1 --- [           main] s.g.m.s.m.a.ScDefaultMonitorInterceptor  : Start executing the springfox.documentation.schema.property.ModelSpecificationFactory.create method
2025-06-11 12:06:55.743  INFO 1 --- [           main] s.g.m.s.m.a.ScDefaultMonitorInterceptor  : Stop executing the springfox.documentation.schema.property.ModelSpecificationFactory.create method
2025-06-11 12:06:55.743  INFO 1 --- [           main] s.g.m.s.m.a.ScDefaultMonitorInterceptor  : Start executing the springfox.documentation.schema.property.ModelSpecificationFactory.create method
2025-06-11 12:06:55.743  INFO 1 --- [           main] s.g.m.s.m.a.ScDefaultMonitorInterceptor  : Stop executing the springfox.documentation.schema.property.ModelSpecificationFactory.create method
2025-06-11 12:06:55.743  INFO 1 --- [           main] s.g.m.s.m.a.ScDefaultMonitorInterceptor  : Start executing the springfox.documentation.schema.property.ModelSpecificationFactory.create method
2025-06-11 12:06:55.743  INFO 1 --- [           main] s.g.m.s.m.a.ScDefaultMonitorInterceptor  : Stop executing the springfox.documentation.schema.property.ModelSpecificationFactory.create method
2025-06-11 12:06:55.743  INFO 1 --- [           main] s.g.m.s.m.a.ScDefaultMonitorInterceptor  : Start executing the springfox.documentation.schema.property.ModelSpecificationFactory.create method
2025-06-11 12:06:55.743  INFO 1 --- [           main] s.g.m.s.m.a.ScDefaultMonitorInterceptor  : Stop executing the springfox.documentation.schema.property.ModelSpecificationFactory.create method
2025-06-11 12:06:55.744  INFO 1 --- [           main] s.g.m.s.m.a.ScDefaultMonitorInterceptor  : Start executing the springfox.documentation.schema.property.ModelSpecificationFactory.create method
2025-06-11 12:06:55.744  INFO 1 --- [           main] s.g.m.s.m.a.ScDefaultMonitorInterceptor  : Stop executing the springfox.documentation.schema.property.ModelSpecificationFactory.create method
2025-06-11 12:06:55.744  INFO 1 --- [           main] s.g.m.s.m.a.ScDefaultMonitorInterceptor  : Start executing the springfox.documentation.schema.property.ModelSpecificationFactory.create method
2025-06-11 12:06:55.744  INFO 1 --- [           main] s.g.m.s.m.a.ScDefaultMonitorInterceptor  : Stop executing the springfox.documentation.schema.property.ModelSpecificationFactory.create method
2025-06-11 12:06:55.744  INFO 1 --- [           main] s.g.m.s.m.a.ScDefaultMonitorInterceptor  : Start executing the springfox.documentation.schema.property.ModelSpecificationFactory.create method
2025-06-11 12:06:55.744  INFO 1 --- [           main] s.g.m.s.m.a.ScDefaultMonitorInterceptor  : Stop executing the springfox.documentation.schema.property.ModelSpecificationFactory.create method
2025-06-11 12:06:55.744  INFO 1 --- [           main] s.g.m.s.m.a.ScDefaultMonitorInterceptor  : Start executing the springfox.documentation.schema.property.ModelSpecificationFactory.create method
2025-06-11 12:06:55.744  INFO 1 --- [           main] s.g.m.s.m.a.ScDefaultMonitorInterceptor  : Stop executing the springfox.documentation.schema.property.ModelSpecificationFactory.create method
2025-06-11 12:06:55.744  INFO 1 --- [           main] s.g.m.s.m.a.ScDefaultMonitorInterceptor  : Start executing the springfox.documentation.schema.property.ModelSpecificationFactory.create method
2025-06-11 12:06:55.744  INFO 1 --- [           main] s.g.m.s.m.a.ScDefaultMonitorInterceptor  : Stop executing the springfox.documentation.schema.property.ModelSpecificationFactory.create method
2025-06-11 12:06:55.744  INFO 1 --- [           main] s.g.m.s.m.a.ScDefaultMonitorInterceptor  : Start executing the springfox.documentation.schema.property.ModelSpecificationFactory.create method
2025-06-11 12:06:55.744  INFO 1 --- [           main] s.g.m.s.m.a.ScDefaultMonitorInterceptor  : Stop executing the springfox.documentation.schema.property.ModelSpecificationFactory.create method
2025-06-11 12:06:55.744  INFO 1 --- [           main] s.g.m.s.m.a.ScDefaultMonitorInterceptor  : Start executing the springfox.documentation.schema.property.ModelSpecificationFactory.create method
2025-06-11 12:06:55.744  INFO 1 --- [           main] s.g.m.s.m.a.ScDefaultMonitorInterceptor  : Stop executing the springfox.documentation.schema.property.ModelSpecificationFactory.create method
2025-06-11 12:06:55.744  INFO 1 --- [           main] s.g.m.s.m.a.ScDefaultMonitorInterceptor  : Start executing the springfox.documentation.schema.property.ModelSpecificationFactory.create method
2025-06-11 12:06:55.744  INFO 1 --- [           main] s.g.m.s.m.a.ScDefaultMonitorInterceptor  : Stop executing the springfox.documentation.schema.property.ModelSpecificationFactory.create method
2025-06-11 12:06:55.744  INFO 1 --- [           main] s.g.m.s.m.a.ScDefaultMonitorInterceptor  : Start executing the springfox.documentation.schema.property.ModelSpecificationFactory.create method
2025-06-11 12:06:55.744  INFO 1 --- [           main] s.g.m.s.m.a.ScDefaultMonitorInterceptor  : Stop executing the springfox.documentation.schema.property.ModelSpecificationFactory.create method
2025-06-11 12:06:55.745  INFO 1 --- [           main] s.g.m.s.m.a.ScDefaultMonitorInterceptor  : Start executing the springfox.documentation.schema.property.ModelSpecificationFactory.create method
2025-06-11 12:06:55.745  INFO 1 --- [           main] s.g.m.s.m.a.ScDefaultMonitorInterceptor  : Stop executing the springfox.documentation.schema.property.ModelSpecificationFactory.create method
2025-06-11 12:06:55.745  INFO 1 --- [           main] s.g.m.s.m.a.ScDefaultMonitorInterceptor  : Start executing the springfox.documentation.schema.property.ModelSpecificationFactory.create method
2025-06-11 12:06:55.745  INFO 1 --- [           main] s.g.m.s.m.a.ScDefaultMonitorInterceptor  : Stop executing the springfox.documentation.schema.property.ModelSpecificationFactory.create method
2025-06-11 12:06:55.745  INFO 1 --- [           main] s.g.m.s.m.a.ScDefaultMonitorInterceptor  : Start executing the springfox.documentation.schema.property.ModelSpecificationFactory.create method
2025-06-11 12:06:55.745  INFO 1 --- [           main] s.g.m.s.m.a.ScDefaultMonitorInterceptor  : Stop executing the springfox.documentation.schema.property.ModelSpecificationFactory.create method
2025-06-11 12:06:55.745  INFO 1 --- [           main] s.g.m.s.m.a.ScDefaultMonitorInterceptor  : Start executing the springfox.documentation.schema.property.ModelSpecificationFactory.create method
2025-06-11 12:06:55.745  INFO 1 --- [           main] s.g.m.s.m.a.ScDefaultMonitorInterceptor  : Stop executing the springfox.documentation.schema.property.ModelSpecificationFactory.create method
2025-06-11 12:06:55.745  INFO 1 --- [           main] s.g.m.s.m.a.ScDefaultMonitorInterceptor  : Start executing the springfox.documentation.schema.property.ModelSpecificationFactory.create method
2025-06-11 12:06:55.745  INFO 1 --- [           main] s.g.m.s.m.a.ScDefaultMonitorInterceptor  : Stop executing the springfox.documentation.schema.property.ModelSpecificationFactory.create method
2025-06-11 12:06:55.745  INFO 1 --- [           main] s.g.m.s.m.a.ScDefaultMonitorInterceptor  : Start executing the springfox.documentation.schema.property.ModelSpecificationFactory.create method
2025-06-11 12:06:55.745  INFO 1 --- [           main] s.g.m.s.m.a.ScDefaultMonitorInterceptor  : Stop executing the springfox.documentation.schema.property.ModelSpecificationFactory.create method
2025-06-11 12:06:55.745  INFO 1 --- [           main] s.g.m.s.m.a.ScDefaultMonitorInterceptor  : Start executing the springfox.documentation.schema.property.ModelSpecificationFactory.create method
2025-06-11 12:06:55.745  INFO 1 --- [           main] s.g.m.s.m.a.ScDefaultMonitorInterceptor  : Stop executing the springfox.documentation.schema.property.ModelSpecificationFactory.create method
2025-06-11 12:06:55.745  INFO 1 --- [           main] s.g.m.s.m.a.ScDefaultMonitorInterceptor  : Start executing the springfox.documentation.schema.property.ModelSpecificationFactory.create method
2025-06-11 12:06:55.745  INFO 1 --- [           main] s.g.m.s.m.a.ScDefaultMonitorInterceptor  : Stop executing the springfox.documentation.schema.property.ModelSpecificationFactory.create method
2025-06-11 12:06:55.745  INFO 1 --- [           main] s.g.m.s.m.a.ScDefaultMonitorInterceptor  : Start executing the springfox.documentation.schema.property.ModelSpecificationFactory.create method
2025-06-11 12:06:55.745  INFO 1 --- [           main] s.g.m.s.m.a.ScDefaultMonitorInterceptor  : Stop executing the springfox.documentation.schema.property.ModelSpecificationFactory.create method
2025-06-11 12:06:55.745  INFO 1 --- [           main] s.g.m.s.m.a.ScDefaultMonitorInterceptor  : Start executing the springfox.documentation.schema.property.ModelSpecificationFactory.create method
2025-06-11 12:06:55.745  INFO 1 --- [           main] s.g.m.s.m.a.ScDefaultMonitorInterceptor  : Stop executing the springfox.documentation.schema.property.ModelSpecificationFactory.create method
2025-06-11 12:06:55.745  INFO 1 --- [           main] s.g.m.s.m.a.ScDefaultMonitorInterceptor  : Start executing the springfox.documentation.schema.property.ModelSpecificationFactory.create method
2025-06-11 12:06:55.745  INFO 1 --- [           main] s.g.m.s.m.a.ScDefaultMonitorInterceptor  : Stop executing the springfox.documentation.schema.property.ModelSpecificationFactory.create method
2025-06-11 12:06:55.746  INFO 1 --- [           main] s.g.m.s.m.a.ScDefaultMonitorInterceptor  : Start executing the springfox.documentation.schema.property.ModelSpecificationFactory.create method
2025-06-11 12:06:55.746  INFO 1 --- [           main] s.g.m.s.m.a.ScDefaultMonitorInterceptor  : Stop executing the springfox.documentation.schema.property.ModelSpecificationFactory.create method
2025-06-11 12:06:55.746  INFO 1 --- [           main] s.g.m.s.m.a.ScDefaultMonitorInterceptor  : Start executing the springfox.documentation.schema.property.ModelSpecificationFactory.create method
2025-06-11 12:06:55.746  INFO 1 --- [           main] s.g.m.s.m.a.ScDefaultMonitorInterceptor  : Stop executing the springfox.documentation.schema.property.ModelSpecificationFactory.create method
2025-06-11 12:06:55.746  INFO 1 --- [           main] s.g.m.s.m.a.ScDefaultMonitorInterceptor  : Start executing the springfox.documentation.schema.property.ModelSpecificationFactory.create method
2025-06-11 12:06:55.746  INFO 1 --- [           main] s.g.m.s.m.a.ScDefaultMonitorInterceptor  : Stop executing the springfox.documentation.schema.property.ModelSpecificationFactory.create method
2025-06-11 12:06:55.746  INFO 1 --- [           main] s.g.m.s.m.a.ScDefaultMonitorInterceptor  : Start executing the springfox.documentation.schema.property.ModelSpecificationFactory.create method
2025-06-11 12:06:55.746  INFO 1 --- [           main] s.g.m.s.m.a.ScDefaultMonitorInterceptor  : Stop executing the springfox.documentation.schema.property.ModelSpecificationFactory.create method
2025-06-11 12:06:55.746  INFO 1 --- [           main] s.g.m.s.m.a.ScDefaultMonitorInterceptor  : Start executing the springfox.documentation.schema.property.ModelSpecificationFactory.create method
2025-06-11 12:06:55.746  INFO 1 --- [           main] s.g.m.s.m.a.ScDefaultMonitorInterceptor  : Stop executing the springfox.documentation.schema.property.ModelSpecificationFactory.create method
2025-06-11 12:06:55.746  INFO 1 --- [           main] s.g.m.s.m.a.ScDefaultMonitorInterceptor  : Start executing the springfox.documentation.schema.property.ModelSpecificationFactory.create method
2025-06-11 12:06:55.746  INFO 1 --- [           main] s.g.m.s.m.a.ScDefaultMonitorInterceptor  : Stop executing the springfox.documentation.schema.property.ModelSpecificationFactory.create method
2025-06-11 12:06:55.746  INFO 1 --- [           main] s.g.m.s.m.a.ScDefaultMonitorInterceptor  : Start executing the springfox.documentation.schema.property.ModelSpecificationFactory.create method
2025-06-11 12:06:55.746  INFO 1 --- [           main] s.g.m.s.m.a.ScDefaultMonitorInterceptor  : Stop executing the springfox.documentation.schema.property.ModelSpecificationFactory.create method
2025-06-11 12:06:55.746  INFO 1 --- [           main] s.g.m.s.m.a.ScDefaultMonitorInterceptor  : Start executing the springfox.documentation.schema.property.ModelSpecificationFactory.create method
2025-06-11 12:06:55.747  INFO 1 --- [           main] s.g.m.s.m.a.ScDefaultMonitorInterceptor  : Stop executing the springfox.documentation.schema.property.ModelSpecificationFactory.create method
2025-06-11 12:06:55.747  INFO 1 --- [           main] s.g.m.s.m.a.ScDefaultMonitorInterceptor  : Start executing the springfox.documentation.schema.property.ModelSpecificationFactory.create method
2025-06-11 12:06:55.747  INFO 1 --- [           main] s.g.m.s.m.a.ScDefaultMonitorInterceptor  : Stop executing the springfox.documentation.schema.property.ModelSpecificationFactory.create method
2025-06-11 12:06:55.750  INFO 1 --- [           main] s.g.m.s.m.a.ScDefaultMonitorInterceptor  : Start executing the springfox.documentation.schema.property.ModelSpecificationFactory.create method
2025-06-11 12:06:55.750  INFO 1 --- [           main] s.g.m.s.m.a.ScDefaultMonitorInterceptor  : Stop executing the springfox.documentation.schema.property.ModelSpecificationFactory.create method
2025-06-11 12:06:55.750  INFO 1 --- [           main] s.g.m.s.m.a.ScDefaultMonitorInterceptor  : Start executing the springfox.documentation.schema.property.ModelSpecificationFactory.create method
2025-06-11 12:06:55.750  INFO 1 --- [           main] s.g.m.s.m.a.ScDefaultMonitorInterceptor  : Stop executing the springfox.documentation.schema.property.ModelSpecificationFactory.create method
2025-06-11 12:06:55.750  INFO 1 --- [           main] s.g.m.s.m.a.ScDefaultMonitorInterceptor  : Start executing the springfox.documentation.schema.property.ModelSpecificationFactory.create method
2025-06-11 12:06:55.750  INFO 1 --- [           main] s.g.m.s.m.a.ScDefaultMonitorInterceptor  : Stop executing the springfox.documentation.schema.property.ModelSpecificationFactory.create method
2025-06-11 12:06:55.750  INFO 1 --- [           main] s.g.m.s.m.a.ScDefaultMonitorInterceptor  : Start executing the springfox.documentation.schema.property.ModelSpecificationFactory.create method
2025-06-11 12:06:55.750  INFO 1 --- [           main] s.g.m.s.m.a.ScDefaultMonitorInterceptor  : Stop executing the springfox.documentation.schema.property.ModelSpecificationFactory.create method
2025-06-11 12:06:55.750  INFO 1 --- [           main] s.g.m.s.m.a.ScDefaultMonitorInterceptor  : Start executing the springfox.documentation.schema.property.ModelSpecificationFactory.create method
2025-06-11 12:06:55.750  INFO 1 --- [           main] s.g.m.s.m.a.ScDefaultMonitorInterceptor  : Stop executing the springfox.documentation.schema.property.ModelSpecificationFactory.create method
2025-06-11 12:06:55.750  INFO 1 --- [           main] s.g.m.s.m.a.ScDefaultMonitorInterceptor  : Start executing the springfox.documentation.schema.property.ModelSpecificationFactory.create method
2025-06-11 12:06:55.750  INFO 1 --- [           main] s.g.m.s.m.a.ScDefaultMonitorInterceptor  : Stop executing the springfox.documentation.schema.property.ModelSpecificationFactory.create method
2025-06-11 12:06:55.751  INFO 1 --- [           main] s.g.m.s.m.a.ScDefaultMonitorInterceptor  : Start executing the springfox.documentation.schema.property.ModelSpecificationFactory.create method
2025-06-11 12:06:55.751  INFO 1 --- [           main] s.g.m.s.m.a.ScDefaultMonitorInterceptor  : Stop executing the springfox.documentation.schema.property.ModelSpecificationFactory.create method
2025-06-11 12:06:55.751  INFO 1 --- [           main] s.g.m.s.m.a.ScDefaultMonitorInterceptor  : Start executing the springfox.documentation.schema.property.ModelSpecificationFactory.create method
2025-06-11 12:06:55.751  INFO 1 --- [           main] s.g.m.s.m.a.ScDefaultMonitorInterceptor  : Stop executing the springfox.documentation.schema.property.ModelSpecificationFactory.create method
2025-06-11 12:06:55.751  INFO 1 --- [           main] s.g.m.s.m.a.ScDefaultMonitorInterceptor  : Start executing the springfox.documentation.schema.property.ModelSpecificationFactory.create method
2025-06-11 12:06:55.751  INFO 1 --- [           main] s.g.m.s.m.a.ScDefaultMonitorInterceptor  : Stop executing the springfox.documentation.schema.property.ModelSpecificationFactory.create method
2025-06-11 12:06:55.751  INFO 1 --- [           main] s.g.m.s.m.a.ScDefaultMonitorInterceptor  : Start executing the springfox.documentation.schema.property.ModelSpecificationFactory.create method
2025-06-11 12:06:55.751  INFO 1 --- [           main] s.g.m.s.m.a.ScDefaultMonitorInterceptor  : Stop executing the springfox.documentation.schema.property.ModelSpecificationFactory.create method
2025-06-11 12:06:55.751  INFO 1 --- [           main] s.g.m.s.m.a.ScDefaultMonitorInterceptor  : Start executing the springfox.documentation.schema.property.ModelSpecificationFactory.create method
2025-06-11 12:06:55.751  INFO 1 --- [           main] s.g.m.s.m.a.ScDefaultMonitorInterceptor  : Stop executing the springfox.documentation.schema.property.ModelSpecificationFactory.create method
2025-06-11 12:06:55.751  INFO 1 --- [           main] s.g.m.s.m.a.ScDefaultMonitorInterceptor  : Start executing the springfox.documentation.schema.property.ModelSpecificationFactory.create method
2025-06-11 12:06:55.751  INFO 1 --- [           main] s.g.m.s.m.a.ScDefaultMonitorInterceptor  : Stop executing the springfox.documentation.schema.property.ModelSpecificationFactory.create method
2025-06-11 12:06:55.751  INFO 1 --- [           main] s.g.m.s.m.a.ScDefaultMonitorInterceptor  : Start executing the springfox.documentation.schema.property.ModelSpecificationFactory.create method
2025-06-11 12:06:55.751  INFO 1 --- [           main] s.g.m.s.m.a.ScDefaultMonitorInterceptor  : Stop executing the springfox.documentation.schema.property.ModelSpecificationFactory.create method
2025-06-11 12:06:55.751  INFO 1 --- [           main] s.g.m.s.m.a.ScDefaultMonitorInterceptor  : Start executing the springfox.documentation.schema.property.ModelSpecificationFactory.create method
2025-06-11 12:06:55.751  INFO 1 --- [           main] s.g.m.s.m.a.ScDefaultMonitorInterceptor  : Stop executing the springfox.documentation.schema.property.ModelSpecificationFactory.create method
2025-06-11 12:06:55.751  INFO 1 --- [           main] s.g.m.s.m.a.ScDefaultMonitorInterceptor  : Start executing the springfox.documentation.schema.property.ModelSpecificationFactory.create method
2025-06-11 12:06:55.751  INFO 1 --- [           main] s.g.m.s.m.a.ScDefaultMonitorInterceptor  : Stop executing the springfox.documentation.schema.property.ModelSpecificationFactory.create method
2025-06-11 12:06:55.751  INFO 1 --- [           main] s.g.m.s.m.a.ScDefaultMonitorInterceptor  : Start executing the springfox.documentation.schema.property.ModelSpecificationFactory.create method
2025-06-11 12:06:55.751  INFO 1 --- [           main] s.g.m.s.m.a.ScDefaultMonitorInterceptor  : Stop executing the springfox.documentation.schema.property.ModelSpecificationFactory.create method
2025-06-11 12:06:55.751  INFO 1 --- [           main] s.g.m.s.m.a.ScDefaultMonitorInterceptor  : Start executing the springfox.documentation.schema.property.ModelSpecificationFactory.create method
2025-06-11 12:06:55.751  INFO 1 --- [           main] s.g.m.s.m.a.ScDefaultMonitorInterceptor  : Stop executing the springfox.documentation.schema.property.ModelSpecificationFactory.create method
2025-06-11 12:06:55.752  INFO 1 --- [           main] s.g.m.s.m.a.ScDefaultMonitorInterceptor  : Start executing the springfox.documentation.schema.property.ModelSpecificationFactory.create method
2025-06-11 12:06:55.752  INFO 1 --- [           main] s.g.m.s.m.a.ScDefaultMonitorInterceptor  : Stop executing the springfox.documentation.schema.property.ModelSpecificationFactory.create method
2025-06-11 12:06:55.752  INFO 1 --- [           main] s.g.m.s.m.a.ScDefaultMonitorInterceptor  : Start executing the springfox.documentation.schema.property.ModelSpecificationFactory.create method
2025-06-11 12:06:55.752  INFO 1 --- [           main] s.g.m.s.m.a.ScDefaultMonitorInterceptor  : Stop executing the springfox.documentation.schema.property.ModelSpecificationFactory.create method
2025-06-11 12:06:55.752  INFO 1 --- [           main] s.g.m.s.m.a.ScDefaultMonitorInterceptor  : Start executing the springfox.documentation.schema.property.ModelSpecificationFactory.create method
2025-06-11 12:06:55.752  INFO 1 --- [           main] s.g.m.s.m.a.ScDefaultMonitorInterceptor  : Stop executing the springfox.documentation.schema.property.ModelSpecificationFactory.create method
2025-06-11 12:06:55.752  INFO 1 --- [           main] s.g.m.s.m.a.ScDefaultMonitorInterceptor  : Start executing the springfox.documentation.schema.property.ModelSpecificationFactory.create method
2025-06-11 12:06:55.752  INFO 1 --- [           main] s.g.m.s.m.a.ScDefaultMonitorInterceptor  : Stop executing the springfox.documentation.schema.property.ModelSpecificationFactory.create method
2025-06-11 12:06:55.754  INFO 1 --- [           main] s.g.m.s.m.a.ScDefaultMonitorInterceptor  : Start executing the springfox.documentation.schema.property.ModelSpecificationFactory.create method
2025-06-11 12:06:55.754  INFO 1 --- [           main] s.g.m.s.m.a.ScDefaultMonitorInterceptor  : Stop executing the springfox.documentation.schema.property.ModelSpecificationFactory.create method
2025-06-11 12:06:55.754  INFO 1 --- [           main] s.g.m.s.m.a.ScDefaultMonitorInterceptor  : Start executing the springfox.documentation.schema.property.ModelSpecificationFactory.create method
2025-06-11 12:06:55.754  INFO 1 --- [           main] s.g.m.s.m.a.ScDefaultMonitorInterceptor  : Stop executing the springfox.documentation.schema.property.ModelSpecificationFactory.create method
2025-06-11 12:06:55.759  INFO 1 --- [           main] s.g.m.s.m.a.ScDefaultMonitorInterceptor  : Start executing the springfox.documentation.schema.property.ModelSpecificationFactory.create method
2025-06-11 12:06:55.759  INFO 1 --- [           main] s.g.m.s.m.a.ScDefaultMonitorInterceptor  : Stop executing the springfox.documentation.schema.property.ModelSpecificationFactory.create method
2025-06-11 12:06:55.760  INFO 1 --- [           main] s.g.m.s.m.a.ScDefaultMonitorInterceptor  : Start executing the springfox.documentation.schema.property.ModelSpecificationFactory.create method
2025-06-11 12:06:55.760  INFO 1 --- [           main] s.g.m.s.m.a.ScDefaultMonitorInterceptor  : Stop executing the springfox.documentation.schema.property.ModelSpecificationFactory.create method
2025-06-11 12:06:55.761  INFO 1 --- [           main] s.g.m.s.m.a.ScDefaultMonitorInterceptor  : Start executing the springfox.documentation.schema.property.ModelSpecificationFactory.create method
2025-06-11 12:06:55.761  INFO 1 --- [           main] s.g.m.s.m.a.ScDefaultMonitorInterceptor  : Stop executing the springfox.documentation.schema.property.ModelSpecificationFactory.create method
2025-06-11 12:06:55.762  INFO 1 --- [           main] s.g.m.s.m.a.ScDefaultMonitorInterceptor  : Start executing the springfox.documentation.schema.property.ModelSpecificationFactory.create method
2025-06-11 12:06:55.762  INFO 1 --- [           main] s.g.m.s.m.a.ScDefaultMonitorInterceptor  : Stop executing the springfox.documentation.schema.property.ModelSpecificationFactory.create method
2025-06-11 12:06:55.762  INFO 1 --- [           main] s.g.m.s.m.a.ScDefaultMonitorInterceptor  : Start executing the springfox.documentation.schema.property.ModelSpecificationFactory.create method
2025-06-11 12:06:55.762  INFO 1 --- [           main] s.g.m.s.m.a.ScDefaultMonitorInterceptor  : Stop executing the springfox.documentation.schema.property.ModelSpecificationFactory.create method
2025-06-11 12:06:55.762  INFO 1 --- [           main] s.g.m.s.m.a.ScDefaultMonitorInterceptor  : Start executing the springfox.documentation.schema.property.ModelSpecificationFactory.create method
2025-06-11 12:06:55.762  INFO 1 --- [           main] s.g.m.s.m.a.ScDefaultMonitorInterceptor  : Stop executing the springfox.documentation.schema.property.ModelSpecificationFactory.create method
2025-06-11 12:06:55.823  INFO 1 --- [           main] s.g.m.s.m.a.ScDefaultMonitorInterceptor  : Start executing the springfox.documentation.schema.property.ModelSpecificationFactory.create method
2025-06-11 12:06:55.824  INFO 1 --- [           main] s.g.m.s.m.a.ScDefaultMonitorInterceptor  : Stop executing the springfox.documentation.schema.property.ModelSpecificationFactory.create method
2025-06-11 12:06:55.824  INFO 1 --- [           main] s.g.m.s.m.a.ScDefaultMonitorInterceptor  : Start executing the springfox.documentation.schema.property.ModelSpecificationFactory.create method
2025-06-11 12:06:55.824  INFO 1 --- [           main] s.g.m.s.m.a.ScDefaultMonitorInterceptor  : Stop executing the springfox.documentation.schema.property.ModelSpecificationFactory.create method
2025-06-11 12:06:55.824  INFO 1 --- [           main] s.g.m.s.m.a.ScDefaultMonitorInterceptor  : Start executing the springfox.documentation.schema.property.ModelSpecificationFactory.create method
2025-06-11 12:06:55.824  INFO 1 --- [           main] s.g.m.s.m.a.ScDefaultMonitorInterceptor  : Stop executing the springfox.documentation.schema.property.ModelSpecificationFactory.create method
2025-06-11 12:06:55.824  INFO 1 --- [           main] s.g.m.s.m.a.ScDefaultMonitorInterceptor  : Start executing the springfox.documentation.schema.property.ModelSpecificationFactory.create method
2025-06-11 12:06:55.824  INFO 1 --- [           main] s.g.m.s.m.a.ScDefaultMonitorInterceptor  : Stop executing the springfox.documentation.schema.property.ModelSpecificationFactory.create method
[GC (Allocation Failure) [DefNew: 50834K->3024K(53568K), 0.0124562 secs] 154739K->107948K(172360K), 0.0124907 secs] [Times: user=0.01 sys=0.00, real=0.01 secs] 
2025-06-11 12:06:55.840  INFO 1 --- [           main] s.g.m.s.m.a.ScDefaultMonitorInterceptor  : Start executing the springfox.documentation.schema.property.ModelSpecificationFactory.create method
2025-06-11 12:06:55.840  INFO 1 --- [           main] s.g.m.s.m.a.ScDefaultMonitorInterceptor  : Stop executing the springfox.documentation.schema.property.ModelSpecificationFactory.create method
2025-06-11 12:06:55.840  INFO 1 --- [           main] s.g.m.s.m.a.ScDefaultMonitorInterceptor  : Start executing the springfox.documentation.schema.property.ModelSpecificationFactory.create method
2025-06-11 12:06:55.840  INFO 1 --- [           main] s.g.m.s.m.a.ScDefaultMonitorInterceptor  : Stop executing the springfox.documentation.schema.property.ModelSpecificationFactory.create method
2025-06-11 12:06:55.840  INFO 1 --- [           main] s.g.m.s.m.a.ScDefaultMonitorInterceptor  : Start executing the springfox.documentation.schema.property.ModelSpecificationFactory.create method
2025-06-11 12:06:55.840  INFO 1 --- [           main] s.g.m.s.m.a.ScDefaultMonitorInterceptor  : Stop executing the springfox.documentation.schema.property.ModelSpecificationFactory.create method
2025-06-11 12:06:55.840  INFO 1 --- [           main] s.g.m.s.m.a.ScDefaultMonitorInterceptor  : Start executing the springfox.documentation.schema.property.ModelSpecificationFactory.create method
2025-06-11 12:06:55.840  INFO 1 --- [           main] s.g.m.s.m.a.ScDefaultMonitorInterceptor  : Stop executing the springfox.documentation.schema.property.ModelSpecificationFactory.create method
2025-06-11 12:06:55.840  INFO 1 --- [           main] s.g.m.s.m.a.ScDefaultMonitorInterceptor  : Start executing the springfox.documentation.schema.property.ModelSpecificationFactory.create method
2025-06-11 12:06:55.840  INFO 1 --- [           main] s.g.m.s.m.a.ScDefaultMonitorInterceptor  : Stop executing the springfox.documentation.schema.property.ModelSpecificationFactory.create method
2025-06-11 12:06:55.840  INFO 1 --- [           main] s.g.m.s.m.a.ScDefaultMonitorInterceptor  : Start executing the springfox.documentation.schema.property.ModelSpecificationFactory.create method
2025-06-11 12:06:55.840  INFO 1 --- [           main] s.g.m.s.m.a.ScDefaultMonitorInterceptor  : Stop executing the springfox.documentation.schema.property.ModelSpecificationFactory.create method
2025-06-11 12:06:55.841  INFO 1 --- [           main] s.g.m.s.m.a.ScDefaultMonitorInterceptor  : Start executing the springfox.documentation.schema.property.ModelSpecificationFactory.create method
2025-06-11 12:06:55.841  INFO 1 --- [           main] s.g.m.s.m.a.ScDefaultMonitorInterceptor  : Stop executing the springfox.documentation.schema.property.ModelSpecificationFactory.create method
2025-06-11 12:06:55.841  INFO 1 --- [           main] s.g.m.s.m.a.ScDefaultMonitorInterceptor  : Start executing the springfox.documentation.schema.property.ModelSpecificationFactory.create method
2025-06-11 12:06:55.841  INFO 1 --- [           main] s.g.m.s.m.a.ScDefaultMonitorInterceptor  : Stop executing the springfox.documentation.schema.property.ModelSpecificationFactory.create method
2025-06-11 12:06:55.841  INFO 1 --- [           main] s.g.m.s.m.a.ScDefaultMonitorInterceptor  : Start executing the springfox.documentation.schema.property.ModelSpecificationFactory.create method
2025-06-11 12:06:55.841  INFO 1 --- [           main] s.g.m.s.m.a.ScDefaultMonitorInterceptor  : Stop executing the springfox.documentation.schema.property.ModelSpecificationFactory.create method
2025-06-11 12:06:55.841  INFO 1 --- [           main] s.g.m.s.m.a.ScDefaultMonitorInterceptor  : Start executing the springfox.documentation.schema.property.ModelSpecificationFactory.create method
2025-06-11 12:06:55.841  INFO 1 --- [           main] s.g.m.s.m.a.ScDefaultMonitorInterceptor  : Stop executing the springfox.documentation.schema.property.ModelSpecificationFactory.create method
2025-06-11 12:06:55.842  INFO 1 --- [           main] s.g.m.s.m.a.ScDefaultMonitorInterceptor  : Start executing the springfox.documentation.schema.property.ModelSpecificationFactory.create method
2025-06-11 12:06:55.842  INFO 1 --- [           main] s.g.m.s.m.a.ScDefaultMonitorInterceptor  : Stop executing the springfox.documentation.schema.property.ModelSpecificationFactory.create method
2025-06-11 12:06:55.842  INFO 1 --- [           main] s.g.m.s.m.a.ScDefaultMonitorInterceptor  : Start executing the springfox.documentation.schema.property.ModelSpecificationFactory.create method
2025-06-11 12:06:55.842  INFO 1 --- [           main] s.g.m.s.m.a.ScDefaultMonitorInterceptor  : Stop executing the springfox.documentation.schema.property.ModelSpecificationFactory.create method
2025-06-11 12:06:55.842  INFO 1 --- [           main] s.g.m.s.m.a.ScDefaultMonitorInterceptor  : Start executing the springfox.documentation.schema.property.ModelSpecificationFactory.create method
2025-06-11 12:06:55.842  INFO 1 --- [           main] s.g.m.s.m.a.ScDefaultMonitorInterceptor  : Stop executing the springfox.documentation.schema.property.ModelSpecificationFactory.create method
2025-06-11 12:06:55.845  INFO 1 --- [           main] s.g.m.s.m.a.ScDefaultMonitorInterceptor  : Start executing the springfox.documentation.schema.property.ModelSpecificationFactory.create method
2025-06-11 12:06:55.845  INFO 1 --- [           main] s.g.m.s.m.a.ScDefaultMonitorInterceptor  : Stop executing the springfox.documentation.schema.property.ModelSpecificationFactory.create method
2025-06-11 12:06:55.845  INFO 1 --- [           main] s.g.m.s.m.a.ScDefaultMonitorInterceptor  : Start executing the springfox.documentation.schema.property.ModelSpecificationFactory.create method
2025-06-11 12:06:55.845  INFO 1 --- [           main] s.g.m.s.m.a.ScDefaultMonitorInterceptor  : Stop executing the springfox.documentation.schema.property.ModelSpecificationFactory.create method
2025-06-11 12:06:55.845  INFO 1 --- [           main] s.g.m.s.m.a.ScDefaultMonitorInterceptor  : Start executing the springfox.documentation.schema.property.ModelSpecificationFactory.create method
2025-06-11 12:06:55.845  INFO 1 --- [           main] s.g.m.s.m.a.ScDefaultMonitorInterceptor  : Stop executing the springfox.documentation.schema.property.ModelSpecificationFactory.create method
2025-06-11 12:06:55.845  INFO 1 --- [           main] s.g.m.s.m.a.ScDefaultMonitorInterceptor  : Start executing the springfox.documentation.schema.property.ModelSpecificationFactory.create method
2025-06-11 12:06:55.845  INFO 1 --- [           main] s.g.m.s.m.a.ScDefaultMonitorInterceptor  : Stop executing the springfox.documentation.schema.property.ModelSpecificationFactory.create method
2025-06-11 12:06:55.845  INFO 1 --- [           main] s.g.m.s.m.a.ScDefaultMonitorInterceptor  : Start executing the springfox.documentation.schema.property.ModelSpecificationFactory.create method
2025-06-11 12:06:55.845  INFO 1 --- [           main] s.g.m.s.m.a.ScDefaultMonitorInterceptor  : Stop executing the springfox.documentation.schema.property.ModelSpecificationFactory.create method
2025-06-11 12:06:55.846  INFO 1 --- [           main] s.g.m.s.m.a.ScDefaultMonitorInterceptor  : Start executing the springfox.documentation.schema.property.ModelSpecificationFactory.create method
2025-06-11 12:06:55.846  INFO 1 --- [           main] s.g.m.s.m.a.ScDefaultMonitorInterceptor  : Stop executing the springfox.documentation.schema.property.ModelSpecificationFactory.create method
2025-06-11 12:06:55.846  INFO 1 --- [           main] s.g.m.s.m.a.ScDefaultMonitorInterceptor  : Start executing the springfox.documentation.schema.property.ModelSpecificationFactory.create method
2025-06-11 12:06:55.846  INFO 1 --- [           main] s.g.m.s.m.a.ScDefaultMonitorInterceptor  : Stop executing the springfox.documentation.schema.property.ModelSpecificationFactory.create method
2025-06-11 12:06:55.846  INFO 1 --- [           main] s.g.m.s.m.a.ScDefaultMonitorInterceptor  : Start executing the springfox.documentation.schema.property.ModelSpecificationFactory.create method
2025-06-11 12:06:55.846  INFO 1 --- [           main] s.g.m.s.m.a.ScDefaultMonitorInterceptor  : Stop executing the springfox.documentation.schema.property.ModelSpecificationFactory.create method
2025-06-11 12:06:55.846  INFO 1 --- [           main] s.g.m.s.m.a.ScDefaultMonitorInterceptor  : Start executing the springfox.documentation.schema.property.ModelSpecificationFactory.create method
2025-06-11 12:06:55.846  INFO 1 --- [           main] s.g.m.s.m.a.ScDefaultMonitorInterceptor  : Stop executing the springfox.documentation.schema.property.ModelSpecificationFactory.create method
2025-06-11 12:06:55.846  INFO 1 --- [           main] s.g.m.s.m.a.ScDefaultMonitorInterceptor  : Start executing the springfox.documentation.schema.property.ModelSpecificationFactory.create method
2025-06-11 12:06:55.846  INFO 1 --- [           main] s.g.m.s.m.a.ScDefaultMonitorInterceptor  : Stop executing the springfox.documentation.schema.property.ModelSpecificationFactory.create method
2025-06-11 12:06:55.846  INFO 1 --- [           main] s.g.m.s.m.a.ScDefaultMonitorInterceptor  : Start executing the springfox.documentation.schema.property.ModelSpecificationFactory.create method
2025-06-11 12:06:55.846  INFO 1 --- [           main] s.g.m.s.m.a.ScDefaultMonitorInterceptor  : Stop executing the springfox.documentation.schema.property.ModelSpecificationFactory.create method
2025-06-11 12:06:55.846  INFO 1 --- [           main] s.g.m.s.m.a.ScDefaultMonitorInterceptor  : Start executing the springfox.documentation.schema.property.ModelSpecificationFactory.create method
2025-06-11 12:06:55.846  INFO 1 --- [           main] s.g.m.s.m.a.ScDefaultMonitorInterceptor  : Stop executing the springfox.documentation.schema.property.ModelSpecificationFactory.create method
2025-06-11 12:06:55.846  INFO 1 --- [           main] s.g.m.s.m.a.ScDefaultMonitorInterceptor  : Start executing the springfox.documentation.schema.property.ModelSpecificationFactory.create method
2025-06-11 12:06:55.846  INFO 1 --- [           main] s.g.m.s.m.a.ScDefaultMonitorInterceptor  : Stop executing the springfox.documentation.schema.property.ModelSpecificationFactory.create method
2025-06-11 12:06:55.846  INFO 1 --- [           main] s.g.m.s.m.a.ScDefaultMonitorInterceptor  : Start executing the springfox.documentation.schema.property.ModelSpecificationFactory.create method
2025-06-11 12:06:55.847  INFO 1 --- [           main] s.g.m.s.m.a.ScDefaultMonitorInterceptor  : Stop executing the springfox.documentation.schema.property.ModelSpecificationFactory.create method
2025-06-11 12:06:55.847  INFO 1 --- [           main] s.g.m.s.m.a.ScDefaultMonitorInterceptor  : Start executing the springfox.documentation.schema.property.ModelSpecificationFactory.create method
2025-06-11 12:06:55.847  INFO 1 --- [           main] s.g.m.s.m.a.ScDefaultMonitorInterceptor  : Stop executing the springfox.documentation.schema.property.ModelSpecificationFactory.create method
2025-06-11 12:06:55.847  INFO 1 --- [           main] s.g.m.s.m.a.ScDefaultMonitorInterceptor  : Start executing the springfox.documentation.schema.property.ModelSpecificationFactory.create method
2025-06-11 12:06:55.847  INFO 1 --- [           main] s.g.m.s.m.a.ScDefaultMonitorInterceptor  : Stop executing the springfox.documentation.schema.property.ModelSpecificationFactory.create method
2025-06-11 12:06:55.854  INFO 1 --- [           main] s.g.m.s.m.a.ScDefaultMonitorInterceptor  : Start executing the springfox.documentation.schema.property.ModelSpecificationFactory.create method
2025-06-11 12:06:55.854  INFO 1 --- [           main] s.g.m.s.m.a.ScDefaultMonitorInterceptor  : Stop executing the springfox.documentation.schema.property.ModelSpecificationFactory.create method
2025-06-11 12:06:55.854  INFO 1 --- [           main] s.g.m.s.m.a.ScDefaultMonitorInterceptor  : Start executing the springfox.documentation.schema.property.ModelSpecificationFactory.create method
2025-06-11 12:06:55.854  INFO 1 --- [           main] s.g.m.s.m.a.ScDefaultMonitorInterceptor  : Stop executing the springfox.documentation.schema.property.ModelSpecificationFactory.create method
2025-06-11 12:06:55.854  INFO 1 --- [           main] s.g.m.s.m.a.ScDefaultMonitorInterceptor  : Start executing the springfox.documentation.schema.property.ModelSpecificationFactory.create method
2025-06-11 12:06:55.855  INFO 1 --- [           main] s.g.m.s.m.a.ScDefaultMonitorInterceptor  : Stop executing the springfox.documentation.schema.property.ModelSpecificationFactory.create method
2025-06-11 12:06:55.855  INFO 1 --- [           main] s.g.m.s.m.a.ScDefaultMonitorInterceptor  : Start executing the springfox.documentation.schema.property.ModelSpecificationFactory.create method
2025-06-11 12:06:55.855  INFO 1 --- [           main] s.g.m.s.m.a.ScDefaultMonitorInterceptor  : Stop executing the springfox.documentation.schema.property.ModelSpecificationFactory.create method
2025-06-11 12:06:55.855  INFO 1 --- [           main] s.g.m.s.m.a.ScDefaultMonitorInterceptor  : Start executing the springfox.documentation.schema.property.ModelSpecificationFactory.create method
2025-06-11 12:06:55.855  INFO 1 --- [           main] s.g.m.s.m.a.ScDefaultMonitorInterceptor  : Stop executing the springfox.documentation.schema.property.ModelSpecificationFactory.create method
2025-06-11 12:06:55.855  INFO 1 --- [           main] s.g.m.s.m.a.ScDefaultMonitorInterceptor  : Start executing the springfox.documentation.schema.property.ModelSpecificationFactory.create method
2025-06-11 12:06:55.855  INFO 1 --- [           main] s.g.m.s.m.a.ScDefaultMonitorInterceptor  : Stop executing the springfox.documentation.schema.property.ModelSpecificationFactory.create method
2025-06-11 12:06:55.855  INFO 1 --- [           main] s.g.m.s.m.a.ScDefaultMonitorInterceptor  : Start executing the springfox.documentation.schema.property.ModelSpecificationFactory.create method
2025-06-11 12:06:55.855  INFO 1 --- [           main] s.g.m.s.m.a.ScDefaultMonitorInterceptor  : Stop executing the springfox.documentation.schema.property.ModelSpecificationFactory.create method
2025-06-11 12:06:55.855  INFO 1 --- [           main] s.g.m.s.m.a.ScDefaultMonitorInterceptor  : Start executing the springfox.documentation.schema.property.ModelSpecificationFactory.create method
2025-06-11 12:06:55.855  INFO 1 --- [           main] s.g.m.s.m.a.ScDefaultMonitorInterceptor  : Stop executing the springfox.documentation.schema.property.ModelSpecificationFactory.create method
2025-06-11 12:06:55.855  INFO 1 --- [           main] s.g.m.s.m.a.ScDefaultMonitorInterceptor  : Start executing the springfox.documentation.schema.property.ModelSpecificationFactory.create method
2025-06-11 12:06:55.855  INFO 1 --- [           main] s.g.m.s.m.a.ScDefaultMonitorInterceptor  : Stop executing the springfox.documentation.schema.property.ModelSpecificationFactory.create method
2025-06-11 12:06:55.856  INFO 1 --- [           main] s.g.m.s.m.a.ScDefaultMonitorInterceptor  : Start executing the springfox.documentation.schema.property.ModelSpecificationFactory.create method
2025-06-11 12:06:55.856  INFO 1 --- [           main] s.g.m.s.m.a.ScDefaultMonitorInterceptor  : Stop executing the springfox.documentation.schema.property.ModelSpecificationFactory.create method
2025-06-11 12:06:55.856  INFO 1 --- [           main] s.g.m.s.m.a.ScDefaultMonitorInterceptor  : Start executing the springfox.documentation.schema.property.ModelSpecificationFactory.create method
2025-06-11 12:06:55.856  INFO 1 --- [           main] s.g.m.s.m.a.ScDefaultMonitorInterceptor  : Stop executing the springfox.documentation.schema.property.ModelSpecificationFactory.create method
2025-06-11 12:06:55.856  INFO 1 --- [           main] s.g.m.s.m.a.ScDefaultMonitorInterceptor  : Start executing the springfox.documentation.schema.property.ModelSpecificationFactory.create method
2025-06-11 12:06:55.856  INFO 1 --- [           main] s.g.m.s.m.a.ScDefaultMonitorInterceptor  : Stop executing the springfox.documentation.schema.property.ModelSpecificationFactory.create method
2025-06-11 12:06:55.856  INFO 1 --- [           main] s.g.m.s.m.a.ScDefaultMonitorInterceptor  : Start executing the springfox.documentation.schema.property.ModelSpecificationFactory.create method
2025-06-11 12:06:55.856  INFO 1 --- [           main] s.g.m.s.m.a.ScDefaultMonitorInterceptor  : Stop executing the springfox.documentation.schema.property.ModelSpecificationFactory.create method
2025-06-11 12:06:55.856  INFO 1 --- [           main] s.g.m.s.m.a.ScDefaultMonitorInterceptor  : Start executing the springfox.documentation.schema.property.ModelSpecificationFactory.create method
2025-06-11 12:06:55.856  INFO 1 --- [           main] s.g.m.s.m.a.ScDefaultMonitorInterceptor  : Stop executing the springfox.documentation.schema.property.ModelSpecificationFactory.create method
2025-06-11 12:06:55.856  INFO 1 --- [           main] s.g.m.s.m.a.ScDefaultMonitorInterceptor  : Start executing the springfox.documentation.schema.property.ModelSpecificationFactory.create method
2025-06-11 12:06:55.856  INFO 1 --- [           main] s.g.m.s.m.a.ScDefaultMonitorInterceptor  : Stop executing the springfox.documentation.schema.property.ModelSpecificationFactory.create method
2025-06-11 12:06:55.856  INFO 1 --- [           main] s.g.m.s.m.a.ScDefaultMonitorInterceptor  : Start executing the springfox.documentation.schema.property.ModelSpecificationFactory.create method
2025-06-11 12:06:55.856  INFO 1 --- [           main] s.g.m.s.m.a.ScDefaultMonitorInterceptor  : Stop executing the springfox.documentation.schema.property.ModelSpecificationFactory.create method
2025-06-11 12:06:55.856  INFO 1 --- [           main] s.g.m.s.m.a.ScDefaultMonitorInterceptor  : Start executing the springfox.documentation.schema.property.ModelSpecificationFactory.create method
2025-06-11 12:06:55.856  INFO 1 --- [           main] s.g.m.s.m.a.ScDefaultMonitorInterceptor  : Stop executing the springfox.documentation.schema.property.ModelSpecificationFactory.create method
2025-06-11 12:06:55.856  INFO 1 --- [           main] s.g.m.s.m.a.ScDefaultMonitorInterceptor  : Start executing the springfox.documentation.schema.property.ModelSpecificationFactory.create method
2025-06-11 12:06:55.856  INFO 1 --- [           main] s.g.m.s.m.a.ScDefaultMonitorInterceptor  : Stop executing the springfox.documentation.schema.property.ModelSpecificationFactory.create method
2025-06-11 12:06:55.857  INFO 1 --- [           main] s.g.m.s.m.a.ScDefaultMonitorInterceptor  : Start executing the springfox.documentation.schema.property.ModelSpecificationFactory.create method
2025-06-11 12:06:55.857  INFO 1 --- [           main] s.g.m.s.m.a.ScDefaultMonitorInterceptor  : Stop executing the springfox.documentation.schema.property.ModelSpecificationFactory.create method
2025-06-11 12:06:55.857  INFO 1 --- [           main] s.g.m.s.m.a.ScDefaultMonitorInterceptor  : Start executing the springfox.documentation.schema.property.ModelSpecificationFactory.create method
2025-06-11 12:06:55.857  INFO 1 --- [           main] s.g.m.s.m.a.ScDefaultMonitorInterceptor  : Stop executing the springfox.documentation.schema.property.ModelSpecificationFactory.create method
2025-06-11 12:06:55.857  INFO 1 --- [           main] s.g.m.s.m.a.ScDefaultMonitorInterceptor  : Start executing the springfox.documentation.schema.property.ModelSpecificationFactory.create method
2025-06-11 12:06:55.857  INFO 1 --- [           main] s.g.m.s.m.a.ScDefaultMonitorInterceptor  : Stop executing the springfox.documentation.schema.property.ModelSpecificationFactory.create method
2025-06-11 12:06:55.857  INFO 1 --- [           main] s.g.m.s.m.a.ScDefaultMonitorInterceptor  : Start executing the springfox.documentation.schema.property.ModelSpecificationFactory.create method
2025-06-11 12:06:55.857  INFO 1 --- [           main] s.g.m.s.m.a.ScDefaultMonitorInterceptor  : Stop executing the springfox.documentation.schema.property.ModelSpecificationFactory.create method
2025-06-11 12:06:55.857  INFO 1 --- [           main] s.g.m.s.m.a.ScDefaultMonitorInterceptor  : Start executing the springfox.documentation.schema.property.ModelSpecificationFactory.create method
2025-06-11 12:06:55.857  INFO 1 --- [           main] s.g.m.s.m.a.ScDefaultMonitorInterceptor  : Stop executing the springfox.documentation.schema.property.ModelSpecificationFactory.create method
2025-06-11 12:06:55.857  INFO 1 --- [           main] s.g.m.s.m.a.ScDefaultMonitorInterceptor  : Start executing the springfox.documentation.schema.property.ModelSpecificationFactory.create method
2025-06-11 12:06:55.857  INFO 1 --- [           main] s.g.m.s.m.a.ScDefaultMonitorInterceptor  : Stop executing the springfox.documentation.schema.property.ModelSpecificationFactory.create method
2025-06-11 12:06:55.857  INFO 1 --- [           main] s.g.m.s.m.a.ScDefaultMonitorInterceptor  : Start executing the springfox.documentation.schema.property.ModelSpecificationFactory.create method
2025-06-11 12:06:55.857  INFO 1 --- [           main] s.g.m.s.m.a.ScDefaultMonitorInterceptor  : Stop executing the springfox.documentation.schema.property.ModelSpecificationFactory.create method
2025-06-11 12:06:55.857  INFO 1 --- [           main] s.g.m.s.m.a.ScDefaultMonitorInterceptor  : Start executing the springfox.documentation.schema.property.ModelSpecificationFactory.create method
2025-06-11 12:06:55.857  INFO 1 --- [           main] s.g.m.s.m.a.ScDefaultMonitorInterceptor  : Stop executing the springfox.documentation.schema.property.ModelSpecificationFactory.create method
2025-06-11 12:06:55.857  INFO 1 --- [           main] s.g.m.s.m.a.ScDefaultMonitorInterceptor  : Start executing the springfox.documentation.schema.property.ModelSpecificationFactory.create method
2025-06-11 12:06:55.857  INFO 1 --- [           main] s.g.m.s.m.a.ScDefaultMonitorInterceptor  : Stop executing the springfox.documentation.schema.property.ModelSpecificationFactory.create method
2025-06-11 12:06:55.858  INFO 1 --- [           main] s.g.m.s.m.a.ScDefaultMonitorInterceptor  : Start executing the springfox.documentation.schema.property.ModelSpecificationFactory.create method
2025-06-11 12:06:55.858  INFO 1 --- [           main] s.g.m.s.m.a.ScDefaultMonitorInterceptor  : Stop executing the springfox.documentation.schema.property.ModelSpecificationFactory.create method
2025-06-11 12:06:55.858  INFO 1 --- [           main] s.g.m.s.m.a.ScDefaultMonitorInterceptor  : Start executing the springfox.documentation.schema.property.ModelSpecificationFactory.create method
2025-06-11 12:06:55.858  INFO 1 --- [           main] s.g.m.s.m.a.ScDefaultMonitorInterceptor  : Stop executing the springfox.documentation.schema.property.ModelSpecificationFactory.create method
2025-06-11 12:06:55.858  INFO 1 --- [           main] s.g.m.s.m.a.ScDefaultMonitorInterceptor  : Start executing the springfox.documentation.schema.property.ModelSpecificationFactory.create method
2025-06-11 12:06:55.858  INFO 1 --- [           main] s.g.m.s.m.a.ScDefaultMonitorInterceptor  : Stop executing the springfox.documentation.schema.property.ModelSpecificationFactory.create method
2025-06-11 12:06:55.858  INFO 1 --- [           main] s.g.m.s.m.a.ScDefaultMonitorInterceptor  : Start executing the springfox.documentation.schema.property.ModelSpecificationFactory.create method
2025-06-11 12:06:55.858  INFO 1 --- [           main] s.g.m.s.m.a.ScDefaultMonitorInterceptor  : Stop executing the springfox.documentation.schema.property.ModelSpecificationFactory.create method
2025-06-11 12:06:55.858  INFO 1 --- [           main] s.g.m.s.m.a.ScDefaultMonitorInterceptor  : Start executing the springfox.documentation.schema.property.ModelSpecificationFactory.create method
2025-06-11 12:06:55.858  INFO 1 --- [           main] s.g.m.s.m.a.ScDefaultMonitorInterceptor  : Stop executing the springfox.documentation.schema.property.ModelSpecificationFactory.create method
2025-06-11 12:06:55.858  INFO 1 --- [           main] s.g.m.s.m.a.ScDefaultMonitorInterceptor  : Start executing the springfox.documentation.schema.property.ModelSpecificationFactory.create method
2025-06-11 12:06:55.858  INFO 1 --- [           main] s.g.m.s.m.a.ScDefaultMonitorInterceptor  : Stop executing the springfox.documentation.schema.property.ModelSpecificationFactory.create method
2025-06-11 12:06:55.858  INFO 1 --- [           main] s.g.m.s.m.a.ScDefaultMonitorInterceptor  : Start executing the springfox.documentation.schema.property.ModelSpecificationFactory.create method
2025-06-11 12:06:55.858  INFO 1 --- [           main] s.g.m.s.m.a.ScDefaultMonitorInterceptor  : Stop executing the springfox.documentation.schema.property.ModelSpecificationFactory.create method
2025-06-11 12:06:55.858  INFO 1 --- [           main] s.g.m.s.m.a.ScDefaultMonitorInterceptor  : Start executing the springfox.documentation.schema.property.ModelSpecificationFactory.create method
2025-06-11 12:06:55.858  INFO 1 --- [           main] s.g.m.s.m.a.ScDefaultMonitorInterceptor  : Stop executing the springfox.documentation.schema.property.ModelSpecificationFactory.create method
2025-06-11 12:06:55.858  INFO 1 --- [           main] s.g.m.s.m.a.ScDefaultMonitorInterceptor  : Start executing the springfox.documentation.schema.property.ModelSpecificationFactory.create method
2025-06-11 12:06:55.858  INFO 1 --- [           main] s.g.m.s.m.a.ScDefaultMonitorInterceptor  : Stop executing the springfox.documentation.schema.property.ModelSpecificationFactory.create method
2025-06-11 12:06:55.858  INFO 1 --- [           main] s.g.m.s.m.a.ScDefaultMonitorInterceptor  : Start executing the springfox.documentation.schema.property.ModelSpecificationFactory.create method
2025-06-11 12:06:55.858  INFO 1 --- [           main] s.g.m.s.m.a.ScDefaultMonitorInterceptor  : Stop executing the springfox.documentation.schema.property.ModelSpecificationFactory.create method
2025-06-11 12:06:55.859  INFO 1 --- [           main] s.g.m.s.m.a.ScDefaultMonitorInterceptor  : Start executing the springfox.documentation.schema.property.ModelSpecificationFactory.create method
2025-06-11 12:06:55.859  INFO 1 --- [           main] s.g.m.s.m.a.ScDefaultMonitorInterceptor  : Stop executing the springfox.documentation.schema.property.ModelSpecificationFactory.create method
2025-06-11 12:06:55.859  INFO 1 --- [           main] s.g.m.s.m.a.ScDefaultMonitorInterceptor  : Start executing the springfox.documentation.schema.property.ModelSpecificationFactory.create method
2025-06-11 12:06:55.859  INFO 1 --- [           main] s.g.m.s.m.a.ScDefaultMonitorInterceptor  : Stop executing the springfox.documentation.schema.property.ModelSpecificationFactory.create method
2025-06-11 12:06:55.859  INFO 1 --- [           main] s.g.m.s.m.a.ScDefaultMonitorInterceptor  : Start executing the springfox.documentation.schema.property.ModelSpecificationFactory.create method
2025-06-11 12:06:55.859  INFO 1 --- [           main] s.g.m.s.m.a.ScDefaultMonitorInterceptor  : Stop executing the springfox.documentation.schema.property.ModelSpecificationFactory.create method
2025-06-11 12:06:55.859  INFO 1 --- [           main] s.g.m.s.m.a.ScDefaultMonitorInterceptor  : Start executing the springfox.documentation.schema.property.ModelSpecificationFactory.create method
2025-06-11 12:06:55.859  INFO 1 --- [           main] s.g.m.s.m.a.ScDefaultMonitorInterceptor  : Stop executing the springfox.documentation.schema.property.ModelSpecificationFactory.create method
2025-06-11 12:06:55.859  INFO 1 --- [           main] s.g.m.s.m.a.ScDefaultMonitorInterceptor  : Start executing the springfox.documentation.schema.property.ModelSpecificationFactory.create method
2025-06-11 12:06:55.859  INFO 1 --- [           main] s.g.m.s.m.a.ScDefaultMonitorInterceptor  : Stop executing the springfox.documentation.schema.property.ModelSpecificationFactory.create method
2025-06-11 12:06:55.859  INFO 1 --- [           main] s.g.m.s.m.a.ScDefaultMonitorInterceptor  : Start executing the springfox.documentation.schema.property.ModelSpecificationFactory.create method
2025-06-11 12:06:55.859  INFO 1 --- [           main] s.g.m.s.m.a.ScDefaultMonitorInterceptor  : Stop executing the springfox.documentation.schema.property.ModelSpecificationFactory.create method
2025-06-11 12:06:55.859  INFO 1 --- [           main] s.g.m.s.m.a.ScDefaultMonitorInterceptor  : Start executing the springfox.documentation.schema.property.ModelSpecificationFactory.create method
2025-06-11 12:06:55.859  INFO 1 --- [           main] s.g.m.s.m.a.ScDefaultMonitorInterceptor  : Stop executing the springfox.documentation.schema.property.ModelSpecificationFactory.create method
2025-06-11 12:06:55.859  INFO 1 --- [           main] s.g.m.s.m.a.ScDefaultMonitorInterceptor  : Start executing the springfox.documentation.schema.property.ModelSpecificationFactory.create method
2025-06-11 12:06:55.859  INFO 1 --- [           main] s.g.m.s.m.a.ScDefaultMonitorInterceptor  : Stop executing the springfox.documentation.schema.property.ModelSpecificationFactory.create method
2025-06-11 12:06:55.859  INFO 1 --- [           main] s.g.m.s.m.a.ScDefaultMonitorInterceptor  : Start executing the springfox.documentation.schema.property.ModelSpecificationFactory.create method
2025-06-11 12:06:55.860  INFO 1 --- [           main] s.g.m.s.m.a.ScDefaultMonitorInterceptor  : Stop executing the springfox.documentation.schema.property.ModelSpecificationFactory.create method
2025-06-11 12:06:55.860  INFO 1 --- [           main] s.g.m.s.m.a.ScDefaultMonitorInterceptor  : Start executing the springfox.documentation.schema.property.ModelSpecificationFactory.create method
2025-06-11 12:06:55.860  INFO 1 --- [           main] s.g.m.s.m.a.ScDefaultMonitorInterceptor  : Stop executing the springfox.documentation.schema.property.ModelSpecificationFactory.create method
2025-06-11 12:06:55.860  INFO 1 --- [           main] s.g.m.s.m.a.ScDefaultMonitorInterceptor  : Start executing the springfox.documentation.schema.property.ModelSpecificationFactory.create method
2025-06-11 12:06:55.860  INFO 1 --- [           main] s.g.m.s.m.a.ScDefaultMonitorInterceptor  : Stop executing the springfox.documentation.schema.property.ModelSpecificationFactory.create method
2025-06-11 12:06:55.860  INFO 1 --- [           main] s.g.m.s.m.a.ScDefaultMonitorInterceptor  : Start executing the springfox.documentation.schema.property.ModelSpecificationFactory.create method
2025-06-11 12:06:55.860  INFO 1 --- [           main] s.g.m.s.m.a.ScDefaultMonitorInterceptor  : Stop executing the springfox.documentation.schema.property.ModelSpecificationFactory.create method
2025-06-11 12:06:55.860  INFO 1 --- [           main] s.g.m.s.m.a.ScDefaultMonitorInterceptor  : Start executing the springfox.documentation.schema.property.ModelSpecificationFactory.create method
2025-06-11 12:06:55.860  INFO 1 --- [           main] s.g.m.s.m.a.ScDefaultMonitorInterceptor  : Stop executing the springfox.documentation.schema.property.ModelSpecificationFactory.create method
2025-06-11 12:06:55.861  INFO 1 --- [           main] s.g.m.s.m.a.ScDefaultMonitorInterceptor  : Start executing the springfox.documentation.schema.property.ModelSpecificationFactory.create method
2025-06-11 12:06:55.861  INFO 1 --- [           main] s.g.m.s.m.a.ScDefaultMonitorInterceptor  : Stop executing the springfox.documentation.schema.property.ModelSpecificationFactory.create method
2025-06-11 12:06:55.861  INFO 1 --- [           main] s.g.m.s.m.a.ScDefaultMonitorInterceptor  : Start executing the springfox.documentation.schema.property.ModelSpecificationFactory.create method
2025-06-11 12:06:55.861  INFO 1 --- [           main] s.g.m.s.m.a.ScDefaultMonitorInterceptor  : Stop executing the springfox.documentation.schema.property.ModelSpecificationFactory.create method
2025-06-11 12:06:55.861  INFO 1 --- [           main] s.g.m.s.m.a.ScDefaultMonitorInterceptor  : Start executing the springfox.documentation.schema.property.ModelSpecificationFactory.create method
2025-06-11 12:06:55.861  INFO 1 --- [           main] s.g.m.s.m.a.ScDefaultMonitorInterceptor  : Stop executing the springfox.documentation.schema.property.ModelSpecificationFactory.create method
2025-06-11 12:06:55.861  INFO 1 --- [           main] s.g.m.s.m.a.ScDefaultMonitorInterceptor  : Start executing the springfox.documentation.schema.property.ModelSpecificationFactory.create method
2025-06-11 12:06:55.861  INFO 1 --- [           main] s.g.m.s.m.a.ScDefaultMonitorInterceptor  : Stop executing the springfox.documentation.schema.property.ModelSpecificationFactory.create method
2025-06-11 12:06:55.864  INFO 1 --- [           main] s.g.m.s.m.a.ScDefaultMonitorInterceptor  : Start executing the springfox.documentation.schema.property.ModelSpecificationFactory.create method
2025-06-11 12:06:55.864  INFO 1 --- [           main] s.g.m.s.m.a.ScDefaultMonitorInterceptor  : Stop executing the springfox.documentation.schema.property.ModelSpecificationFactory.create method
2025-06-11 12:06:55.864  INFO 1 --- [           main] s.g.m.s.m.a.ScDefaultMonitorInterceptor  : Start executing the springfox.documentation.schema.property.ModelSpecificationFactory.create method
2025-06-11 12:06:55.864  INFO 1 --- [           main] s.g.m.s.m.a.ScDefaultMonitorInterceptor  : Stop executing the springfox.documentation.schema.property.ModelSpecificationFactory.create method
2025-06-11 12:06:55.865  INFO 1 --- [           main] s.g.m.s.m.a.ScDefaultMonitorInterceptor  : Start executing the springfox.documentation.schema.property.ModelSpecificationFactory.create method
2025-06-11 12:06:55.865  INFO 1 --- [           main] s.g.m.s.m.a.ScDefaultMonitorInterceptor  : Stop executing the springfox.documentation.schema.property.ModelSpecificationFactory.create method
2025-06-11 12:06:55.865  INFO 1 --- [           main] s.g.m.s.m.a.ScDefaultMonitorInterceptor  : Start executing the springfox.documentation.schema.property.ModelSpecificationFactory.create method
2025-06-11 12:06:55.865  INFO 1 --- [           main] s.g.m.s.m.a.ScDefaultMonitorInterceptor  : Stop executing the springfox.documentation.schema.property.ModelSpecificationFactory.create method
2025-06-11 12:06:55.865  INFO 1 --- [           main] s.g.m.s.m.a.ScDefaultMonitorInterceptor  : Start executing the springfox.documentation.schema.property.ModelSpecificationFactory.create method
2025-06-11 12:06:55.865  INFO 1 --- [           main] s.g.m.s.m.a.ScDefaultMonitorInterceptor  : Stop executing the springfox.documentation.schema.property.ModelSpecificationFactory.create method
2025-06-11 12:06:55.865  INFO 1 --- [           main] s.g.m.s.m.a.ScDefaultMonitorInterceptor  : Start executing the springfox.documentation.schema.property.ModelSpecificationFactory.create method
2025-06-11 12:06:55.865  INFO 1 --- [           main] s.g.m.s.m.a.ScDefaultMonitorInterceptor  : Stop executing the springfox.documentation.schema.property.ModelSpecificationFactory.create method
2025-06-11 12:06:55.865  INFO 1 --- [           main] s.g.m.s.m.a.ScDefaultMonitorInterceptor  : Start executing the springfox.documentation.schema.property.ModelSpecificationFactory.create method
2025-06-11 12:06:55.865  INFO 1 --- [           main] s.g.m.s.m.a.ScDefaultMonitorInterceptor  : Stop executing the springfox.documentation.schema.property.ModelSpecificationFactory.create method
2025-06-11 12:06:55.865  INFO 1 --- [           main] s.g.m.s.m.a.ScDefaultMonitorInterceptor  : Start executing the springfox.documentation.schema.property.ModelSpecificationFactory.create method
2025-06-11 12:06:55.865  INFO 1 --- [           main] s.g.m.s.m.a.ScDefaultMonitorInterceptor  : Stop executing the springfox.documentation.schema.property.ModelSpecificationFactory.create method
2025-06-11 12:06:55.865  INFO 1 --- [           main] s.g.m.s.m.a.ScDefaultMonitorInterceptor  : Start executing the springfox.documentation.schema.property.ModelSpecificationFactory.create method
2025-06-11 12:06:55.865  INFO 1 --- [           main] s.g.m.s.m.a.ScDefaultMonitorInterceptor  : Stop executing the springfox.documentation.schema.property.ModelSpecificationFactory.create method
2025-06-11 12:06:55.865  INFO 1 --- [           main] s.g.m.s.m.a.ScDefaultMonitorInterceptor  : Start executing the springfox.documentation.schema.property.ModelSpecificationFactory.create method
2025-06-11 12:06:55.865  INFO 1 --- [           main] s.g.m.s.m.a.ScDefaultMonitorInterceptor  : Stop executing the springfox.documentation.schema.property.ModelSpecificationFactory.create method
2025-06-11 12:06:55.865  INFO 1 --- [           main] s.g.m.s.m.a.ScDefaultMonitorInterceptor  : Start executing the springfox.documentation.schema.property.ModelSpecificationFactory.create method
2025-06-11 12:06:55.865  INFO 1 --- [           main] s.g.m.s.m.a.ScDefaultMonitorInterceptor  : Stop executing the springfox.documentation.schema.property.ModelSpecificationFactory.create method
2025-06-11 12:06:55.865  INFO 1 --- [           main] s.g.m.s.m.a.ScDefaultMonitorInterceptor  : Start executing the springfox.documentation.schema.property.ModelSpecificationFactory.create method
2025-06-11 12:06:55.865  INFO 1 --- [           main] s.g.m.s.m.a.ScDefaultMonitorInterceptor  : Stop executing the springfox.documentation.schema.property.ModelSpecificationFactory.create method
2025-06-11 12:06:55.865  INFO 1 --- [           main] s.g.m.s.m.a.ScDefaultMonitorInterceptor  : Start executing the springfox.documentation.schema.property.ModelSpecificationFactory.create method
2025-06-11 12:06:55.865  INFO 1 --- [           main] s.g.m.s.m.a.ScDefaultMonitorInterceptor  : Stop executing the springfox.documentation.schema.property.ModelSpecificationFactory.create method
2025-06-11 12:06:55.865  INFO 1 --- [           main] s.g.m.s.m.a.ScDefaultMonitorInterceptor  : Start executing the springfox.documentation.schema.property.ModelSpecificationFactory.create method
2025-06-11 12:06:55.866  INFO 1 --- [           main] s.g.m.s.m.a.ScDefaultMonitorInterceptor  : Stop executing the springfox.documentation.schema.property.ModelSpecificationFactory.create method
2025-06-11 12:06:55.866  INFO 1 --- [           main] s.g.m.s.m.a.ScDefaultMonitorInterceptor  : Start executing the springfox.documentation.schema.property.ModelSpecificationFactory.create method
2025-06-11 12:06:55.866  INFO 1 --- [           main] s.g.m.s.m.a.ScDefaultMonitorInterceptor  : Stop executing the springfox.documentation.schema.property.ModelSpecificationFactory.create method
2025-06-11 12:06:55.866  INFO 1 --- [           main] s.g.m.s.m.a.ScDefaultMonitorInterceptor  : Start executing the springfox.documentation.schema.property.ModelSpecificationFactory.create method
2025-06-11 12:06:55.866  INFO 1 --- [           main] s.g.m.s.m.a.ScDefaultMonitorInterceptor  : Stop executing the springfox.documentation.schema.property.ModelSpecificationFactory.create method
2025-06-11 12:06:55.866  INFO 1 --- [           main] s.g.m.s.m.a.ScDefaultMonitorInterceptor  : Start executing the springfox.documentation.schema.property.ModelSpecificationFactory.create method
2025-06-11 12:06:55.866  INFO 1 --- [           main] s.g.m.s.m.a.ScDefaultMonitorInterceptor  : Stop executing the springfox.documentation.schema.property.ModelSpecificationFactory.create method
2025-06-11 12:06:55.866  INFO 1 --- [           main] s.g.m.s.m.a.ScDefaultMonitorInterceptor  : Start executing the springfox.documentation.schema.property.ModelSpecificationFactory.create method
2025-06-11 12:06:55.866  INFO 1 --- [           main] s.g.m.s.m.a.ScDefaultMonitorInterceptor  : Stop executing the springfox.documentation.schema.property.ModelSpecificationFactory.create method
2025-06-11 12:06:55.866  INFO 1 --- [           main] s.g.m.s.m.a.ScDefaultMonitorInterceptor  : Start executing the springfox.documentation.schema.property.ModelSpecificationFactory.create method
2025-06-11 12:06:55.866  INFO 1 --- [           main] s.g.m.s.m.a.ScDefaultMonitorInterceptor  : Stop executing the springfox.documentation.schema.property.ModelSpecificationFactory.create method
2025-06-11 12:06:55.870  INFO 1 --- [           main] s.g.m.s.m.a.ScDefaultMonitorInterceptor  : Start executing the springfox.documentation.schema.property.ModelSpecificationFactory.create method
2025-06-11 12:06:55.870  INFO 1 --- [           main] s.g.m.s.m.a.ScDefaultMonitorInterceptor  : Stop executing the springfox.documentation.schema.property.ModelSpecificationFactory.create method
2025-06-11 12:06:55.870  INFO 1 --- [           main] s.g.m.s.m.a.ScDefaultMonitorInterceptor  : Start executing the springfox.documentation.schema.property.ModelSpecificationFactory.create method
2025-06-11 12:06:55.870  INFO 1 --- [           main] s.g.m.s.m.a.ScDefaultMonitorInterceptor  : Stop executing the springfox.documentation.schema.property.ModelSpecificationFactory.create method
2025-06-11 12:06:55.870  INFO 1 --- [           main] s.g.m.s.m.a.ScDefaultMonitorInterceptor  : Start executing the springfox.documentation.schema.property.ModelSpecificationFactory.create method
2025-06-11 12:06:55.870  INFO 1 --- [           main] s.g.m.s.m.a.ScDefaultMonitorInterceptor  : Stop executing the springfox.documentation.schema.property.ModelSpecificationFactory.create method
2025-06-11 12:06:55.870  INFO 1 --- [           main] s.g.m.s.m.a.ScDefaultMonitorInterceptor  : Start executing the springfox.documentation.schema.property.ModelSpecificationFactory.create method
2025-06-11 12:06:55.870  INFO 1 --- [           main] s.g.m.s.m.a.ScDefaultMonitorInterceptor  : Stop executing the springfox.documentation.schema.property.ModelSpecificationFactory.create method
2025-06-11 12:06:55.870  INFO 1 --- [           main] s.g.m.s.m.a.ScDefaultMonitorInterceptor  : Start executing the springfox.documentation.schema.property.ModelSpecificationFactory.create method
2025-06-11 12:06:55.870  INFO 1 --- [           main] s.g.m.s.m.a.ScDefaultMonitorInterceptor  : Stop executing the springfox.documentation.schema.property.ModelSpecificationFactory.create method
2025-06-11 12:06:55.870  INFO 1 --- [           main] s.g.m.s.m.a.ScDefaultMonitorInterceptor  : Start executing the springfox.documentation.schema.property.ModelSpecificationFactory.create method
2025-06-11 12:06:55.870  INFO 1 --- [           main] s.g.m.s.m.a.ScDefaultMonitorInterceptor  : Stop executing the springfox.documentation.schema.property.ModelSpecificationFactory.create method
2025-06-11 12:06:55.871  INFO 1 --- [           main] s.g.m.s.m.a.ScDefaultMonitorInterceptor  : Start executing the springfox.documentation.schema.property.ModelSpecificationFactory.create method
2025-06-11 12:06:55.871  INFO 1 --- [           main] s.g.m.s.m.a.ScDefaultMonitorInterceptor  : Stop executing the springfox.documentation.schema.property.ModelSpecificationFactory.create method
2025-06-11 12:06:55.871  INFO 1 --- [           main] s.g.m.s.m.a.ScDefaultMonitorInterceptor  : Start executing the springfox.documentation.schema.property.ModelSpecificationFactory.create method
2025-06-11 12:06:55.871  INFO 1 --- [           main] s.g.m.s.m.a.ScDefaultMonitorInterceptor  : Stop executing the springfox.documentation.schema.property.ModelSpecificationFactory.create method
2025-06-11 12:06:55.871  INFO 1 --- [           main] s.g.m.s.m.a.ScDefaultMonitorInterceptor  : Start executing the springfox.documentation.schema.property.ModelSpecificationFactory.create method
2025-06-11 12:06:55.871  INFO 1 --- [           main] s.g.m.s.m.a.ScDefaultMonitorInterceptor  : Stop executing the springfox.documentation.schema.property.ModelSpecificationFactory.create method
2025-06-11 12:06:55.871  INFO 1 --- [           main] s.g.m.s.m.a.ScDefaultMonitorInterceptor  : Start executing the springfox.documentation.schema.property.ModelSpecificationFactory.create method
2025-06-11 12:06:55.871  INFO 1 --- [           main] s.g.m.s.m.a.ScDefaultMonitorInterceptor  : Stop executing the springfox.documentation.schema.property.ModelSpecificationFactory.create method
2025-06-11 12:06:55.871  INFO 1 --- [           main] s.g.m.s.m.a.ScDefaultMonitorInterceptor  : Start executing the springfox.documentation.schema.property.ModelSpecificationFactory.create method
2025-06-11 12:06:55.871  INFO 1 --- [           main] s.g.m.s.m.a.ScDefaultMonitorInterceptor  : Stop executing the springfox.documentation.schema.property.ModelSpecificationFactory.create method
2025-06-11 12:06:55.871  INFO 1 --- [           main] s.g.m.s.m.a.ScDefaultMonitorInterceptor  : Start executing the springfox.documentation.schema.property.ModelSpecificationFactory.create method
2025-06-11 12:06:55.871  INFO 1 --- [           main] s.g.m.s.m.a.ScDefaultMonitorInterceptor  : Stop executing the springfox.documentation.schema.property.ModelSpecificationFactory.create method
2025-06-11 12:06:55.871  INFO 1 --- [           main] s.g.m.s.m.a.ScDefaultMonitorInterceptor  : Start executing the springfox.documentation.schema.property.ModelSpecificationFactory.create method
2025-06-11 12:06:55.871  INFO 1 --- [           main] s.g.m.s.m.a.ScDefaultMonitorInterceptor  : Stop executing the springfox.documentation.schema.property.ModelSpecificationFactory.create method
2025-06-11 12:06:55.872  INFO 1 --- [           main] s.g.m.s.m.a.ScDefaultMonitorInterceptor  : Start executing the springfox.documentation.schema.property.ModelSpecificationFactory.create method
2025-06-11 12:06:55.872  INFO 1 --- [           main] s.g.m.s.m.a.ScDefaultMonitorInterceptor  : Stop executing the springfox.documentation.schema.property.ModelSpecificationFactory.create method
2025-06-11 12:06:55.872  INFO 1 --- [           main] s.g.m.s.m.a.ScDefaultMonitorInterceptor  : Start executing the springfox.documentation.schema.property.ModelSpecificationFactory.create method
2025-06-11 12:06:55.872  INFO 1 --- [           main] s.g.m.s.m.a.ScDefaultMonitorInterceptor  : Stop executing the springfox.documentation.schema.property.ModelSpecificationFactory.create method
2025-06-11 12:06:55.872  INFO 1 --- [           main] s.g.m.s.m.a.ScDefaultMonitorInterceptor  : Start executing the springfox.documentation.schema.property.ModelSpecificationFactory.create method
2025-06-11 12:06:55.872  INFO 1 --- [           main] s.g.m.s.m.a.ScDefaultMonitorInterceptor  : Stop executing the springfox.documentation.schema.property.ModelSpecificationFactory.create method
2025-06-11 12:06:55.872  INFO 1 --- [           main] s.g.m.s.m.a.ScDefaultMonitorInterceptor  : Start executing the springfox.documentation.schema.property.ModelSpecificationFactory.create method
2025-06-11 12:06:55.872  INFO 1 --- [           main] s.g.m.s.m.a.ScDefaultMonitorInterceptor  : Stop executing the springfox.documentation.schema.property.ModelSpecificationFactory.create method
2025-06-11 12:06:55.872  INFO 1 --- [           main] s.g.m.s.m.a.ScDefaultMonitorInterceptor  : Start executing the springfox.documentation.schema.property.ModelSpecificationFactory.create method
2025-06-11 12:06:55.872  INFO 1 --- [           main] s.g.m.s.m.a.ScDefaultMonitorInterceptor  : Stop executing the springfox.documentation.schema.property.ModelSpecificationFactory.create method
2025-06-11 12:06:55.872  INFO 1 --- [           main] s.g.m.s.m.a.ScDefaultMonitorInterceptor  : Start executing the springfox.documentation.schema.property.ModelSpecificationFactory.create method
2025-06-11 12:06:55.872  INFO 1 --- [           main] s.g.m.s.m.a.ScDefaultMonitorInterceptor  : Stop executing the springfox.documentation.schema.property.ModelSpecificationFactory.create method
2025-06-11 12:06:55.872  INFO 1 --- [           main] s.g.m.s.m.a.ScDefaultMonitorInterceptor  : Start executing the springfox.documentation.schema.property.ModelSpecificationFactory.create method
2025-06-11 12:06:55.872  INFO 1 --- [           main] s.g.m.s.m.a.ScDefaultMonitorInterceptor  : Stop executing the springfox.documentation.schema.property.ModelSpecificationFactory.create method
2025-06-11 12:06:55.873  INFO 1 --- [           main] s.g.m.s.m.a.ScDefaultMonitorInterceptor  : Start executing the springfox.documentation.schema.property.ModelSpecificationFactory.create method
2025-06-11 12:06:55.873  INFO 1 --- [           main] s.g.m.s.m.a.ScDefaultMonitorInterceptor  : Stop executing the springfox.documentation.schema.property.ModelSpecificationFactory.create method
2025-06-11 12:06:55.926  INFO 1 --- [           main] s.g.m.s.m.a.ScDefaultMonitorInterceptor  : Start executing the springfox.documentation.schema.property.ModelSpecificationFactory.create method
2025-06-11 12:06:55.926  INFO 1 --- [           main] s.g.m.s.m.a.ScDefaultMonitorInterceptor  : Stop executing the springfox.documentation.schema.property.ModelSpecificationFactory.create method
2025-06-11 12:06:55.927  INFO 1 --- [           main] s.g.m.s.m.a.ScDefaultMonitorInterceptor  : Start executing the springfox.documentation.schema.property.ModelSpecificationFactory.create method
2025-06-11 12:06:55.927  INFO 1 --- [           main] s.g.m.s.m.a.ScDefaultMonitorInterceptor  : Stop executing the springfox.documentation.schema.property.ModelSpecificationFactory.create method
2025-06-11 12:06:55.927  INFO 1 --- [           main] s.g.m.s.m.a.ScDefaultMonitorInterceptor  : Start executing the springfox.documentation.schema.property.ModelSpecificationFactory.create method
2025-06-11 12:06:55.927  INFO 1 --- [           main] s.g.m.s.m.a.ScDefaultMonitorInterceptor  : Stop executing the springfox.documentation.schema.property.ModelSpecificationFactory.create method
2025-06-11 12:06:55.927  INFO 1 --- [           main] s.g.m.s.m.a.ScDefaultMonitorInterceptor  : Start executing the springfox.documentation.schema.property.ModelSpecificationFactory.create method
2025-06-11 12:06:55.927  INFO 1 --- [           main] s.g.m.s.m.a.ScDefaultMonitorInterceptor  : Stop executing the springfox.documentation.schema.property.ModelSpecificationFactory.create method
2025-06-11 12:06:55.927  INFO 1 --- [           main] s.g.m.s.m.a.ScDefaultMonitorInterceptor  : Start executing the springfox.documentation.schema.property.ModelSpecificationFactory.create method
2025-06-11 12:06:55.927  INFO 1 --- [           main] s.g.m.s.m.a.ScDefaultMonitorInterceptor  : Stop executing the springfox.documentation.schema.property.ModelSpecificationFactory.create method
2025-06-11 12:06:55.927  INFO 1 --- [           main] s.g.m.s.m.a.ScDefaultMonitorInterceptor  : Start executing the springfox.documentation.schema.property.ModelSpecificationFactory.create method
2025-06-11 12:06:55.927  INFO 1 --- [           main] s.g.m.s.m.a.ScDefaultMonitorInterceptor  : Stop executing the springfox.documentation.schema.property.ModelSpecificationFactory.create method
2025-06-11 12:06:55.927  INFO 1 --- [           main] s.g.m.s.m.a.ScDefaultMonitorInterceptor  : Start executing the springfox.documentation.schema.property.ModelSpecificationFactory.create method
2025-06-11 12:06:55.927  INFO 1 --- [           main] s.g.m.s.m.a.ScDefaultMonitorInterceptor  : Stop executing the springfox.documentation.schema.property.ModelSpecificationFactory.create method
2025-06-11 12:06:55.927  INFO 1 --- [           main] s.g.m.s.m.a.ScDefaultMonitorInterceptor  : Start executing the springfox.documentation.schema.property.ModelSpecificationFactory.create method
2025-06-11 12:06:55.927  INFO 1 --- [           main] s.g.m.s.m.a.ScDefaultMonitorInterceptor  : Stop executing the springfox.documentation.schema.property.ModelSpecificationFactory.create method
2025-06-11 12:06:55.927  INFO 1 --- [           main] s.g.m.s.m.a.ScDefaultMonitorInterceptor  : Start executing the springfox.documentation.schema.property.ModelSpecificationFactory.create method
2025-06-11 12:06:55.927  INFO 1 --- [           main] s.g.m.s.m.a.ScDefaultMonitorInterceptor  : Stop executing the springfox.documentation.schema.property.ModelSpecificationFactory.create method
2025-06-11 12:06:55.928  INFO 1 --- [           main] s.g.m.s.m.a.ScDefaultMonitorInterceptor  : Start executing the springfox.documentation.schema.property.ModelSpecificationFactory.create method
2025-06-11 12:06:55.928  INFO 1 --- [           main] s.g.m.s.m.a.ScDefaultMonitorInterceptor  : Stop executing the springfox.documentation.schema.property.ModelSpecificationFactory.create method
2025-06-11 12:06:55.928  INFO 1 --- [           main] s.g.m.s.m.a.ScDefaultMonitorInterceptor  : Start executing the springfox.documentation.schema.property.ModelSpecificationFactory.create method
2025-06-11 12:06:55.928  INFO 1 --- [           main] s.g.m.s.m.a.ScDefaultMonitorInterceptor  : Stop executing the springfox.documentation.schema.property.ModelSpecificationFactory.create method
2025-06-11 12:06:55.928  INFO 1 --- [           main] s.g.m.s.m.a.ScDefaultMonitorInterceptor  : Start executing the springfox.documentation.schema.property.ModelSpecificationFactory.create method
2025-06-11 12:06:55.928  INFO 1 --- [           main] s.g.m.s.m.a.ScDefaultMonitorInterceptor  : Stop executing the springfox.documentation.schema.property.ModelSpecificationFactory.create method
2025-06-11 12:06:55.928  INFO 1 --- [           main] s.g.m.s.m.a.ScDefaultMonitorInterceptor  : Start executing the springfox.documentation.schema.property.ModelSpecificationFactory.create method
2025-06-11 12:06:55.928  INFO 1 --- [           main] s.g.m.s.m.a.ScDefaultMonitorInterceptor  : Stop executing the springfox.documentation.schema.property.ModelSpecificationFactory.create method
2025-06-11 12:06:55.928  INFO 1 --- [           main] s.g.m.s.m.a.ScDefaultMonitorInterceptor  : Start executing the springfox.documentation.schema.property.ModelSpecificationFactory.create method
2025-06-11 12:06:55.928  INFO 1 --- [           main] s.g.m.s.m.a.ScDefaultMonitorInterceptor  : Stop executing the springfox.documentation.schema.property.ModelSpecificationFactory.create method
2025-06-11 12:06:55.929  INFO 1 --- [           main] s.g.m.s.m.a.ScDefaultMonitorInterceptor  : Start executing the springfox.documentation.schema.property.ModelSpecificationFactory.create method
2025-06-11 12:06:55.929  INFO 1 --- [           main] s.g.m.s.m.a.ScDefaultMonitorInterceptor  : Stop executing the springfox.documentation.schema.property.ModelSpecificationFactory.create method
2025-06-11 12:06:55.929  INFO 1 --- [           main] s.g.m.s.m.a.ScDefaultMonitorInterceptor  : Start executing the springfox.documentation.schema.property.ModelSpecificationFactory.create method
2025-06-11 12:06:55.929  INFO 1 --- [           main] s.g.m.s.m.a.ScDefaultMonitorInterceptor  : Stop executing the springfox.documentation.schema.property.ModelSpecificationFactory.create method
2025-06-11 12:06:55.932  INFO 1 --- [           main] s.g.m.s.m.a.ScDefaultMonitorInterceptor  : Start executing the springfox.documentation.schema.property.ModelSpecificationFactory.create method
2025-06-11 12:06:55.932  INFO 1 --- [           main] s.g.m.s.m.a.ScDefaultMonitorInterceptor  : Stop executing the springfox.documentation.schema.property.ModelSpecificationFactory.create method
2025-06-11 12:06:55.932  INFO 1 --- [           main] s.g.m.s.m.a.ScDefaultMonitorInterceptor  : Start executing the springfox.documentation.schema.property.ModelSpecificationFactory.create method
2025-06-11 12:06:55.932  INFO 1 --- [           main] s.g.m.s.m.a.ScDefaultMonitorInterceptor  : Stop executing the springfox.documentation.schema.property.ModelSpecificationFactory.create method
2025-06-11 12:06:55.932  INFO 1 --- [           main] s.g.m.s.m.a.ScDefaultMonitorInterceptor  : Start executing the springfox.documentation.schema.property.ModelSpecificationFactory.create method
2025-06-11 12:06:55.932  INFO 1 --- [           main] s.g.m.s.m.a.ScDefaultMonitorInterceptor  : Stop executing the springfox.documentation.schema.property.ModelSpecificationFactory.create method
2025-06-11 12:06:55.933  INFO 1 --- [           main] s.g.m.s.m.a.ScDefaultMonitorInterceptor  : Start executing the springfox.documentation.schema.property.ModelSpecificationFactory.create method
2025-06-11 12:06:55.933  INFO 1 --- [           main] s.g.m.s.m.a.ScDefaultMonitorInterceptor  : Stop executing the springfox.documentation.schema.property.ModelSpecificationFactory.create method
2025-06-11 12:06:55.933  INFO 1 --- [           main] s.g.m.s.m.a.ScDefaultMonitorInterceptor  : Start executing the springfox.documentation.schema.property.ModelSpecificationFactory.create method
2025-06-11 12:06:55.933  INFO 1 --- [           main] s.g.m.s.m.a.ScDefaultMonitorInterceptor  : Stop executing the springfox.documentation.schema.property.ModelSpecificationFactory.create method
2025-06-11 12:06:55.933  INFO 1 --- [           main] s.g.m.s.m.a.ScDefaultMonitorInterceptor  : Start executing the springfox.documentation.schema.property.ModelSpecificationFactory.create method
2025-06-11 12:06:55.933  INFO 1 --- [           main] s.g.m.s.m.a.ScDefaultMonitorInterceptor  : Stop executing the springfox.documentation.schema.property.ModelSpecificationFactory.create method
2025-06-11 12:06:55.933  INFO 1 --- [           main] s.g.m.s.m.a.ScDefaultMonitorInterceptor  : Start executing the springfox.documentation.schema.property.ModelSpecificationFactory.create method
2025-06-11 12:06:55.933  INFO 1 --- [           main] s.g.m.s.m.a.ScDefaultMonitorInterceptor  : Stop executing the springfox.documentation.schema.property.ModelSpecificationFactory.create method
2025-06-11 12:06:55.933  INFO 1 --- [           main] s.g.m.s.m.a.ScDefaultMonitorInterceptor  : Start executing the springfox.documentation.schema.property.ModelSpecificationFactory.create method
2025-06-11 12:06:55.933  INFO 1 --- [           main] s.g.m.s.m.a.ScDefaultMonitorInterceptor  : Stop executing the springfox.documentation.schema.property.ModelSpecificationFactory.create method
2025-06-11 12:06:55.933  INFO 1 --- [           main] s.g.m.s.m.a.ScDefaultMonitorInterceptor  : Start executing the springfox.documentation.schema.property.ModelSpecificationFactory.create method
2025-06-11 12:06:55.933  INFO 1 --- [           main] s.g.m.s.m.a.ScDefaultMonitorInterceptor  : Stop executing the springfox.documentation.schema.property.ModelSpecificationFactory.create method
2025-06-11 12:06:55.933  INFO 1 --- [           main] s.g.m.s.m.a.ScDefaultMonitorInterceptor  : Start executing the springfox.documentation.schema.property.ModelSpecificationFactory.create method
2025-06-11 12:06:55.933  INFO 1 --- [           main] s.g.m.s.m.a.ScDefaultMonitorInterceptor  : Stop executing the springfox.documentation.schema.property.ModelSpecificationFactory.create method
2025-06-11 12:06:55.933  INFO 1 --- [           main] s.g.m.s.m.a.ScDefaultMonitorInterceptor  : Start executing the springfox.documentation.schema.property.ModelSpecificationFactory.create method
2025-06-11 12:06:55.933  INFO 1 --- [           main] s.g.m.s.m.a.ScDefaultMonitorInterceptor  : Stop executing the springfox.documentation.schema.property.ModelSpecificationFactory.create method
2025-06-11 12:06:55.933  INFO 1 --- [           main] s.g.m.s.m.a.ScDefaultMonitorInterceptor  : Start executing the springfox.documentation.schema.property.ModelSpecificationFactory.create method
2025-06-11 12:06:55.933  INFO 1 --- [           main] s.g.m.s.m.a.ScDefaultMonitorInterceptor  : Stop executing the springfox.documentation.schema.property.ModelSpecificationFactory.create method
2025-06-11 12:06:55.933  INFO 1 --- [           main] s.g.m.s.m.a.ScDefaultMonitorInterceptor  : Start executing the springfox.documentation.schema.property.ModelSpecificationFactory.create method
2025-06-11 12:06:55.933  INFO 1 --- [           main] s.g.m.s.m.a.ScDefaultMonitorInterceptor  : Stop executing the springfox.documentation.schema.property.ModelSpecificationFactory.create method
2025-06-11 12:06:55.933  INFO 1 --- [           main] s.g.m.s.m.a.ScDefaultMonitorInterceptor  : Start executing the springfox.documentation.schema.property.ModelSpecificationFactory.create method
2025-06-11 12:06:55.933  INFO 1 --- [           main] s.g.m.s.m.a.ScDefaultMonitorInterceptor  : Stop executing the springfox.documentation.schema.property.ModelSpecificationFactory.create method
2025-06-11 12:06:55.934  INFO 1 --- [           main] s.g.m.s.m.a.ScDefaultMonitorInterceptor  : Start executing the springfox.documentation.schema.property.ModelSpecificationFactory.create method
2025-06-11 12:06:55.934  INFO 1 --- [           main] s.g.m.s.m.a.ScDefaultMonitorInterceptor  : Stop executing the springfox.documentation.schema.property.ModelSpecificationFactory.create method
2025-06-11 12:06:55.934  INFO 1 --- [           main] s.g.m.s.m.a.ScDefaultMonitorInterceptor  : Start executing the springfox.documentation.schema.property.ModelSpecificationFactory.create method
2025-06-11 12:06:55.934  INFO 1 --- [           main] s.g.m.s.m.a.ScDefaultMonitorInterceptor  : Stop executing the springfox.documentation.schema.property.ModelSpecificationFactory.create method
2025-06-11 12:06:55.934  INFO 1 --- [           main] s.g.m.s.m.a.ScDefaultMonitorInterceptor  : Start executing the springfox.documentation.schema.property.ModelSpecificationFactory.create method
2025-06-11 12:06:55.934  INFO 1 --- [           main] s.g.m.s.m.a.ScDefaultMonitorInterceptor  : Stop executing the springfox.documentation.schema.property.ModelSpecificationFactory.create method
2025-06-11 12:06:55.934  INFO 1 --- [           main] s.g.m.s.m.a.ScDefaultMonitorInterceptor  : Start executing the springfox.documentation.schema.property.ModelSpecificationFactory.create method
2025-06-11 12:06:55.934  INFO 1 --- [           main] s.g.m.s.m.a.ScDefaultMonitorInterceptor  : Stop executing the springfox.documentation.schema.property.ModelSpecificationFactory.create method
2025-06-11 12:06:55.934  INFO 1 --- [           main] s.g.m.s.m.a.ScDefaultMonitorInterceptor  : Start executing the springfox.documentation.schema.property.ModelSpecificationFactory.create method
2025-06-11 12:06:55.934  INFO 1 --- [           main] s.g.m.s.m.a.ScDefaultMonitorInterceptor  : Stop executing the springfox.documentation.schema.property.ModelSpecificationFactory.create method
2025-06-11 12:06:55.936  INFO 1 --- [           main] s.g.m.s.m.a.ScDefaultMonitorInterceptor  : Start executing the springfox.documentation.schema.property.ModelSpecificationFactory.create method
2025-06-11 12:06:55.936  INFO 1 --- [           main] s.g.m.s.m.a.ScDefaultMonitorInterceptor  : Stop executing the springfox.documentation.schema.property.ModelSpecificationFactory.create method
2025-06-11 12:06:55.936  INFO 1 --- [           main] s.g.m.s.m.a.ScDefaultMonitorInterceptor  : Start executing the springfox.documentation.schema.property.ModelSpecificationFactory.create method
2025-06-11 12:06:55.936  INFO 1 --- [           main] s.g.m.s.m.a.ScDefaultMonitorInterceptor  : Stop executing the springfox.documentation.schema.property.ModelSpecificationFactory.create method
2025-06-11 12:06:55.936  INFO 1 --- [           main] s.g.m.s.m.a.ScDefaultMonitorInterceptor  : Start executing the springfox.documentation.schema.property.ModelSpecificationFactory.create method
2025-06-11 12:06:55.936  INFO 1 --- [           main] s.g.m.s.m.a.ScDefaultMonitorInterceptor  : Stop executing the springfox.documentation.schema.property.ModelSpecificationFactory.create method
2025-06-11 12:06:55.937  INFO 1 --- [           main] s.g.m.s.m.a.ScDefaultMonitorInterceptor  : Start executing the springfox.documentation.schema.property.ModelSpecificationFactory.create method
2025-06-11 12:06:55.937  INFO 1 --- [           main] s.g.m.s.m.a.ScDefaultMonitorInterceptor  : Stop executing the springfox.documentation.schema.property.ModelSpecificationFactory.create method
2025-06-11 12:06:55.937  INFO 1 --- [           main] s.g.m.s.m.a.ScDefaultMonitorInterceptor  : Start executing the springfox.documentation.schema.property.ModelSpecificationFactory.create method
2025-06-11 12:06:55.937  INFO 1 --- [           main] s.g.m.s.m.a.ScDefaultMonitorInterceptor  : Stop executing the springfox.documentation.schema.property.ModelSpecificationFactory.create method
2025-06-11 12:06:55.937  INFO 1 --- [           main] s.g.m.s.m.a.ScDefaultMonitorInterceptor  : Start executing the springfox.documentation.schema.property.ModelSpecificationFactory.create method
2025-06-11 12:06:55.937  INFO 1 --- [           main] s.g.m.s.m.a.ScDefaultMonitorInterceptor  : Stop executing the springfox.documentation.schema.property.ModelSpecificationFactory.create method
2025-06-11 12:06:55.937  INFO 1 --- [           main] s.g.m.s.m.a.ScDefaultMonitorInterceptor  : Start executing the springfox.documentation.schema.property.ModelSpecificationFactory.create method
2025-06-11 12:06:55.937  INFO 1 --- [           main] s.g.m.s.m.a.ScDefaultMonitorInterceptor  : Stop executing the springfox.documentation.schema.property.ModelSpecificationFactory.create method
2025-06-11 12:06:55.945  INFO 1 --- [           main] s.g.m.s.m.a.ScDefaultMonitorInterceptor  : Start executing the springfox.documentation.schema.property.ModelSpecificationFactory.create method
2025-06-11 12:06:55.945  INFO 1 --- [           main] s.g.m.s.m.a.ScDefaultMonitorInterceptor  : Stop executing the springfox.documentation.schema.property.ModelSpecificationFactory.create method
2025-06-11 12:06:55.945  INFO 1 --- [           main] s.g.m.s.m.a.ScDefaultMonitorInterceptor  : Start executing the springfox.documentation.schema.property.ModelSpecificationFactory.create method
2025-06-11 12:06:55.945  INFO 1 --- [           main] s.g.m.s.m.a.ScDefaultMonitorInterceptor  : Stop executing the springfox.documentation.schema.property.ModelSpecificationFactory.create method
2025-06-11 12:06:55.945  INFO 1 --- [           main] s.g.m.s.m.a.ScDefaultMonitorInterceptor  : Start executing the springfox.documentation.schema.property.ModelSpecificationFactory.create method
2025-06-11 12:06:55.945  INFO 1 --- [           main] s.g.m.s.m.a.ScDefaultMonitorInterceptor  : Stop executing the springfox.documentation.schema.property.ModelSpecificationFactory.create method
2025-06-11 12:06:55.945  INFO 1 --- [           main] s.g.m.s.m.a.ScDefaultMonitorInterceptor  : Start executing the springfox.documentation.schema.property.ModelSpecificationFactory.create method
2025-06-11 12:06:55.945  INFO 1 --- [           main] s.g.m.s.m.a.ScDefaultMonitorInterceptor  : Stop executing the springfox.documentation.schema.property.ModelSpecificationFactory.create method
2025-06-11 12:06:55.945  INFO 1 --- [           main] s.g.m.s.m.a.ScDefaultMonitorInterceptor  : Start executing the springfox.documentation.schema.property.ModelSpecificationFactory.create method
2025-06-11 12:06:55.945  INFO 1 --- [           main] s.g.m.s.m.a.ScDefaultMonitorInterceptor  : Stop executing the springfox.documentation.schema.property.ModelSpecificationFactory.create method
2025-06-11 12:06:55.945  INFO 1 --- [           main] s.g.m.s.m.a.ScDefaultMonitorInterceptor  : Start executing the springfox.documentation.schema.property.ModelSpecificationFactory.create method
2025-06-11 12:06:55.946  INFO 1 --- [           main] s.g.m.s.m.a.ScDefaultMonitorInterceptor  : Stop executing the springfox.documentation.schema.property.ModelSpecificationFactory.create method
2025-06-11 12:06:55.946  INFO 1 --- [           main] s.g.m.s.m.a.ScDefaultMonitorInterceptor  : Start executing the springfox.documentation.schema.property.ModelSpecificationFactory.create method
2025-06-11 12:06:55.946  INFO 1 --- [           main] s.g.m.s.m.a.ScDefaultMonitorInterceptor  : Stop executing the springfox.documentation.schema.property.ModelSpecificationFactory.create method
2025-06-11 12:06:55.946  INFO 1 --- [           main] s.g.m.s.m.a.ScDefaultMonitorInterceptor  : Start executing the springfox.documentation.schema.property.ModelSpecificationFactory.create method
2025-06-11 12:06:55.946  INFO 1 --- [           main] s.g.m.s.m.a.ScDefaultMonitorInterceptor  : Stop executing the springfox.documentation.schema.property.ModelSpecificationFactory.create method
2025-06-11 12:06:55.946  INFO 1 --- [           main] s.g.m.s.m.a.ScDefaultMonitorInterceptor  : Start executing the springfox.documentation.schema.property.ModelSpecificationFactory.create method
2025-06-11 12:06:55.946  INFO 1 --- [           main] s.g.m.s.m.a.ScDefaultMonitorInterceptor  : Stop executing the springfox.documentation.schema.property.ModelSpecificationFactory.create method
2025-06-11 12:06:55.946  INFO 1 --- [           main] s.g.m.s.m.a.ScDefaultMonitorInterceptor  : Start executing the springfox.documentation.schema.property.ModelSpecificationFactory.create method
2025-06-11 12:06:55.946  INFO 1 --- [           main] s.g.m.s.m.a.ScDefaultMonitorInterceptor  : Stop executing the springfox.documentation.schema.property.ModelSpecificationFactory.create method
2025-06-11 12:06:55.946  INFO 1 --- [           main] s.g.m.s.m.a.ScDefaultMonitorInterceptor  : Start executing the springfox.documentation.schema.property.ModelSpecificationFactory.create method
2025-06-11 12:06:55.946  INFO 1 --- [           main] s.g.m.s.m.a.ScDefaultMonitorInterceptor  : Stop executing the springfox.documentation.schema.property.ModelSpecificationFactory.create method
2025-06-11 12:06:55.946  INFO 1 --- [           main] s.g.m.s.m.a.ScDefaultMonitorInterceptor  : Start executing the springfox.documentation.schema.property.ModelSpecificationFactory.create method
2025-06-11 12:06:55.946  INFO 1 --- [           main] s.g.m.s.m.a.ScDefaultMonitorInterceptor  : Stop executing the springfox.documentation.schema.property.ModelSpecificationFactory.create method
2025-06-11 12:06:55.947  INFO 1 --- [           main] s.g.m.s.m.a.ScDefaultMonitorInterceptor  : Start executing the springfox.documentation.schema.property.ModelSpecificationFactory.create method
2025-06-11 12:06:55.947  INFO 1 --- [           main] s.g.m.s.m.a.ScDefaultMonitorInterceptor  : Stop executing the springfox.documentation.schema.property.ModelSpecificationFactory.create method
2025-06-11 12:06:55.947  INFO 1 --- [           main] s.g.m.s.m.a.ScDefaultMonitorInterceptor  : Start executing the springfox.documentation.schema.property.ModelSpecificationFactory.create method
2025-06-11 12:06:55.947  INFO 1 --- [           main] s.g.m.s.m.a.ScDefaultMonitorInterceptor  : Stop executing the springfox.documentation.schema.property.ModelSpecificationFactory.create method
2025-06-11 12:06:55.947  INFO 1 --- [           main] s.g.m.s.m.a.ScDefaultMonitorInterceptor  : Start executing the springfox.documentation.schema.property.ModelSpecificationFactory.create method
2025-06-11 12:06:55.947  INFO 1 --- [           main] s.g.m.s.m.a.ScDefaultMonitorInterceptor  : Stop executing the springfox.documentation.schema.property.ModelSpecificationFactory.create method
2025-06-11 12:06:55.947  INFO 1 --- [           main] s.g.m.s.m.a.ScDefaultMonitorInterceptor  : Start executing the springfox.documentation.schema.property.ModelSpecificationFactory.create method
2025-06-11 12:06:55.947  INFO 1 --- [           main] s.g.m.s.m.a.ScDefaultMonitorInterceptor  : Stop executing the springfox.documentation.schema.property.ModelSpecificationFactory.create method
2025-06-11 12:06:55.947  INFO 1 --- [           main] s.g.m.s.m.a.ScDefaultMonitorInterceptor  : Start executing the springfox.documentation.schema.property.ModelSpecificationFactory.create method
2025-06-11 12:06:55.947  INFO 1 --- [           main] s.g.m.s.m.a.ScDefaultMonitorInterceptor  : Stop executing the springfox.documentation.schema.property.ModelSpecificationFactory.create method
2025-06-11 12:06:55.956  INFO 1 --- [           main] s.g.m.s.m.a.ScDefaultMonitorInterceptor  : Start executing the springfox.documentation.schema.property.ModelSpecificationFactory.create method
2025-06-11 12:06:55.956  INFO 1 --- [           main] s.g.m.s.m.a.ScDefaultMonitorInterceptor  : Stop executing the springfox.documentation.schema.property.ModelSpecificationFactory.create method
2025-06-11 12:06:55.956  INFO 1 --- [           main] s.g.m.s.m.a.ScDefaultMonitorInterceptor  : Start executing the springfox.documentation.schema.property.ModelSpecificationFactory.create method
2025-06-11 12:06:55.956  INFO 1 --- [           main] s.g.m.s.m.a.ScDefaultMonitorInterceptor  : Stop executing the springfox.documentation.schema.property.ModelSpecificationFactory.create method
2025-06-11 12:06:55.956  INFO 1 --- [           main] s.g.m.s.m.a.ScDefaultMonitorInterceptor  : Start executing the springfox.documentation.schema.property.ModelSpecificationFactory.create method
2025-06-11 12:06:55.956  INFO 1 --- [           main] s.g.m.s.m.a.ScDefaultMonitorInterceptor  : Stop executing the springfox.documentation.schema.property.ModelSpecificationFactory.create method
2025-06-11 12:06:55.956  INFO 1 --- [           main] s.g.m.s.m.a.ScDefaultMonitorInterceptor  : Start executing the springfox.documentation.schema.property.ModelSpecificationFactory.create method
2025-06-11 12:06:55.956  INFO 1 --- [           main] s.g.m.s.m.a.ScDefaultMonitorInterceptor  : Stop executing the springfox.documentation.schema.property.ModelSpecificationFactory.create method
2025-06-11 12:06:55.956  INFO 1 --- [           main] s.g.m.s.m.a.ScDefaultMonitorInterceptor  : Start executing the springfox.documentation.schema.property.ModelSpecificationFactory.create method
2025-06-11 12:06:55.956  INFO 1 --- [           main] s.g.m.s.m.a.ScDefaultMonitorInterceptor  : Stop executing the springfox.documentation.schema.property.ModelSpecificationFactory.create method
2025-06-11 12:06:55.956  INFO 1 --- [           main] s.g.m.s.m.a.ScDefaultMonitorInterceptor  : Start executing the springfox.documentation.schema.property.ModelSpecificationFactory.create method
2025-06-11 12:06:55.956  INFO 1 --- [           main] s.g.m.s.m.a.ScDefaultMonitorInterceptor  : Stop executing the springfox.documentation.schema.property.ModelSpecificationFactory.create method
2025-06-11 12:06:55.956  INFO 1 --- [           main] s.g.m.s.m.a.ScDefaultMonitorInterceptor  : Start executing the springfox.documentation.schema.property.ModelSpecificationFactory.create method
2025-06-11 12:06:55.957  INFO 1 --- [           main] s.g.m.s.m.a.ScDefaultMonitorInterceptor  : Stop executing the springfox.documentation.schema.property.ModelSpecificationFactory.create method
2025-06-11 12:06:55.957  INFO 1 --- [           main] s.g.m.s.m.a.ScDefaultMonitorInterceptor  : Start executing the springfox.documentation.schema.property.ModelSpecificationFactory.create method
2025-06-11 12:06:55.957  INFO 1 --- [           main] s.g.m.s.m.a.ScDefaultMonitorInterceptor  : Stop executing the springfox.documentation.schema.property.ModelSpecificationFactory.create method
2025-06-11 12:06:55.957  INFO 1 --- [           main] s.g.m.s.m.a.ScDefaultMonitorInterceptor  : Start executing the springfox.documentation.schema.property.ModelSpecificationFactory.create method
2025-06-11 12:06:55.957  INFO 1 --- [           main] s.g.m.s.m.a.ScDefaultMonitorInterceptor  : Stop executing the springfox.documentation.schema.property.ModelSpecificationFactory.create method
2025-06-11 12:06:55.958  INFO 1 --- [           main] s.g.m.s.m.a.ScDefaultMonitorInterceptor  : Start executing the springfox.documentation.schema.property.ModelSpecificationFactory.create method
2025-06-11 12:06:55.958  INFO 1 --- [           main] s.g.m.s.m.a.ScDefaultMonitorInterceptor  : Stop executing the springfox.documentation.schema.property.ModelSpecificationFactory.create method
2025-06-11 12:06:55.959  INFO 1 --- [           main] s.g.m.s.m.a.ScDefaultMonitorInterceptor  : Start executing the springfox.documentation.schema.property.ModelSpecificationFactory.create method
2025-06-11 12:06:55.959  INFO 1 --- [           main] s.g.m.s.m.a.ScDefaultMonitorInterceptor  : Stop executing the springfox.documentation.schema.property.ModelSpecificationFactory.create method
2025-06-11 12:06:55.959  INFO 1 --- [           main] s.g.m.s.m.a.ScDefaultMonitorInterceptor  : Start executing the springfox.documentation.schema.property.ModelSpecificationFactory.create method
2025-06-11 12:06:55.959  INFO 1 --- [           main] s.g.m.s.m.a.ScDefaultMonitorInterceptor  : Stop executing the springfox.documentation.schema.property.ModelSpecificationFactory.create method
2025-06-11 12:06:55.959  INFO 1 --- [           main] s.g.m.s.m.a.ScDefaultMonitorInterceptor  : Start executing the springfox.documentation.schema.property.ModelSpecificationFactory.create method
2025-06-11 12:06:55.959  INFO 1 --- [           main] s.g.m.s.m.a.ScDefaultMonitorInterceptor  : Stop executing the springfox.documentation.schema.property.ModelSpecificationFactory.create method
2025-06-11 12:06:55.959  INFO 1 --- [           main] s.g.m.s.m.a.ScDefaultMonitorInterceptor  : Start executing the springfox.documentation.schema.property.ModelSpecificationFactory.create method
2025-06-11 12:06:55.959  INFO 1 --- [           main] s.g.m.s.m.a.ScDefaultMonitorInterceptor  : Stop executing the springfox.documentation.schema.property.ModelSpecificationFactory.create method
2025-06-11 12:06:55.959  INFO 1 --- [           main] s.g.m.s.m.a.ScDefaultMonitorInterceptor  : Start executing the springfox.documentation.schema.property.ModelSpecificationFactory.create method
2025-06-11 12:06:55.959  INFO 1 --- [           main] s.g.m.s.m.a.ScDefaultMonitorInterceptor  : Stop executing the springfox.documentation.schema.property.ModelSpecificationFactory.create method
2025-06-11 12:06:55.959  INFO 1 --- [           main] s.g.m.s.m.a.ScDefaultMonitorInterceptor  : Start executing the springfox.documentation.schema.property.ModelSpecificationFactory.create method
2025-06-11 12:06:55.959  INFO 1 --- [           main] s.g.m.s.m.a.ScDefaultMonitorInterceptor  : Stop executing the springfox.documentation.schema.property.ModelSpecificationFactory.create method
2025-06-11 12:06:55.961  INFO 1 --- [           main] s.g.m.s.m.a.ScDefaultMonitorInterceptor  : Start executing the springfox.documentation.schema.property.ModelSpecificationFactory.create method
2025-06-11 12:06:55.961  INFO 1 --- [           main] s.g.m.s.m.a.ScDefaultMonitorInterceptor  : Stop executing the springfox.documentation.schema.property.ModelSpecificationFactory.create method
2025-06-11 12:06:55.961  INFO 1 --- [           main] s.g.m.s.m.a.ScDefaultMonitorInterceptor  : Start executing the springfox.documentation.schema.property.ModelSpecificationFactory.create method
2025-06-11 12:06:55.961  INFO 1 --- [           main] s.g.m.s.m.a.ScDefaultMonitorInterceptor  : Stop executing the springfox.documentation.schema.property.ModelSpecificationFactory.create method
2025-06-11 12:06:55.962  INFO 1 --- [           main] s.g.m.s.m.a.ScDefaultMonitorInterceptor  : Start executing the springfox.documentation.schema.property.ModelSpecificationFactory.create method
2025-06-11 12:06:55.962  INFO 1 --- [           main] s.g.m.s.m.a.ScDefaultMonitorInterceptor  : Stop executing the springfox.documentation.schema.property.ModelSpecificationFactory.create method
2025-06-11 12:06:56.023  INFO 1 --- [           main] s.g.m.s.m.a.ScDefaultMonitorInterceptor  : Start executing the springfox.documentation.schema.property.ModelSpecificationFactory.create method
2025-06-11 12:06:56.023  INFO 1 --- [           main] s.g.m.s.m.a.ScDefaultMonitorInterceptor  : Stop executing the springfox.documentation.schema.property.ModelSpecificationFactory.create method
2025-06-11 12:06:56.023  INFO 1 --- [           main] s.g.m.s.m.a.ScDefaultMonitorInterceptor  : Start executing the springfox.documentation.schema.property.ModelSpecificationFactory.create method
2025-06-11 12:06:56.023  INFO 1 --- [           main] s.g.m.s.m.a.ScDefaultMonitorInterceptor  : Stop executing the springfox.documentation.schema.property.ModelSpecificationFactory.create method
2025-06-11 12:06:56.024  INFO 1 --- [           main] s.g.m.s.m.a.ScDefaultMonitorInterceptor  : Start executing the springfox.documentation.schema.property.ModelSpecificationFactory.create method
2025-06-11 12:06:56.024  INFO 1 --- [           main] s.g.m.s.m.a.ScDefaultMonitorInterceptor  : Stop executing the springfox.documentation.schema.property.ModelSpecificationFactory.create method
2025-06-11 12:06:56.026  INFO 1 --- [           main] s.g.m.s.m.a.ScDefaultMonitorInterceptor  : Start executing the springfox.documentation.schema.property.ModelSpecificationFactory.create method
2025-06-11 12:06:56.026  INFO 1 --- [           main] s.g.m.s.m.a.ScDefaultMonitorInterceptor  : Stop executing the springfox.documentation.schema.property.ModelSpecificationFactory.create method
2025-06-11 12:06:56.027  INFO 1 --- [           main] s.g.m.s.m.a.ScDefaultMonitorInterceptor  : Start executing the springfox.documentation.schema.property.ModelSpecificationFactory.create method
2025-06-11 12:06:56.027  INFO 1 --- [           main] s.g.m.s.m.a.ScDefaultMonitorInterceptor  : Stop executing the springfox.documentation.schema.property.ModelSpecificationFactory.create method
2025-06-11 12:06:56.027  INFO 1 --- [           main] s.g.m.s.m.a.ScDefaultMonitorInterceptor  : Start executing the springfox.documentation.schema.property.ModelSpecificationFactory.create method
2025-06-11 12:06:56.027  INFO 1 --- [           main] s.g.m.s.m.a.ScDefaultMonitorInterceptor  : Stop executing the springfox.documentation.schema.property.ModelSpecificationFactory.create method
2025-06-11 12:06:56.029  INFO 1 --- [           main] s.g.m.s.m.a.ScDefaultMonitorInterceptor  : Start executing the springfox.documentation.schema.property.ModelSpecificationFactory.create method
2025-06-11 12:06:56.029  INFO 1 --- [           main] s.g.m.s.m.a.ScDefaultMonitorInterceptor  : Stop executing the springfox.documentation.schema.property.ModelSpecificationFactory.create method
2025-06-11 12:06:56.029  INFO 1 --- [           main] s.g.m.s.m.a.ScDefaultMonitorInterceptor  : Start executing the springfox.documentation.schema.property.ModelSpecificationFactory.create method
2025-06-11 12:06:56.029  INFO 1 --- [           main] s.g.m.s.m.a.ScDefaultMonitorInterceptor  : Stop executing the springfox.documentation.schema.property.ModelSpecificationFactory.create method
2025-06-11 12:06:56.030  INFO 1 --- [           main] s.g.m.s.m.a.ScDefaultMonitorInterceptor  : Start executing the springfox.documentation.schema.property.ModelSpecificationFactory.create method
2025-06-11 12:06:56.030  INFO 1 --- [           main] s.g.m.s.m.a.ScDefaultMonitorInterceptor  : Stop executing the springfox.documentation.schema.property.ModelSpecificationFactory.create method
2025-06-11 12:06:56.032  INFO 1 --- [           main] s.g.m.s.m.a.ScDefaultMonitorInterceptor  : Start executing the springfox.documentation.schema.property.ModelSpecificationFactory.create method
2025-06-11 12:06:56.032  INFO 1 --- [           main] s.g.m.s.m.a.ScDefaultMonitorInterceptor  : Stop executing the springfox.documentation.schema.property.ModelSpecificationFactory.create method
2025-06-11 12:06:56.033  INFO 1 --- [           main] s.g.m.s.m.a.ScDefaultMonitorInterceptor  : Start executing the springfox.documentation.schema.property.ModelSpecificationFactory.create method
2025-06-11 12:06:56.033  INFO 1 --- [           main] s.g.m.s.m.a.ScDefaultMonitorInterceptor  : Stop executing the springfox.documentation.schema.property.ModelSpecificationFactory.create method
2025-06-11 12:06:56.033  INFO 1 --- [           main] s.g.m.s.m.a.ScDefaultMonitorInterceptor  : Start executing the springfox.documentation.schema.property.ModelSpecificationFactory.create method
2025-06-11 12:06:56.033  INFO 1 --- [           main] s.g.m.s.m.a.ScDefaultMonitorInterceptor  : Stop executing the springfox.documentation.schema.property.ModelSpecificationFactory.create method
2025-06-11 12:06:56.034  INFO 1 --- [           main] s.g.m.s.m.a.ScDefaultMonitorInterceptor  : Start executing the springfox.documentation.schema.property.ModelSpecificationFactory.create method
2025-06-11 12:06:56.034  INFO 1 --- [           main] s.g.m.s.m.a.ScDefaultMonitorInterceptor  : Stop executing the springfox.documentation.schema.property.ModelSpecificationFactory.create method
2025-06-11 12:06:56.034  INFO 1 --- [           main] s.g.m.s.m.a.ScDefaultMonitorInterceptor  : Start executing the springfox.documentation.schema.property.ModelSpecificationFactory.create method
2025-06-11 12:06:56.034  INFO 1 --- [           main] s.g.m.s.m.a.ScDefaultMonitorInterceptor  : Stop executing the springfox.documentation.schema.property.ModelSpecificationFactory.create method
2025-06-11 12:06:56.035  INFO 1 --- [           main] s.g.m.s.m.a.ScDefaultMonitorInterceptor  : Start executing the springfox.documentation.schema.property.ModelSpecificationFactory.create method
2025-06-11 12:06:56.035  INFO 1 --- [           main] s.g.m.s.m.a.ScDefaultMonitorInterceptor  : Stop executing the springfox.documentation.schema.property.ModelSpecificationFactory.create method
2025-06-11 12:06:56.035  INFO 1 --- [           main] s.g.m.s.m.a.ScDefaultMonitorInterceptor  : Start executing the springfox.documentation.schema.property.ModelSpecificationFactory.create method
2025-06-11 12:06:56.035  INFO 1 --- [           main] s.g.m.s.m.a.ScDefaultMonitorInterceptor  : Stop executing the springfox.documentation.schema.property.ModelSpecificationFactory.create method
2025-06-11 12:06:56.039  INFO 1 --- [           main] s.g.m.s.m.a.ScDefaultMonitorInterceptor  : Start executing the springfox.documentation.schema.property.ModelSpecificationFactory.create method
2025-06-11 12:06:56.039  INFO 1 --- [           main] s.g.m.s.m.a.ScDefaultMonitorInterceptor  : Stop executing the springfox.documentation.schema.property.ModelSpecificationFactory.create method
2025-06-11 12:06:56.039  INFO 1 --- [           main] s.g.m.s.m.a.ScDefaultMonitorInterceptor  : Start executing the springfox.documentation.schema.property.ModelSpecificationFactory.create method
2025-06-11 12:06:56.039  INFO 1 --- [           main] s.g.m.s.m.a.ScDefaultMonitorInterceptor  : Stop executing the springfox.documentation.schema.property.ModelSpecificationFactory.create method
2025-06-11 12:06:56.039  INFO 1 --- [           main] s.g.m.s.m.a.ScDefaultMonitorInterceptor  : Start executing the springfox.documentation.schema.property.ModelSpecificationFactory.create method
2025-06-11 12:06:56.039  INFO 1 --- [           main] s.g.m.s.m.a.ScDefaultMonitorInterceptor  : Stop executing the springfox.documentation.schema.property.ModelSpecificationFactory.create method
2025-06-11 12:06:56.039  INFO 1 --- [           main] s.g.m.s.m.a.ScDefaultMonitorInterceptor  : Start executing the springfox.documentation.schema.property.ModelSpecificationFactory.create method
2025-06-11 12:06:56.039  INFO 1 --- [           main] s.g.m.s.m.a.ScDefaultMonitorInterceptor  : Stop executing the springfox.documentation.schema.property.ModelSpecificationFactory.create method
2025-06-11 12:06:56.039  INFO 1 --- [           main] s.g.m.s.m.a.ScDefaultMonitorInterceptor  : Start executing the springfox.documentation.schema.property.ModelSpecificationFactory.create method
2025-06-11 12:06:56.039  INFO 1 --- [           main] s.g.m.s.m.a.ScDefaultMonitorInterceptor  : Stop executing the springfox.documentation.schema.property.ModelSpecificationFactory.create method
2025-06-11 12:06:56.039  INFO 1 --- [           main] s.g.m.s.m.a.ScDefaultMonitorInterceptor  : Start executing the springfox.documentation.schema.property.ModelSpecificationFactory.create method
2025-06-11 12:06:56.039  INFO 1 --- [           main] s.g.m.s.m.a.ScDefaultMonitorInterceptor  : Stop executing the springfox.documentation.schema.property.ModelSpecificationFactory.create method
2025-06-11 12:06:56.040  INFO 1 --- [           main] s.g.m.s.m.a.ScDefaultMonitorInterceptor  : Start executing the springfox.documentation.schema.property.ModelSpecificationFactory.create method
2025-06-11 12:06:56.040  INFO 1 --- [           main] s.g.m.s.m.a.ScDefaultMonitorInterceptor  : Stop executing the springfox.documentation.schema.property.ModelSpecificationFactory.create method
2025-06-11 12:06:56.040  INFO 1 --- [           main] s.g.m.s.m.a.ScDefaultMonitorInterceptor  : Start executing the springfox.documentation.schema.property.ModelSpecificationFactory.create method
2025-06-11 12:06:56.040  INFO 1 --- [           main] s.g.m.s.m.a.ScDefaultMonitorInterceptor  : Stop executing the springfox.documentation.schema.property.ModelSpecificationFactory.create method
2025-06-11 12:06:56.040  INFO 1 --- [           main] s.g.m.s.m.a.ScDefaultMonitorInterceptor  : Start executing the springfox.documentation.schema.property.ModelSpecificationFactory.create method
2025-06-11 12:06:56.040  INFO 1 --- [           main] s.g.m.s.m.a.ScDefaultMonitorInterceptor  : Stop executing the springfox.documentation.schema.property.ModelSpecificationFactory.create method
2025-06-11 12:06:56.040  INFO 1 --- [           main] s.g.m.s.m.a.ScDefaultMonitorInterceptor  : Start executing the springfox.documentation.schema.property.ModelSpecificationFactory.create method
2025-06-11 12:06:56.040  INFO 1 --- [           main] s.g.m.s.m.a.ScDefaultMonitorInterceptor  : Stop executing the springfox.documentation.schema.property.ModelSpecificationFactory.create method
2025-06-11 12:06:56.040  INFO 1 --- [           main] s.g.m.s.m.a.ScDefaultMonitorInterceptor  : Start executing the springfox.documentation.schema.property.ModelSpecificationFactory.create method
2025-06-11 12:06:56.040  INFO 1 --- [           main] s.g.m.s.m.a.ScDefaultMonitorInterceptor  : Stop executing the springfox.documentation.schema.property.ModelSpecificationFactory.create method
2025-06-11 12:06:56.040  INFO 1 --- [           main] s.g.m.s.m.a.ScDefaultMonitorInterceptor  : Start executing the springfox.documentation.schema.property.ModelSpecificationFactory.create method
2025-06-11 12:06:56.040  INFO 1 --- [           main] s.g.m.s.m.a.ScDefaultMonitorInterceptor  : Stop executing the springfox.documentation.schema.property.ModelSpecificationFactory.create method
2025-06-11 12:06:56.040  INFO 1 --- [           main] s.g.m.s.m.a.ScDefaultMonitorInterceptor  : Start executing the springfox.documentation.schema.property.ModelSpecificationFactory.create method
2025-06-11 12:06:56.040  INFO 1 --- [           main] s.g.m.s.m.a.ScDefaultMonitorInterceptor  : Stop executing the springfox.documentation.schema.property.ModelSpecificationFactory.create method
2025-06-11 12:06:56.040  INFO 1 --- [           main] s.g.m.s.m.a.ScDefaultMonitorInterceptor  : Start executing the springfox.documentation.schema.property.ModelSpecificationFactory.create method
2025-06-11 12:06:56.040  INFO 1 --- [           main] s.g.m.s.m.a.ScDefaultMonitorInterceptor  : Stop executing the springfox.documentation.schema.property.ModelSpecificationFactory.create method
2025-06-11 12:06:56.040  INFO 1 --- [           main] s.g.m.s.m.a.ScDefaultMonitorInterceptor  : Start executing the springfox.documentation.schema.property.ModelSpecificationFactory.create method
2025-06-11 12:06:56.040  INFO 1 --- [           main] s.g.m.s.m.a.ScDefaultMonitorInterceptor  : Stop executing the springfox.documentation.schema.property.ModelSpecificationFactory.create method
2025-06-11 12:06:56.040  INFO 1 --- [           main] s.g.m.s.m.a.ScDefaultMonitorInterceptor  : Start executing the springfox.documentation.schema.property.ModelSpecificationFactory.create method
2025-06-11 12:06:56.040  INFO 1 --- [           main] s.g.m.s.m.a.ScDefaultMonitorInterceptor  : Stop executing the springfox.documentation.schema.property.ModelSpecificationFactory.create method
2025-06-11 12:06:56.040  INFO 1 --- [           main] s.g.m.s.m.a.ScDefaultMonitorInterceptor  : Start executing the springfox.documentation.schema.property.ModelSpecificationFactory.create method
2025-06-11 12:06:56.040  INFO 1 --- [           main] s.g.m.s.m.a.ScDefaultMonitorInterceptor  : Stop executing the springfox.documentation.schema.property.ModelSpecificationFactory.create method
2025-06-11 12:06:56.040  INFO 1 --- [           main] s.g.m.s.m.a.ScDefaultMonitorInterceptor  : Start executing the springfox.documentation.schema.property.ModelSpecificationFactory.create method
2025-06-11 12:06:56.040  INFO 1 --- [           main] s.g.m.s.m.a.ScDefaultMonitorInterceptor  : Stop executing the springfox.documentation.schema.property.ModelSpecificationFactory.create method
2025-06-11 12:06:56.041  INFO 1 --- [           main] s.g.m.s.m.a.ScDefaultMonitorInterceptor  : Start executing the springfox.documentation.schema.property.ModelSpecificationFactory.create method
2025-06-11 12:06:56.041  INFO 1 --- [           main] s.g.m.s.m.a.ScDefaultMonitorInterceptor  : Stop executing the springfox.documentation.schema.property.ModelSpecificationFactory.create method
2025-06-11 12:06:56.041  INFO 1 --- [           main] s.g.m.s.m.a.ScDefaultMonitorInterceptor  : Start executing the springfox.documentation.schema.property.ModelSpecificationFactory.create method
2025-06-11 12:06:56.041  INFO 1 --- [           main] s.g.m.s.m.a.ScDefaultMonitorInterceptor  : Stop executing the springfox.documentation.schema.property.ModelSpecificationFactory.create method
2025-06-11 12:06:56.041  INFO 1 --- [           main] s.g.m.s.m.a.ScDefaultMonitorInterceptor  : Start executing the springfox.documentation.schema.property.ModelSpecificationFactory.create method
2025-06-11 12:06:56.041  INFO 1 --- [           main] s.g.m.s.m.a.ScDefaultMonitorInterceptor  : Stop executing the springfox.documentation.schema.property.ModelSpecificationFactory.create method
2025-06-11 12:06:56.041  INFO 1 --- [           main] s.g.m.s.m.a.ScDefaultMonitorInterceptor  : Start executing the springfox.documentation.schema.property.ModelSpecificationFactory.create method
2025-06-11 12:06:56.041  INFO 1 --- [           main] s.g.m.s.m.a.ScDefaultMonitorInterceptor  : Stop executing the springfox.documentation.schema.property.ModelSpecificationFactory.create method
2025-06-11 12:06:56.041  INFO 1 --- [           main] s.g.m.s.m.a.ScDefaultMonitorInterceptor  : Start executing the springfox.documentation.schema.property.ModelSpecificationFactory.create method
2025-06-11 12:06:56.041  INFO 1 --- [           main] s.g.m.s.m.a.ScDefaultMonitorInterceptor  : Stop executing the springfox.documentation.schema.property.ModelSpecificationFactory.create method
2025-06-11 12:06:56.042  INFO 1 --- [           main] s.g.m.s.m.a.ScDefaultMonitorInterceptor  : Start executing the springfox.documentation.schema.property.ModelSpecificationFactory.create method
2025-06-11 12:06:56.042  INFO 1 --- [           main] s.g.m.s.m.a.ScDefaultMonitorInterceptor  : Stop executing the springfox.documentation.schema.property.ModelSpecificationFactory.create method
2025-06-11 12:06:56.046  INFO 1 --- [           main] s.g.m.s.m.a.ScDefaultMonitorInterceptor  : Start executing the springfox.documentation.schema.property.ModelSpecificationFactory.create method
2025-06-11 12:06:56.046  INFO 1 --- [           main] s.g.m.s.m.a.ScDefaultMonitorInterceptor  : Stop executing the springfox.documentation.schema.property.ModelSpecificationFactory.create method
2025-06-11 12:06:56.046  INFO 1 --- [           main] s.g.m.s.m.a.ScDefaultMonitorInterceptor  : Start executing the springfox.documentation.schema.property.ModelSpecificationFactory.create method
2025-06-11 12:06:56.046  INFO 1 --- [           main] s.g.m.s.m.a.ScDefaultMonitorInterceptor  : Stop executing the springfox.documentation.schema.property.ModelSpecificationFactory.create method
2025-06-11 12:06:56.046  INFO 1 --- [           main] s.g.m.s.m.a.ScDefaultMonitorInterceptor  : Start executing the springfox.documentation.schema.property.ModelSpecificationFactory.create method
2025-06-11 12:06:56.046  INFO 1 --- [           main] s.g.m.s.m.a.ScDefaultMonitorInterceptor  : Stop executing the springfox.documentation.schema.property.ModelSpecificationFactory.create method
2025-06-11 12:06:56.046  INFO 1 --- [           main] s.g.m.s.m.a.ScDefaultMonitorInterceptor  : Start executing the springfox.documentation.schema.property.ModelSpecificationFactory.create method
2025-06-11 12:06:56.046  INFO 1 --- [           main] s.g.m.s.m.a.ScDefaultMonitorInterceptor  : Stop executing the springfox.documentation.schema.property.ModelSpecificationFactory.create method
2025-06-11 12:06:56.046  INFO 1 --- [           main] s.g.m.s.m.a.ScDefaultMonitorInterceptor  : Start executing the springfox.documentation.schema.property.ModelSpecificationFactory.create method
2025-06-11 12:06:56.046  INFO 1 --- [           main] s.g.m.s.m.a.ScDefaultMonitorInterceptor  : Stop executing the springfox.documentation.schema.property.ModelSpecificationFactory.create method
2025-06-11 12:06:56.046  INFO 1 --- [           main] s.g.m.s.m.a.ScDefaultMonitorInterceptor  : Start executing the springfox.documentation.schema.property.ModelSpecificationFactory.create method
2025-06-11 12:06:56.046  INFO 1 --- [           main] s.g.m.s.m.a.ScDefaultMonitorInterceptor  : Stop executing the springfox.documentation.schema.property.ModelSpecificationFactory.create method
2025-06-11 12:06:56.047  INFO 1 --- [           main] s.g.m.s.m.a.ScDefaultMonitorInterceptor  : Start executing the springfox.documentation.schema.property.ModelSpecificationFactory.create method
2025-06-11 12:06:56.047  INFO 1 --- [           main] s.g.m.s.m.a.ScDefaultMonitorInterceptor  : Stop executing the springfox.documentation.schema.property.ModelSpecificationFactory.create method
2025-06-11 12:06:56.047  INFO 1 --- [           main] s.g.m.s.m.a.ScDefaultMonitorInterceptor  : Start executing the springfox.documentation.schema.property.ModelSpecificationFactory.create method
2025-06-11 12:06:56.047  INFO 1 --- [           main] s.g.m.s.m.a.ScDefaultMonitorInterceptor  : Stop executing the springfox.documentation.schema.property.ModelSpecificationFactory.create method
2025-06-11 12:06:56.047  INFO 1 --- [           main] s.g.m.s.m.a.ScDefaultMonitorInterceptor  : Start executing the springfox.documentation.schema.property.ModelSpecificationFactory.create method
2025-06-11 12:06:56.047  INFO 1 --- [           main] s.g.m.s.m.a.ScDefaultMonitorInterceptor  : Stop executing the springfox.documentation.schema.property.ModelSpecificationFactory.create method
2025-06-11 12:06:56.047  INFO 1 --- [           main] s.g.m.s.m.a.ScDefaultMonitorInterceptor  : Start executing the springfox.documentation.schema.property.ModelSpecificationFactory.create method
2025-06-11 12:06:56.047  INFO 1 --- [           main] s.g.m.s.m.a.ScDefaultMonitorInterceptor  : Stop executing the springfox.documentation.schema.property.ModelSpecificationFactory.create method
2025-06-11 12:06:56.047  INFO 1 --- [           main] s.g.m.s.m.a.ScDefaultMonitorInterceptor  : Start executing the springfox.documentation.schema.property.ModelSpecificationFactory.create method
2025-06-11 12:06:56.047  INFO 1 --- [           main] s.g.m.s.m.a.ScDefaultMonitorInterceptor  : Stop executing the springfox.documentation.schema.property.ModelSpecificationFactory.create method
2025-06-11 12:06:56.047  INFO 1 --- [           main] s.g.m.s.m.a.ScDefaultMonitorInterceptor  : Start executing the springfox.documentation.schema.property.ModelSpecificationFactory.create method
2025-06-11 12:06:56.047  INFO 1 --- [           main] s.g.m.s.m.a.ScDefaultMonitorInterceptor  : Stop executing the springfox.documentation.schema.property.ModelSpecificationFactory.create method
2025-06-11 12:06:56.047  INFO 1 --- [           main] s.g.m.s.m.a.ScDefaultMonitorInterceptor  : Start executing the springfox.documentation.schema.property.ModelSpecificationFactory.create method
2025-06-11 12:06:56.047  INFO 1 --- [           main] s.g.m.s.m.a.ScDefaultMonitorInterceptor  : Stop executing the springfox.documentation.schema.property.ModelSpecificationFactory.create method
2025-06-11 12:06:56.047  INFO 1 --- [           main] s.g.m.s.m.a.ScDefaultMonitorInterceptor  : Start executing the springfox.documentation.schema.property.ModelSpecificationFactory.create method
2025-06-11 12:06:56.047  INFO 1 --- [           main] s.g.m.s.m.a.ScDefaultMonitorInterceptor  : Stop executing the springfox.documentation.schema.property.ModelSpecificationFactory.create method
2025-06-11 12:06:56.047  INFO 1 --- [           main] s.g.m.s.m.a.ScDefaultMonitorInterceptor  : Start executing the springfox.documentation.schema.property.ModelSpecificationFactory.create method
2025-06-11 12:06:56.047  INFO 1 --- [           main] s.g.m.s.m.a.ScDefaultMonitorInterceptor  : Stop executing the springfox.documentation.schema.property.ModelSpecificationFactory.create method
2025-06-11 12:06:56.047  INFO 1 --- [           main] s.g.m.s.m.a.ScDefaultMonitorInterceptor  : Start executing the springfox.documentation.schema.property.ModelSpecificationFactory.create method
2025-06-11 12:06:56.047  INFO 1 --- [           main] s.g.m.s.m.a.ScDefaultMonitorInterceptor  : Stop executing the springfox.documentation.schema.property.ModelSpecificationFactory.create method
2025-06-11 12:06:56.047  INFO 1 --- [           main] s.g.m.s.m.a.ScDefaultMonitorInterceptor  : Start executing the springfox.documentation.schema.property.ModelSpecificationFactory.create method
2025-06-11 12:06:56.047  INFO 1 --- [           main] s.g.m.s.m.a.ScDefaultMonitorInterceptor  : Stop executing the springfox.documentation.schema.property.ModelSpecificationFactory.create method
2025-06-11 12:06:56.047  INFO 1 --- [           main] s.g.m.s.m.a.ScDefaultMonitorInterceptor  : Start executing the springfox.documentation.schema.property.ModelSpecificationFactory.create method
2025-06-11 12:06:56.047  INFO 1 --- [           main] s.g.m.s.m.a.ScDefaultMonitorInterceptor  : Stop executing the springfox.documentation.schema.property.ModelSpecificationFactory.create method
2025-06-11 12:06:56.048  INFO 1 --- [           main] s.g.m.s.m.a.ScDefaultMonitorInterceptor  : Start executing the springfox.documentation.schema.property.ModelSpecificationFactory.create method
2025-06-11 12:06:56.048  INFO 1 --- [           main] s.g.m.s.m.a.ScDefaultMonitorInterceptor  : Stop executing the springfox.documentation.schema.property.ModelSpecificationFactory.create method
2025-06-11 12:06:56.048  INFO 1 --- [           main] s.g.m.s.m.a.ScDefaultMonitorInterceptor  : Start executing the springfox.documentation.schema.property.ModelSpecificationFactory.create method
2025-06-11 12:06:56.048  INFO 1 --- [           main] s.g.m.s.m.a.ScDefaultMonitorInterceptor  : Stop executing the springfox.documentation.schema.property.ModelSpecificationFactory.create method
2025-06-11 12:06:56.048  INFO 1 --- [           main] s.g.m.s.m.a.ScDefaultMonitorInterceptor  : Start executing the springfox.documentation.schema.property.ModelSpecificationFactory.create method
2025-06-11 12:06:56.048  INFO 1 --- [           main] s.g.m.s.m.a.ScDefaultMonitorInterceptor  : Stop executing the springfox.documentation.schema.property.ModelSpecificationFactory.create method
2025-06-11 12:06:56.048  INFO 1 --- [           main] s.g.m.s.m.a.ScDefaultMonitorInterceptor  : Start executing the springfox.documentation.schema.property.ModelSpecificationFactory.create method
2025-06-11 12:06:56.048  INFO 1 --- [           main] s.g.m.s.m.a.ScDefaultMonitorInterceptor  : Stop executing the springfox.documentation.schema.property.ModelSpecificationFactory.create method
2025-06-11 12:06:56.048  INFO 1 --- [           main] s.g.m.s.m.a.ScDefaultMonitorInterceptor  : Start executing the springfox.documentation.schema.property.ModelSpecificationFactory.create method
2025-06-11 12:06:56.048  INFO 1 --- [           main] s.g.m.s.m.a.ScDefaultMonitorInterceptor  : Stop executing the springfox.documentation.schema.property.ModelSpecificationFactory.create method
2025-06-11 12:06:56.048  INFO 1 --- [           main] s.g.m.s.m.a.ScDefaultMonitorInterceptor  : Start executing the springfox.documentation.schema.property.ModelSpecificationFactory.create method
2025-06-11 12:06:56.048  INFO 1 --- [           main] s.g.m.s.m.a.ScDefaultMonitorInterceptor  : Stop executing the springfox.documentation.schema.property.ModelSpecificationFactory.create method
2025-06-11 12:06:56.048  INFO 1 --- [           main] s.g.m.s.m.a.ScDefaultMonitorInterceptor  : Start executing the springfox.documentation.schema.property.ModelSpecificationFactory.create method
2025-06-11 12:06:56.048  INFO 1 --- [           main] s.g.m.s.m.a.ScDefaultMonitorInterceptor  : Stop executing the springfox.documentation.schema.property.ModelSpecificationFactory.create method
2025-06-11 12:06:56.048  INFO 1 --- [           main] s.g.m.s.m.a.ScDefaultMonitorInterceptor  : Start executing the springfox.documentation.schema.property.ModelSpecificationFactory.create method
2025-06-11 12:06:56.048  INFO 1 --- [           main] s.g.m.s.m.a.ScDefaultMonitorInterceptor  : Stop executing the springfox.documentation.schema.property.ModelSpecificationFactory.create method
2025-06-11 12:06:56.048  INFO 1 --- [           main] s.g.m.s.m.a.ScDefaultMonitorInterceptor  : Start executing the springfox.documentation.schema.property.ModelSpecificationFactory.create method
2025-06-11 12:06:56.048  INFO 1 --- [           main] s.g.m.s.m.a.ScDefaultMonitorInterceptor  : Stop executing the springfox.documentation.schema.property.ModelSpecificationFactory.create method
2025-06-11 12:06:56.049  INFO 1 --- [           main] s.g.m.s.m.a.ScDefaultMonitorInterceptor  : Start executing the springfox.documentation.schema.property.ModelSpecificationFactory.create method
2025-06-11 12:06:56.049  INFO 1 --- [           main] s.g.m.s.m.a.ScDefaultMonitorInterceptor  : Stop executing the springfox.documentation.schema.property.ModelSpecificationFactory.create method
2025-06-11 12:06:56.049  INFO 1 --- [           main] s.g.m.s.m.a.ScDefaultMonitorInterceptor  : Start executing the springfox.documentation.schema.property.ModelSpecificationFactory.create method
2025-06-11 12:06:56.049  INFO 1 --- [           main] s.g.m.s.m.a.ScDefaultMonitorInterceptor  : Stop executing the springfox.documentation.schema.property.ModelSpecificationFactory.create method
2025-06-11 12:06:56.049  INFO 1 --- [           main] s.g.m.s.m.a.ScDefaultMonitorInterceptor  : Start executing the springfox.documentation.schema.property.ModelSpecificationFactory.create method
2025-06-11 12:06:56.049  INFO 1 --- [           main] s.g.m.s.m.a.ScDefaultMonitorInterceptor  : Stop executing the springfox.documentation.schema.property.ModelSpecificationFactory.create method
2025-06-11 12:06:56.049  INFO 1 --- [           main] s.g.m.s.m.a.ScDefaultMonitorInterceptor  : Start executing the springfox.documentation.schema.property.ModelSpecificationFactory.create method
2025-06-11 12:06:56.049  INFO 1 --- [           main] s.g.m.s.m.a.ScDefaultMonitorInterceptor  : Stop executing the springfox.documentation.schema.property.ModelSpecificationFactory.create method
2025-06-11 12:06:56.051  INFO 1 --- [           main] s.g.m.s.m.a.ScDefaultMonitorInterceptor  : Start executing the springfox.documentation.schema.property.ModelSpecificationFactory.create method
2025-06-11 12:06:56.051  INFO 1 --- [           main] s.g.m.s.m.a.ScDefaultMonitorInterceptor  : Stop executing the springfox.documentation.schema.property.ModelSpecificationFactory.create method
2025-06-11 12:06:56.051  INFO 1 --- [           main] s.g.m.s.m.a.ScDefaultMonitorInterceptor  : Start executing the springfox.documentation.schema.property.ModelSpecificationFactory.create method
2025-06-11 12:06:56.051  INFO 1 --- [           main] s.g.m.s.m.a.ScDefaultMonitorInterceptor  : Stop executing the springfox.documentation.schema.property.ModelSpecificationFactory.create method
2025-06-11 12:06:56.051  INFO 1 --- [           main] s.g.m.s.m.a.ScDefaultMonitorInterceptor  : Start executing the springfox.documentation.schema.property.ModelSpecificationFactory.create method
2025-06-11 12:06:56.051  INFO 1 --- [           main] s.g.m.s.m.a.ScDefaultMonitorInterceptor  : Stop executing the springfox.documentation.schema.property.ModelSpecificationFactory.create method
2025-06-11 12:06:56.051  INFO 1 --- [           main] s.g.m.s.m.a.ScDefaultMonitorInterceptor  : Start executing the springfox.documentation.schema.property.ModelSpecificationFactory.create method
2025-06-11 12:06:56.051  INFO 1 --- [           main] s.g.m.s.m.a.ScDefaultMonitorInterceptor  : Stop executing the springfox.documentation.schema.property.ModelSpecificationFactory.create method
2025-06-11 12:06:56.052  INFO 1 --- [           main] s.g.m.s.m.a.ScDefaultMonitorInterceptor  : Start executing the springfox.documentation.schema.property.ModelSpecificationFactory.create method
2025-06-11 12:06:56.052  INFO 1 --- [           main] s.g.m.s.m.a.ScDefaultMonitorInterceptor  : Stop executing the springfox.documentation.schema.property.ModelSpecificationFactory.create method
[GC (Allocation Failure) [DefNew: 50704K->2965K(53568K), 0.0104138 secs] 155628K->109003K(172360K), 0.0104437 secs] [Times: user=0.01 sys=0.00, real=0.01 secs] 
2025-06-11 12:06:56.070  INFO 1 --- [           main] s.g.m.s.m.a.ScDefaultMonitorInterceptor  : Start executing the springfox.documentation.schema.property.ModelSpecificationFactory.create method
2025-06-11 12:06:56.070  INFO 1 --- [           main] s.g.m.s.m.a.ScDefaultMonitorInterceptor  : Stop executing the springfox.documentation.schema.property.ModelSpecificationFactory.create method
2025-06-11 12:06:56.070  INFO 1 --- [           main] s.g.m.s.m.a.ScDefaultMonitorInterceptor  : Start executing the springfox.documentation.schema.property.ModelSpecificationFactory.create method
2025-06-11 12:06:56.070  INFO 1 --- [           main] s.g.m.s.m.a.ScDefaultMonitorInterceptor  : Stop executing the springfox.documentation.schema.property.ModelSpecificationFactory.create method
2025-06-11 12:06:56.070  INFO 1 --- [           main] s.g.m.s.m.a.ScDefaultMonitorInterceptor  : Start executing the springfox.documentation.schema.property.ModelSpecificationFactory.create method
2025-06-11 12:06:56.070  INFO 1 --- [           main] s.g.m.s.m.a.ScDefaultMonitorInterceptor  : Stop executing the springfox.documentation.schema.property.ModelSpecificationFactory.create method
2025-06-11 12:06:56.070  INFO 1 --- [           main] s.g.m.s.m.a.ScDefaultMonitorInterceptor  : Start executing the springfox.documentation.schema.property.ModelSpecificationFactory.create method
2025-06-11 12:06:56.070  INFO 1 --- [           main] s.g.m.s.m.a.ScDefaultMonitorInterceptor  : Stop executing the springfox.documentation.schema.property.ModelSpecificationFactory.create method
2025-06-11 12:06:56.070  INFO 1 --- [           main] s.g.m.s.m.a.ScDefaultMonitorInterceptor  : Start executing the springfox.documentation.schema.property.ModelSpecificationFactory.create method
2025-06-11 12:06:56.070  INFO 1 --- [           main] s.g.m.s.m.a.ScDefaultMonitorInterceptor  : Stop executing the springfox.documentation.schema.property.ModelSpecificationFactory.create method
2025-06-11 12:06:56.071  INFO 1 --- [           main] s.g.m.s.m.a.ScDefaultMonitorInterceptor  : Start executing the springfox.documentation.schema.property.ModelSpecificationFactory.create method
2025-06-11 12:06:56.071  INFO 1 --- [           main] s.g.m.s.m.a.ScDefaultMonitorInterceptor  : Stop executing the springfox.documentation.schema.property.ModelSpecificationFactory.create method
2025-06-11 12:06:56.071  INFO 1 --- [           main] s.g.m.s.m.a.ScDefaultMonitorInterceptor  : Start executing the springfox.documentation.schema.property.ModelSpecificationFactory.create method
2025-06-11 12:06:56.071  INFO 1 --- [           main] s.g.m.s.m.a.ScDefaultMonitorInterceptor  : Stop executing the springfox.documentation.schema.property.ModelSpecificationFactory.create method
2025-06-11 12:06:56.071  INFO 1 --- [           main] s.g.m.s.m.a.ScDefaultMonitorInterceptor  : Start executing the springfox.documentation.schema.property.ModelSpecificationFactory.create method
2025-06-11 12:06:56.071  INFO 1 --- [           main] s.g.m.s.m.a.ScDefaultMonitorInterceptor  : Stop executing the springfox.documentation.schema.property.ModelSpecificationFactory.create method
2025-06-11 12:06:56.071  INFO 1 --- [           main] s.g.m.s.m.a.ScDefaultMonitorInterceptor  : Start executing the springfox.documentation.schema.property.ModelSpecificationFactory.create method
2025-06-11 12:06:56.071  INFO 1 --- [           main] s.g.m.s.m.a.ScDefaultMonitorInterceptor  : Stop executing the springfox.documentation.schema.property.ModelSpecificationFactory.create method
2025-06-11 12:06:56.071  INFO 1 --- [           main] s.g.m.s.m.a.ScDefaultMonitorInterceptor  : Start executing the springfox.documentation.schema.property.ModelSpecificationFactory.create method
2025-06-11 12:06:56.071  INFO 1 --- [           main] s.g.m.s.m.a.ScDefaultMonitorInterceptor  : Stop executing the springfox.documentation.schema.property.ModelSpecificationFactory.create method
2025-06-11 12:06:56.071  INFO 1 --- [           main] s.g.m.s.m.a.ScDefaultMonitorInterceptor  : Start executing the springfox.documentation.schema.property.ModelSpecificationFactory.create method
2025-06-11 12:06:56.071  INFO 1 --- [           main] s.g.m.s.m.a.ScDefaultMonitorInterceptor  : Stop executing the springfox.documentation.schema.property.ModelSpecificationFactory.create method
2025-06-11 12:06:56.071  INFO 1 --- [           main] s.g.m.s.m.a.ScDefaultMonitorInterceptor  : Start executing the springfox.documentation.schema.property.ModelSpecificationFactory.create method
2025-06-11 12:06:56.071  INFO 1 --- [           main] s.g.m.s.m.a.ScDefaultMonitorInterceptor  : Stop executing the springfox.documentation.schema.property.ModelSpecificationFactory.create method
2025-06-11 12:06:56.071  INFO 1 --- [           main] s.g.m.s.m.a.ScDefaultMonitorInterceptor  : Start executing the springfox.documentation.schema.property.ModelSpecificationFactory.create method
2025-06-11 12:06:56.071  INFO 1 --- [           main] s.g.m.s.m.a.ScDefaultMonitorInterceptor  : Stop executing the springfox.documentation.schema.property.ModelSpecificationFactory.create method
2025-06-11 12:06:56.071  INFO 1 --- [           main] s.g.m.s.m.a.ScDefaultMonitorInterceptor  : Start executing the springfox.documentation.schema.property.ModelSpecificationFactory.create method
2025-06-11 12:06:56.072  INFO 1 --- [           main] s.g.m.s.m.a.ScDefaultMonitorInterceptor  : Stop executing the springfox.documentation.schema.property.ModelSpecificationFactory.create method
2025-06-11 12:06:56.072  INFO 1 --- [           main] s.g.m.s.m.a.ScDefaultMonitorInterceptor  : Start executing the springfox.documentation.schema.property.ModelSpecificationFactory.create method
2025-06-11 12:06:56.072  INFO 1 --- [           main] s.g.m.s.m.a.ScDefaultMonitorInterceptor  : Stop executing the springfox.documentation.schema.property.ModelSpecificationFactory.create method
2025-06-11 12:06:56.072  INFO 1 --- [           main] s.g.m.s.m.a.ScDefaultMonitorInterceptor  : Start executing the springfox.documentation.schema.property.ModelSpecificationFactory.create method
2025-06-11 12:06:56.072  INFO 1 --- [           main] s.g.m.s.m.a.ScDefaultMonitorInterceptor  : Stop executing the springfox.documentation.schema.property.ModelSpecificationFactory.create method
2025-06-11 12:06:56.072  INFO 1 --- [           main] s.g.m.s.m.a.ScDefaultMonitorInterceptor  : Start executing the springfox.documentation.schema.property.ModelSpecificationFactory.create method
2025-06-11 12:06:56.072  INFO 1 --- [           main] s.g.m.s.m.a.ScDefaultMonitorInterceptor  : Stop executing the springfox.documentation.schema.property.ModelSpecificationFactory.create method
2025-06-11 12:06:56.072  INFO 1 --- [           main] s.g.m.s.m.a.ScDefaultMonitorInterceptor  : Start executing the springfox.documentation.schema.property.ModelSpecificationFactory.create method
2025-06-11 12:06:56.072  INFO 1 --- [           main] s.g.m.s.m.a.ScDefaultMonitorInterceptor  : Stop executing the springfox.documentation.schema.property.ModelSpecificationFactory.create method
2025-06-11 12:06:56.072  INFO 1 --- [           main] s.g.m.s.m.a.ScDefaultMonitorInterceptor  : Start executing the springfox.documentation.schema.property.ModelSpecificationFactory.create method
2025-06-11 12:06:56.072  INFO 1 --- [           main] s.g.m.s.m.a.ScDefaultMonitorInterceptor  : Stop executing the springfox.documentation.schema.property.ModelSpecificationFactory.create method
2025-06-11 12:06:56.072  INFO 1 --- [           main] s.g.m.s.m.a.ScDefaultMonitorInterceptor  : Start executing the springfox.documentation.schema.property.ModelSpecificationFactory.create method
2025-06-11 12:06:56.072  INFO 1 --- [           main] s.g.m.s.m.a.ScDefaultMonitorInterceptor  : Stop executing the springfox.documentation.schema.property.ModelSpecificationFactory.create method
2025-06-11 12:06:56.072  INFO 1 --- [           main] s.g.m.s.m.a.ScDefaultMonitorInterceptor  : Start executing the springfox.documentation.schema.property.ModelSpecificationFactory.create method
2025-06-11 12:06:56.072  INFO 1 --- [           main] s.g.m.s.m.a.ScDefaultMonitorInterceptor  : Stop executing the springfox.documentation.schema.property.ModelSpecificationFactory.create method
2025-06-11 12:06:56.072  INFO 1 --- [           main] s.g.m.s.m.a.ScDefaultMonitorInterceptor  : Start executing the springfox.documentation.schema.property.ModelSpecificationFactory.create method
2025-06-11 12:06:56.072  INFO 1 --- [           main] s.g.m.s.m.a.ScDefaultMonitorInterceptor  : Stop executing the springfox.documentation.schema.property.ModelSpecificationFactory.create method
2025-06-11 12:06:56.072  INFO 1 --- [           main] s.g.m.s.m.a.ScDefaultMonitorInterceptor  : Start executing the springfox.documentation.schema.property.ModelSpecificationFactory.create method
2025-06-11 12:06:56.072  INFO 1 --- [           main] s.g.m.s.m.a.ScDefaultMonitorInterceptor  : Stop executing the springfox.documentation.schema.property.ModelSpecificationFactory.create method
2025-06-11 12:06:56.072  INFO 1 --- [           main] s.g.m.s.m.a.ScDefaultMonitorInterceptor  : Start executing the springfox.documentation.schema.property.ModelSpecificationFactory.create method
2025-06-11 12:06:56.072  INFO 1 --- [           main] s.g.m.s.m.a.ScDefaultMonitorInterceptor  : Stop executing the springfox.documentation.schema.property.ModelSpecificationFactory.create method
2025-06-11 12:06:56.073  INFO 1 --- [           main] s.g.m.s.m.a.ScDefaultMonitorInterceptor  : Start executing the springfox.documentation.schema.property.ModelSpecificationFactory.create method
2025-06-11 12:06:56.073  INFO 1 --- [           main] s.g.m.s.m.a.ScDefaultMonitorInterceptor  : Stop executing the springfox.documentation.schema.property.ModelSpecificationFactory.create method
2025-06-11 12:06:56.073  INFO 1 --- [           main] s.g.m.s.m.a.ScDefaultMonitorInterceptor  : Start executing the springfox.documentation.schema.property.ModelSpecificationFactory.create method
2025-06-11 12:06:56.073  INFO 1 --- [           main] s.g.m.s.m.a.ScDefaultMonitorInterceptor  : Stop executing the springfox.documentation.schema.property.ModelSpecificationFactory.create method
2025-06-11 12:06:56.073  INFO 1 --- [           main] s.g.m.s.m.a.ScDefaultMonitorInterceptor  : Start executing the springfox.documentation.schema.property.ModelSpecificationFactory.create method
2025-06-11 12:06:56.073  INFO 1 --- [           main] s.g.m.s.m.a.ScDefaultMonitorInterceptor  : Stop executing the springfox.documentation.schema.property.ModelSpecificationFactory.create method
2025-06-11 12:06:56.123  INFO 1 --- [           main] s.g.m.s.m.a.ScDefaultMonitorInterceptor  : Start executing the springfox.documentation.schema.property.ModelSpecificationFactory.create method
2025-06-11 12:06:56.123  INFO 1 --- [           main] s.g.m.s.m.a.ScDefaultMonitorInterceptor  : Stop executing the springfox.documentation.schema.property.ModelSpecificationFactory.create method
2025-06-11 12:06:56.123  INFO 1 --- [           main] s.g.m.s.m.a.ScDefaultMonitorInterceptor  : Start executing the springfox.documentation.schema.property.ModelSpecificationFactory.create method
2025-06-11 12:06:56.123  INFO 1 --- [           main] s.g.m.s.m.a.ScDefaultMonitorInterceptor  : Stop executing the springfox.documentation.schema.property.ModelSpecificationFactory.create method
2025-06-11 12:06:56.124  INFO 1 --- [           main] s.g.m.s.m.a.ScDefaultMonitorInterceptor  : Start executing the springfox.documentation.schema.property.ModelSpecificationFactory.create method
2025-06-11 12:06:56.124  INFO 1 --- [           main] s.g.m.s.m.a.ScDefaultMonitorInterceptor  : Stop executing the springfox.documentation.schema.property.ModelSpecificationFactory.create method
2025-06-11 12:06:56.124  INFO 1 --- [           main] s.g.m.s.m.a.ScDefaultMonitorInterceptor  : Start executing the springfox.documentation.schema.property.ModelSpecificationFactory.create method
2025-06-11 12:06:56.124  INFO 1 --- [           main] s.g.m.s.m.a.ScDefaultMonitorInterceptor  : Stop executing the springfox.documentation.schema.property.ModelSpecificationFactory.create method
2025-06-11 12:06:56.124  INFO 1 --- [           main] s.g.m.s.m.a.ScDefaultMonitorInterceptor  : Start executing the springfox.documentation.schema.property.ModelSpecificationFactory.create method
2025-06-11 12:06:56.124  INFO 1 --- [           main] s.g.m.s.m.a.ScDefaultMonitorInterceptor  : Stop executing the springfox.documentation.schema.property.ModelSpecificationFactory.create method
2025-06-11 12:06:56.124  INFO 1 --- [           main] s.g.m.s.m.a.ScDefaultMonitorInterceptor  : Start executing the springfox.documentation.schema.property.ModelSpecificationFactory.create method
2025-06-11 12:06:56.124  INFO 1 --- [           main] s.g.m.s.m.a.ScDefaultMonitorInterceptor  : Stop executing the springfox.documentation.schema.property.ModelSpecificationFactory.create method
2025-06-11 12:06:56.124  INFO 1 --- [           main] s.g.m.s.m.a.ScDefaultMonitorInterceptor  : Start executing the springfox.documentation.schema.property.ModelSpecificationFactory.create method
2025-06-11 12:06:56.124  INFO 1 --- [           main] s.g.m.s.m.a.ScDefaultMonitorInterceptor  : Stop executing the springfox.documentation.schema.property.ModelSpecificationFactory.create method
2025-06-11 12:06:56.124  INFO 1 --- [           main] s.g.m.s.m.a.ScDefaultMonitorInterceptor  : Start executing the springfox.documentation.schema.property.ModelSpecificationFactory.create method
2025-06-11 12:06:56.124  INFO 1 --- [           main] s.g.m.s.m.a.ScDefaultMonitorInterceptor  : Stop executing the springfox.documentation.schema.property.ModelSpecificationFactory.create method
2025-06-11 12:06:56.124  INFO 1 --- [           main] s.g.m.s.m.a.ScDefaultMonitorInterceptor  : Start executing the springfox.documentation.schema.property.ModelSpecificationFactory.create method
2025-06-11 12:06:56.124  INFO 1 --- [           main] s.g.m.s.m.a.ScDefaultMonitorInterceptor  : Stop executing the springfox.documentation.schema.property.ModelSpecificationFactory.create method
2025-06-11 12:06:56.124  INFO 1 --- [           main] s.g.m.s.m.a.ScDefaultMonitorInterceptor  : Start executing the springfox.documentation.schema.property.ModelSpecificationFactory.create method
2025-06-11 12:06:56.124  INFO 1 --- [           main] s.g.m.s.m.a.ScDefaultMonitorInterceptor  : Stop executing the springfox.documentation.schema.property.ModelSpecificationFactory.create method
2025-06-11 12:06:56.124  INFO 1 --- [           main] s.g.m.s.m.a.ScDefaultMonitorInterceptor  : Start executing the springfox.documentation.schema.property.ModelSpecificationFactory.create method
2025-06-11 12:06:56.124  INFO 1 --- [           main] s.g.m.s.m.a.ScDefaultMonitorInterceptor  : Stop executing the springfox.documentation.schema.property.ModelSpecificationFactory.create method
2025-06-11 12:06:56.124  INFO 1 --- [           main] s.g.m.s.m.a.ScDefaultMonitorInterceptor  : Start executing the springfox.documentation.schema.property.ModelSpecificationFactory.create method
2025-06-11 12:06:56.124  INFO 1 --- [           main] s.g.m.s.m.a.ScDefaultMonitorInterceptor  : Stop executing the springfox.documentation.schema.property.ModelSpecificationFactory.create method
2025-06-11 12:06:56.125  INFO 1 --- [           main] s.g.m.s.m.a.ScDefaultMonitorInterceptor  : Start executing the springfox.documentation.schema.property.ModelSpecificationFactory.create method
2025-06-11 12:06:56.125  INFO 1 --- [           main] s.g.m.s.m.a.ScDefaultMonitorInterceptor  : Stop executing the springfox.documentation.schema.property.ModelSpecificationFactory.create method
2025-06-11 12:06:56.125  INFO 1 --- [           main] s.g.m.s.m.a.ScDefaultMonitorInterceptor  : Start executing the springfox.documentation.schema.property.ModelSpecificationFactory.create method
2025-06-11 12:06:56.125  INFO 1 --- [           main] s.g.m.s.m.a.ScDefaultMonitorInterceptor  : Stop executing the springfox.documentation.schema.property.ModelSpecificationFactory.create method
2025-06-11 12:06:56.125  INFO 1 --- [           main] s.g.m.s.m.a.ScDefaultMonitorInterceptor  : Start executing the springfox.documentation.schema.property.ModelSpecificationFactory.create method
2025-06-11 12:06:56.125  INFO 1 --- [           main] s.g.m.s.m.a.ScDefaultMonitorInterceptor  : Stop executing the springfox.documentation.schema.property.ModelSpecificationFactory.create method
2025-06-11 12:06:56.125  INFO 1 --- [           main] s.g.m.s.m.a.ScDefaultMonitorInterceptor  : Start executing the springfox.documentation.schema.property.ModelSpecificationFactory.create method
2025-06-11 12:06:56.125  INFO 1 --- [           main] s.g.m.s.m.a.ScDefaultMonitorInterceptor  : Stop executing the springfox.documentation.schema.property.ModelSpecificationFactory.create method
2025-06-11 12:06:56.125  INFO 1 --- [           main] s.g.m.s.m.a.ScDefaultMonitorInterceptor  : Start executing the springfox.documentation.schema.property.ModelSpecificationFactory.create method
2025-06-11 12:06:56.125  INFO 1 --- [           main] s.g.m.s.m.a.ScDefaultMonitorInterceptor  : Stop executing the springfox.documentation.schema.property.ModelSpecificationFactory.create method
2025-06-11 12:06:56.125  INFO 1 --- [           main] s.g.m.s.m.a.ScDefaultMonitorInterceptor  : Start executing the springfox.documentation.schema.property.ModelSpecificationFactory.create method
2025-06-11 12:06:56.125  INFO 1 --- [           main] s.g.m.s.m.a.ScDefaultMonitorInterceptor  : Stop executing the springfox.documentation.schema.property.ModelSpecificationFactory.create method
2025-06-11 12:06:56.125  INFO 1 --- [           main] s.g.m.s.m.a.ScDefaultMonitorInterceptor  : Start executing the springfox.documentation.schema.property.ModelSpecificationFactory.create method
2025-06-11 12:06:56.125  INFO 1 --- [           main] s.g.m.s.m.a.ScDefaultMonitorInterceptor  : Stop executing the springfox.documentation.schema.property.ModelSpecificationFactory.create method
2025-06-11 12:06:56.125  INFO 1 --- [           main] s.g.m.s.m.a.ScDefaultMonitorInterceptor  : Start executing the springfox.documentation.schema.property.ModelSpecificationFactory.create method
2025-06-11 12:06:56.125  INFO 1 --- [           main] s.g.m.s.m.a.ScDefaultMonitorInterceptor  : Stop executing the springfox.documentation.schema.property.ModelSpecificationFactory.create method
2025-06-11 12:06:56.126  INFO 1 --- [           main] s.g.m.s.m.a.ScDefaultMonitorInterceptor  : Start executing the springfox.documentation.schema.property.ModelSpecificationFactory.create method
2025-06-11 12:06:56.126  INFO 1 --- [           main] s.g.m.s.m.a.ScDefaultMonitorInterceptor  : Stop executing the springfox.documentation.schema.property.ModelSpecificationFactory.create method
2025-06-11 12:06:56.126  INFO 1 --- [           main] s.g.m.s.m.a.ScDefaultMonitorInterceptor  : Start executing the springfox.documentation.schema.property.ModelSpecificationFactory.create method
2025-06-11 12:06:56.126  INFO 1 --- [           main] s.g.m.s.m.a.ScDefaultMonitorInterceptor  : Stop executing the springfox.documentation.schema.property.ModelSpecificationFactory.create method
2025-06-11 12:06:56.126  INFO 1 --- [           main] s.g.m.s.m.a.ScDefaultMonitorInterceptor  : Start executing the springfox.documentation.schema.property.ModelSpecificationFactory.create method
2025-06-11 12:06:56.126  INFO 1 --- [           main] s.g.m.s.m.a.ScDefaultMonitorInterceptor  : Stop executing the springfox.documentation.schema.property.ModelSpecificationFactory.create method
2025-06-11 12:06:56.126  INFO 1 --- [           main] s.g.m.s.m.a.ScDefaultMonitorInterceptor  : Start executing the springfox.documentation.schema.property.ModelSpecificationFactory.create method
2025-06-11 12:06:56.126  INFO 1 --- [           main] s.g.m.s.m.a.ScDefaultMonitorInterceptor  : Stop executing the springfox.documentation.schema.property.ModelSpecificationFactory.create method
2025-06-11 12:06:56.126  INFO 1 --- [           main] s.g.m.s.m.a.ScDefaultMonitorInterceptor  : Start executing the springfox.documentation.schema.property.ModelSpecificationFactory.create method
2025-06-11 12:06:56.126  INFO 1 --- [           main] s.g.m.s.m.a.ScDefaultMonitorInterceptor  : Stop executing the springfox.documentation.schema.property.ModelSpecificationFactory.create method
2025-06-11 12:06:56.126  INFO 1 --- [           main] s.g.m.s.m.a.ScDefaultMonitorInterceptor  : Start executing the springfox.documentation.schema.property.ModelSpecificationFactory.create method
2025-06-11 12:06:56.126  INFO 1 --- [           main] s.g.m.s.m.a.ScDefaultMonitorInterceptor  : Stop executing the springfox.documentation.schema.property.ModelSpecificationFactory.create method
2025-06-11 12:06:56.126  INFO 1 --- [           main] s.g.m.s.m.a.ScDefaultMonitorInterceptor  : Start executing the springfox.documentation.schema.property.ModelSpecificationFactory.create method
2025-06-11 12:06:56.126  INFO 1 --- [           main] s.g.m.s.m.a.ScDefaultMonitorInterceptor  : Stop executing the springfox.documentation.schema.property.ModelSpecificationFactory.create method
2025-06-11 12:06:56.126  INFO 1 --- [           main] s.g.m.s.m.a.ScDefaultMonitorInterceptor  : Start executing the springfox.documentation.schema.property.ModelSpecificationFactory.create method
2025-06-11 12:06:56.126  INFO 1 --- [           main] s.g.m.s.m.a.ScDefaultMonitorInterceptor  : Stop executing the springfox.documentation.schema.property.ModelSpecificationFactory.create method
2025-06-11 12:06:56.126  INFO 1 --- [           main] s.g.m.s.m.a.ScDefaultMonitorInterceptor  : Start executing the springfox.documentation.schema.property.ModelSpecificationFactory.create method
2025-06-11 12:06:56.126  INFO 1 --- [           main] s.g.m.s.m.a.ScDefaultMonitorInterceptor  : Stop executing the springfox.documentation.schema.property.ModelSpecificationFactory.create method
2025-06-11 12:06:56.126  INFO 1 --- [           main] s.g.m.s.m.a.ScDefaultMonitorInterceptor  : Start executing the springfox.documentation.schema.property.ModelSpecificationFactory.create method
2025-06-11 12:06:56.126  INFO 1 --- [           main] s.g.m.s.m.a.ScDefaultMonitorInterceptor  : Stop executing the springfox.documentation.schema.property.ModelSpecificationFactory.create method
2025-06-11 12:06:56.126  INFO 1 --- [           main] s.g.m.s.m.a.ScDefaultMonitorInterceptor  : Start executing the springfox.documentation.schema.property.ModelSpecificationFactory.create method
2025-06-11 12:06:56.126  INFO 1 --- [           main] s.g.m.s.m.a.ScDefaultMonitorInterceptor  : Stop executing the springfox.documentation.schema.property.ModelSpecificationFactory.create method
2025-06-11 12:06:56.126  INFO 1 --- [           main] s.g.m.s.m.a.ScDefaultMonitorInterceptor  : Start executing the springfox.documentation.schema.property.ModelSpecificationFactory.create method
2025-06-11 12:06:56.126  INFO 1 --- [           main] s.g.m.s.m.a.ScDefaultMonitorInterceptor  : Stop executing the springfox.documentation.schema.property.ModelSpecificationFactory.create method
2025-06-11 12:06:56.127  INFO 1 --- [           main] s.g.m.s.m.a.ScDefaultMonitorInterceptor  : Start executing the springfox.documentation.schema.property.ModelSpecificationFactory.create method
2025-06-11 12:06:56.127  INFO 1 --- [           main] s.g.m.s.m.a.ScDefaultMonitorInterceptor  : Stop executing the springfox.documentation.schema.property.ModelSpecificationFactory.create method
2025-06-11 12:06:56.127  INFO 1 --- [           main] s.g.m.s.m.a.ScDefaultMonitorInterceptor  : Start executing the springfox.documentation.schema.property.ModelSpecificationFactory.create method
2025-06-11 12:06:56.127  INFO 1 --- [           main] s.g.m.s.m.a.ScDefaultMonitorInterceptor  : Stop executing the springfox.documentation.schema.property.ModelSpecificationFactory.create method
2025-06-11 12:06:56.127  INFO 1 --- [           main] s.g.m.s.m.a.ScDefaultMonitorInterceptor  : Start executing the springfox.documentation.schema.property.ModelSpecificationFactory.create method
2025-06-11 12:06:56.128  INFO 1 --- [           main] s.g.m.s.m.a.ScDefaultMonitorInterceptor  : Stop executing the springfox.documentation.schema.property.ModelSpecificationFactory.create method
2025-06-11 12:06:56.128  INFO 1 --- [           main] s.g.m.s.m.a.ScDefaultMonitorInterceptor  : Start executing the springfox.documentation.schema.property.ModelSpecificationFactory.create method
2025-06-11 12:06:56.128  INFO 1 --- [           main] s.g.m.s.m.a.ScDefaultMonitorInterceptor  : Stop executing the springfox.documentation.schema.property.ModelSpecificationFactory.create method
2025-06-11 12:06:56.129  INFO 1 --- [           main] s.g.m.s.m.a.ScDefaultMonitorInterceptor  : Start executing the springfox.documentation.schema.property.ModelSpecificationFactory.create method
2025-06-11 12:06:56.129  INFO 1 --- [           main] s.g.m.s.m.a.ScDefaultMonitorInterceptor  : Stop executing the springfox.documentation.schema.property.ModelSpecificationFactory.create method
2025-06-11 12:06:56.130  INFO 1 --- [           main] s.g.m.s.m.a.ScDefaultMonitorInterceptor  : Start executing the springfox.documentation.schema.property.ModelSpecificationFactory.create method
2025-06-11 12:06:56.130  INFO 1 --- [           main] s.g.m.s.m.a.ScDefaultMonitorInterceptor  : Stop executing the springfox.documentation.schema.property.ModelSpecificationFactory.create method
2025-06-11 12:06:56.130  INFO 1 --- [           main] s.g.m.s.m.a.ScDefaultMonitorInterceptor  : Start executing the springfox.documentation.schema.property.ModelSpecificationFactory.create method
2025-06-11 12:06:56.130  INFO 1 --- [           main] s.g.m.s.m.a.ScDefaultMonitorInterceptor  : Stop executing the springfox.documentation.schema.property.ModelSpecificationFactory.create method
2025-06-11 12:06:56.130  INFO 1 --- [           main] s.g.m.s.m.a.ScDefaultMonitorInterceptor  : Start executing the springfox.documentation.schema.property.ModelSpecificationFactory.create method
2025-06-11 12:06:56.130  INFO 1 --- [           main] s.g.m.s.m.a.ScDefaultMonitorInterceptor  : Stop executing the springfox.documentation.schema.property.ModelSpecificationFactory.create method
2025-06-11 12:06:56.130  INFO 1 --- [           main] s.g.m.s.m.a.ScDefaultMonitorInterceptor  : Start executing the springfox.documentation.schema.property.ModelSpecificationFactory.create method
2025-06-11 12:06:56.130  INFO 1 --- [           main] s.g.m.s.m.a.ScDefaultMonitorInterceptor  : Stop executing the springfox.documentation.schema.property.ModelSpecificationFactory.create method
2025-06-11 12:06:56.135  INFO 1 --- [           main] s.g.m.s.m.a.ScDefaultMonitorInterceptor  : Start executing the springfox.documentation.schema.property.ModelSpecificationFactory.create method
2025-06-11 12:06:56.135  INFO 1 --- [           main] s.g.m.s.m.a.ScDefaultMonitorInterceptor  : Stop executing the springfox.documentation.schema.property.ModelSpecificationFactory.create method
2025-06-11 12:06:56.135  INFO 1 --- [           main] s.g.m.s.m.a.ScDefaultMonitorInterceptor  : Start executing the springfox.documentation.schema.property.ModelSpecificationFactory.create method
2025-06-11 12:06:56.135  INFO 1 --- [           main] s.g.m.s.m.a.ScDefaultMonitorInterceptor  : Stop executing the springfox.documentation.schema.property.ModelSpecificationFactory.create method
2025-06-11 12:06:56.135  INFO 1 --- [           main] s.g.m.s.m.a.ScDefaultMonitorInterceptor  : Start executing the springfox.documentation.schema.property.ModelSpecificationFactory.create method
2025-06-11 12:06:56.135  INFO 1 --- [           main] s.g.m.s.m.a.ScDefaultMonitorInterceptor  : Stop executing the springfox.documentation.schema.property.ModelSpecificationFactory.create method
2025-06-11 12:06:56.135  INFO 1 --- [           main] s.g.m.s.m.a.ScDefaultMonitorInterceptor  : Start executing the springfox.documentation.schema.property.ModelSpecificationFactory.create method
2025-06-11 12:06:56.135  INFO 1 --- [           main] s.g.m.s.m.a.ScDefaultMonitorInterceptor  : Stop executing the springfox.documentation.schema.property.ModelSpecificationFactory.create method
2025-06-11 12:06:56.135  INFO 1 --- [           main] s.g.m.s.m.a.ScDefaultMonitorInterceptor  : Start executing the springfox.documentation.schema.property.ModelSpecificationFactory.create method
2025-06-11 12:06:56.135  INFO 1 --- [           main] s.g.m.s.m.a.ScDefaultMonitorInterceptor  : Stop executing the springfox.documentation.schema.property.ModelSpecificationFactory.create method
2025-06-11 12:06:56.135  INFO 1 --- [           main] s.g.m.s.m.a.ScDefaultMonitorInterceptor  : Start executing the springfox.documentation.schema.property.ModelSpecificationFactory.create method
2025-06-11 12:06:56.135  INFO 1 --- [           main] s.g.m.s.m.a.ScDefaultMonitorInterceptor  : Stop executing the springfox.documentation.schema.property.ModelSpecificationFactory.create method
2025-06-11 12:06:56.136  INFO 1 --- [           main] s.g.m.s.m.a.ScDefaultMonitorInterceptor  : Start executing the springfox.documentation.schema.property.ModelSpecificationFactory.create method
2025-06-11 12:06:56.136  INFO 1 --- [           main] s.g.m.s.m.a.ScDefaultMonitorInterceptor  : Stop executing the springfox.documentation.schema.property.ModelSpecificationFactory.create method
2025-06-11 12:06:56.136  INFO 1 --- [           main] s.g.m.s.m.a.ScDefaultMonitorInterceptor  : Start executing the springfox.documentation.schema.property.ModelSpecificationFactory.create method
2025-06-11 12:06:56.136  INFO 1 --- [           main] s.g.m.s.m.a.ScDefaultMonitorInterceptor  : Stop executing the springfox.documentation.schema.property.ModelSpecificationFactory.create method
2025-06-11 12:06:56.136  INFO 1 --- [           main] s.g.m.s.m.a.ScDefaultMonitorInterceptor  : Start executing the springfox.documentation.schema.property.ModelSpecificationFactory.create method
2025-06-11 12:06:56.136  INFO 1 --- [           main] s.g.m.s.m.a.ScDefaultMonitorInterceptor  : Stop executing the springfox.documentation.schema.property.ModelSpecificationFactory.create method
2025-06-11 12:06:56.136  INFO 1 --- [           main] s.g.m.s.m.a.ScDefaultMonitorInterceptor  : Start executing the springfox.documentation.schema.property.ModelSpecificationFactory.create method
2025-06-11 12:06:56.136  INFO 1 --- [           main] s.g.m.s.m.a.ScDefaultMonitorInterceptor  : Stop executing the springfox.documentation.schema.property.ModelSpecificationFactory.create method
2025-06-11 12:06:56.136  INFO 1 --- [           main] s.g.m.s.m.a.ScDefaultMonitorInterceptor  : Start executing the springfox.documentation.schema.property.ModelSpecificationFactory.create method
2025-06-11 12:06:56.136  INFO 1 --- [           main] s.g.m.s.m.a.ScDefaultMonitorInterceptor  : Stop executing the springfox.documentation.schema.property.ModelSpecificationFactory.create method
2025-06-11 12:06:56.136  INFO 1 --- [           main] s.g.m.s.m.a.ScDefaultMonitorInterceptor  : Start executing the springfox.documentation.schema.property.ModelSpecificationFactory.create method
2025-06-11 12:06:56.136  INFO 1 --- [           main] s.g.m.s.m.a.ScDefaultMonitorInterceptor  : Stop executing the springfox.documentation.schema.property.ModelSpecificationFactory.create method
2025-06-11 12:06:56.136  INFO 1 --- [           main] s.g.m.s.m.a.ScDefaultMonitorInterceptor  : Start executing the springfox.documentation.schema.property.ModelSpecificationFactory.create method
2025-06-11 12:06:56.136  INFO 1 --- [           main] s.g.m.s.m.a.ScDefaultMonitorInterceptor  : Stop executing the springfox.documentation.schema.property.ModelSpecificationFactory.create method
2025-06-11 12:06:56.136  INFO 1 --- [           main] s.g.m.s.m.a.ScDefaultMonitorInterceptor  : Start executing the springfox.documentation.schema.property.ModelSpecificationFactory.create method
2025-06-11 12:06:56.136  INFO 1 --- [           main] s.g.m.s.m.a.ScDefaultMonitorInterceptor  : Stop executing the springfox.documentation.schema.property.ModelSpecificationFactory.create method
2025-06-11 12:06:56.136  INFO 1 --- [           main] s.g.m.s.m.a.ScDefaultMonitorInterceptor  : Start executing the springfox.documentation.schema.property.ModelSpecificationFactory.create method
2025-06-11 12:06:56.136  INFO 1 --- [           main] s.g.m.s.m.a.ScDefaultMonitorInterceptor  : Stop executing the springfox.documentation.schema.property.ModelSpecificationFactory.create method
2025-06-11 12:06:56.136  INFO 1 --- [           main] s.g.m.s.m.a.ScDefaultMonitorInterceptor  : Start executing the springfox.documentation.schema.property.ModelSpecificationFactory.create method
2025-06-11 12:06:56.136  INFO 1 --- [           main] s.g.m.s.m.a.ScDefaultMonitorInterceptor  : Stop executing the springfox.documentation.schema.property.ModelSpecificationFactory.create method
2025-06-11 12:06:56.142  INFO 1 --- [           main] s.g.m.s.m.a.ScDefaultMonitorInterceptor  : Start executing the springfox.documentation.schema.property.ModelSpecificationFactory.create method
2025-06-11 12:06:56.142  INFO 1 --- [           main] s.g.m.s.m.a.ScDefaultMonitorInterceptor  : Stop executing the springfox.documentation.schema.property.ModelSpecificationFactory.create method
2025-06-11 12:06:56.142  INFO 1 --- [           main] s.g.m.s.m.a.ScDefaultMonitorInterceptor  : Start executing the springfox.documentation.schema.property.ModelSpecificationFactory.create method
2025-06-11 12:06:56.142  INFO 1 --- [           main] s.g.m.s.m.a.ScDefaultMonitorInterceptor  : Stop executing the springfox.documentation.schema.property.ModelSpecificationFactory.create method
2025-06-11 12:06:56.143  INFO 1 --- [           main] s.g.m.s.m.a.ScDefaultMonitorInterceptor  : Start executing the springfox.documentation.schema.property.ModelSpecificationFactory.create method
2025-06-11 12:06:56.143  INFO 1 --- [           main] s.g.m.s.m.a.ScDefaultMonitorInterceptor  : Stop executing the springfox.documentation.schema.property.ModelSpecificationFactory.create method
2025-06-11 12:06:56.143  INFO 1 --- [           main] s.g.m.s.m.a.ScDefaultMonitorInterceptor  : Start executing the springfox.documentation.schema.property.ModelSpecificationFactory.create method
2025-06-11 12:06:56.143  INFO 1 --- [           main] s.g.m.s.m.a.ScDefaultMonitorInterceptor  : Stop executing the springfox.documentation.schema.property.ModelSpecificationFactory.create method
2025-06-11 12:06:56.143  INFO 1 --- [           main] s.g.m.s.m.a.ScDefaultMonitorInterceptor  : Start executing the springfox.documentation.schema.property.ModelSpecificationFactory.create method
2025-06-11 12:06:56.143  INFO 1 --- [           main] s.g.m.s.m.a.ScDefaultMonitorInterceptor  : Stop executing the springfox.documentation.schema.property.ModelSpecificationFactory.create method
2025-06-11 12:06:56.145  INFO 1 --- [           main] s.g.m.s.m.a.ScDefaultMonitorInterceptor  : Start executing the springfox.documentation.schema.property.ModelSpecificationFactory.create method
2025-06-11 12:06:56.145  INFO 1 --- [           main] s.g.m.s.m.a.ScDefaultMonitorInterceptor  : Stop executing the springfox.documentation.schema.property.ModelSpecificationFactory.create method
2025-06-11 12:06:56.146  INFO 1 --- [           main] s.g.m.s.m.a.ScDefaultMonitorInterceptor  : Start executing the springfox.documentation.schema.property.ModelSpecificationFactory.create method
2025-06-11 12:06:56.146  INFO 1 --- [           main] s.g.m.s.m.a.ScDefaultMonitorInterceptor  : Stop executing the springfox.documentation.schema.property.ModelSpecificationFactory.create method
2025-06-11 12:06:56.146  INFO 1 --- [           main] s.g.m.s.m.a.ScDefaultMonitorInterceptor  : Start executing the springfox.documentation.schema.property.ModelSpecificationFactory.create method
2025-06-11 12:06:56.146  INFO 1 --- [           main] s.g.m.s.m.a.ScDefaultMonitorInterceptor  : Stop executing the springfox.documentation.schema.property.ModelSpecificationFactory.create method
2025-06-11 12:06:56.148  INFO 1 --- [           main] s.g.m.s.m.a.ScDefaultMonitorInterceptor  : Start executing the springfox.documentation.schema.property.ModelSpecificationFactory.create method
2025-06-11 12:06:56.148  INFO 1 --- [           main] s.g.m.s.m.a.ScDefaultMonitorInterceptor  : Stop executing the springfox.documentation.schema.property.ModelSpecificationFactory.create method
2025-06-11 12:06:56.149  INFO 1 --- [           main] s.g.m.s.m.a.ScDefaultMonitorInterceptor  : Start executing the springfox.documentation.schema.property.ModelSpecificationFactory.create method
2025-06-11 12:06:56.149  INFO 1 --- [           main] s.g.m.s.m.a.ScDefaultMonitorInterceptor  : Stop executing the springfox.documentation.schema.property.ModelSpecificationFactory.create method
2025-06-11 12:06:56.149  INFO 1 --- [           main] s.g.m.s.m.a.ScDefaultMonitorInterceptor  : Start executing the springfox.documentation.schema.property.ModelSpecificationFactory.create method
2025-06-11 12:06:56.149  INFO 1 --- [           main] s.g.m.s.m.a.ScDefaultMonitorInterceptor  : Stop executing the springfox.documentation.schema.property.ModelSpecificationFactory.create method
2025-06-11 12:06:56.151  INFO 1 --- [           main] s.g.m.s.m.a.ScDefaultMonitorInterceptor  : Start executing the springfox.documentation.schema.property.ModelSpecificationFactory.create method
2025-06-11 12:06:56.151  INFO 1 --- [           main] s.g.m.s.m.a.ScDefaultMonitorInterceptor  : Stop executing the springfox.documentation.schema.property.ModelSpecificationFactory.create method
2025-06-11 12:06:56.152  INFO 1 --- [           main] s.g.m.s.m.a.ScDefaultMonitorInterceptor  : Start executing the springfox.documentation.schema.property.ModelSpecificationFactory.create method
2025-06-11 12:06:56.152  INFO 1 --- [           main] s.g.m.s.m.a.ScDefaultMonitorInterceptor  : Stop executing the springfox.documentation.schema.property.ModelSpecificationFactory.create method
2025-06-11 12:06:56.153  INFO 1 --- [           main] s.g.m.s.m.a.ScDefaultMonitorInterceptor  : Start executing the springfox.documentation.schema.property.ModelSpecificationFactory.create method
2025-06-11 12:06:56.153  INFO 1 --- [           main] s.g.m.s.m.a.ScDefaultMonitorInterceptor  : Stop executing the springfox.documentation.schema.property.ModelSpecificationFactory.create method
2025-06-11 12:06:56.155  INFO 1 --- [           main] s.g.m.s.m.a.ScDefaultMonitorInterceptor  : Start executing the springfox.documentation.schema.property.ModelSpecificationFactory.create method
2025-06-11 12:06:56.155  INFO 1 --- [           main] s.g.m.s.m.a.ScDefaultMonitorInterceptor  : Stop executing the springfox.documentation.schema.property.ModelSpecificationFactory.create method
2025-06-11 12:06:56.155  INFO 1 --- [           main] s.g.m.s.m.a.ScDefaultMonitorInterceptor  : Start executing the springfox.documentation.schema.property.ModelSpecificationFactory.create method
2025-06-11 12:06:56.155  INFO 1 --- [           main] s.g.m.s.m.a.ScDefaultMonitorInterceptor  : Stop executing the springfox.documentation.schema.property.ModelSpecificationFactory.create method
2025-06-11 12:06:56.155  INFO 1 --- [           main] s.g.m.s.m.a.ScDefaultMonitorInterceptor  : Start executing the springfox.documentation.schema.property.ModelSpecificationFactory.create method
2025-06-11 12:06:56.155  INFO 1 --- [           main] s.g.m.s.m.a.ScDefaultMonitorInterceptor  : Stop executing the springfox.documentation.schema.property.ModelSpecificationFactory.create method
2025-06-11 12:06:56.155  INFO 1 --- [           main] s.g.m.s.m.a.ScDefaultMonitorInterceptor  : Start executing the springfox.documentation.schema.property.ModelSpecificationFactory.create method
2025-06-11 12:06:56.155  INFO 1 --- [           main] s.g.m.s.m.a.ScDefaultMonitorInterceptor  : Stop executing the springfox.documentation.schema.property.ModelSpecificationFactory.create method
2025-06-11 12:06:56.155  INFO 1 --- [           main] s.g.m.s.m.a.ScDefaultMonitorInterceptor  : Start executing the springfox.documentation.schema.property.ModelSpecificationFactory.create method
2025-06-11 12:06:56.155  INFO 1 --- [           main] s.g.m.s.m.a.ScDefaultMonitorInterceptor  : Stop executing the springfox.documentation.schema.property.ModelSpecificationFactory.create method
2025-06-11 12:06:56.158  INFO 1 --- [           main] s.g.m.s.m.a.ScDefaultMonitorInterceptor  : Start executing the springfox.documentation.schema.property.ModelSpecificationFactory.create method
2025-06-11 12:06:56.158  INFO 1 --- [           main] s.g.m.s.m.a.ScDefaultMonitorInterceptor  : Stop executing the springfox.documentation.schema.property.ModelSpecificationFactory.create method
2025-06-11 12:06:56.158  INFO 1 --- [           main] s.g.m.s.m.a.ScDefaultMonitorInterceptor  : Start executing the springfox.documentation.schema.property.ModelSpecificationFactory.create method
2025-06-11 12:06:56.159  INFO 1 --- [           main] s.g.m.s.m.a.ScDefaultMonitorInterceptor  : Stop executing the springfox.documentation.schema.property.ModelSpecificationFactory.create method
2025-06-11 12:06:56.159  INFO 1 --- [           main] s.g.m.s.m.a.ScDefaultMonitorInterceptor  : Start executing the springfox.documentation.schema.property.ModelSpecificationFactory.create method
2025-06-11 12:06:56.159  INFO 1 --- [           main] s.g.m.s.m.a.ScDefaultMonitorInterceptor  : Stop executing the springfox.documentation.schema.property.ModelSpecificationFactory.create method
2025-06-11 12:06:56.159  INFO 1 --- [           main] s.g.m.s.m.a.ScDefaultMonitorInterceptor  : Start executing the springfox.documentation.schema.property.ModelSpecificationFactory.create method
2025-06-11 12:06:56.159  INFO 1 --- [           main] s.g.m.s.m.a.ScDefaultMonitorInterceptor  : Stop executing the springfox.documentation.schema.property.ModelSpecificationFactory.create method
2025-06-11 12:06:56.159  INFO 1 --- [           main] s.g.m.s.m.a.ScDefaultMonitorInterceptor  : Start executing the springfox.documentation.schema.property.ModelSpecificationFactory.create method
2025-06-11 12:06:56.159  INFO 1 --- [           main] s.g.m.s.m.a.ScDefaultMonitorInterceptor  : Stop executing the springfox.documentation.schema.property.ModelSpecificationFactory.create method
2025-06-11 12:06:56.159  INFO 1 --- [           main] s.g.m.s.m.a.ScDefaultMonitorInterceptor  : Start executing the springfox.documentation.schema.property.ModelSpecificationFactory.create method
2025-06-11 12:06:56.159  INFO 1 --- [           main] s.g.m.s.m.a.ScDefaultMonitorInterceptor  : Stop executing the springfox.documentation.schema.property.ModelSpecificationFactory.create method
2025-06-11 12:06:56.159  INFO 1 --- [           main] s.g.m.s.m.a.ScDefaultMonitorInterceptor  : Start executing the springfox.documentation.schema.property.ModelSpecificationFactory.create method
2025-06-11 12:06:56.159  INFO 1 --- [           main] s.g.m.s.m.a.ScDefaultMonitorInterceptor  : Stop executing the springfox.documentation.schema.property.ModelSpecificationFactory.create method
2025-06-11 12:06:56.159  INFO 1 --- [           main] s.g.m.s.m.a.ScDefaultMonitorInterceptor  : Start executing the springfox.documentation.schema.property.ModelSpecificationFactory.create method
2025-06-11 12:06:56.159  INFO 1 --- [           main] s.g.m.s.m.a.ScDefaultMonitorInterceptor  : Stop executing the springfox.documentation.schema.property.ModelSpecificationFactory.create method
2025-06-11 12:06:56.159  INFO 1 --- [           main] s.g.m.s.m.a.ScDefaultMonitorInterceptor  : Start executing the springfox.documentation.schema.property.ModelSpecificationFactory.create method
2025-06-11 12:06:56.159  INFO 1 --- [           main] s.g.m.s.m.a.ScDefaultMonitorInterceptor  : Stop executing the springfox.documentation.schema.property.ModelSpecificationFactory.create method
2025-06-11 12:06:56.159  INFO 1 --- [           main] s.g.m.s.m.a.ScDefaultMonitorInterceptor  : Start executing the springfox.documentation.schema.property.ModelSpecificationFactory.create method
2025-06-11 12:06:56.159  INFO 1 --- [           main] s.g.m.s.m.a.ScDefaultMonitorInterceptor  : Stop executing the springfox.documentation.schema.property.ModelSpecificationFactory.create method
2025-06-11 12:06:56.159  INFO 1 --- [           main] s.g.m.s.m.a.ScDefaultMonitorInterceptor  : Start executing the springfox.documentation.schema.property.ModelSpecificationFactory.create method
2025-06-11 12:06:56.159  INFO 1 --- [           main] s.g.m.s.m.a.ScDefaultMonitorInterceptor  : Stop executing the springfox.documentation.schema.property.ModelSpecificationFactory.create method
2025-06-11 12:06:56.160  INFO 1 --- [           main] s.g.m.s.m.a.ScDefaultMonitorInterceptor  : Start executing the springfox.documentation.schema.property.ModelSpecificationFactory.create method
2025-06-11 12:06:56.160  INFO 1 --- [           main] s.g.m.s.m.a.ScDefaultMonitorInterceptor  : Stop executing the springfox.documentation.schema.property.ModelSpecificationFactory.create method
2025-06-11 12:06:56.160  INFO 1 --- [           main] s.g.m.s.m.a.ScDefaultMonitorInterceptor  : Start executing the springfox.documentation.schema.property.ModelSpecificationFactory.create method
2025-06-11 12:06:56.160  INFO 1 --- [           main] s.g.m.s.m.a.ScDefaultMonitorInterceptor  : Stop executing the springfox.documentation.schema.property.ModelSpecificationFactory.create method
2025-06-11 12:06:56.160  INFO 1 --- [           main] s.g.m.s.m.a.ScDefaultMonitorInterceptor  : Start executing the springfox.documentation.schema.property.ModelSpecificationFactory.create method
2025-06-11 12:06:56.160  INFO 1 --- [           main] s.g.m.s.m.a.ScDefaultMonitorInterceptor  : Stop executing the springfox.documentation.schema.property.ModelSpecificationFactory.create method
2025-06-11 12:06:56.160  INFO 1 --- [           main] s.g.m.s.m.a.ScDefaultMonitorInterceptor  : Start executing the springfox.documentation.schema.property.ModelSpecificationFactory.create method
2025-06-11 12:06:56.160  INFO 1 --- [           main] s.g.m.s.m.a.ScDefaultMonitorInterceptor  : Stop executing the springfox.documentation.schema.property.ModelSpecificationFactory.create method
2025-06-11 12:06:56.160  INFO 1 --- [           main] s.g.m.s.m.a.ScDefaultMonitorInterceptor  : Start executing the springfox.documentation.schema.property.ModelSpecificationFactory.create method
2025-06-11 12:06:56.160  INFO 1 --- [           main] s.g.m.s.m.a.ScDefaultMonitorInterceptor  : Stop executing the springfox.documentation.schema.property.ModelSpecificationFactory.create method
2025-06-11 12:06:56.160  INFO 1 --- [           main] s.g.m.s.m.a.ScDefaultMonitorInterceptor  : Start executing the springfox.documentation.schema.property.ModelSpecificationFactory.create method
2025-06-11 12:06:56.160  INFO 1 --- [           main] s.g.m.s.m.a.ScDefaultMonitorInterceptor  : Stop executing the springfox.documentation.schema.property.ModelSpecificationFactory.create method
2025-06-11 12:06:56.160  INFO 1 --- [           main] s.g.m.s.m.a.ScDefaultMonitorInterceptor  : Start executing the springfox.documentation.schema.property.ModelSpecificationFactory.create method
2025-06-11 12:06:56.160  INFO 1 --- [           main] s.g.m.s.m.a.ScDefaultMonitorInterceptor  : Stop executing the springfox.documentation.schema.property.ModelSpecificationFactory.create method
2025-06-11 12:06:56.160  INFO 1 --- [           main] s.g.m.s.m.a.ScDefaultMonitorInterceptor  : Start executing the springfox.documentation.schema.property.ModelSpecificationFactory.create method
2025-06-11 12:06:56.160  INFO 1 --- [           main] s.g.m.s.m.a.ScDefaultMonitorInterceptor  : Stop executing the springfox.documentation.schema.property.ModelSpecificationFactory.create method
2025-06-11 12:06:56.161  INFO 1 --- [           main] s.g.m.s.m.a.ScDefaultMonitorInterceptor  : Start executing the springfox.documentation.schema.property.ModelSpecificationFactory.create method
2025-06-11 12:06:56.161  INFO 1 --- [           main] s.g.m.s.m.a.ScDefaultMonitorInterceptor  : Stop executing the springfox.documentation.schema.property.ModelSpecificationFactory.create method
2025-06-11 12:06:56.161  INFO 1 --- [           main] s.g.m.s.m.a.ScDefaultMonitorInterceptor  : Start executing the springfox.documentation.schema.property.ModelSpecificationFactory.create method
2025-06-11 12:06:56.161  INFO 1 --- [           main] s.g.m.s.m.a.ScDefaultMonitorInterceptor  : Stop executing the springfox.documentation.schema.property.ModelSpecificationFactory.create method
2025-06-11 12:06:56.162  INFO 1 --- [           main] s.g.m.s.m.a.ScDefaultMonitorInterceptor  : Start executing the springfox.documentation.schema.property.ModelSpecificationFactory.create method
2025-06-11 12:06:56.162  INFO 1 --- [           main] s.g.m.s.m.a.ScDefaultMonitorInterceptor  : Stop executing the springfox.documentation.schema.property.ModelSpecificationFactory.create method
2025-06-11 12:06:56.162  INFO 1 --- [           main] s.g.m.s.m.a.ScDefaultMonitorInterceptor  : Start executing the springfox.documentation.schema.property.ModelSpecificationFactory.create method
2025-06-11 12:06:56.162  INFO 1 --- [           main] s.g.m.s.m.a.ScDefaultMonitorInterceptor  : Stop executing the springfox.documentation.schema.property.ModelSpecificationFactory.create method
2025-06-11 12:06:56.163  INFO 1 --- [           main] s.g.m.s.m.a.ScDefaultMonitorInterceptor  : Start executing the springfox.documentation.schema.property.ModelSpecificationFactory.create method
2025-06-11 12:06:56.163  INFO 1 --- [           main] s.g.m.s.m.a.ScDefaultMonitorInterceptor  : Stop executing the springfox.documentation.schema.property.ModelSpecificationFactory.create method
2025-06-11 12:06:56.163  INFO 1 --- [           main] s.g.m.s.m.a.ScDefaultMonitorInterceptor  : Start executing the springfox.documentation.schema.property.ModelSpecificationFactory.create method
2025-06-11 12:06:56.163  INFO 1 --- [           main] s.g.m.s.m.a.ScDefaultMonitorInterceptor  : Stop executing the springfox.documentation.schema.property.ModelSpecificationFactory.create method
2025-06-11 12:06:56.163  INFO 1 --- [           main] s.g.m.s.m.a.ScDefaultMonitorInterceptor  : Start executing the springfox.documentation.schema.property.ModelSpecificationFactory.create method
2025-06-11 12:06:56.163  INFO 1 --- [           main] s.g.m.s.m.a.ScDefaultMonitorInterceptor  : Stop executing the springfox.documentation.schema.property.ModelSpecificationFactory.create method
2025-06-11 12:06:56.163  INFO 1 --- [           main] s.g.m.s.m.a.ScDefaultMonitorInterceptor  : Start executing the springfox.documentation.schema.property.ModelSpecificationFactory.create method
2025-06-11 12:06:56.163  INFO 1 --- [           main] s.g.m.s.m.a.ScDefaultMonitorInterceptor  : Stop executing the springfox.documentation.schema.property.ModelSpecificationFactory.create method
2025-06-11 12:06:56.223  INFO 1 --- [           main] s.g.m.s.m.a.ScDefaultMonitorInterceptor  : Start executing the springfox.documentation.schema.property.ModelSpecificationFactory.create method
2025-06-11 12:06:56.223  INFO 1 --- [           main] s.g.m.s.m.a.ScDefaultMonitorInterceptor  : Stop executing the springfox.documentation.schema.property.ModelSpecificationFactory.create method
2025-06-11 12:06:56.223  INFO 1 --- [           main] s.g.m.s.m.a.ScDefaultMonitorInterceptor  : Start executing the springfox.documentation.schema.property.ModelSpecificationFactory.create method
2025-06-11 12:06:56.223  INFO 1 --- [           main] s.g.m.s.m.a.ScDefaultMonitorInterceptor  : Stop executing the springfox.documentation.schema.property.ModelSpecificationFactory.create method
2025-06-11 12:06:56.223  INFO 1 --- [           main] s.g.m.s.m.a.ScDefaultMonitorInterceptor  : Start executing the springfox.documentation.schema.property.ModelSpecificationFactory.create method
2025-06-11 12:06:56.223  INFO 1 --- [           main] s.g.m.s.m.a.ScDefaultMonitorInterceptor  : Stop executing the springfox.documentation.schema.property.ModelSpecificationFactory.create method
2025-06-11 12:06:56.227  INFO 1 --- [           main] s.g.m.s.m.a.ScDefaultMonitorInterceptor  : Start executing the springfox.documentation.schema.property.ModelSpecificationFactory.create method
2025-06-11 12:06:56.227  INFO 1 --- [           main] s.g.m.s.m.a.ScDefaultMonitorInterceptor  : Stop executing the springfox.documentation.schema.property.ModelSpecificationFactory.create method
2025-06-11 12:06:56.227  INFO 1 --- [           main] s.g.m.s.m.a.ScDefaultMonitorInterceptor  : Start executing the springfox.documentation.schema.property.ModelSpecificationFactory.create method
2025-06-11 12:06:56.227  INFO 1 --- [           main] s.g.m.s.m.a.ScDefaultMonitorInterceptor  : Stop executing the springfox.documentation.schema.property.ModelSpecificationFactory.create method
2025-06-11 12:06:56.227  INFO 1 --- [           main] s.g.m.s.m.a.ScDefaultMonitorInterceptor  : Start executing the springfox.documentation.schema.property.ModelSpecificationFactory.create method
2025-06-11 12:06:56.227  INFO 1 --- [           main] s.g.m.s.m.a.ScDefaultMonitorInterceptor  : Stop executing the springfox.documentation.schema.property.ModelSpecificationFactory.create method
2025-06-11 12:06:56.227  INFO 1 --- [           main] s.g.m.s.m.a.ScDefaultMonitorInterceptor  : Start executing the springfox.documentation.schema.property.ModelSpecificationFactory.create method
2025-06-11 12:06:56.227  INFO 1 --- [           main] s.g.m.s.m.a.ScDefaultMonitorInterceptor  : Stop executing the springfox.documentation.schema.property.ModelSpecificationFactory.create method
2025-06-11 12:06:56.227  INFO 1 --- [           main] s.g.m.s.m.a.ScDefaultMonitorInterceptor  : Start executing the springfox.documentation.schema.property.ModelSpecificationFactory.create method
2025-06-11 12:06:56.227  INFO 1 --- [           main] s.g.m.s.m.a.ScDefaultMonitorInterceptor  : Stop executing the springfox.documentation.schema.property.ModelSpecificationFactory.create method
2025-06-11 12:06:56.227  INFO 1 --- [           main] s.g.m.s.m.a.ScDefaultMonitorInterceptor  : Start executing the springfox.documentation.schema.property.ModelSpecificationFactory.create method
2025-06-11 12:06:56.227  INFO 1 --- [           main] s.g.m.s.m.a.ScDefaultMonitorInterceptor  : Stop executing the springfox.documentation.schema.property.ModelSpecificationFactory.create method
2025-06-11 12:06:56.227  INFO 1 --- [           main] s.g.m.s.m.a.ScDefaultMonitorInterceptor  : Start executing the springfox.documentation.schema.property.ModelSpecificationFactory.create method
2025-06-11 12:06:56.227  INFO 1 --- [           main] s.g.m.s.m.a.ScDefaultMonitorInterceptor  : Stop executing the springfox.documentation.schema.property.ModelSpecificationFactory.create method
2025-06-11 12:06:56.227  INFO 1 --- [           main] s.g.m.s.m.a.ScDefaultMonitorInterceptor  : Start executing the springfox.documentation.schema.property.ModelSpecificationFactory.create method
2025-06-11 12:06:56.227  INFO 1 --- [           main] s.g.m.s.m.a.ScDefaultMonitorInterceptor  : Stop executing the springfox.documentation.schema.property.ModelSpecificationFactory.create method
2025-06-11 12:06:56.228  INFO 1 --- [           main] s.g.m.s.m.a.ScDefaultMonitorInterceptor  : Start executing the springfox.documentation.schema.property.ModelSpecificationFactory.create method
2025-06-11 12:06:56.228  INFO 1 --- [           main] s.g.m.s.m.a.ScDefaultMonitorInterceptor  : Stop executing the springfox.documentation.schema.property.ModelSpecificationFactory.create method
2025-06-11 12:06:56.228  INFO 1 --- [           main] s.g.m.s.m.a.ScDefaultMonitorInterceptor  : Start executing the springfox.documentation.schema.property.ModelSpecificationFactory.create method
2025-06-11 12:06:56.228  INFO 1 --- [           main] s.g.m.s.m.a.ScDefaultMonitorInterceptor  : Stop executing the springfox.documentation.schema.property.ModelSpecificationFactory.create method
2025-06-11 12:06:56.228  INFO 1 --- [           main] s.g.m.s.m.a.ScDefaultMonitorInterceptor  : Start executing the springfox.documentation.schema.property.ModelSpecificationFactory.create method
2025-06-11 12:06:56.228  INFO 1 --- [           main] s.g.m.s.m.a.ScDefaultMonitorInterceptor  : Stop executing the springfox.documentation.schema.property.ModelSpecificationFactory.create method
2025-06-11 12:06:56.230  INFO 1 --- [           main] s.g.m.s.m.a.ScDefaultMonitorInterceptor  : Start executing the springfox.documentation.schema.property.ModelSpecificationFactory.create method
2025-06-11 12:06:56.230  INFO 1 --- [           main] s.g.m.s.m.a.ScDefaultMonitorInterceptor  : Stop executing the springfox.documentation.schema.property.ModelSpecificationFactory.create method
2025-06-11 12:06:56.230  INFO 1 --- [           main] s.g.m.s.m.a.ScDefaultMonitorInterceptor  : Start executing the springfox.documentation.schema.property.ModelSpecificationFactory.create method
2025-06-11 12:06:56.230  INFO 1 --- [           main] s.g.m.s.m.a.ScDefaultMonitorInterceptor  : Stop executing the springfox.documentation.schema.property.ModelSpecificationFactory.create method
2025-06-11 12:06:56.236  INFO 1 --- [           main] s.g.m.s.m.a.ScDefaultMonitorInterceptor  : Start executing the springfox.documentation.schema.property.ModelSpecificationFactory.create method
2025-06-11 12:06:56.236  INFO 1 --- [           main] s.g.m.s.m.a.ScDefaultMonitorInterceptor  : Stop executing the springfox.documentation.schema.property.ModelSpecificationFactory.create method
2025-06-11 12:06:56.236  INFO 1 --- [           main] s.g.m.s.m.a.ScDefaultMonitorInterceptor  : Start executing the springfox.documentation.schema.property.ModelSpecificationFactory.create method
2025-06-11 12:06:56.236  INFO 1 --- [           main] s.g.m.s.m.a.ScDefaultMonitorInterceptor  : Stop executing the springfox.documentation.schema.property.ModelSpecificationFactory.create method
2025-06-11 12:06:56.236  INFO 1 --- [           main] s.g.m.s.m.a.ScDefaultMonitorInterceptor  : Start executing the springfox.documentation.schema.property.ModelSpecificationFactory.create method
2025-06-11 12:06:56.236  INFO 1 --- [           main] s.g.m.s.m.a.ScDefaultMonitorInterceptor  : Stop executing the springfox.documentation.schema.property.ModelSpecificationFactory.create method
2025-06-11 12:06:56.236  INFO 1 --- [           main] s.g.m.s.m.a.ScDefaultMonitorInterceptor  : Start executing the springfox.documentation.schema.property.ModelSpecificationFactory.create method
2025-06-11 12:06:56.236  INFO 1 --- [           main] s.g.m.s.m.a.ScDefaultMonitorInterceptor  : Stop executing the springfox.documentation.schema.property.ModelSpecificationFactory.create method
2025-06-11 12:06:56.236  INFO 1 --- [           main] s.g.m.s.m.a.ScDefaultMonitorInterceptor  : Start executing the springfox.documentation.schema.property.ModelSpecificationFactory.create method
2025-06-11 12:06:56.236  INFO 1 --- [           main] s.g.m.s.m.a.ScDefaultMonitorInterceptor  : Stop executing the springfox.documentation.schema.property.ModelSpecificationFactory.create method
2025-06-11 12:06:56.236  INFO 1 --- [           main] s.g.m.s.m.a.ScDefaultMonitorInterceptor  : Start executing the springfox.documentation.schema.property.ModelSpecificationFactory.create method
2025-06-11 12:06:56.236  INFO 1 --- [           main] s.g.m.s.m.a.ScDefaultMonitorInterceptor  : Stop executing the springfox.documentation.schema.property.ModelSpecificationFactory.create method
2025-06-11 12:06:56.236  INFO 1 --- [           main] s.g.m.s.m.a.ScDefaultMonitorInterceptor  : Start executing the springfox.documentation.schema.property.ModelSpecificationFactory.create method
2025-06-11 12:06:56.237  INFO 1 --- [           main] s.g.m.s.m.a.ScDefaultMonitorInterceptor  : Stop executing the springfox.documentation.schema.property.ModelSpecificationFactory.create method
2025-06-11 12:06:56.237  INFO 1 --- [           main] s.g.m.s.m.a.ScDefaultMonitorInterceptor  : Start executing the springfox.documentation.schema.property.ModelSpecificationFactory.create method
2025-06-11 12:06:56.237  INFO 1 --- [           main] s.g.m.s.m.a.ScDefaultMonitorInterceptor  : Stop executing the springfox.documentation.schema.property.ModelSpecificationFactory.create method
2025-06-11 12:06:56.237  INFO 1 --- [           main] s.g.m.s.m.a.ScDefaultMonitorInterceptor  : Start executing the springfox.documentation.schema.property.ModelSpecificationFactory.create method
2025-06-11 12:06:56.237  INFO 1 --- [           main] s.g.m.s.m.a.ScDefaultMonitorInterceptor  : Stop executing the springfox.documentation.schema.property.ModelSpecificationFactory.create method
2025-06-11 12:06:56.237  INFO 1 --- [           main] s.g.m.s.m.a.ScDefaultMonitorInterceptor  : Start executing the springfox.documentation.schema.property.ModelSpecificationFactory.create method
2025-06-11 12:06:56.237  INFO 1 --- [           main] s.g.m.s.m.a.ScDefaultMonitorInterceptor  : Stop executing the springfox.documentation.schema.property.ModelSpecificationFactory.create method
2025-06-11 12:06:56.237  INFO 1 --- [           main] s.g.m.s.m.a.ScDefaultMonitorInterceptor  : Start executing the springfox.documentation.schema.property.ModelSpecificationFactory.create method
2025-06-11 12:06:56.237  INFO 1 --- [           main] s.g.m.s.m.a.ScDefaultMonitorInterceptor  : Stop executing the springfox.documentation.schema.property.ModelSpecificationFactory.create method
2025-06-11 12:06:56.237  INFO 1 --- [           main] s.g.m.s.m.a.ScDefaultMonitorInterceptor  : Start executing the springfox.documentation.schema.property.ModelSpecificationFactory.create method
2025-06-11 12:06:56.237  INFO 1 --- [           main] s.g.m.s.m.a.ScDefaultMonitorInterceptor  : Stop executing the springfox.documentation.schema.property.ModelSpecificationFactory.create method
2025-06-11 12:06:56.237  INFO 1 --- [           main] s.g.m.s.m.a.ScDefaultMonitorInterceptor  : Start executing the springfox.documentation.schema.property.ModelSpecificationFactory.create method
2025-06-11 12:06:56.237  INFO 1 --- [           main] s.g.m.s.m.a.ScDefaultMonitorInterceptor  : Stop executing the springfox.documentation.schema.property.ModelSpecificationFactory.create method
2025-06-11 12:06:56.237  INFO 1 --- [           main] s.g.m.s.m.a.ScDefaultMonitorInterceptor  : Start executing the springfox.documentation.schema.property.ModelSpecificationFactory.create method
2025-06-11 12:06:56.237  INFO 1 --- [           main] s.g.m.s.m.a.ScDefaultMonitorInterceptor  : Stop executing the springfox.documentation.schema.property.ModelSpecificationFactory.create method
2025-06-11 12:06:56.237  INFO 1 --- [           main] s.g.m.s.m.a.ScDefaultMonitorInterceptor  : Start executing the springfox.documentation.schema.property.ModelSpecificationFactory.create method
2025-06-11 12:06:56.237  INFO 1 --- [           main] s.g.m.s.m.a.ScDefaultMonitorInterceptor  : Stop executing the springfox.documentation.schema.property.ModelSpecificationFactory.create method
2025-06-11 12:06:56.237  INFO 1 --- [           main] s.g.m.s.m.a.ScDefaultMonitorInterceptor  : Start executing the springfox.documentation.schema.property.ModelSpecificationFactory.create method
2025-06-11 12:06:56.237  INFO 1 --- [           main] s.g.m.s.m.a.ScDefaultMonitorInterceptor  : Stop executing the springfox.documentation.schema.property.ModelSpecificationFactory.create method
2025-06-11 12:06:56.237  INFO 1 --- [           main] s.g.m.s.m.a.ScDefaultMonitorInterceptor  : Start executing the springfox.documentation.schema.property.ModelSpecificationFactory.create method
2025-06-11 12:06:56.237  INFO 1 --- [           main] s.g.m.s.m.a.ScDefaultMonitorInterceptor  : Stop executing the springfox.documentation.schema.property.ModelSpecificationFactory.create method
2025-06-11 12:06:56.238  INFO 1 --- [           main] s.g.m.s.m.a.ScDefaultMonitorInterceptor  : Start executing the springfox.documentation.schema.property.ModelSpecificationFactory.create method
2025-06-11 12:06:56.238  INFO 1 --- [           main] s.g.m.s.m.a.ScDefaultMonitorInterceptor  : Stop executing the springfox.documentation.schema.property.ModelSpecificationFactory.create method
2025-06-11 12:06:56.238  INFO 1 --- [           main] s.g.m.s.m.a.ScDefaultMonitorInterceptor  : Start executing the springfox.documentation.schema.property.ModelSpecificationFactory.create method
2025-06-11 12:06:56.238  INFO 1 --- [           main] s.g.m.s.m.a.ScDefaultMonitorInterceptor  : Stop executing the springfox.documentation.schema.property.ModelSpecificationFactory.create method
2025-06-11 12:06:56.238  INFO 1 --- [           main] s.g.m.s.m.a.ScDefaultMonitorInterceptor  : Start executing the springfox.documentation.schema.property.ModelSpecificationFactory.create method
2025-06-11 12:06:56.238  INFO 1 --- [           main] s.g.m.s.m.a.ScDefaultMonitorInterceptor  : Stop executing the springfox.documentation.schema.property.ModelSpecificationFactory.create method
2025-06-11 12:06:56.238  INFO 1 --- [           main] s.g.m.s.m.a.ScDefaultMonitorInterceptor  : Start executing the springfox.documentation.schema.property.ModelSpecificationFactory.create method
2025-06-11 12:06:56.238  INFO 1 --- [           main] s.g.m.s.m.a.ScDefaultMonitorInterceptor  : Stop executing the springfox.documentation.schema.property.ModelSpecificationFactory.create method
2025-06-11 12:06:56.238  INFO 1 --- [           main] s.g.m.s.m.a.ScDefaultMonitorInterceptor  : Start executing the springfox.documentation.schema.property.ModelSpecificationFactory.create method
2025-06-11 12:06:56.238  INFO 1 --- [           main] s.g.m.s.m.a.ScDefaultMonitorInterceptor  : Stop executing the springfox.documentation.schema.property.ModelSpecificationFactory.create method
2025-06-11 12:06:56.238  INFO 1 --- [           main] s.g.m.s.m.a.ScDefaultMonitorInterceptor  : Start executing the springfox.documentation.schema.property.ModelSpecificationFactory.create method
2025-06-11 12:06:56.238  INFO 1 --- [           main] s.g.m.s.m.a.ScDefaultMonitorInterceptor  : Stop executing the springfox.documentation.schema.property.ModelSpecificationFactory.create method
2025-06-11 12:06:56.238  INFO 1 --- [           main] s.g.m.s.m.a.ScDefaultMonitorInterceptor  : Start executing the springfox.documentation.schema.property.ModelSpecificationFactory.create method
2025-06-11 12:06:56.238  INFO 1 --- [           main] s.g.m.s.m.a.ScDefaultMonitorInterceptor  : Stop executing the springfox.documentation.schema.property.ModelSpecificationFactory.create method
2025-06-11 12:06:56.238  INFO 1 --- [           main] s.g.m.s.m.a.ScDefaultMonitorInterceptor  : Start executing the springfox.documentation.schema.property.ModelSpecificationFactory.create method
2025-06-11 12:06:56.238  INFO 1 --- [           main] s.g.m.s.m.a.ScDefaultMonitorInterceptor  : Stop executing the springfox.documentation.schema.property.ModelSpecificationFactory.create method
2025-06-11 12:06:56.238  INFO 1 --- [           main] s.g.m.s.m.a.ScDefaultMonitorInterceptor  : Start executing the springfox.documentation.schema.property.ModelSpecificationFactory.create method
2025-06-11 12:06:56.238  INFO 1 --- [           main] s.g.m.s.m.a.ScDefaultMonitorInterceptor  : Stop executing the springfox.documentation.schema.property.ModelSpecificationFactory.create method
2025-06-11 12:06:56.238  INFO 1 --- [           main] s.g.m.s.m.a.ScDefaultMonitorInterceptor  : Start executing the springfox.documentation.schema.property.ModelSpecificationFactory.create method
2025-06-11 12:06:56.238  INFO 1 --- [           main] s.g.m.s.m.a.ScDefaultMonitorInterceptor  : Stop executing the springfox.documentation.schema.property.ModelSpecificationFactory.create method
2025-06-11 12:06:56.239  INFO 1 --- [           main] s.g.m.s.m.a.ScDefaultMonitorInterceptor  : Start executing the springfox.documentation.schema.property.ModelSpecificationFactory.create method
2025-06-11 12:06:56.239  INFO 1 --- [           main] s.g.m.s.m.a.ScDefaultMonitorInterceptor  : Stop executing the springfox.documentation.schema.property.ModelSpecificationFactory.create method
2025-06-11 12:06:56.239  INFO 1 --- [           main] s.g.m.s.m.a.ScDefaultMonitorInterceptor  : Start executing the springfox.documentation.schema.property.ModelSpecificationFactory.create method
2025-06-11 12:06:56.239  INFO 1 --- [           main] s.g.m.s.m.a.ScDefaultMonitorInterceptor  : Stop executing the springfox.documentation.schema.property.ModelSpecificationFactory.create method
2025-06-11 12:06:56.239  INFO 1 --- [           main] s.g.m.s.m.a.ScDefaultMonitorInterceptor  : Start executing the springfox.documentation.schema.property.ModelSpecificationFactory.create method
2025-06-11 12:06:56.239  INFO 1 --- [           main] s.g.m.s.m.a.ScDefaultMonitorInterceptor  : Stop executing the springfox.documentation.schema.property.ModelSpecificationFactory.create method
2025-06-11 12:06:56.239  INFO 1 --- [           main] s.g.m.s.m.a.ScDefaultMonitorInterceptor  : Start executing the springfox.documentation.schema.property.ModelSpecificationFactory.create method
2025-06-11 12:06:56.239  INFO 1 --- [           main] s.g.m.s.m.a.ScDefaultMonitorInterceptor  : Stop executing the springfox.documentation.schema.property.ModelSpecificationFactory.create method
2025-06-11 12:06:56.239  INFO 1 --- [           main] s.g.m.s.m.a.ScDefaultMonitorInterceptor  : Start executing the springfox.documentation.schema.property.ModelSpecificationFactory.create method
2025-06-11 12:06:56.239  INFO 1 --- [           main] s.g.m.s.m.a.ScDefaultMonitorInterceptor  : Stop executing the springfox.documentation.schema.property.ModelSpecificationFactory.create method
2025-06-11 12:06:56.239  INFO 1 --- [           main] s.g.m.s.m.a.ScDefaultMonitorInterceptor  : Start executing the springfox.documentation.schema.property.ModelSpecificationFactory.create method
2025-06-11 12:06:56.239  INFO 1 --- [           main] s.g.m.s.m.a.ScDefaultMonitorInterceptor  : Stop executing the springfox.documentation.schema.property.ModelSpecificationFactory.create method
2025-06-11 12:06:56.239  INFO 1 --- [           main] s.g.m.s.m.a.ScDefaultMonitorInterceptor  : Start executing the springfox.documentation.schema.property.ModelSpecificationFactory.create method
2025-06-11 12:06:56.239  INFO 1 --- [           main] s.g.m.s.m.a.ScDefaultMonitorInterceptor  : Stop executing the springfox.documentation.schema.property.ModelSpecificationFactory.create method
2025-06-11 12:06:56.239  INFO 1 --- [           main] s.g.m.s.m.a.ScDefaultMonitorInterceptor  : Start executing the springfox.documentation.schema.property.ModelSpecificationFactory.create method
2025-06-11 12:06:56.239  INFO 1 --- [           main] s.g.m.s.m.a.ScDefaultMonitorInterceptor  : Stop executing the springfox.documentation.schema.property.ModelSpecificationFactory.create method
2025-06-11 12:06:56.239  INFO 1 --- [           main] s.g.m.s.m.a.ScDefaultMonitorInterceptor  : Start executing the springfox.documentation.schema.property.ModelSpecificationFactory.create method
2025-06-11 12:06:56.239  INFO 1 --- [           main] s.g.m.s.m.a.ScDefaultMonitorInterceptor  : Stop executing the springfox.documentation.schema.property.ModelSpecificationFactory.create method
2025-06-11 12:06:56.239  INFO 1 --- [           main] s.g.m.s.m.a.ScDefaultMonitorInterceptor  : Start executing the springfox.documentation.schema.property.ModelSpecificationFactory.create method
2025-06-11 12:06:56.239  INFO 1 --- [           main] s.g.m.s.m.a.ScDefaultMonitorInterceptor  : Stop executing the springfox.documentation.schema.property.ModelSpecificationFactory.create method
2025-06-11 12:06:56.240  INFO 1 --- [           main] s.g.m.s.m.a.ScDefaultMonitorInterceptor  : Start executing the springfox.documentation.schema.property.ModelSpecificationFactory.create method
2025-06-11 12:06:56.240  INFO 1 --- [           main] s.g.m.s.m.a.ScDefaultMonitorInterceptor  : Stop executing the springfox.documentation.schema.property.ModelSpecificationFactory.create method
2025-06-11 12:06:56.240  INFO 1 --- [           main] s.g.m.s.m.a.ScDefaultMonitorInterceptor  : Start executing the springfox.documentation.schema.property.ModelSpecificationFactory.create method
2025-06-11 12:06:56.240  INFO 1 --- [           main] s.g.m.s.m.a.ScDefaultMonitorInterceptor  : Stop executing the springfox.documentation.schema.property.ModelSpecificationFactory.create method
2025-06-11 12:06:56.240  INFO 1 --- [           main] s.g.m.s.m.a.ScDefaultMonitorInterceptor  : Start executing the springfox.documentation.schema.property.ModelSpecificationFactory.create method
2025-06-11 12:06:56.240  INFO 1 --- [           main] s.g.m.s.m.a.ScDefaultMonitorInterceptor  : Stop executing the springfox.documentation.schema.property.ModelSpecificationFactory.create method
2025-06-11 12:06:56.240  INFO 1 --- [           main] s.g.m.s.m.a.ScDefaultMonitorInterceptor  : Start executing the springfox.documentation.schema.property.ModelSpecificationFactory.create method
2025-06-11 12:06:56.240  INFO 1 --- [           main] s.g.m.s.m.a.ScDefaultMonitorInterceptor  : Stop executing the springfox.documentation.schema.property.ModelSpecificationFactory.create method
2025-06-11 12:06:56.240  INFO 1 --- [           main] s.g.m.s.m.a.ScDefaultMonitorInterceptor  : Start executing the springfox.documentation.schema.property.ModelSpecificationFactory.create method
2025-06-11 12:06:56.240  INFO 1 --- [           main] s.g.m.s.m.a.ScDefaultMonitorInterceptor  : Stop executing the springfox.documentation.schema.property.ModelSpecificationFactory.create method
2025-06-11 12:06:56.240  INFO 1 --- [           main] s.g.m.s.m.a.ScDefaultMonitorInterceptor  : Start executing the springfox.documentation.schema.property.ModelSpecificationFactory.create method
2025-06-11 12:06:56.240  INFO 1 --- [           main] s.g.m.s.m.a.ScDefaultMonitorInterceptor  : Stop executing the springfox.documentation.schema.property.ModelSpecificationFactory.create method
2025-06-11 12:06:56.240  INFO 1 --- [           main] s.g.m.s.m.a.ScDefaultMonitorInterceptor  : Start executing the springfox.documentation.schema.property.ModelSpecificationFactory.create method
2025-06-11 12:06:56.240  INFO 1 --- [           main] s.g.m.s.m.a.ScDefaultMonitorInterceptor  : Stop executing the springfox.documentation.schema.property.ModelSpecificationFactory.create method
2025-06-11 12:06:56.240  INFO 1 --- [           main] s.g.m.s.m.a.ScDefaultMonitorInterceptor  : Start executing the springfox.documentation.schema.property.ModelSpecificationFactory.create method
2025-06-11 12:06:56.240  INFO 1 --- [           main] s.g.m.s.m.a.ScDefaultMonitorInterceptor  : Stop executing the springfox.documentation.schema.property.ModelSpecificationFactory.create method
2025-06-11 12:06:56.240  INFO 1 --- [           main] s.g.m.s.m.a.ScDefaultMonitorInterceptor  : Start executing the springfox.documentation.schema.property.ModelSpecificationFactory.create method
2025-06-11 12:06:56.240  INFO 1 --- [           main] s.g.m.s.m.a.ScDefaultMonitorInterceptor  : Stop executing the springfox.documentation.schema.property.ModelSpecificationFactory.create method
2025-06-11 12:06:56.241  INFO 1 --- [           main] s.g.m.s.m.a.ScDefaultMonitorInterceptor  : Start executing the springfox.documentation.schema.property.ModelSpecificationFactory.create method
2025-06-11 12:06:56.241  INFO 1 --- [           main] s.g.m.s.m.a.ScDefaultMonitorInterceptor  : Stop executing the springfox.documentation.schema.property.ModelSpecificationFactory.create method
2025-06-11 12:06:56.241  INFO 1 --- [           main] s.g.m.s.m.a.ScDefaultMonitorInterceptor  : Start executing the springfox.documentation.schema.property.ModelSpecificationFactory.create method
2025-06-11 12:06:56.241  INFO 1 --- [           main] s.g.m.s.m.a.ScDefaultMonitorInterceptor  : Stop executing the springfox.documentation.schema.property.ModelSpecificationFactory.create method
2025-06-11 12:06:56.241  INFO 1 --- [           main] s.g.m.s.m.a.ScDefaultMonitorInterceptor  : Start executing the springfox.documentation.schema.property.ModelSpecificationFactory.create method
2025-06-11 12:06:56.241  INFO 1 --- [           main] s.g.m.s.m.a.ScDefaultMonitorInterceptor  : Stop executing the springfox.documentation.schema.property.ModelSpecificationFactory.create method
2025-06-11 12:06:56.241  INFO 1 --- [           main] s.g.m.s.m.a.ScDefaultMonitorInterceptor  : Start executing the springfox.documentation.schema.property.ModelSpecificationFactory.create method
2025-06-11 12:06:56.241  INFO 1 --- [           main] s.g.m.s.m.a.ScDefaultMonitorInterceptor  : Stop executing the springfox.documentation.schema.property.ModelSpecificationFactory.create method
2025-06-11 12:06:56.241  INFO 1 --- [           main] s.g.m.s.m.a.ScDefaultMonitorInterceptor  : Start executing the springfox.documentation.schema.property.ModelSpecificationFactory.create method
2025-06-11 12:06:56.241  INFO 1 --- [           main] s.g.m.s.m.a.ScDefaultMonitorInterceptor  : Stop executing the springfox.documentation.schema.property.ModelSpecificationFactory.create method
2025-06-11 12:06:56.243  INFO 1 --- [           main] s.g.m.s.m.a.ScDefaultMonitorInterceptor  : Start executing the springfox.documentation.schema.property.ModelSpecificationFactory.create method
2025-06-11 12:06:56.243  INFO 1 --- [           main] s.g.m.s.m.a.ScDefaultMonitorInterceptor  : Stop executing the springfox.documentation.schema.property.ModelSpecificationFactory.create method
2025-06-11 12:06:56.243  INFO 1 --- [           main] s.g.m.s.m.a.ScDefaultMonitorInterceptor  : Start executing the springfox.documentation.schema.property.ModelSpecificationFactory.create method
2025-06-11 12:06:56.243  INFO 1 --- [           main] s.g.m.s.m.a.ScDefaultMonitorInterceptor  : Stop executing the springfox.documentation.schema.property.ModelSpecificationFactory.create method
2025-06-11 12:06:56.243  INFO 1 --- [           main] s.g.m.s.m.a.ScDefaultMonitorInterceptor  : Start executing the springfox.documentation.schema.property.ModelSpecificationFactory.create method
2025-06-11 12:06:56.243  INFO 1 --- [           main] s.g.m.s.m.a.ScDefaultMonitorInterceptor  : Stop executing the springfox.documentation.schema.property.ModelSpecificationFactory.create method
2025-06-11 12:06:56.243  INFO 1 --- [           main] s.g.m.s.m.a.ScDefaultMonitorInterceptor  : Start executing the springfox.documentation.schema.property.ModelSpecificationFactory.create method
2025-06-11 12:06:56.243  INFO 1 --- [           main] s.g.m.s.m.a.ScDefaultMonitorInterceptor  : Stop executing the springfox.documentation.schema.property.ModelSpecificationFactory.create method
2025-06-11 12:06:56.243  INFO 1 --- [           main] s.g.m.s.m.a.ScDefaultMonitorInterceptor  : Start executing the springfox.documentation.schema.property.ModelSpecificationFactory.create method
2025-06-11 12:06:56.243  INFO 1 --- [           main] s.g.m.s.m.a.ScDefaultMonitorInterceptor  : Stop executing the springfox.documentation.schema.property.ModelSpecificationFactory.create method
2025-06-11 12:06:56.243  INFO 1 --- [           main] s.g.m.s.m.a.ScDefaultMonitorInterceptor  : Start executing the springfox.documentation.schema.property.ModelSpecificationFactory.create method
2025-06-11 12:06:56.244  INFO 1 --- [           main] s.g.m.s.m.a.ScDefaultMonitorInterceptor  : Stop executing the springfox.documentation.schema.property.ModelSpecificationFactory.create method
2025-06-11 12:06:56.256  INFO 1 --- [           main] s.g.m.s.m.a.ScDefaultMonitorInterceptor  : Start executing the springfox.documentation.schema.property.ModelSpecificationFactory.create method
2025-06-11 12:06:56.256  INFO 1 --- [           main] s.g.m.s.m.a.ScDefaultMonitorInterceptor  : Stop executing the springfox.documentation.schema.property.ModelSpecificationFactory.create method
2025-06-11 12:06:56.256  INFO 1 --- [           main] s.g.m.s.m.a.ScDefaultMonitorInterceptor  : Start executing the springfox.documentation.schema.property.ModelSpecificationFactory.create method
2025-06-11 12:06:56.256  INFO 1 --- [           main] s.g.m.s.m.a.ScDefaultMonitorInterceptor  : Stop executing the springfox.documentation.schema.property.ModelSpecificationFactory.create method
2025-06-11 12:06:56.256  INFO 1 --- [           main] s.g.m.s.m.a.ScDefaultMonitorInterceptor  : Start executing the springfox.documentation.schema.property.ModelSpecificationFactory.create method
2025-06-11 12:06:56.256  INFO 1 --- [           main] s.g.m.s.m.a.ScDefaultMonitorInterceptor  : Stop executing the springfox.documentation.schema.property.ModelSpecificationFactory.create method
2025-06-11 12:06:56.256  INFO 1 --- [           main] s.g.m.s.m.a.ScDefaultMonitorInterceptor  : Start executing the springfox.documentation.schema.property.ModelSpecificationFactory.create method
2025-06-11 12:06:56.256  INFO 1 --- [           main] s.g.m.s.m.a.ScDefaultMonitorInterceptor  : Stop executing the springfox.documentation.schema.property.ModelSpecificationFactory.create method
2025-06-11 12:06:56.256  INFO 1 --- [           main] s.g.m.s.m.a.ScDefaultMonitorInterceptor  : Start executing the springfox.documentation.schema.property.ModelSpecificationFactory.create method
2025-06-11 12:06:56.256  INFO 1 --- [           main] s.g.m.s.m.a.ScDefaultMonitorInterceptor  : Stop executing the springfox.documentation.schema.property.ModelSpecificationFactory.create method
2025-06-11 12:06:56.256  INFO 1 --- [           main] s.g.m.s.m.a.ScDefaultMonitorInterceptor  : Start executing the springfox.documentation.schema.property.ModelSpecificationFactory.create method
2025-06-11 12:06:56.256  INFO 1 --- [           main] s.g.m.s.m.a.ScDefaultMonitorInterceptor  : Stop executing the springfox.documentation.schema.property.ModelSpecificationFactory.create method
2025-06-11 12:06:56.257  INFO 1 --- [           main] s.g.m.s.m.a.ScDefaultMonitorInterceptor  : Start executing the springfox.documentation.schema.property.ModelSpecificationFactory.create method
2025-06-11 12:06:56.257  INFO 1 --- [           main] s.g.m.s.m.a.ScDefaultMonitorInterceptor  : Stop executing the springfox.documentation.schema.property.ModelSpecificationFactory.create method
2025-06-11 12:06:56.257  INFO 1 --- [           main] s.g.m.s.m.a.ScDefaultMonitorInterceptor  : Start executing the springfox.documentation.schema.property.ModelSpecificationFactory.create method
2025-06-11 12:06:56.257  INFO 1 --- [           main] s.g.m.s.m.a.ScDefaultMonitorInterceptor  : Stop executing the springfox.documentation.schema.property.ModelSpecificationFactory.create method
2025-06-11 12:06:56.257  INFO 1 --- [           main] s.g.m.s.m.a.ScDefaultMonitorInterceptor  : Start executing the springfox.documentation.schema.property.ModelSpecificationFactory.create method
2025-06-11 12:06:56.257  INFO 1 --- [           main] s.g.m.s.m.a.ScDefaultMonitorInterceptor  : Stop executing the springfox.documentation.schema.property.ModelSpecificationFactory.create method
2025-06-11 12:06:56.257  INFO 1 --- [           main] s.g.m.s.m.a.ScDefaultMonitorInterceptor  : Start executing the springfox.documentation.schema.property.ModelSpecificationFactory.create method
2025-06-11 12:06:56.257  INFO 1 --- [           main] s.g.m.s.m.a.ScDefaultMonitorInterceptor  : Stop executing the springfox.documentation.schema.property.ModelSpecificationFactory.create method
2025-06-11 12:06:56.257  INFO 1 --- [           main] s.g.m.s.m.a.ScDefaultMonitorInterceptor  : Start executing the springfox.documentation.schema.property.ModelSpecificationFactory.create method
2025-06-11 12:06:56.257  INFO 1 --- [           main] s.g.m.s.m.a.ScDefaultMonitorInterceptor  : Stop executing the springfox.documentation.schema.property.ModelSpecificationFactory.create method
2025-06-11 12:06:56.257  INFO 1 --- [           main] s.g.m.s.m.a.ScDefaultMonitorInterceptor  : Start executing the springfox.documentation.schema.property.ModelSpecificationFactory.create method
2025-06-11 12:06:56.257  INFO 1 --- [           main] s.g.m.s.m.a.ScDefaultMonitorInterceptor  : Stop executing the springfox.documentation.schema.property.ModelSpecificationFactory.create method
2025-06-11 12:06:56.257  INFO 1 --- [           main] s.g.m.s.m.a.ScDefaultMonitorInterceptor  : Start executing the springfox.documentation.schema.property.ModelSpecificationFactory.create method
2025-06-11 12:06:56.257  INFO 1 --- [           main] s.g.m.s.m.a.ScDefaultMonitorInterceptor  : Stop executing the springfox.documentation.schema.property.ModelSpecificationFactory.create method
2025-06-11 12:06:56.257  INFO 1 --- [           main] s.g.m.s.m.a.ScDefaultMonitorInterceptor  : Start executing the springfox.documentation.schema.property.ModelSpecificationFactory.create method
2025-06-11 12:06:56.257  INFO 1 --- [           main] s.g.m.s.m.a.ScDefaultMonitorInterceptor  : Stop executing the springfox.documentation.schema.property.ModelSpecificationFactory.create method
2025-06-11 12:06:56.257  INFO 1 --- [           main] s.g.m.s.m.a.ScDefaultMonitorInterceptor  : Start executing the springfox.documentation.schema.property.ModelSpecificationFactory.create method
2025-06-11 12:06:56.257  INFO 1 --- [           main] s.g.m.s.m.a.ScDefaultMonitorInterceptor  : Stop executing the springfox.documentation.schema.property.ModelSpecificationFactory.create method
2025-06-11 12:06:56.257  INFO 1 --- [           main] s.g.m.s.m.a.ScDefaultMonitorInterceptor  : Start executing the springfox.documentation.schema.property.ModelSpecificationFactory.create method
2025-06-11 12:06:56.257  INFO 1 --- [           main] s.g.m.s.m.a.ScDefaultMonitorInterceptor  : Stop executing the springfox.documentation.schema.property.ModelSpecificationFactory.create method
2025-06-11 12:06:56.258  INFO 1 --- [           main] s.g.m.s.m.a.ScDefaultMonitorInterceptor  : Start executing the springfox.documentation.schema.property.ModelSpecificationFactory.create method
2025-06-11 12:06:56.258  INFO 1 --- [           main] s.g.m.s.m.a.ScDefaultMonitorInterceptor  : Stop executing the springfox.documentation.schema.property.ModelSpecificationFactory.create method
2025-06-11 12:06:56.258  INFO 1 --- [           main] s.g.m.s.m.a.ScDefaultMonitorInterceptor  : Start executing the springfox.documentation.schema.property.ModelSpecificationFactory.create method
2025-06-11 12:06:56.258  INFO 1 --- [           main] s.g.m.s.m.a.ScDefaultMonitorInterceptor  : Stop executing the springfox.documentation.schema.property.ModelSpecificationFactory.create method
2025-06-11 12:06:56.258  INFO 1 --- [           main] s.g.m.s.m.a.ScDefaultMonitorInterceptor  : Start executing the springfox.documentation.schema.property.ModelSpecificationFactory.create method
2025-06-11 12:06:56.258  INFO 1 --- [           main] s.g.m.s.m.a.ScDefaultMonitorInterceptor  : Stop executing the springfox.documentation.schema.property.ModelSpecificationFactory.create method
2025-06-11 12:06:56.258  INFO 1 --- [           main] s.g.m.s.m.a.ScDefaultMonitorInterceptor  : Start executing the springfox.documentation.schema.property.ModelSpecificationFactory.create method
2025-06-11 12:06:56.258  INFO 1 --- [           main] s.g.m.s.m.a.ScDefaultMonitorInterceptor  : Stop executing the springfox.documentation.schema.property.ModelSpecificationFactory.create method
2025-06-11 12:06:56.258  INFO 1 --- [           main] s.g.m.s.m.a.ScDefaultMonitorInterceptor  : Start executing the springfox.documentation.schema.property.ModelSpecificationFactory.create method
2025-06-11 12:06:56.258  INFO 1 --- [           main] s.g.m.s.m.a.ScDefaultMonitorInterceptor  : Stop executing the springfox.documentation.schema.property.ModelSpecificationFactory.create method
2025-06-11 12:06:56.258  INFO 1 --- [           main] s.g.m.s.m.a.ScDefaultMonitorInterceptor  : Start executing the springfox.documentation.schema.property.ModelSpecificationFactory.create method
2025-06-11 12:06:56.258  INFO 1 --- [           main] s.g.m.s.m.a.ScDefaultMonitorInterceptor  : Stop executing the springfox.documentation.schema.property.ModelSpecificationFactory.create method
2025-06-11 12:06:56.258  INFO 1 --- [           main] s.g.m.s.m.a.ScDefaultMonitorInterceptor  : Start executing the springfox.documentation.schema.property.ModelSpecificationFactory.create method
2025-06-11 12:06:56.258  INFO 1 --- [           main] s.g.m.s.m.a.ScDefaultMonitorInterceptor  : Stop executing the springfox.documentation.schema.property.ModelSpecificationFactory.create method
2025-06-11 12:06:56.258  INFO 1 --- [           main] s.g.m.s.m.a.ScDefaultMonitorInterceptor  : Start executing the springfox.documentation.schema.property.ModelSpecificationFactory.create method
2025-06-11 12:06:56.258  INFO 1 --- [           main] s.g.m.s.m.a.ScDefaultMonitorInterceptor  : Stop executing the springfox.documentation.schema.property.ModelSpecificationFactory.create method
2025-06-11 12:06:56.258  INFO 1 --- [           main] s.g.m.s.m.a.ScDefaultMonitorInterceptor  : Start executing the springfox.documentation.schema.property.ModelSpecificationFactory.create method
2025-06-11 12:06:56.258  INFO 1 --- [           main] s.g.m.s.m.a.ScDefaultMonitorInterceptor  : Stop executing the springfox.documentation.schema.property.ModelSpecificationFactory.create method
2025-06-11 12:06:56.258  INFO 1 --- [           main] s.g.m.s.m.a.ScDefaultMonitorInterceptor  : Start executing the springfox.documentation.schema.property.ModelSpecificationFactory.create method
2025-06-11 12:06:56.258  INFO 1 --- [           main] s.g.m.s.m.a.ScDefaultMonitorInterceptor  : Stop executing the springfox.documentation.schema.property.ModelSpecificationFactory.create method
2025-06-11 12:06:56.259  INFO 1 --- [           main] s.g.m.s.m.a.ScDefaultMonitorInterceptor  : Start executing the springfox.documentation.schema.property.ModelSpecificationFactory.create method
2025-06-11 12:06:56.259  INFO 1 --- [           main] s.g.m.s.m.a.ScDefaultMonitorInterceptor  : Stop executing the springfox.documentation.schema.property.ModelSpecificationFactory.create method
2025-06-11 12:06:56.259  INFO 1 --- [           main] s.g.m.s.m.a.ScDefaultMonitorInterceptor  : Start executing the springfox.documentation.schema.property.ModelSpecificationFactory.create method
2025-06-11 12:06:56.259  INFO 1 --- [           main] s.g.m.s.m.a.ScDefaultMonitorInterceptor  : Stop executing the springfox.documentation.schema.property.ModelSpecificationFactory.create method
2025-06-11 12:06:56.259  INFO 1 --- [           main] s.g.m.s.m.a.ScDefaultMonitorInterceptor  : Start executing the springfox.documentation.schema.property.ModelSpecificationFactory.create method
2025-06-11 12:06:56.259  INFO 1 --- [           main] s.g.m.s.m.a.ScDefaultMonitorInterceptor  : Stop executing the springfox.documentation.schema.property.ModelSpecificationFactory.create method
2025-06-11 12:06:56.259  INFO 1 --- [           main] s.g.m.s.m.a.ScDefaultMonitorInterceptor  : Start executing the springfox.documentation.schema.property.ModelSpecificationFactory.create method
2025-06-11 12:06:56.259  INFO 1 --- [           main] s.g.m.s.m.a.ScDefaultMonitorInterceptor  : Stop executing the springfox.documentation.schema.property.ModelSpecificationFactory.create method
2025-06-11 12:06:56.259  INFO 1 --- [           main] s.g.m.s.m.a.ScDefaultMonitorInterceptor  : Start executing the springfox.documentation.schema.property.ModelSpecificationFactory.create method
2025-06-11 12:06:56.259  INFO 1 --- [           main] s.g.m.s.m.a.ScDefaultMonitorInterceptor  : Stop executing the springfox.documentation.schema.property.ModelSpecificationFactory.create method
2025-06-11 12:06:56.259  INFO 1 --- [           main] s.g.m.s.m.a.ScDefaultMonitorInterceptor  : Start executing the springfox.documentation.schema.property.ModelSpecificationFactory.create method
2025-06-11 12:06:56.259  INFO 1 --- [           main] s.g.m.s.m.a.ScDefaultMonitorInterceptor  : Stop executing the springfox.documentation.schema.property.ModelSpecificationFactory.create method
2025-06-11 12:06:56.259  INFO 1 --- [           main] s.g.m.s.m.a.ScDefaultMonitorInterceptor  : Start executing the springfox.documentation.schema.property.ModelSpecificationFactory.create method
2025-06-11 12:06:56.259  INFO 1 --- [           main] s.g.m.s.m.a.ScDefaultMonitorInterceptor  : Stop executing the springfox.documentation.schema.property.ModelSpecificationFactory.create method
2025-06-11 12:06:56.259  INFO 1 --- [           main] s.g.m.s.m.a.ScDefaultMonitorInterceptor  : Start executing the springfox.documentation.schema.property.ModelSpecificationFactory.create method
2025-06-11 12:06:56.259  INFO 1 --- [           main] s.g.m.s.m.a.ScDefaultMonitorInterceptor  : Stop executing the springfox.documentation.schema.property.ModelSpecificationFactory.create method
2025-06-11 12:06:56.259  INFO 1 --- [           main] s.g.m.s.m.a.ScDefaultMonitorInterceptor  : Start executing the springfox.documentation.schema.property.ModelSpecificationFactory.create method
2025-06-11 12:06:56.259  INFO 1 --- [           main] s.g.m.s.m.a.ScDefaultMonitorInterceptor  : Stop executing the springfox.documentation.schema.property.ModelSpecificationFactory.create method
2025-06-11 12:06:56.259  INFO 1 --- [           main] s.g.m.s.m.a.ScDefaultMonitorInterceptor  : Start executing the springfox.documentation.schema.property.ModelSpecificationFactory.create method
2025-06-11 12:06:56.259  INFO 1 --- [           main] s.g.m.s.m.a.ScDefaultMonitorInterceptor  : Stop executing the springfox.documentation.schema.property.ModelSpecificationFactory.create method
2025-06-11 12:06:56.259  INFO 1 --- [           main] s.g.m.s.m.a.ScDefaultMonitorInterceptor  : Start executing the springfox.documentation.schema.property.ModelSpecificationFactory.create method
2025-06-11 12:06:56.259  INFO 1 --- [           main] s.g.m.s.m.a.ScDefaultMonitorInterceptor  : Stop executing the springfox.documentation.schema.property.ModelSpecificationFactory.create method
2025-06-11 12:06:56.260  INFO 1 --- [           main] s.g.m.s.m.a.ScDefaultMonitorInterceptor  : Start executing the springfox.documentation.schema.property.ModelSpecificationFactory.create method
2025-06-11 12:06:56.260  INFO 1 --- [           main] s.g.m.s.m.a.ScDefaultMonitorInterceptor  : Stop executing the springfox.documentation.schema.property.ModelSpecificationFactory.create method
2025-06-11 12:06:56.260  INFO 1 --- [           main] s.g.m.s.m.a.ScDefaultMonitorInterceptor  : Start executing the springfox.documentation.schema.property.ModelSpecificationFactory.create method
2025-06-11 12:06:56.260  INFO 1 --- [           main] s.g.m.s.m.a.ScDefaultMonitorInterceptor  : Stop executing the springfox.documentation.schema.property.ModelSpecificationFactory.create method
2025-06-11 12:06:56.260  INFO 1 --- [           main] s.g.m.s.m.a.ScDefaultMonitorInterceptor  : Start executing the springfox.documentation.schema.property.ModelSpecificationFactory.create method
2025-06-11 12:06:56.260  INFO 1 --- [           main] s.g.m.s.m.a.ScDefaultMonitorInterceptor  : Stop executing the springfox.documentation.schema.property.ModelSpecificationFactory.create method
2025-06-11 12:06:56.260  INFO 1 --- [           main] s.g.m.s.m.a.ScDefaultMonitorInterceptor  : Start executing the springfox.documentation.schema.property.ModelSpecificationFactory.create method
2025-06-11 12:06:56.260  INFO 1 --- [           main] s.g.m.s.m.a.ScDefaultMonitorInterceptor  : Stop executing the springfox.documentation.schema.property.ModelSpecificationFactory.create method
2025-06-11 12:06:56.260  INFO 1 --- [           main] s.g.m.s.m.a.ScDefaultMonitorInterceptor  : Start executing the springfox.documentation.schema.property.ModelSpecificationFactory.create method
2025-06-11 12:06:56.260  INFO 1 --- [           main] s.g.m.s.m.a.ScDefaultMonitorInterceptor  : Stop executing the springfox.documentation.schema.property.ModelSpecificationFactory.create method
2025-06-11 12:06:56.260  INFO 1 --- [           main] s.g.m.s.m.a.ScDefaultMonitorInterceptor  : Start executing the springfox.documentation.schema.property.ModelSpecificationFactory.create method
2025-06-11 12:06:56.260  INFO 1 --- [           main] s.g.m.s.m.a.ScDefaultMonitorInterceptor  : Stop executing the springfox.documentation.schema.property.ModelSpecificationFactory.create method
2025-06-11 12:06:56.260  INFO 1 --- [           main] s.g.m.s.m.a.ScDefaultMonitorInterceptor  : Start executing the springfox.documentation.schema.property.ModelSpecificationFactory.create method
2025-06-11 12:06:56.261  INFO 1 --- [           main] s.g.m.s.m.a.ScDefaultMonitorInterceptor  : Stop executing the springfox.documentation.schema.property.ModelSpecificationFactory.create method
2025-06-11 12:06:56.261  INFO 1 --- [           main] s.g.m.s.m.a.ScDefaultMonitorInterceptor  : Start executing the springfox.documentation.schema.property.ModelSpecificationFactory.create method
2025-06-11 12:06:56.261  INFO 1 --- [           main] s.g.m.s.m.a.ScDefaultMonitorInterceptor  : Stop executing the springfox.documentation.schema.property.ModelSpecificationFactory.create method
2025-06-11 12:06:56.261  INFO 1 --- [           main] s.g.m.s.m.a.ScDefaultMonitorInterceptor  : Start executing the springfox.documentation.schema.property.ModelSpecificationFactory.create method
2025-06-11 12:06:56.261  INFO 1 --- [           main] s.g.m.s.m.a.ScDefaultMonitorInterceptor  : Stop executing the springfox.documentation.schema.property.ModelSpecificationFactory.create method
2025-06-11 12:06:56.261  INFO 1 --- [           main] s.g.m.s.m.a.ScDefaultMonitorInterceptor  : Start executing the springfox.documentation.schema.property.ModelSpecificationFactory.create method
2025-06-11 12:06:56.261  INFO 1 --- [           main] s.g.m.s.m.a.ScDefaultMonitorInterceptor  : Stop executing the springfox.documentation.schema.property.ModelSpecificationFactory.create method
2025-06-11 12:06:56.261  INFO 1 --- [           main] s.g.m.s.m.a.ScDefaultMonitorInterceptor  : Start executing the springfox.documentation.schema.property.ModelSpecificationFactory.create method
2025-06-11 12:06:56.261  INFO 1 --- [           main] s.g.m.s.m.a.ScDefaultMonitorInterceptor  : Stop executing the springfox.documentation.schema.property.ModelSpecificationFactory.create method
2025-06-11 12:06:56.261  INFO 1 --- [           main] s.g.m.s.m.a.ScDefaultMonitorInterceptor  : Start executing the springfox.documentation.schema.property.ModelSpecificationFactory.create method
2025-06-11 12:06:56.261  INFO 1 --- [           main] s.g.m.s.m.a.ScDefaultMonitorInterceptor  : Stop executing the springfox.documentation.schema.property.ModelSpecificationFactory.create method
2025-06-11 12:06:56.261  INFO 1 --- [           main] s.g.m.s.m.a.ScDefaultMonitorInterceptor  : Start executing the springfox.documentation.schema.property.ModelSpecificationFactory.create method
2025-06-11 12:06:56.261  INFO 1 --- [           main] s.g.m.s.m.a.ScDefaultMonitorInterceptor  : Stop executing the springfox.documentation.schema.property.ModelSpecificationFactory.create method
2025-06-11 12:06:56.261  INFO 1 --- [           main] s.g.m.s.m.a.ScDefaultMonitorInterceptor  : Start executing the springfox.documentation.schema.property.ModelSpecificationFactory.create method
2025-06-11 12:06:56.261  INFO 1 --- [           main] s.g.m.s.m.a.ScDefaultMonitorInterceptor  : Stop executing the springfox.documentation.schema.property.ModelSpecificationFactory.create method
2025-06-11 12:06:56.262  INFO 1 --- [           main] s.g.m.s.m.a.ScDefaultMonitorInterceptor  : Start executing the springfox.documentation.schema.property.ModelSpecificationFactory.create method
2025-06-11 12:06:56.262  INFO 1 --- [           main] s.g.m.s.m.a.ScDefaultMonitorInterceptor  : Stop executing the springfox.documentation.schema.property.ModelSpecificationFactory.create method
2025-06-11 12:06:56.262  INFO 1 --- [           main] s.g.m.s.m.a.ScDefaultMonitorInterceptor  : Start executing the springfox.documentation.schema.property.ModelSpecificationFactory.create method
2025-06-11 12:06:56.262  INFO 1 --- [           main] s.g.m.s.m.a.ScDefaultMonitorInterceptor  : Stop executing the springfox.documentation.schema.property.ModelSpecificationFactory.create method
2025-06-11 12:06:56.262  INFO 1 --- [           main] s.g.m.s.m.a.ScDefaultMonitorInterceptor  : Start executing the springfox.documentation.schema.property.ModelSpecificationFactory.create method
2025-06-11 12:06:56.262  INFO 1 --- [           main] s.g.m.s.m.a.ScDefaultMonitorInterceptor  : Stop executing the springfox.documentation.schema.property.ModelSpecificationFactory.create method
2025-06-11 12:06:56.262  INFO 1 --- [           main] s.g.m.s.m.a.ScDefaultMonitorInterceptor  : Start executing the springfox.documentation.schema.property.ModelSpecificationFactory.create method
2025-06-11 12:06:56.262  INFO 1 --- [           main] s.g.m.s.m.a.ScDefaultMonitorInterceptor  : Stop executing the springfox.documentation.schema.property.ModelSpecificationFactory.create method
2025-06-11 12:06:56.262  INFO 1 --- [           main] s.g.m.s.m.a.ScDefaultMonitorInterceptor  : Start executing the springfox.documentation.schema.property.ModelSpecificationFactory.create method
2025-06-11 12:06:56.262  INFO 1 --- [           main] s.g.m.s.m.a.ScDefaultMonitorInterceptor  : Stop executing the springfox.documentation.schema.property.ModelSpecificationFactory.create method
2025-06-11 12:06:56.262  INFO 1 --- [           main] s.g.m.s.m.a.ScDefaultMonitorInterceptor  : Start executing the springfox.documentation.schema.property.ModelSpecificationFactory.create method
2025-06-11 12:06:56.262  INFO 1 --- [           main] s.g.m.s.m.a.ScDefaultMonitorInterceptor  : Stop executing the springfox.documentation.schema.property.ModelSpecificationFactory.create method
2025-06-11 12:06:56.262  INFO 1 --- [           main] s.g.m.s.m.a.ScDefaultMonitorInterceptor  : Start executing the springfox.documentation.schema.property.ModelSpecificationFactory.create method
2025-06-11 12:06:56.262  INFO 1 --- [           main] s.g.m.s.m.a.ScDefaultMonitorInterceptor  : Stop executing the springfox.documentation.schema.property.ModelSpecificationFactory.create method
2025-06-11 12:06:56.262  INFO 1 --- [           main] s.g.m.s.m.a.ScDefaultMonitorInterceptor  : Start executing the springfox.documentation.schema.property.ModelSpecificationFactory.create method
2025-06-11 12:06:56.262  INFO 1 --- [           main] s.g.m.s.m.a.ScDefaultMonitorInterceptor  : Stop executing the springfox.documentation.schema.property.ModelSpecificationFactory.create method
2025-06-11 12:06:56.262  INFO 1 --- [           main] s.g.m.s.m.a.ScDefaultMonitorInterceptor  : Start executing the springfox.documentation.schema.property.ModelSpecificationFactory.create method
2025-06-11 12:06:56.262  INFO 1 --- [           main] s.g.m.s.m.a.ScDefaultMonitorInterceptor  : Stop executing the springfox.documentation.schema.property.ModelSpecificationFactory.create method
2025-06-11 12:06:56.262  INFO 1 --- [           main] s.g.m.s.m.a.ScDefaultMonitorInterceptor  : Start executing the springfox.documentation.schema.property.ModelSpecificationFactory.create method
2025-06-11 12:06:56.262  INFO 1 --- [           main] s.g.m.s.m.a.ScDefaultMonitorInterceptor  : Stop executing the springfox.documentation.schema.property.ModelSpecificationFactory.create method
2025-06-11 12:06:56.262  INFO 1 --- [           main] s.g.m.s.m.a.ScDefaultMonitorInterceptor  : Start executing the springfox.documentation.schema.property.ModelSpecificationFactory.create method
2025-06-11 12:06:56.262  INFO 1 --- [           main] s.g.m.s.m.a.ScDefaultMonitorInterceptor  : Stop executing the springfox.documentation.schema.property.ModelSpecificationFactory.create method
2025-06-11 12:06:56.262  INFO 1 --- [           main] s.g.m.s.m.a.ScDefaultMonitorInterceptor  : Start executing the springfox.documentation.schema.property.ModelSpecificationFactory.create method
2025-06-11 12:06:56.263  INFO 1 --- [           main] s.g.m.s.m.a.ScDefaultMonitorInterceptor  : Stop executing the springfox.documentation.schema.property.ModelSpecificationFactory.create method
2025-06-11 12:06:56.263  INFO 1 --- [           main] s.g.m.s.m.a.ScDefaultMonitorInterceptor  : Start executing the springfox.documentation.schema.property.ModelSpecificationFactory.create method
2025-06-11 12:06:56.263  INFO 1 --- [           main] s.g.m.s.m.a.ScDefaultMonitorInterceptor  : Stop executing the springfox.documentation.schema.property.ModelSpecificationFactory.create method
2025-06-11 12:06:56.263  INFO 1 --- [           main] s.g.m.s.m.a.ScDefaultMonitorInterceptor  : Start executing the springfox.documentation.schema.property.ModelSpecificationFactory.create method
2025-06-11 12:06:56.263  INFO 1 --- [           main] s.g.m.s.m.a.ScDefaultMonitorInterceptor  : Stop executing the springfox.documentation.schema.property.ModelSpecificationFactory.create method
2025-06-11 12:06:56.263  INFO 1 --- [           main] s.g.m.s.m.a.ScDefaultMonitorInterceptor  : Start executing the springfox.documentation.schema.property.ModelSpecificationFactory.create method
2025-06-11 12:06:56.263  INFO 1 --- [           main] s.g.m.s.m.a.ScDefaultMonitorInterceptor  : Stop executing the springfox.documentation.schema.property.ModelSpecificationFactory.create method
2025-06-11 12:06:56.263  INFO 1 --- [           main] s.g.m.s.m.a.ScDefaultMonitorInterceptor  : Start executing the springfox.documentation.schema.property.ModelSpecificationFactory.create method
2025-06-11 12:06:56.263  INFO 1 --- [           main] s.g.m.s.m.a.ScDefaultMonitorInterceptor  : Stop executing the springfox.documentation.schema.property.ModelSpecificationFactory.create method
2025-06-11 12:06:56.263  INFO 1 --- [           main] s.g.m.s.m.a.ScDefaultMonitorInterceptor  : Start executing the springfox.documentation.schema.property.ModelSpecificationFactory.create method
2025-06-11 12:06:56.263  INFO 1 --- [           main] s.g.m.s.m.a.ScDefaultMonitorInterceptor  : Stop executing the springfox.documentation.schema.property.ModelSpecificationFactory.create method
2025-06-11 12:06:56.263  INFO 1 --- [           main] s.g.m.s.m.a.ScDefaultMonitorInterceptor  : Start executing the springfox.documentation.schema.property.ModelSpecificationFactory.create method
2025-06-11 12:06:56.263  INFO 1 --- [           main] s.g.m.s.m.a.ScDefaultMonitorInterceptor  : Stop executing the springfox.documentation.schema.property.ModelSpecificationFactory.create method
2025-06-11 12:06:56.263  INFO 1 --- [           main] s.g.m.s.m.a.ScDefaultMonitorInterceptor  : Start executing the springfox.documentation.schema.property.ModelSpecificationFactory.create method
2025-06-11 12:06:56.263  INFO 1 --- [           main] s.g.m.s.m.a.ScDefaultMonitorInterceptor  : Stop executing the springfox.documentation.schema.property.ModelSpecificationFactory.create method
2025-06-11 12:06:56.263  INFO 1 --- [           main] s.g.m.s.m.a.ScDefaultMonitorInterceptor  : Start executing the springfox.documentation.schema.property.ModelSpecificationFactory.create method
2025-06-11 12:06:56.263  INFO 1 --- [           main] s.g.m.s.m.a.ScDefaultMonitorInterceptor  : Stop executing the springfox.documentation.schema.property.ModelSpecificationFactory.create method
2025-06-11 12:06:56.263  INFO 1 --- [           main] s.g.m.s.m.a.ScDefaultMonitorInterceptor  : Start executing the springfox.documentation.schema.property.ModelSpecificationFactory.create method
2025-06-11 12:06:56.263  INFO 1 --- [           main] s.g.m.s.m.a.ScDefaultMonitorInterceptor  : Stop executing the springfox.documentation.schema.property.ModelSpecificationFactory.create method
2025-06-11 12:06:56.263  INFO 1 --- [           main] s.g.m.s.m.a.ScDefaultMonitorInterceptor  : Start executing the springfox.documentation.schema.property.ModelSpecificationFactory.create method
2025-06-11 12:06:56.263  INFO 1 --- [           main] s.g.m.s.m.a.ScDefaultMonitorInterceptor  : Stop executing the springfox.documentation.schema.property.ModelSpecificationFactory.create method
2025-06-11 12:06:56.263  INFO 1 --- [           main] s.g.m.s.m.a.ScDefaultMonitorInterceptor  : Start executing the springfox.documentation.schema.property.ModelSpecificationFactory.create method
2025-06-11 12:06:56.263  INFO 1 --- [           main] s.g.m.s.m.a.ScDefaultMonitorInterceptor  : Stop executing the springfox.documentation.schema.property.ModelSpecificationFactory.create method
2025-06-11 12:06:56.263  INFO 1 --- [           main] s.g.m.s.m.a.ScDefaultMonitorInterceptor  : Start executing the springfox.documentation.schema.property.ModelSpecificationFactory.create method
2025-06-11 12:06:56.263  INFO 1 --- [           main] s.g.m.s.m.a.ScDefaultMonitorInterceptor  : Stop executing the springfox.documentation.schema.property.ModelSpecificationFactory.create method
2025-06-11 12:06:56.264  INFO 1 --- [           main] s.g.m.s.m.a.ScDefaultMonitorInterceptor  : Start executing the springfox.documentation.schema.property.ModelSpecificationFactory.create method
2025-06-11 12:06:56.264  INFO 1 --- [           main] s.g.m.s.m.a.ScDefaultMonitorInterceptor  : Stop executing the springfox.documentation.schema.property.ModelSpecificationFactory.create method
2025-06-11 12:06:56.264  INFO 1 --- [           main] s.g.m.s.m.a.ScDefaultMonitorInterceptor  : Start executing the springfox.documentation.schema.property.ModelSpecificationFactory.create method
2025-06-11 12:06:56.264  INFO 1 --- [           main] s.g.m.s.m.a.ScDefaultMonitorInterceptor  : Stop executing the springfox.documentation.schema.property.ModelSpecificationFactory.create method
2025-06-11 12:06:56.264  INFO 1 --- [           main] s.g.m.s.m.a.ScDefaultMonitorInterceptor  : Start executing the springfox.documentation.schema.property.ModelSpecificationFactory.create method
2025-06-11 12:06:56.264  INFO 1 --- [           main] s.g.m.s.m.a.ScDefaultMonitorInterceptor  : Stop executing the springfox.documentation.schema.property.ModelSpecificationFactory.create method
2025-06-11 12:06:56.264  INFO 1 --- [           main] s.g.m.s.m.a.ScDefaultMonitorInterceptor  : Start executing the springfox.documentation.schema.property.ModelSpecificationFactory.create method
2025-06-11 12:06:56.264  INFO 1 --- [           main] s.g.m.s.m.a.ScDefaultMonitorInterceptor  : Stop executing the springfox.documentation.schema.property.ModelSpecificationFactory.create method
2025-06-11 12:06:56.264  INFO 1 --- [           main] s.g.m.s.m.a.ScDefaultMonitorInterceptor  : Start executing the springfox.documentation.schema.property.ModelSpecificationFactory.create method
2025-06-11 12:06:56.264  INFO 1 --- [           main] s.g.m.s.m.a.ScDefaultMonitorInterceptor  : Stop executing the springfox.documentation.schema.property.ModelSpecificationFactory.create method
2025-06-11 12:06:56.264  INFO 1 --- [           main] s.g.m.s.m.a.ScDefaultMonitorInterceptor  : Start executing the springfox.documentation.schema.property.ModelSpecificationFactory.create method
2025-06-11 12:06:56.264  INFO 1 --- [           main] s.g.m.s.m.a.ScDefaultMonitorInterceptor  : Stop executing the springfox.documentation.schema.property.ModelSpecificationFactory.create method
2025-06-11 12:06:56.264  INFO 1 --- [           main] s.g.m.s.m.a.ScDefaultMonitorInterceptor  : Start executing the springfox.documentation.schema.property.ModelSpecificationFactory.create method
2025-06-11 12:06:56.264  INFO 1 --- [           main] s.g.m.s.m.a.ScDefaultMonitorInterceptor  : Stop executing the springfox.documentation.schema.property.ModelSpecificationFactory.create method
2025-06-11 12:06:56.264  INFO 1 --- [           main] s.g.m.s.m.a.ScDefaultMonitorInterceptor  : Start executing the springfox.documentation.schema.property.ModelSpecificationFactory.create method
2025-06-11 12:06:56.264  INFO 1 --- [           main] s.g.m.s.m.a.ScDefaultMonitorInterceptor  : Stop executing the springfox.documentation.schema.property.ModelSpecificationFactory.create method
2025-06-11 12:06:56.265  INFO 1 --- [           main] s.g.m.s.m.a.ScDefaultMonitorInterceptor  : Start executing the springfox.documentation.schema.property.ModelSpecificationFactory.create method
2025-06-11 12:06:56.265  INFO 1 --- [           main] s.g.m.s.m.a.ScDefaultMonitorInterceptor  : Stop executing the springfox.documentation.schema.property.ModelSpecificationFactory.create method
2025-06-11 12:06:56.265  INFO 1 --- [           main] s.g.m.s.m.a.ScDefaultMonitorInterceptor  : Start executing the springfox.documentation.schema.property.ModelSpecificationFactory.create method
2025-06-11 12:06:56.265  INFO 1 --- [           main] s.g.m.s.m.a.ScDefaultMonitorInterceptor  : Stop executing the springfox.documentation.schema.property.ModelSpecificationFactory.create method
2025-06-11 12:06:56.265  INFO 1 --- [           main] s.g.m.s.m.a.ScDefaultMonitorInterceptor  : Start executing the springfox.documentation.schema.property.ModelSpecificationFactory.create method
2025-06-11 12:06:56.265  INFO 1 --- [           main] s.g.m.s.m.a.ScDefaultMonitorInterceptor  : Stop executing the springfox.documentation.schema.property.ModelSpecificationFactory.create method
2025-06-11 12:06:56.265  INFO 1 --- [           main] s.g.m.s.m.a.ScDefaultMonitorInterceptor  : Start executing the springfox.documentation.schema.property.ModelSpecificationFactory.create method
2025-06-11 12:06:56.265  INFO 1 --- [           main] s.g.m.s.m.a.ScDefaultMonitorInterceptor  : Stop executing the springfox.documentation.schema.property.ModelSpecificationFactory.create method
2025-06-11 12:06:56.265  INFO 1 --- [           main] s.g.m.s.m.a.ScDefaultMonitorInterceptor  : Start executing the springfox.documentation.schema.property.ModelSpecificationFactory.create method
2025-06-11 12:06:56.265  INFO 1 --- [           main] s.g.m.s.m.a.ScDefaultMonitorInterceptor  : Stop executing the springfox.documentation.schema.property.ModelSpecificationFactory.create method
2025-06-11 12:06:56.265  INFO 1 --- [           main] s.g.m.s.m.a.ScDefaultMonitorInterceptor  : Start executing the springfox.documentation.schema.property.ModelSpecificationFactory.create method
2025-06-11 12:06:56.265  INFO 1 --- [           main] s.g.m.s.m.a.ScDefaultMonitorInterceptor  : Stop executing the springfox.documentation.schema.property.ModelSpecificationFactory.create method
2025-06-11 12:06:56.265  INFO 1 --- [           main] s.g.m.s.m.a.ScDefaultMonitorInterceptor  : Start executing the springfox.documentation.schema.property.ModelSpecificationFactory.create method
2025-06-11 12:06:56.265  INFO 1 --- [           main] s.g.m.s.m.a.ScDefaultMonitorInterceptor  : Stop executing the springfox.documentation.schema.property.ModelSpecificationFactory.create method
2025-06-11 12:06:56.265  INFO 1 --- [           main] s.g.m.s.m.a.ScDefaultMonitorInterceptor  : Start executing the springfox.documentation.schema.property.ModelSpecificationFactory.create method
2025-06-11 12:06:56.265  INFO 1 --- [           main] s.g.m.s.m.a.ScDefaultMonitorInterceptor  : Stop executing the springfox.documentation.schema.property.ModelSpecificationFactory.create method
2025-06-11 12:06:56.265  INFO 1 --- [           main] s.g.m.s.m.a.ScDefaultMonitorInterceptor  : Start executing the springfox.documentation.schema.property.ModelSpecificationFactory.create method
2025-06-11 12:06:56.265  INFO 1 --- [           main] s.g.m.s.m.a.ScDefaultMonitorInterceptor  : Stop executing the springfox.documentation.schema.property.ModelSpecificationFactory.create method
2025-06-11 12:06:56.266  INFO 1 --- [           main] s.g.m.s.m.a.ScDefaultMonitorInterceptor  : Start executing the springfox.documentation.schema.property.ModelSpecificationFactory.create method
2025-06-11 12:06:56.266  INFO 1 --- [           main] s.g.m.s.m.a.ScDefaultMonitorInterceptor  : Stop executing the springfox.documentation.schema.property.ModelSpecificationFactory.create method
2025-06-11 12:06:56.266  INFO 1 --- [           main] s.g.m.s.m.a.ScDefaultMonitorInterceptor  : Start executing the springfox.documentation.schema.property.ModelSpecificationFactory.create method
2025-06-11 12:06:56.266  INFO 1 --- [           main] s.g.m.s.m.a.ScDefaultMonitorInterceptor  : Stop executing the springfox.documentation.schema.property.ModelSpecificationFactory.create method
2025-06-11 12:06:56.266  INFO 1 --- [           main] s.g.m.s.m.a.ScDefaultMonitorInterceptor  : Start executing the springfox.documentation.schema.property.ModelSpecificationFactory.create method
2025-06-11 12:06:56.266  INFO 1 --- [           main] s.g.m.s.m.a.ScDefaultMonitorInterceptor  : Stop executing the springfox.documentation.schema.property.ModelSpecificationFactory.create method
2025-06-11 12:06:56.266  INFO 1 --- [           main] s.g.m.s.m.a.ScDefaultMonitorInterceptor  : Start executing the springfox.documentation.schema.property.ModelSpecificationFactory.create method
2025-06-11 12:06:56.266  INFO 1 --- [           main] s.g.m.s.m.a.ScDefaultMonitorInterceptor  : Stop executing the springfox.documentation.schema.property.ModelSpecificationFactory.create method
2025-06-11 12:06:56.266  INFO 1 --- [           main] s.g.m.s.m.a.ScDefaultMonitorInterceptor  : Start executing the springfox.documentation.schema.property.ModelSpecificationFactory.create method
2025-06-11 12:06:56.266  INFO 1 --- [           main] s.g.m.s.m.a.ScDefaultMonitorInterceptor  : Stop executing the springfox.documentation.schema.property.ModelSpecificationFactory.create method
2025-06-11 12:06:56.266  INFO 1 --- [           main] s.g.m.s.m.a.ScDefaultMonitorInterceptor  : Start executing the springfox.documentation.schema.property.ModelSpecificationFactory.create method
2025-06-11 12:06:56.266  INFO 1 --- [           main] s.g.m.s.m.a.ScDefaultMonitorInterceptor  : Stop executing the springfox.documentation.schema.property.ModelSpecificationFactory.create method
2025-06-11 12:06:56.266  INFO 1 --- [           main] s.g.m.s.m.a.ScDefaultMonitorInterceptor  : Start executing the springfox.documentation.schema.property.ModelSpecificationFactory.create method
2025-06-11 12:06:56.266  INFO 1 --- [           main] s.g.m.s.m.a.ScDefaultMonitorInterceptor  : Stop executing the springfox.documentation.schema.property.ModelSpecificationFactory.create method
2025-06-11 12:06:56.266  INFO 1 --- [           main] s.g.m.s.m.a.ScDefaultMonitorInterceptor  : Start executing the springfox.documentation.schema.property.ModelSpecificationFactory.create method
2025-06-11 12:06:56.266  INFO 1 --- [           main] s.g.m.s.m.a.ScDefaultMonitorInterceptor  : Stop executing the springfox.documentation.schema.property.ModelSpecificationFactory.create method
2025-06-11 12:06:56.266  INFO 1 --- [           main] s.g.m.s.m.a.ScDefaultMonitorInterceptor  : Start executing the springfox.documentation.schema.property.ModelSpecificationFactory.create method
2025-06-11 12:06:56.266  INFO 1 --- [           main] s.g.m.s.m.a.ScDefaultMonitorInterceptor  : Stop executing the springfox.documentation.schema.property.ModelSpecificationFactory.create method
2025-06-11 12:06:56.266  INFO 1 --- [           main] s.g.m.s.m.a.ScDefaultMonitorInterceptor  : Start executing the springfox.documentation.schema.property.ModelSpecificationFactory.create method
[GC (Allocation Failure) [DefNew: 50645K->2914K(53568K), 0.0602994 secs] 156683K->109883K(172360K), 0.0603387 secs] [Times: user=0.01 sys=0.00, real=0.06 secs] 
2025-06-11 12:06:56.266  INFO 1 --- [           main] s.g.m.s.m.a.ScDefaultMonitorInterceptor  : Stop executing the springfox.documentation.schema.property.ModelSpecificationFactory.create method
2025-06-11 12:06:56.327  INFO 1 --- [           main] s.g.m.s.m.a.ScDefaultMonitorInterceptor  : Start executing the springfox.documentation.schema.property.ModelSpecificationFactory.create method
2025-06-11 12:06:56.327  INFO 1 --- [           main] s.g.m.s.m.a.ScDefaultMonitorInterceptor  : Stop executing the springfox.documentation.schema.property.ModelSpecificationFactory.create method
2025-06-11 12:06:56.327  INFO 1 --- [           main] s.g.m.s.m.a.ScDefaultMonitorInterceptor  : Start executing the springfox.documentation.schema.property.ModelSpecificationFactory.create method
2025-06-11 12:06:56.327  INFO 1 --- [           main] s.g.m.s.m.a.ScDefaultMonitorInterceptor  : Stop executing the springfox.documentation.schema.property.ModelSpecificationFactory.create method
2025-06-11 12:06:56.327  INFO 1 --- [           main] s.g.m.s.m.a.ScDefaultMonitorInterceptor  : Start executing the springfox.documentation.schema.property.ModelSpecificationFactory.create method
2025-06-11 12:06:56.327  INFO 1 --- [           main] s.g.m.s.m.a.ScDefaultMonitorInterceptor  : Stop executing the springfox.documentation.schema.property.ModelSpecificationFactory.create method
2025-06-11 12:06:56.327  INFO 1 --- [           main] s.g.m.s.m.a.ScDefaultMonitorInterceptor  : Start executing the springfox.documentation.schema.property.ModelSpecificationFactory.create method
2025-06-11 12:06:56.327  INFO 1 --- [           main] s.g.m.s.m.a.ScDefaultMonitorInterceptor  : Stop executing the springfox.documentation.schema.property.ModelSpecificationFactory.create method
2025-06-11 12:06:56.328  INFO 1 --- [           main] s.g.m.s.m.a.ScDefaultMonitorInterceptor  : Start executing the springfox.documentation.schema.property.ModelSpecificationFactory.create method
2025-06-11 12:06:56.328  INFO 1 --- [           main] s.g.m.s.m.a.ScDefaultMonitorInterceptor  : Stop executing the springfox.documentation.schema.property.ModelSpecificationFactory.create method
2025-06-11 12:06:56.328  INFO 1 --- [           main] s.g.m.s.m.a.ScDefaultMonitorInterceptor  : Start executing the springfox.documentation.schema.property.ModelSpecificationFactory.create method
2025-06-11 12:06:56.328  INFO 1 --- [           main] s.g.m.s.m.a.ScDefaultMonitorInterceptor  : Stop executing the springfox.documentation.schema.property.ModelSpecificationFactory.create method
2025-06-11 12:06:56.328  INFO 1 --- [           main] s.g.m.s.m.a.ScDefaultMonitorInterceptor  : Start executing the springfox.documentation.schema.property.ModelSpecificationFactory.create method
2025-06-11 12:06:56.328  INFO 1 --- [           main] s.g.m.s.m.a.ScDefaultMonitorInterceptor  : Stop executing the springfox.documentation.schema.property.ModelSpecificationFactory.create method
2025-06-11 12:06:56.328  INFO 1 --- [           main] s.g.m.s.m.a.ScDefaultMonitorInterceptor  : Start executing the springfox.documentation.schema.property.ModelSpecificationFactory.create method
2025-06-11 12:06:56.328  INFO 1 --- [           main] s.g.m.s.m.a.ScDefaultMonitorInterceptor  : Stop executing the springfox.documentation.schema.property.ModelSpecificationFactory.create method
2025-06-11 12:06:56.328  INFO 1 --- [           main] s.g.m.s.m.a.ScDefaultMonitorInterceptor  : Start executing the springfox.documentation.schema.property.ModelSpecificationFactory.create method
2025-06-11 12:06:56.328  INFO 1 --- [           main] s.g.m.s.m.a.ScDefaultMonitorInterceptor  : Stop executing the springfox.documentation.schema.property.ModelSpecificationFactory.create method
2025-06-11 12:06:56.328  INFO 1 --- [           main] s.g.m.s.m.a.ScDefaultMonitorInterceptor  : Start executing the springfox.documentation.schema.property.ModelSpecificationFactory.create method
2025-06-11 12:06:56.328  INFO 1 --- [           main] s.g.m.s.m.a.ScDefaultMonitorInterceptor  : Stop executing the springfox.documentation.schema.property.ModelSpecificationFactory.create method
2025-06-11 12:06:56.328  INFO 1 --- [           main] s.g.m.s.m.a.ScDefaultMonitorInterceptor  : Start executing the springfox.documentation.schema.property.ModelSpecificationFactory.create method
2025-06-11 12:06:56.328  INFO 1 --- [           main] s.g.m.s.m.a.ScDefaultMonitorInterceptor  : Stop executing the springfox.documentation.schema.property.ModelSpecificationFactory.create method
2025-06-11 12:06:56.328  INFO 1 --- [           main] s.g.m.s.m.a.ScDefaultMonitorInterceptor  : Start executing the springfox.documentation.schema.property.ModelSpecificationFactory.create method
2025-06-11 12:06:56.328  INFO 1 --- [           main] s.g.m.s.m.a.ScDefaultMonitorInterceptor  : Stop executing the springfox.documentation.schema.property.ModelSpecificationFactory.create method
2025-06-11 12:06:56.329  INFO 1 --- [           main] s.g.m.s.m.a.ScDefaultMonitorInterceptor  : Start executing the springfox.documentation.schema.property.ModelSpecificationFactory.create method
2025-06-11 12:06:56.329  INFO 1 --- [           main] s.g.m.s.m.a.ScDefaultMonitorInterceptor  : Stop executing the springfox.documentation.schema.property.ModelSpecificationFactory.create method
2025-06-11 12:06:56.329  INFO 1 --- [           main] s.g.m.s.m.a.ScDefaultMonitorInterceptor  : Start executing the springfox.documentation.schema.property.ModelSpecificationFactory.create method
2025-06-11 12:06:56.329  INFO 1 --- [           main] s.g.m.s.m.a.ScDefaultMonitorInterceptor  : Stop executing the springfox.documentation.schema.property.ModelSpecificationFactory.create method
2025-06-11 12:06:56.329  INFO 1 --- [           main] s.g.m.s.m.a.ScDefaultMonitorInterceptor  : Start executing the springfox.documentation.schema.property.ModelSpecificationFactory.create method
2025-06-11 12:06:56.329  INFO 1 --- [           main] s.g.m.s.m.a.ScDefaultMonitorInterceptor  : Stop executing the springfox.documentation.schema.property.ModelSpecificationFactory.create method
2025-06-11 12:06:56.329  INFO 1 --- [           main] s.g.m.s.m.a.ScDefaultMonitorInterceptor  : Start executing the springfox.documentation.schema.property.ModelSpecificationFactory.create method
2025-06-11 12:06:56.329  INFO 1 --- [           main] s.g.m.s.m.a.ScDefaultMonitorInterceptor  : Stop executing the springfox.documentation.schema.property.ModelSpecificationFactory.create method
2025-06-11 12:06:56.329  INFO 1 --- [           main] s.g.m.s.m.a.ScDefaultMonitorInterceptor  : Start executing the springfox.documentation.schema.property.ModelSpecificationFactory.create method
2025-06-11 12:06:56.329  INFO 1 --- [           main] s.g.m.s.m.a.ScDefaultMonitorInterceptor  : Stop executing the springfox.documentation.schema.property.ModelSpecificationFactory.create method
2025-06-11 12:06:56.329  INFO 1 --- [           main] s.g.m.s.m.a.ScDefaultMonitorInterceptor  : Start executing the springfox.documentation.schema.property.ModelSpecificationFactory.create method
2025-06-11 12:06:56.329  INFO 1 --- [           main] s.g.m.s.m.a.ScDefaultMonitorInterceptor  : Stop executing the springfox.documentation.schema.property.ModelSpecificationFactory.create method
2025-06-11 12:06:56.329  INFO 1 --- [           main] s.g.m.s.m.a.ScDefaultMonitorInterceptor  : Start executing the springfox.documentation.schema.property.ModelSpecificationFactory.create method
2025-06-11 12:06:56.329  INFO 1 --- [           main] s.g.m.s.m.a.ScDefaultMonitorInterceptor  : Stop executing the springfox.documentation.schema.property.ModelSpecificationFactory.create method
2025-06-11 12:06:56.329  INFO 1 --- [           main] s.g.m.s.m.a.ScDefaultMonitorInterceptor  : Start executing the springfox.documentation.schema.property.ModelSpecificationFactory.create method
2025-06-11 12:06:56.329  INFO 1 --- [           main] s.g.m.s.m.a.ScDefaultMonitorInterceptor  : Stop executing the springfox.documentation.schema.property.ModelSpecificationFactory.create method
2025-06-11 12:06:56.330  INFO 1 --- [           main] s.g.m.s.m.a.ScDefaultMonitorInterceptor  : Start executing the springfox.documentation.schema.property.ModelSpecificationFactory.create method
2025-06-11 12:06:56.330  INFO 1 --- [           main] s.g.m.s.m.a.ScDefaultMonitorInterceptor  : Stop executing the springfox.documentation.schema.property.ModelSpecificationFactory.create method
2025-06-11 12:06:56.331  INFO 1 --- [           main] s.g.m.s.m.a.ScDefaultMonitorInterceptor  : Start executing the springfox.documentation.schema.property.ModelSpecificationFactory.create method
2025-06-11 12:06:56.331  INFO 1 --- [           main] s.g.m.s.m.a.ScDefaultMonitorInterceptor  : Stop executing the springfox.documentation.schema.property.ModelSpecificationFactory.create method
2025-06-11 12:06:56.332  INFO 1 --- [           main] s.g.m.s.m.a.ScDefaultMonitorInterceptor  : Start executing the springfox.documentation.schema.property.ModelSpecificationFactory.create method
2025-06-11 12:06:56.332  INFO 1 --- [           main] s.g.m.s.m.a.ScDefaultMonitorInterceptor  : Stop executing the springfox.documentation.schema.property.ModelSpecificationFactory.create method
2025-06-11 12:06:56.336  INFO 1 --- [           main] s.g.m.s.m.a.ScDefaultMonitorInterceptor  : Start executing the springfox.documentation.schema.property.ModelSpecificationFactory.create method
2025-06-11 12:06:56.336  INFO 1 --- [           main] s.g.m.s.m.a.ScDefaultMonitorInterceptor  : Stop executing the springfox.documentation.schema.property.ModelSpecificationFactory.create method
2025-06-11 12:06:56.336  INFO 1 --- [           main] s.g.m.s.m.a.ScDefaultMonitorInterceptor  : Start executing the springfox.documentation.schema.property.ModelSpecificationFactory.create method
2025-06-11 12:06:56.336  INFO 1 --- [           main] s.g.m.s.m.a.ScDefaultMonitorInterceptor  : Stop executing the springfox.documentation.schema.property.ModelSpecificationFactory.create method
2025-06-11 12:06:56.336  INFO 1 --- [           main] s.g.m.s.m.a.ScDefaultMonitorInterceptor  : Start executing the springfox.documentation.schema.property.ModelSpecificationFactory.create method
2025-06-11 12:06:56.336  INFO 1 --- [           main] s.g.m.s.m.a.ScDefaultMonitorInterceptor  : Stop executing the springfox.documentation.schema.property.ModelSpecificationFactory.create method
2025-06-11 12:06:56.336  INFO 1 --- [           main] s.g.m.s.m.a.ScDefaultMonitorInterceptor  : Start executing the springfox.documentation.schema.property.ModelSpecificationFactory.create method
2025-06-11 12:06:56.336  INFO 1 --- [           main] s.g.m.s.m.a.ScDefaultMonitorInterceptor  : Stop executing the springfox.documentation.schema.property.ModelSpecificationFactory.create method
2025-06-11 12:06:56.336  INFO 1 --- [           main] s.g.m.s.m.a.ScDefaultMonitorInterceptor  : Start executing the springfox.documentation.schema.property.ModelSpecificationFactory.create method
2025-06-11 12:06:56.336  INFO 1 --- [           main] s.g.m.s.m.a.ScDefaultMonitorInterceptor  : Stop executing the springfox.documentation.schema.property.ModelSpecificationFactory.create method
2025-06-11 12:06:56.337  INFO 1 --- [           main] s.g.m.s.m.a.ScDefaultMonitorInterceptor  : Start executing the springfox.documentation.schema.property.ModelSpecificationFactory.create method
2025-06-11 12:06:56.337  INFO 1 --- [           main] s.g.m.s.m.a.ScDefaultMonitorInterceptor  : Stop executing the springfox.documentation.schema.property.ModelSpecificationFactory.create method
2025-06-11 12:06:56.337  INFO 1 --- [           main] s.g.m.s.m.a.ScDefaultMonitorInterceptor  : Start executing the springfox.documentation.schema.property.ModelSpecificationFactory.create method
2025-06-11 12:06:56.337  INFO 1 --- [           main] s.g.m.s.m.a.ScDefaultMonitorInterceptor  : Stop executing the springfox.documentation.schema.property.ModelSpecificationFactory.create method
2025-06-11 12:06:56.338  INFO 1 --- [           main] s.g.m.s.m.a.ScDefaultMonitorInterceptor  : Start executing the springfox.documentation.schema.property.ModelSpecificationFactory.create method
2025-06-11 12:06:56.338  INFO 1 --- [           main] s.g.m.s.m.a.ScDefaultMonitorInterceptor  : Stop executing the springfox.documentation.schema.property.ModelSpecificationFactory.create method
2025-06-11 12:06:56.338  INFO 1 --- [           main] s.g.m.s.m.a.ScDefaultMonitorInterceptor  : Start executing the springfox.documentation.schema.property.ModelSpecificationFactory.create method
2025-06-11 12:06:56.338  INFO 1 --- [           main] s.g.m.s.m.a.ScDefaultMonitorInterceptor  : Stop executing the springfox.documentation.schema.property.ModelSpecificationFactory.create method
2025-06-11 12:06:56.339  INFO 1 --- [           main] s.g.m.s.m.a.ScDefaultMonitorInterceptor  : Start executing the springfox.documentation.schema.property.ModelSpecificationFactory.create method
2025-06-11 12:06:56.339  INFO 1 --- [           main] s.g.m.s.m.a.ScDefaultMonitorInterceptor  : Stop executing the springfox.documentation.schema.property.ModelSpecificationFactory.create method
2025-06-11 12:06:56.339  INFO 1 --- [           main] s.g.m.s.m.a.ScDefaultMonitorInterceptor  : Start executing the springfox.documentation.schema.property.ModelSpecificationFactory.create method
2025-06-11 12:06:56.339  INFO 1 --- [           main] s.g.m.s.m.a.ScDefaultMonitorInterceptor  : Stop executing the springfox.documentation.schema.property.ModelSpecificationFactory.create method
2025-06-11 12:06:56.339  INFO 1 --- [           main] s.g.m.s.m.a.ScDefaultMonitorInterceptor  : Start executing the springfox.documentation.schema.property.ModelSpecificationFactory.create method
2025-06-11 12:06:56.339  INFO 1 --- [           main] s.g.m.s.m.a.ScDefaultMonitorInterceptor  : Stop executing the springfox.documentation.schema.property.ModelSpecificationFactory.create method
2025-06-11 12:06:56.342  INFO 1 --- [           main] s.g.m.s.m.a.ScDefaultMonitorInterceptor  : Start executing the springfox.documentation.schema.property.ModelSpecificationFactory.create method
2025-06-11 12:06:56.342  INFO 1 --- [           main] s.g.m.s.m.a.ScDefaultMonitorInterceptor  : Stop executing the springfox.documentation.schema.property.ModelSpecificationFactory.create method
2025-06-11 12:06:56.342  INFO 1 --- [           main] s.g.m.s.m.a.ScDefaultMonitorInterceptor  : Start executing the springfox.documentation.schema.property.ModelSpecificationFactory.create method
2025-06-11 12:06:56.342  INFO 1 --- [           main] s.g.m.s.m.a.ScDefaultMonitorInterceptor  : Stop executing the springfox.documentation.schema.property.ModelSpecificationFactory.create method
2025-06-11 12:06:56.342  INFO 1 --- [           main] s.g.m.s.m.a.ScDefaultMonitorInterceptor  : Start executing the springfox.documentation.schema.property.ModelSpecificationFactory.create method
2025-06-11 12:06:56.342  INFO 1 --- [           main] s.g.m.s.m.a.ScDefaultMonitorInterceptor  : Stop executing the springfox.documentation.schema.property.ModelSpecificationFactory.create method
2025-06-11 12:06:56.342  INFO 1 --- [           main] s.g.m.s.m.a.ScDefaultMonitorInterceptor  : Start executing the springfox.documentation.schema.property.ModelSpecificationFactory.create method
2025-06-11 12:06:56.342  INFO 1 --- [           main] s.g.m.s.m.a.ScDefaultMonitorInterceptor  : Stop executing the springfox.documentation.schema.property.ModelSpecificationFactory.create method
2025-06-11 12:06:56.342  INFO 1 --- [           main] s.g.m.s.m.a.ScDefaultMonitorInterceptor  : Start executing the springfox.documentation.schema.property.ModelSpecificationFactory.create method
2025-06-11 12:06:56.342  INFO 1 --- [           main] s.g.m.s.m.a.ScDefaultMonitorInterceptor  : Stop executing the springfox.documentation.schema.property.ModelSpecificationFactory.create method
2025-06-11 12:06:56.342  INFO 1 --- [           main] s.g.m.s.m.a.ScDefaultMonitorInterceptor  : Start executing the springfox.documentation.schema.property.ModelSpecificationFactory.create method
2025-06-11 12:06:56.342  INFO 1 --- [           main] s.g.m.s.m.a.ScDefaultMonitorInterceptor  : Stop executing the springfox.documentation.schema.property.ModelSpecificationFactory.create method
2025-06-11 12:06:56.343  INFO 1 --- [           main] s.g.m.s.m.a.ScDefaultMonitorInterceptor  : Start executing the springfox.documentation.schema.property.ModelSpecificationFactory.create method
2025-06-11 12:06:56.343  INFO 1 --- [           main] s.g.m.s.m.a.ScDefaultMonitorInterceptor  : Stop executing the springfox.documentation.schema.property.ModelSpecificationFactory.create method
2025-06-11 12:06:56.343  INFO 1 --- [           main] s.g.m.s.m.a.ScDefaultMonitorInterceptor  : Start executing the springfox.documentation.schema.property.ModelSpecificationFactory.create method
2025-06-11 12:06:56.343  INFO 1 --- [           main] s.g.m.s.m.a.ScDefaultMonitorInterceptor  : Stop executing the springfox.documentation.schema.property.ModelSpecificationFactory.create method
2025-06-11 12:06:56.343  INFO 1 --- [           main] s.g.m.s.m.a.ScDefaultMonitorInterceptor  : Start executing the springfox.documentation.schema.property.ModelSpecificationFactory.create method
2025-06-11 12:06:56.343  INFO 1 --- [           main] s.g.m.s.m.a.ScDefaultMonitorInterceptor  : Stop executing the springfox.documentation.schema.property.ModelSpecificationFactory.create method
2025-06-11 12:06:56.343  INFO 1 --- [           main] s.g.m.s.m.a.ScDefaultMonitorInterceptor  : Start executing the springfox.documentation.schema.property.ModelSpecificationFactory.create method
2025-06-11 12:06:56.343  INFO 1 --- [           main] s.g.m.s.m.a.ScDefaultMonitorInterceptor  : Stop executing the springfox.documentation.schema.property.ModelSpecificationFactory.create method
2025-06-11 12:06:56.343  INFO 1 --- [           main] s.g.m.s.m.a.ScDefaultMonitorInterceptor  : Start executing the springfox.documentation.schema.property.ModelSpecificationFactory.create method
2025-06-11 12:06:56.343  INFO 1 --- [           main] s.g.m.s.m.a.ScDefaultMonitorInterceptor  : Stop executing the springfox.documentation.schema.property.ModelSpecificationFactory.create method
2025-06-11 12:06:56.343  INFO 1 --- [           main] s.g.m.s.m.a.ScDefaultMonitorInterceptor  : Start executing the springfox.documentation.schema.property.ModelSpecificationFactory.create method
2025-06-11 12:06:56.343  INFO 1 --- [           main] s.g.m.s.m.a.ScDefaultMonitorInterceptor  : Stop executing the springfox.documentation.schema.property.ModelSpecificationFactory.create method
2025-06-11 12:06:56.343  INFO 1 --- [           main] s.g.m.s.m.a.ScDefaultMonitorInterceptor  : Start executing the springfox.documentation.schema.property.ModelSpecificationFactory.create method
2025-06-11 12:06:56.343  INFO 1 --- [           main] s.g.m.s.m.a.ScDefaultMonitorInterceptor  : Stop executing the springfox.documentation.schema.property.ModelSpecificationFactory.create method
2025-06-11 12:06:56.343  INFO 1 --- [           main] s.g.m.s.m.a.ScDefaultMonitorInterceptor  : Start executing the springfox.documentation.schema.property.ModelSpecificationFactory.create method
2025-06-11 12:06:56.343  INFO 1 --- [           main] s.g.m.s.m.a.ScDefaultMonitorInterceptor  : Stop executing the springfox.documentation.schema.property.ModelSpecificationFactory.create method
2025-06-11 12:06:56.343  INFO 1 --- [           main] s.g.m.s.m.a.ScDefaultMonitorInterceptor  : Start executing the springfox.documentation.schema.property.ModelSpecificationFactory.create method
2025-06-11 12:06:56.343  INFO 1 --- [           main] s.g.m.s.m.a.ScDefaultMonitorInterceptor  : Stop executing the springfox.documentation.schema.property.ModelSpecificationFactory.create method
2025-06-11 12:06:56.343  INFO 1 --- [           main] s.g.m.s.m.a.ScDefaultMonitorInterceptor  : Start executing the springfox.documentation.schema.property.ModelSpecificationFactory.create method
2025-06-11 12:06:56.343  INFO 1 --- [           main] s.g.m.s.m.a.ScDefaultMonitorInterceptor  : Stop executing the springfox.documentation.schema.property.ModelSpecificationFactory.create method
2025-06-11 12:06:56.343  INFO 1 --- [           main] s.g.m.s.m.a.ScDefaultMonitorInterceptor  : Start executing the springfox.documentation.schema.property.ModelSpecificationFactory.create method
2025-06-11 12:06:56.344  INFO 1 --- [           main] s.g.m.s.m.a.ScDefaultMonitorInterceptor  : Stop executing the springfox.documentation.schema.property.ModelSpecificationFactory.create method
2025-06-11 12:06:56.344  INFO 1 --- [           main] s.g.m.s.m.a.ScDefaultMonitorInterceptor  : Start executing the springfox.documentation.schema.property.ModelSpecificationFactory.create method
2025-06-11 12:06:56.344  INFO 1 --- [           main] s.g.m.s.m.a.ScDefaultMonitorInterceptor  : Stop executing the springfox.documentation.schema.property.ModelSpecificationFactory.create method
2025-06-11 12:06:56.344  INFO 1 --- [           main] s.g.m.s.m.a.ScDefaultMonitorInterceptor  : Start executing the springfox.documentation.schema.property.ModelSpecificationFactory.create method
2025-06-11 12:06:56.344  INFO 1 --- [           main] s.g.m.s.m.a.ScDefaultMonitorInterceptor  : Stop executing the springfox.documentation.schema.property.ModelSpecificationFactory.create method
2025-06-11 12:06:56.344  INFO 1 --- [           main] s.g.m.s.m.a.ScDefaultMonitorInterceptor  : Start executing the springfox.documentation.schema.property.ModelSpecificationFactory.create method
2025-06-11 12:06:56.344  INFO 1 --- [           main] s.g.m.s.m.a.ScDefaultMonitorInterceptor  : Stop executing the springfox.documentation.schema.property.ModelSpecificationFactory.create method
2025-06-11 12:06:56.372  INFO 1 --- [           main] sg.gov.moe.sc.academic.ScAcademicApi     : Started ScAcademicApi in 41.619 seconds (JVM running for 42.913)
[GC (Allocation Failure) [DefNew: 50594K->5887K(53568K), 0.0163740 secs] 157563K->113797K(172360K), 0.0164221 secs] [Times: user=0.01 sys=0.00, real=0.01 secs] 
2025-06-11 13:54:53.456  INFO 1 --- [nio-8080-exec-3] o.a.c.c.C.[.[.[/sc-academic-api]         : Initializing Spring DispatcherServlet 'dispatcherServlet'
2025-06-11 13:54:53.457  INFO 1 --- [nio-8080-exec-3] o.s.web.servlet.DispatcherServlet        : Initializing Servlet 'dispatcherServlet'
2025-06-11 13:54:53.459  INFO 1 --- [nio-8080-exec-3] o.s.web.servlet.DispatcherServlet        : Completed initialization in 2 ms
2025-06-11 13:54:53.526  INFO 1 --- [nio-8080-exec-3] s.g.m.sc.comp.util.HeaderPropgateFeign   : feign intercept request
2025-06-11 13:54:53.526  INFO 1 --- [nio-8080-exec-3] s.g.m.sc.comp.util.HeaderPropgateFeign   : Request URL  /sc-auth/api/user-info 
2025-06-11 13:54:53.528  INFO 1 --- [nio-8080-exec-3] s.g.m.sc.comp.util.HeaderPropgateFeign   : Gateway ID is present
2025-06-11 13:54:53.528  INFO 1 --- [nio-8080-exec-3] s.g.m.sc.comp.util.HeaderPropgateFeign   : x-app-request is present blue 
2025-06-11 13:54:53.528  INFO 1 --- [nio-8080-exec-3] s.g.m.sc.comp.util.HeaderPropgateFeign   : after feign interceptor process header ==> Cookie , [GATEWAYID=db2f653b-884d-4086-bc26-71f2cdfcee80]
2025-06-11 13:54:53.528  INFO 1 --- [nio-8080-exec-3] s.g.m.sc.comp.util.HeaderPropgateFeign   : after feign interceptor process header ==> x-app-req , [blue]
2025-06-11 13:54:53.528  INFO 1 --- [nio-8080-exec-3] s.g.m.sc.comp.util.HeaderPropgateFeign   : after feign interceptor process header ==> x-sc-user-token , [cd859e8aad45486993397ebe995aa15e]
2025-06-11 13:54:53.638  INFO 1 --- [nio-8080-exec-3] s.g.m.s.m.a.ScDefaultMonitorInterceptor  : Start executing the sg.gov.moe.sc.academic.service.impl.CommonServiceImpl.printLogs method
2025-06-11 13:54:53.642  INFO 1 --- [nio-8080-exec-3] s.g.m.s.a.s.impl.CommonServiceImpl       : Log Code: LOG_get-stud-subject-mark-by-class_studentsMarkNoList, Log Message: studentsMarkNoList from get-stud-subject-mark-by-class API retrieved successfully
2025-06-11 13:54:53.642  INFO 1 --- [nio-8080-exec-3] s.g.m.s.a.s.impl.CommonServiceImpl       : Log Code: LOG_get-stud-subject-mark-by-class_studentsMarkNoList, Log Message: studentsMarkNoList from get-stud-subject-mark-by-class API retrieved successfully
2025-06-11 13:54:53.642  INFO 1 --- [nio-8080-exec-3] s.g.m.s.a.s.impl.CommonServiceImpl       : Log Code: LOG_get-stud-subject-mark-by-class_studentsMarkNoList, Log Message: studentsMarkNoList from get-stud-subject-mark-by-class API retrieved successfully
2025-06-11 13:54:53.642  INFO 1 --- [nio-8080-exec-3] s.g.m.s.m.a.ScDefaultMonitorInterceptor  : Stop executing the sg.gov.moe.sc.academic.service.impl.CommonServiceImpl.printLogs method
[GC (Allocation Failure) [DefNew: 53567K->2635K(53568K), 0.0176212 secs] 161477K->114059K(172360K), 0.0176509 secs] [Times: user=0.02 sys=0.01, real=0.02 secs] 
2025-06-11 13:56:58.297  INFO 1 --- [io-8080-exec-10] s.g.m.sc.comp.util.HeaderPropgateFeign   : feign intercept request
2025-06-11 13:56:58.297  INFO 1 --- [io-8080-exec-10] s.g.m.sc.comp.util.HeaderPropgateFeign   : Request URL  /sc-auth/api/user-info 
2025-06-11 13:56:58.297  INFO 1 --- [io-8080-exec-10] s.g.m.sc.comp.util.HeaderPropgateFeign   : Gateway ID is present
2025-06-11 13:56:58.297  INFO 1 --- [io-8080-exec-10] s.g.m.sc.comp.util.HeaderPropgateFeign   : x-app-request is present blue 
2025-06-11 13:56:58.297  INFO 1 --- [io-8080-exec-10] s.g.m.sc.comp.util.HeaderPropgateFeign   : after feign interceptor process header ==> Cookie , [GATEWAYID=db2f653b-884d-4086-bc26-71f2cdfcee80]
2025-06-11 13:56:58.297  INFO 1 --- [io-8080-exec-10] s.g.m.sc.comp.util.HeaderPropgateFeign   : after feign interceptor process header ==> x-app-req , [blue]
2025-06-11 13:56:58.297  INFO 1 --- [io-8080-exec-10] s.g.m.sc.comp.util.HeaderPropgateFeign   : after feign interceptor process header ==> x-sc-user-token , [4e6e84575484417a8385ae357164aa40]
2025-06-11 13:56:58.355  INFO 1 --- [io-8080-exec-10] s.g.m.s.m.a.ScDefaultMonitorInterceptor  : Start executing the sg.gov.moe.sc.academic.service.impl.CommonServiceImpl.printLogs method
2025-06-11 13:56:58.355  INFO 1 --- [io-8080-exec-10] s.g.m.s.a.s.impl.CommonServiceImpl       : Log Code: LOG_get-stud-subject-mark-by-class_studentsMarkNoList, Log Message: studentsMarkNoList from get-stud-subject-mark-by-class API retrieved successfully
2025-06-11 13:56:58.355  INFO 1 --- [io-8080-exec-10] s.g.m.s.a.s.impl.CommonServiceImpl       : Log Code: LOG_get-stud-subject-mark-by-class_studentsMarkNoList, Log Message: studentsMarkNoList from get-stud-subject-mark-by-class API retrieved successfully
2025-06-11 13:56:58.355  INFO 1 --- [io-8080-exec-10] s.g.m.s.a.s.impl.CommonServiceImpl       : Log Code: LOG_get-stud-subject-mark-by-class_studentsMarkNoList, Log Message: studentsMarkNoList from get-stud-subject-mark-by-class API retrieved successfully
2025-06-11 13:56:58.355  INFO 1 --- [io-8080-exec-10] s.g.m.s.m.a.ScDefaultMonitorInterceptor  : Stop executing the sg.gov.moe.sc.academic.service.impl.CommonServiceImpl.printLogs method
2025-06-11 14:22:04.786  INFO 1 --- [nio-8080-exec-3] s.g.m.sc.comp.util.HeaderPropgateFeign   : feign intercept request
2025-06-11 14:22:04.786  INFO 1 --- [nio-8080-exec-3] s.g.m.sc.comp.util.HeaderPropgateFeign   : Request URL  /sc-auth/api/user-info 
2025-06-11 14:22:04.786  INFO 1 --- [nio-8080-exec-3] s.g.m.sc.comp.util.HeaderPropgateFeign   : Gateway ID is present
2025-06-11 14:22:04.786  INFO 1 --- [nio-8080-exec-3] s.g.m.sc.comp.util.HeaderPropgateFeign   : x-app-request is present blue 
2025-06-11 14:22:04.786  INFO 1 --- [nio-8080-exec-3] s.g.m.sc.comp.util.HeaderPropgateFeign   : after feign interceptor process header ==> Cookie , [GATEWAYID=6ca79ba7-38f2-4b2c-934a-1025324e3c58]
2025-06-11 14:22:04.786  INFO 1 --- [nio-8080-exec-3] s.g.m.sc.comp.util.HeaderPropgateFeign   : after feign interceptor process header ==> x-app-req , [blue]
2025-06-11 14:22:04.786  INFO 1 --- [nio-8080-exec-3] s.g.m.sc.comp.util.HeaderPropgateFeign   : after feign interceptor process header ==> x-sc-user-token , [d01e372347ed410197a9edae9b3cd31a]
2025-06-11 14:22:04.912  INFO 1 --- [nio-8080-exec-3] s.g.m.s.m.a.ScDefaultMonitorInterceptor  : Start executing the sg.gov.moe.sc.academic.service.impl.CommonServiceImpl.printLogs method
2025-06-11 14:22:04.912  INFO 1 --- [nio-8080-exec-3] s.g.m.s.a.s.impl.CommonServiceImpl       : Log Code: LOG_get-stud-subject-mark-by-class_studentsMarkNoList, Log Message: studentsMarkNoList from get-stud-subject-mark-by-class API retrieved successfully
2025-06-11 14:22:04.912  INFO 1 --- [nio-8080-exec-3] s.g.m.s.a.s.impl.CommonServiceImpl       : Log Code: LOG_get-stud-subject-mark-by-class_studentsMarkNoList, Log Message: studentsMarkNoList from get-stud-subject-mark-by-class API retrieved successfully
2025-06-11 14:22:04.912  INFO 1 --- [nio-8080-exec-3] s.g.m.s.a.s.impl.CommonServiceImpl       : Log Code: LOG_get-stud-subject-mark-by-class_studentsMarkNoList, Log Message: studentsMarkNoList from get-stud-subject-mark-by-class API retrieved successfully
2025-06-11 14:22:04.912  INFO 1 --- [nio-8080-exec-3] s.g.m.s.m.a.ScDefaultMonitorInterceptor  : Stop executing the sg.gov.moe.sc.academic.service.impl.CommonServiceImpl.printLogs method
2025-06-11 14:22:12.652  INFO 1 --- [nio-8080-exec-6] s.g.m.sc.comp.util.HeaderPropgateFeign   : feign intercept request
2025-06-11 14:22:12.652  INFO 1 --- [nio-8080-exec-6] s.g.m.sc.comp.util.HeaderPropgateFeign   : Request URL  /sc-auth/api/user-info 
2025-06-11 14:22:12.652  INFO 1 --- [nio-8080-exec-6] s.g.m.sc.comp.util.HeaderPropgateFeign   : Gateway ID is present
2025-06-11 14:22:12.652  INFO 1 --- [nio-8080-exec-6] s.g.m.sc.comp.util.HeaderPropgateFeign   : x-app-request is present blue 
2025-06-11 14:22:12.652  INFO 1 --- [nio-8080-exec-6] s.g.m.sc.comp.util.HeaderPropgateFeign   : after feign interceptor process header ==> Cookie , [GATEWAYID=6ca79ba7-38f2-4b2c-934a-1025324e3c58]
2025-06-11 14:22:12.652  INFO 1 --- [nio-8080-exec-6] s.g.m.sc.comp.util.HeaderPropgateFeign   : after feign interceptor process header ==> x-app-req , [blue]
2025-06-11 14:22:12.652  INFO 1 --- [nio-8080-exec-6] s.g.m.sc.comp.util.HeaderPropgateFeign   : after feign interceptor process header ==> x-sc-user-token , [d01e372347ed410197a9edae9b3cd31a]
2025-06-11 14:22:12.745  INFO 1 --- [nio-8080-exec-6] s.g.m.s.m.a.ScDefaultMonitorInterceptor  : Start executing the sg.gov.moe.sc.academic.service.impl.CommonServiceImpl.printLogs method
2025-06-11 14:22:12.746  INFO 1 --- [nio-8080-exec-6] s.g.m.s.a.s.impl.CommonServiceImpl       : Log Code: LOG_get-stud-subject-mark-by-class_studentsMarkNoList, Log Message: studentsMarkNoList from get-stud-subject-mark-by-class API retrieved successfully
2025-06-11 14:22:12.746  INFO 1 --- [nio-8080-exec-6] s.g.m.s.a.s.impl.CommonServiceImpl       : Log Code: LOG_get-stud-subject-mark-by-class_studentsMarkNoList, Log Message: studentsMarkNoList from get-stud-subject-mark-by-class API retrieved successfully
2025-06-11 14:22:12.746  INFO 1 --- [nio-8080-exec-6] s.g.m.s.a.s.impl.CommonServiceImpl       : Log Code: LOG_get-stud-subject-mark-by-class_studentsMarkNoList, Log Message: studentsMarkNoList from get-stud-subject-mark-by-class API retrieved successfully
2025-06-11 14:22:12.746  INFO 1 --- [nio-8080-exec-6] s.g.m.s.a.s.impl.CommonServiceImpl       : Log Code: LOG_get-stud-subject-mark-by-class_studentsMarkNoList, Log Message: studentsMarkNoList from get-stud-subject-mark-by-class API retrieved successfully
2025-06-11 14:22:12.746  INFO 1 --- [nio-8080-exec-6] s.g.m.s.a.s.impl.CommonServiceImpl       : Log Code: LOG_get-stud-subject-mark-by-class_studentsMarkNoList, Log Message: studentsMarkNoList from get-stud-subject-mark-by-class API retrieved successfully
2025-06-11 14:22:12.746  INFO 1 --- [nio-8080-exec-6] s.g.m.s.a.s.impl.CommonServiceImpl       : Log Code: LOG_get-stud-subject-mark-by-class_studentsMarkNoList, Log Message: studentsMarkNoList from get-stud-subject-mark-by-class API retrieved successfully
2025-06-11 14:22:12.746  INFO 1 --- [nio-8080-exec-6] s.g.m.s.a.s.impl.CommonServiceImpl       : Log Code: LOG_get-stud-subject-mark-by-class_studentsMarkNoList, Log Message: studentsMarkNoList from get-stud-subject-mark-by-class API retrieved successfully
2025-06-11 14:22:12.746  INFO 1 --- [nio-8080-exec-6] s.g.m.s.a.s.impl.CommonServiceImpl       : Log Code: LOG_get-stud-subject-mark-by-class_studentsMarkNoList, Log Message: studentsMarkNoList from get-stud-subject-mark-by-class API retrieved successfully
2025-06-11 14:22:12.746  INFO 1 --- [nio-8080-exec-6] s.g.m.s.m.a.ScDefaultMonitorInterceptor  : Stop executing the sg.gov.moe.sc.academic.service.impl.CommonServiceImpl.printLogs method
2025-06-11 15:20:58.010  INFO 1 --- [nio-8080-exec-4] s.g.m.sc.comp.util.HeaderPropgateFeign   : feign intercept request
2025-06-11 15:20:58.010  INFO 1 --- [nio-8080-exec-4] s.g.m.sc.comp.util.HeaderPropgateFeign   : Request URL  /sc-auth/api/user-info 
2025-06-11 15:20:58.010  INFO 1 --- [nio-8080-exec-4] s.g.m.sc.comp.util.HeaderPropgateFeign   : Gateway ID is present
2025-06-11 15:20:58.010  INFO 1 --- [nio-8080-exec-4] s.g.m.sc.comp.util.HeaderPropgateFeign   : x-app-request is present blue 
2025-06-11 15:20:58.010  INFO 1 --- [nio-8080-exec-4] s.g.m.sc.comp.util.HeaderPropgateFeign   : after feign interceptor process header ==> Cookie , [GATEWAYID=2170f50f-cc0f-4c2b-afad-4ec7bf3a9963]
2025-06-11 15:20:58.010  INFO 1 --- [nio-8080-exec-4] s.g.m.sc.comp.util.HeaderPropgateFeign   : after feign interceptor process header ==> x-app-req , [blue]
2025-06-11 15:20:58.010  INFO 1 --- [nio-8080-exec-4] s.g.m.sc.comp.util.HeaderPropgateFeign   : after feign interceptor process header ==> x-sc-user-token , [5b432197431d42c989c572d5303845ca]
2025-06-11 15:20:58.090  INFO 1 --- [nio-8080-exec-4] s.g.m.s.m.a.ScDefaultMonitorInterceptor  : Start executing the sg.gov.moe.sc.academic.service.impl.CommonServiceImpl.printLogs method
2025-06-11 15:20:58.090  INFO 1 --- [nio-8080-exec-4] s.g.m.s.a.s.impl.CommonServiceImpl       : Log Code: LOG_get-stud-subject-mark-by-class_studentsMarkNoList, Log Message: studentsMarkNoList from get-stud-subject-mark-by-class API retrieved successfully
2025-06-11 15:20:58.090  INFO 1 --- [nio-8080-exec-4] s.g.m.s.a.s.impl.CommonServiceImpl       : Log Code: LOG_get-stud-subject-mark-by-class_studentsMarkNoList, Log Message: studentsMarkNoList from get-stud-subject-mark-by-class API retrieved successfully
2025-06-11 15:20:58.090  INFO 1 --- [nio-8080-exec-4] s.g.m.s.a.s.impl.CommonServiceImpl       : Log Code: LOG_get-stud-subject-mark-by-class_studentsMarkNoList, Log Message: studentsMarkNoList from get-stud-subject-mark-by-class API retrieved successfully
2025-06-11 15:20:58.090  INFO 1 --- [nio-8080-exec-4] s.g.m.s.m.a.ScDefaultMonitorInterceptor  : Stop executing the sg.gov.moe.sc.academic.service.impl.CommonServiceImpl.printLogs method
2025-06-11 15:23:24.370  INFO 1 --- [nio-8080-exec-3] s.g.m.sc.comp.util.HeaderPropgateFeign   : feign intercept request
2025-06-11 15:23:24.370  INFO 1 --- [nio-8080-exec-3] s.g.m.sc.comp.util.HeaderPropgateFeign   : Request URL  /sc-auth/api/user-info 
2025-06-11 15:23:24.370  INFO 1 --- [nio-8080-exec-3] s.g.m.sc.comp.util.HeaderPropgateFeign   : Gateway ID is present
2025-06-11 15:23:24.370  INFO 1 --- [nio-8080-exec-3] s.g.m.sc.comp.util.HeaderPropgateFeign   : x-app-request is present blue 
2025-06-11 15:23:24.370  INFO 1 --- [nio-8080-exec-3] s.g.m.sc.comp.util.HeaderPropgateFeign   : after feign interceptor process header ==> Cookie , [GATEWAYID=2170f50f-cc0f-4c2b-afad-4ec7bf3a9963]
2025-06-11 15:23:24.371  INFO 1 --- [nio-8080-exec-3] s.g.m.sc.comp.util.HeaderPropgateFeign   : after feign interceptor process header ==> x-app-req , [blue]
2025-06-11 15:23:24.371  INFO 1 --- [nio-8080-exec-3] s.g.m.sc.comp.util.HeaderPropgateFeign   : after feign interceptor process header ==> x-sc-user-token , [f2d71711814e4812879c418d28628eac]
2025-06-11 15:23:24.451  INFO 1 --- [nio-8080-exec-3] s.g.m.s.m.a.ScDefaultMonitorInterceptor  : Start executing the sg.gov.moe.sc.academic.service.impl.CommonServiceImpl.printLogs method
2025-06-11 15:23:24.451  INFO 1 --- [nio-8080-exec-3] s.g.m.s.a.s.impl.CommonServiceImpl       : Log Code: LOG_get-stud-subject-mark-by-class_studentsMarkNoList, Log Message: studentsMarkNoList from get-stud-subject-mark-by-class API retrieved successfully
2025-06-11 15:23:24.451  INFO 1 --- [nio-8080-exec-3] s.g.m.s.a.s.impl.CommonServiceImpl       : Log Code: LOG_get-stud-subject-mark-by-class_studentsMarkNoList, Log Message: studentsMarkNoList from get-stud-subject-mark-by-class API retrieved successfully
2025-06-11 15:23:24.451  INFO 1 --- [nio-8080-exec-3] s.g.m.s.a.s.impl.CommonServiceImpl       : Log Code: LOG_get-stud-subject-mark-by-class_studentsMarkNoList, Log Message: studentsMarkNoList from get-stud-subject-mark-by-class API retrieved successfully
2025-06-11 15:23:24.451  INFO 1 --- [nio-8080-exec-3] s.g.m.s.m.a.ScDefaultMonitorInterceptor  : Stop executing the sg.gov.moe.sc.academic.service.impl.CommonServiceImpl.printLogs method
2025-06-11 15:26:32.682  INFO 1 --- [nio-8080-exec-3] s.g.m.sc.comp.util.HeaderPropgateFeign   : feign intercept request
2025-06-11 15:26:32.682  INFO 1 --- [nio-8080-exec-3] s.g.m.sc.comp.util.HeaderPropgateFeign   : Request URL  /sc-auth/api/user-info 
2025-06-11 15:26:32.682  INFO 1 --- [nio-8080-exec-3] s.g.m.sc.comp.util.HeaderPropgateFeign   : Gateway ID is present
2025-06-11 15:26:32.682  INFO 1 --- [nio-8080-exec-3] s.g.m.sc.comp.util.HeaderPropgateFeign   : x-app-request is present blue 
2025-06-11 15:26:32.682  INFO 1 --- [nio-8080-exec-3] s.g.m.sc.comp.util.HeaderPropgateFeign   : after feign interceptor process header ==> Cookie , [GATEWAYID=2170f50f-cc0f-4c2b-afad-4ec7bf3a9963]
2025-06-11 15:26:32.682  INFO 1 --- [nio-8080-exec-3] s.g.m.sc.comp.util.HeaderPropgateFeign   : after feign interceptor process header ==> x-app-req , [blue]
2025-06-11 15:26:32.682  INFO 1 --- [nio-8080-exec-3] s.g.m.sc.comp.util.HeaderPropgateFeign   : after feign interceptor process header ==> x-sc-user-token , [f2d71711814e4812879c418d28628eac]
2025-06-11 15:26:32.695  INFO 1 --- [nio-8080-exec-3] s.g.m.s.m.a.ScDefaultMonitorInterceptor  : Start executing the sg.gov.moe.sc.academic.service.impl.CommonServiceImpl.getConfigYearSearch method
2025-06-11 15:26:32.696  INFO 1 --- [nio-8080-exec-3] s.g.m.sc.comp.util.HeaderPropgateFeign   : feign intercept request
2025-06-11 15:26:32.697  INFO 1 --- [nio-8080-exec-3] s.g.m.sc.comp.util.HeaderPropgateFeign   : Request URL  /sc-dbmaster-api/api/csr/config/parameter/CSR 
2025-06-11 15:26:32.697  INFO 1 --- [nio-8080-exec-3] s.g.m.sc.comp.util.HeaderPropgateFeign   : Gateway ID is present
2025-06-11 15:26:32.697  INFO 1 --- [nio-8080-exec-3] s.g.m.sc.comp.util.HeaderPropgateFeign   : x-app-request is present blue 
2025-06-11 15:26:32.697  INFO 1 --- [nio-8080-exec-3] s.g.m.sc.comp.util.HeaderPropgateFeign   : after feign interceptor process header ==> Cookie , [GATEWAYID=2170f50f-cc0f-4c2b-afad-4ec7bf3a9963]
2025-06-11 15:26:32.697  INFO 1 --- [nio-8080-exec-3] s.g.m.sc.comp.util.HeaderPropgateFeign   : after feign interceptor process header ==> x-app-req , [blue]
2025-06-11 15:26:32.697  INFO 1 --- [nio-8080-exec-3] s.g.m.sc.comp.util.HeaderPropgateFeign   : after feign interceptor process header ==> X-SC-USER-TOKEN , [f2d71711814e4812879c418d28628eac]
2025-06-11 15:26:32.708  INFO 1 --- [nio-8080-exec-3] s.g.m.s.m.a.ScDefaultMonitorInterceptor  : Stop executing the sg.gov.moe.sc.academic.service.impl.CommonServiceImpl.getConfigYearSearch method
2025-06-11 15:26:32.769  INFO 1 --- [nio-8080-exec-5] s.g.m.sc.comp.util.HeaderPropgateFeign   : feign intercept request
2025-06-11 15:26:32.769  INFO 1 --- [nio-8080-exec-5] s.g.m.sc.comp.util.HeaderPropgateFeign   : Request URL  /sc-auth/api/user-info 
2025-06-11 15:26:32.769  INFO 1 --- [nio-8080-exec-5] s.g.m.sc.comp.util.HeaderPropgateFeign   : Gateway ID is present
2025-06-11 15:26:32.769  INFO 1 --- [nio-8080-exec-5] s.g.m.sc.comp.util.HeaderPropgateFeign   : x-app-request is present blue 
2025-06-11 15:26:32.769  INFO 1 --- [nio-8080-exec-5] s.g.m.sc.comp.util.HeaderPropgateFeign   : after feign interceptor process header ==> Cookie , [GATEWAYID=2170f50f-cc0f-4c2b-afad-4ec7bf3a9963]
2025-06-11 15:26:32.769  INFO 1 --- [nio-8080-exec-5] s.g.m.sc.comp.util.HeaderPropgateFeign   : after feign interceptor process header ==> x-app-req , [blue]
2025-06-11 15:26:32.769  INFO 1 --- [nio-8080-exec-5] s.g.m.sc.comp.util.HeaderPropgateFeign   : after feign interceptor process header ==> x-sc-user-token , [f2d71711814e4812879c418d28628eac]
2025-06-11 15:26:32.774  INFO 1 --- [nio-8080-exec-5] s.g.m.s.m.a.ScDefaultMonitorInterceptor  : Start executing the sg.gov.moe.sc.academic.service.impl.CommonServiceImpl.getAcademicYear method
2025-06-11 15:26:32.774  INFO 1 --- [nio-8080-exec-5] s.g.m.sc.comp.util.HeaderPropgateFeign   : feign intercept request
2025-06-11 15:26:32.774  INFO 1 --- [nio-8080-exec-5] s.g.m.sc.comp.util.HeaderPropgateFeign   : Request URL  /sc-dbmaster-api/api/csr/config/parameter/CSR 
2025-06-11 15:26:32.774  INFO 1 --- [nio-8080-exec-5] s.g.m.sc.comp.util.HeaderPropgateFeign   : Gateway ID is present
2025-06-11 15:26:32.774  INFO 1 --- [nio-8080-exec-5] s.g.m.sc.comp.util.HeaderPropgateFeign   : x-app-request is present blue 
2025-06-11 15:26:32.774  INFO 1 --- [nio-8080-exec-5] s.g.m.sc.comp.util.HeaderPropgateFeign   : after feign interceptor process header ==> Cookie , [GATEWAYID=2170f50f-cc0f-4c2b-afad-4ec7bf3a9963]
2025-06-11 15:26:32.774  INFO 1 --- [nio-8080-exec-5] s.g.m.sc.comp.util.HeaderPropgateFeign   : after feign interceptor process header ==> x-app-req , [blue]
2025-06-11 15:26:32.774  INFO 1 --- [nio-8080-exec-5] s.g.m.sc.comp.util.HeaderPropgateFeign   : after feign interceptor process header ==> X-SC-USER-TOKEN , [f2d71711814e4812879c418d28628eac]
2025-06-11 15:26:32.781  INFO 1 --- [nio-8080-exec-5] s.g.m.s.m.a.ScDefaultMonitorInterceptor  : Stop executing the sg.gov.moe.sc.academic.service.impl.CommonServiceImpl.getAcademicYear method
2025-06-11 15:26:32.809  INFO 1 --- [nio-8080-exec-6] s.g.m.sc.comp.util.HeaderPropgateFeign   : feign intercept request
2025-06-11 15:26:32.809  INFO 1 --- [nio-8080-exec-6] s.g.m.sc.comp.util.HeaderPropgateFeign   : Request URL  /sc-auth/api/user-info 
2025-06-11 15:26:32.809  INFO 1 --- [nio-8080-exec-6] s.g.m.sc.comp.util.HeaderPropgateFeign   : Gateway ID is present
2025-06-11 15:26:32.809  INFO 1 --- [nio-8080-exec-6] s.g.m.sc.comp.util.HeaderPropgateFeign   : x-app-request is present blue 
2025-06-11 15:26:32.809  INFO 1 --- [nio-8080-exec-6] s.g.m.sc.comp.util.HeaderPropgateFeign   : after feign interceptor process header ==> Cookie , [GATEWAYID=2170f50f-cc0f-4c2b-afad-4ec7bf3a9963]
2025-06-11 15:26:32.809  INFO 1 --- [nio-8080-exec-6] s.g.m.sc.comp.util.HeaderPropgateFeign   : after feign interceptor process header ==> x-app-req , [blue]
2025-06-11 15:26:32.810  INFO 1 --- [nio-8080-exec-6] s.g.m.sc.comp.util.HeaderPropgateFeign   : after feign interceptor process header ==> x-sc-user-token , [f2d71711814e4812879c418d28628eac]
2025-06-11 15:26:32.814  INFO 1 --- [nio-8080-exec-6] s.g.m.s.m.a.ScDefaultMonitorInterceptor  : Start executing the sg.gov.moe.sc.academic.service.impl.CommonServiceImpl.getSectionBySearch method
2025-06-11 15:26:32.815  INFO 1 --- [nio-8080-exec-6] s.g.m.sc.comp.util.HeaderPropgateFeign   : feign intercept request
2025-06-11 15:26:32.815  INFO 1 --- [nio-8080-exec-6] s.g.m.sc.comp.util.HeaderPropgateFeign   : Request URL  /sc-dbmaster-api/api/csr/school/section-info/2302 
2025-06-11 15:26:32.815  INFO 1 --- [nio-8080-exec-6] s.g.m.sc.comp.util.HeaderPropgateFeign   : Gateway ID is present
2025-06-11 15:26:32.815  INFO 1 --- [nio-8080-exec-6] s.g.m.sc.comp.util.HeaderPropgateFeign   : x-app-request is present blue 
2025-06-11 15:26:32.815  INFO 1 --- [nio-8080-exec-6] s.g.m.sc.comp.util.HeaderPropgateFeign   : after feign interceptor process header ==> Cookie , [GATEWAYID=2170f50f-cc0f-4c2b-afad-4ec7bf3a9963]
2025-06-11 15:26:32.815  INFO 1 --- [nio-8080-exec-6] s.g.m.sc.comp.util.HeaderPropgateFeign   : after feign interceptor process header ==> x-app-req , [blue]
2025-06-11 15:26:32.815  INFO 1 --- [nio-8080-exec-6] s.g.m.sc.comp.util.HeaderPropgateFeign   : after feign interceptor process header ==> X-SC-USER-TOKEN , [f2d71711814e4812879c418d28628eac]
2025-06-11 15:26:32.823  INFO 1 --- [nio-8080-exec-6] s.g.m.s.m.a.ScDefaultMonitorInterceptor  : Stop executing the sg.gov.moe.sc.academic.service.impl.CommonServiceImpl.getSectionBySearch method
2025-06-11 15:26:33.211  INFO 1 --- [nio-8080-exec-7] s.g.m.sc.comp.util.HeaderPropgateFeign   : feign intercept request
2025-06-11 15:26:33.211  INFO 1 --- [nio-8080-exec-7] s.g.m.sc.comp.util.HeaderPropgateFeign   : Request URL  /sc-auth/api/user-info 
2025-06-11 15:26:33.211  INFO 1 --- [nio-8080-exec-7] s.g.m.sc.comp.util.HeaderPropgateFeign   : Gateway ID is present
2025-06-11 15:26:33.211  INFO 1 --- [nio-8080-exec-7] s.g.m.sc.comp.util.HeaderPropgateFeign   : x-app-request is present blue 
2025-06-11 15:26:33.211  INFO 1 --- [nio-8080-exec-7] s.g.m.sc.comp.util.HeaderPropgateFeign   : after feign interceptor process header ==> Cookie , [GATEWAYID=2170f50f-cc0f-4c2b-afad-4ec7bf3a9963]
2025-06-11 15:26:33.211  INFO 1 --- [nio-8080-exec-7] s.g.m.sc.comp.util.HeaderPropgateFeign   : after feign interceptor process header ==> x-app-req , [blue]
2025-06-11 15:26:33.211  INFO 1 --- [nio-8080-exec-7] s.g.m.sc.comp.util.HeaderPropgateFeign   : after feign interceptor process header ==> x-sc-user-token , [f2d71711814e4812879c418d28628eac]
2025-06-11 15:26:33.236  INFO 1 --- [nio-8080-exec-7] s.g.m.s.m.a.ScDefaultMonitorInterceptor  : Start executing the sg.gov.moe.sc.academic.service.impl.AssessmentFrameworkServiceImpl.getConfirmResultLevelList method
2025-06-11 15:26:33.241  INFO 1 --- [nio-8080-exec-7] s.g.m.sc.comp.util.HeaderPropgateFeign   : feign intercept request
2025-06-11 15:26:33.241  INFO 1 --- [nio-8080-exec-7] s.g.m.sc.comp.util.HeaderPropgateFeign   : Request URL  /sc-dbmaster-api/api/csr/school/confirm/2302/2025 
2025-06-11 15:26:33.241  INFO 1 --- [nio-8080-exec-7] s.g.m.sc.comp.util.HeaderPropgateFeign   : Gateway ID is present
2025-06-11 15:26:33.241  INFO 1 --- [nio-8080-exec-7] s.g.m.sc.comp.util.HeaderPropgateFeign   : x-app-request is present blue 
2025-06-11 15:26:33.241  INFO 1 --- [nio-8080-exec-7] s.g.m.sc.comp.util.HeaderPropgateFeign   : after feign interceptor process header ==> Cookie , [GATEWAYID=2170f50f-cc0f-4c2b-afad-4ec7bf3a9963]
2025-06-11 15:26:33.241  INFO 1 --- [nio-8080-exec-7] s.g.m.sc.comp.util.HeaderPropgateFeign   : after feign interceptor process header ==> x-app-req , [blue]
2025-06-11 15:26:33.241  INFO 1 --- [nio-8080-exec-7] s.g.m.sc.comp.util.HeaderPropgateFeign   : after feign interceptor process header ==> X-SC-USER-TOKEN , [f2d71711814e4812879c418d28628eac]
2025-06-11 15:26:33.247  INFO 1 --- [nio-8080-exec-7] s.g.m.s.m.a.ScDefaultMonitorInterceptor  : Stop executing the sg.gov.moe.sc.academic.service.impl.AssessmentFrameworkServiceImpl.getConfirmResultLevelList method
2025-06-11 15:26:33.370  INFO 1 --- [nio-8080-exec-8] s.g.m.sc.comp.util.HeaderPropgateFeign   : feign intercept request
2025-06-11 15:26:33.370  INFO 1 --- [nio-8080-exec-8] s.g.m.sc.comp.util.HeaderPropgateFeign   : Request URL  /sc-auth/api/user-info 
2025-06-11 15:26:33.370  INFO 1 --- [nio-8080-exec-8] s.g.m.sc.comp.util.HeaderPropgateFeign   : Gateway ID is present
2025-06-11 15:26:33.370  INFO 1 --- [nio-8080-exec-8] s.g.m.sc.comp.util.HeaderPropgateFeign   : x-app-request is present blue 
2025-06-11 15:26:33.370  INFO 1 --- [nio-8080-exec-8] s.g.m.sc.comp.util.HeaderPropgateFeign   : after feign interceptor process header ==> Cookie , [GATEWAYID=2170f50f-cc0f-4c2b-afad-4ec7bf3a9963]
2025-06-11 15:26:33.370  INFO 1 --- [nio-8080-exec-8] s.g.m.sc.comp.util.HeaderPropgateFeign   : after feign interceptor process header ==> x-app-req , [blue]
2025-06-11 15:26:33.370  INFO 1 --- [nio-8080-exec-8] s.g.m.sc.comp.util.HeaderPropgateFeign   : after feign interceptor process header ==> x-sc-user-token , [f2d71711814e4812879c418d28628eac]
2025-06-11 15:26:33.376  INFO 1 --- [nio-8080-exec-8] s.g.m.s.m.a.ScDefaultMonitorInterceptor  : Start executing the sg.gov.moe.sc.academic.service.impl.AssessmentFrameworkServiceImpl.getAssessmentFrameworkSummarise method
2025-06-11 15:26:33.376  INFO 1 --- [nio-8080-exec-8] s.g.m.sc.comp.util.HeaderPropgateFeign   : feign intercept request
2025-06-11 15:26:33.376  INFO 1 --- [nio-8080-exec-8] s.g.m.sc.comp.util.HeaderPropgateFeign   : Request URL  /sc-dbmaster-api/api/csr/school/level-info/2302 
2025-06-11 15:26:33.376  INFO 1 --- [nio-8080-exec-8] s.g.m.sc.comp.util.HeaderPropgateFeign   : Gateway ID is present
2025-06-11 15:26:33.376  INFO 1 --- [nio-8080-exec-8] s.g.m.sc.comp.util.HeaderPropgateFeign   : x-app-request is present blue 
2025-06-11 15:26:33.376  INFO 1 --- [nio-8080-exec-8] s.g.m.sc.comp.util.HeaderPropgateFeign   : after feign interceptor process header ==> Cookie , [GATEWAYID=2170f50f-cc0f-4c2b-afad-4ec7bf3a9963]
2025-06-11 15:26:33.376  INFO 1 --- [nio-8080-exec-8] s.g.m.sc.comp.util.HeaderPropgateFeign   : after feign interceptor process header ==> x-app-req , [blue]
2025-06-11 15:26:33.376  INFO 1 --- [nio-8080-exec-8] s.g.m.sc.comp.util.HeaderPropgateFeign   : after feign interceptor process header ==> X-SC-USER-TOKEN , [f2d71711814e4812879c418d28628eac]
2025-06-11 15:26:33.390  INFO 1 --- [nio-8080-exec-8] s.g.m.sc.comp.util.HeaderPropgateFeign   : feign intercept request
2025-06-11 15:26:33.390  INFO 1 --- [nio-8080-exec-8] s.g.m.sc.comp.util.HeaderPropgateFeign   : Request URL  /sc-dbmaster-api/api/csr/config/code-detail/ASSESSMENT_TYPE 
2025-06-11 15:26:33.390  INFO 1 --- [nio-8080-exec-8] s.g.m.sc.comp.util.HeaderPropgateFeign   : Gateway ID is present
2025-06-11 15:26:33.390  INFO 1 --- [nio-8080-exec-8] s.g.m.sc.comp.util.HeaderPropgateFeign   : x-app-request is present blue 
2025-06-11 15:26:33.390  INFO 1 --- [nio-8080-exec-8] s.g.m.sc.comp.util.HeaderPropgateFeign   : after feign interceptor process header ==> Cookie , [GATEWAYID=2170f50f-cc0f-4c2b-afad-4ec7bf3a9963]
2025-06-11 15:26:33.391  INFO 1 --- [nio-8080-exec-8] s.g.m.sc.comp.util.HeaderPropgateFeign   : after feign interceptor process header ==> x-app-req , [blue]
2025-06-11 15:26:33.391  INFO 1 --- [nio-8080-exec-8] s.g.m.sc.comp.util.HeaderPropgateFeign   : after feign interceptor process header ==> X-SC-USER-TOKEN , [f2d71711814e4812879c418d28628eac]
[GC (Allocation Failure) [DefNew: 50315K->1781K(53568K), 0.0090337 secs] 161739K->113204K(172360K), 0.0090736 secs] [Times: user=0.01 sys=0.00, real=0.01 secs] 
2025-06-11 15:26:33.647  INFO 1 --- [nio-8080-exec-8] s.g.m.sc.comp.util.HeaderPropgateFeign   : feign intercept request
2025-06-11 15:26:33.647  INFO 1 --- [nio-8080-exec-8] s.g.m.sc.comp.util.HeaderPropgateFeign   : Request URL  /sc-dbmaster-api/api/csr/staff/staff-details?staffIds=OPM230200114&staffIds=ROLLOVER 
2025-06-11 15:26:33.647  INFO 1 --- [nio-8080-exec-8] s.g.m.sc.comp.util.HeaderPropgateFeign   : Gateway ID is present
2025-06-11 15:26:33.647  INFO 1 --- [nio-8080-exec-8] s.g.m.sc.comp.util.HeaderPropgateFeign   : x-app-request is present blue 
2025-06-11 15:26:33.648  INFO 1 --- [nio-8080-exec-8] s.g.m.sc.comp.util.HeaderPropgateFeign   : after feign interceptor process header ==> Cookie , [GATEWAYID=2170f50f-cc0f-4c2b-afad-4ec7bf3a9963]
2025-06-11 15:26:33.648  INFO 1 --- [nio-8080-exec-8] s.g.m.sc.comp.util.HeaderPropgateFeign   : after feign interceptor process header ==> x-app-req , [blue]
2025-06-11 15:26:33.648  INFO 1 --- [nio-8080-exec-8] s.g.m.sc.comp.util.HeaderPropgateFeign   : after feign interceptor process header ==> X-SC-USER-TOKEN , [f2d71711814e4812879c418d28628eac]
2025-06-11 15:26:33.653  INFO 1 --- [nio-8080-exec-8] s.g.m.s.m.a.ScDefaultMonitorInterceptor  : Stop executing the sg.gov.moe.sc.academic.service.impl.AssessmentFrameworkServiceImpl.getAssessmentFrameworkSummarise method
2025-06-11 15:29:04.828  INFO 1 --- [nio-8080-exec-1] s.g.m.sc.comp.util.HeaderPropgateFeign   : feign intercept request
2025-06-11 15:29:04.828  INFO 1 --- [io-8080-exec-10] s.g.m.sc.comp.util.HeaderPropgateFeign   : feign intercept request
2025-06-11 15:29:04.828  INFO 1 --- [nio-8080-exec-1] s.g.m.sc.comp.util.HeaderPropgateFeign   : Request URL  /sc-auth/api/user-info 
2025-06-11 15:29:04.828  INFO 1 --- [io-8080-exec-10] s.g.m.sc.comp.util.HeaderPropgateFeign   : Request URL  /sc-auth/api/user-info 
2025-06-11 15:29:04.828  INFO 1 --- [nio-8080-exec-1] s.g.m.sc.comp.util.HeaderPropgateFeign   : Gateway ID is present
2025-06-11 15:29:04.828  INFO 1 --- [io-8080-exec-10] s.g.m.sc.comp.util.HeaderPropgateFeign   : Gateway ID is present
2025-06-11 15:29:04.828  INFO 1 --- [nio-8080-exec-1] s.g.m.sc.comp.util.HeaderPropgateFeign   : x-app-request is present blue 
2025-06-11 15:29:04.828  INFO 1 --- [io-8080-exec-10] s.g.m.sc.comp.util.HeaderPropgateFeign   : x-app-request is present blue 
2025-06-11 15:29:04.828  INFO 1 --- [nio-8080-exec-1] s.g.m.sc.comp.util.HeaderPropgateFeign   : after feign interceptor process header ==> Cookie , [GATEWAYID=2170f50f-cc0f-4c2b-afad-4ec7bf3a9963]
2025-06-11 15:29:04.828  INFO 1 --- [nio-8080-exec-1] s.g.m.sc.comp.util.HeaderPropgateFeign   : after feign interceptor process header ==> x-app-req , [blue]
2025-06-11 15:29:04.828  INFO 1 --- [nio-8080-exec-1] s.g.m.sc.comp.util.HeaderPropgateFeign   : after feign interceptor process header ==> x-sc-user-token , [f2d71711814e4812879c418d28628eac]
2025-06-11 15:29:04.828  INFO 1 --- [io-8080-exec-10] s.g.m.sc.comp.util.HeaderPropgateFeign   : after feign interceptor process header ==> Cookie , [GATEWAYID=2170f50f-cc0f-4c2b-afad-4ec7bf3a9963]
2025-06-11 15:29:04.828  INFO 1 --- [io-8080-exec-10] s.g.m.sc.comp.util.HeaderPropgateFeign   : after feign interceptor process header ==> x-app-req , [blue]
2025-06-11 15:29:04.828  INFO 1 --- [io-8080-exec-10] s.g.m.sc.comp.util.HeaderPropgateFeign   : after feign interceptor process header ==> x-sc-user-token , [f2d71711814e4812879c418d28628eac]
2025-06-11 15:29:04.839  INFO 1 --- [io-8080-exec-10] s.g.m.s.m.a.ScDefaultMonitorInterceptor  : Start executing the sg.gov.moe.sc.academic.service.impl.CommonServiceImpl.getAcademicYear method
2025-06-11 15:29:04.839  INFO 1 --- [nio-8080-exec-1] s.g.m.s.m.a.ScDefaultMonitorInterceptor  : Start executing the sg.gov.moe.sc.academic.service.impl.CommonServiceImpl.getSectionBySearch method
2025-06-11 15:29:04.839  INFO 1 --- [io-8080-exec-10] s.g.m.sc.comp.util.HeaderPropgateFeign   : feign intercept request
2025-06-11 15:29:04.839  INFO 1 --- [io-8080-exec-10] s.g.m.sc.comp.util.HeaderPropgateFeign   : Request URL  /sc-dbmaster-api/api/csr/config/parameter/CSR 
2025-06-11 15:29:04.839  INFO 1 --- [io-8080-exec-10] s.g.m.sc.comp.util.HeaderPropgateFeign   : Gateway ID is present
2025-06-11 15:29:04.839  INFO 1 --- [nio-8080-exec-1] s.g.m.sc.comp.util.HeaderPropgateFeign   : feign intercept request
2025-06-11 15:29:04.839  INFO 1 --- [io-8080-exec-10] s.g.m.sc.comp.util.HeaderPropgateFeign   : x-app-request is present blue 
2025-06-11 15:29:04.839  INFO 1 --- [nio-8080-exec-1] s.g.m.sc.comp.util.HeaderPropgateFeign   : Request URL  /sc-dbmaster-api/api/csr/school/section-info/2302 
2025-06-11 15:29:04.839  INFO 1 --- [io-8080-exec-10] s.g.m.sc.comp.util.HeaderPropgateFeign   : after feign interceptor process header ==> Cookie , [GATEWAYID=2170f50f-cc0f-4c2b-afad-4ec7bf3a9963]
2025-06-11 15:29:04.839  INFO 1 --- [io-8080-exec-10] s.g.m.sc.comp.util.HeaderPropgateFeign   : after feign interceptor process header ==> x-app-req , [blue]
2025-06-11 15:29:04.839  INFO 1 --- [nio-8080-exec-1] s.g.m.sc.comp.util.HeaderPropgateFeign   : Gateway ID is present
2025-06-11 15:29:04.839  INFO 1 --- [io-8080-exec-10] s.g.m.sc.comp.util.HeaderPropgateFeign   : after feign interceptor process header ==> X-SC-USER-TOKEN , [f2d71711814e4812879c418d28628eac]
2025-06-11 15:29:04.839  INFO 1 --- [nio-8080-exec-1] s.g.m.sc.comp.util.HeaderPropgateFeign   : x-app-request is present blue 
2025-06-11 15:29:04.839  INFO 1 --- [nio-8080-exec-1] s.g.m.sc.comp.util.HeaderPropgateFeign   : after feign interceptor process header ==> Cookie , [GATEWAYID=2170f50f-cc0f-4c2b-afad-4ec7bf3a9963]
2025-06-11 15:29:04.839  INFO 1 --- [nio-8080-exec-1] s.g.m.sc.comp.util.HeaderPropgateFeign   : after feign interceptor process header ==> x-app-req , [blue]
2025-06-11 15:29:04.839  INFO 1 --- [nio-8080-exec-1] s.g.m.sc.comp.util.HeaderPropgateFeign   : after feign interceptor process header ==> X-SC-USER-TOKEN , [f2d71711814e4812879c418d28628eac]
2025-06-11 15:29:04.846  INFO 1 --- [io-8080-exec-10] s.g.m.s.m.a.ScDefaultMonitorInterceptor  : Stop executing the sg.gov.moe.sc.academic.service.impl.CommonServiceImpl.getAcademicYear method
2025-06-11 15:29:04.848  INFO 1 --- [nio-8080-exec-1] s.g.m.s.m.a.ScDefaultMonitorInterceptor  : Stop executing the sg.gov.moe.sc.academic.service.impl.CommonServiceImpl.getSectionBySearch method
2025-06-11 15:29:04.943  INFO 1 --- [nio-8080-exec-4] s.g.m.sc.comp.util.HeaderPropgateFeign   : feign intercept request
2025-06-11 15:29:04.943  INFO 1 --- [nio-8080-exec-4] s.g.m.sc.comp.util.HeaderPropgateFeign   : Request URL  /sc-auth/api/user-info 
2025-06-11 15:29:04.943  INFO 1 --- [nio-8080-exec-4] s.g.m.sc.comp.util.HeaderPropgateFeign   : Gateway ID is present
2025-06-11 15:29:04.943  INFO 1 --- [nio-8080-exec-4] s.g.m.sc.comp.util.HeaderPropgateFeign   : x-app-request is present blue 
2025-06-11 15:29:04.943  INFO 1 --- [nio-8080-exec-4] s.g.m.sc.comp.util.HeaderPropgateFeign   : after feign interceptor process header ==> Cookie , [GATEWAYID=2170f50f-cc0f-4c2b-afad-4ec7bf3a9963]
2025-06-11 15:29:04.943  INFO 1 --- [nio-8080-exec-4] s.g.m.sc.comp.util.HeaderPropgateFeign   : after feign interceptor process header ==> x-app-req , [blue]
2025-06-11 15:29:04.943  INFO 1 --- [nio-8080-exec-4] s.g.m.sc.comp.util.HeaderPropgateFeign   : after feign interceptor process header ==> x-sc-user-token , [f2d71711814e4812879c418d28628eac]
2025-06-11 15:29:04.950  INFO 1 --- [nio-8080-exec-4] s.g.m.s.m.a.ScDefaultMonitorInterceptor  : Start executing the sg.gov.moe.sc.academic.service.impl.CommonServiceImpl.getConfigYearSearch method
2025-06-11 15:29:04.950  INFO 1 --- [nio-8080-exec-4] s.g.m.sc.comp.util.HeaderPropgateFeign   : feign intercept request
2025-06-11 15:29:04.950  INFO 1 --- [nio-8080-exec-4] s.g.m.sc.comp.util.HeaderPropgateFeign   : Request URL  /sc-dbmaster-api/api/csr/config/parameter/CSR 
2025-06-11 15:29:04.950  INFO 1 --- [nio-8080-exec-4] s.g.m.sc.comp.util.HeaderPropgateFeign   : Gateway ID is present
2025-06-11 15:29:04.950  INFO 1 --- [nio-8080-exec-4] s.g.m.sc.comp.util.HeaderPropgateFeign   : x-app-request is present blue 
2025-06-11 15:29:04.950  INFO 1 --- [nio-8080-exec-4] s.g.m.sc.comp.util.HeaderPropgateFeign   : after feign interceptor process header ==> Cookie , [GATEWAYID=2170f50f-cc0f-4c2b-afad-4ec7bf3a9963]
2025-06-11 15:29:04.950  INFO 1 --- [nio-8080-exec-4] s.g.m.sc.comp.util.HeaderPropgateFeign   : after feign interceptor process header ==> x-app-req , [blue]
2025-06-11 15:29:04.950  INFO 1 --- [nio-8080-exec-4] s.g.m.sc.comp.util.HeaderPropgateFeign   : after feign interceptor process header ==> X-SC-USER-TOKEN , [f2d71711814e4812879c418d28628eac]
2025-06-11 15:29:04.955  INFO 1 --- [nio-8080-exec-4] s.g.m.s.m.a.ScDefaultMonitorInterceptor  : Stop executing the sg.gov.moe.sc.academic.service.impl.CommonServiceImpl.getConfigYearSearch method
2025-06-11 15:29:04.984  INFO 1 --- [nio-8080-exec-3] s.g.m.sc.comp.util.HeaderPropgateFeign   : feign intercept request
2025-06-11 15:29:04.985  INFO 1 --- [nio-8080-exec-3] s.g.m.sc.comp.util.HeaderPropgateFeign   : Request URL  /sc-auth/api/user-info 
2025-06-11 15:29:04.985  INFO 1 --- [nio-8080-exec-3] s.g.m.sc.comp.util.HeaderPropgateFeign   : Gateway ID is present
2025-06-11 15:29:04.985  INFO 1 --- [nio-8080-exec-3] s.g.m.sc.comp.util.HeaderPropgateFeign   : x-app-request is present blue 
2025-06-11 15:29:04.985  INFO 1 --- [nio-8080-exec-3] s.g.m.sc.comp.util.HeaderPropgateFeign   : after feign interceptor process header ==> Cookie , [GATEWAYID=2170f50f-cc0f-4c2b-afad-4ec7bf3a9963]
2025-06-11 15:29:04.985  INFO 1 --- [nio-8080-exec-3] s.g.m.sc.comp.util.HeaderPropgateFeign   : after feign interceptor process header ==> x-app-req , [blue]
2025-06-11 15:29:04.985  INFO 1 --- [nio-8080-exec-3] s.g.m.sc.comp.util.HeaderPropgateFeign   : after feign interceptor process header ==> x-sc-user-token , [f2d71711814e4812879c418d28628eac]
2025-06-11 15:29:04.988  INFO 1 --- [nio-8080-exec-3] s.g.m.s.m.a.ScDefaultMonitorInterceptor  : Start executing the sg.gov.moe.sc.academic.service.impl.SubjectCombinationServiceImpl.getCourseTypeList method
2025-06-11 15:29:04.993  INFO 1 --- [nio-8080-exec-3] s.g.m.sc.comp.util.HeaderPropgateFeign   : feign intercept request
2025-06-11 15:29:04.993  INFO 1 --- [nio-8080-exec-3] s.g.m.sc.comp.util.HeaderPropgateFeign   : Request URL  /sc-dbmaster-api/api/csr/config/student-code/COURSETYPE 
2025-06-11 15:29:04.993  INFO 1 --- [nio-8080-exec-3] s.g.m.sc.comp.util.HeaderPropgateFeign   : Gateway ID is present
2025-06-11 15:29:04.993  INFO 1 --- [nio-8080-exec-3] s.g.m.sc.comp.util.HeaderPropgateFeign   : x-app-request is present blue 
2025-06-11 15:29:04.993  INFO 1 --- [nio-8080-exec-3] s.g.m.sc.comp.util.HeaderPropgateFeign   : after feign interceptor process header ==> Cookie , [GATEWAYID=2170f50f-cc0f-4c2b-afad-4ec7bf3a9963]
2025-06-11 15:29:04.993  INFO 1 --- [nio-8080-exec-3] s.g.m.sc.comp.util.HeaderPropgateFeign   : after feign interceptor process header ==> x-app-req , [blue]
2025-06-11 15:29:04.993  INFO 1 --- [nio-8080-exec-3] s.g.m.sc.comp.util.HeaderPropgateFeign   : after feign interceptor process header ==> X-SC-USER-TOKEN , [f2d71711814e4812879c418d28628eac]
2025-06-11 15:29:04.998  INFO 1 --- [nio-8080-exec-3] s.g.m.s.m.a.ScDefaultMonitorInterceptor  : Stop executing the sg.gov.moe.sc.academic.service.impl.SubjectCombinationServiceImpl.getCourseTypeList method
2025-06-11 15:29:05.411  INFO 1 --- [nio-8080-exec-5] s.g.m.sc.comp.util.HeaderPropgateFeign   : feign intercept request
2025-06-11 15:29:05.412  INFO 1 --- [nio-8080-exec-5] s.g.m.sc.comp.util.HeaderPropgateFeign   : Request URL  /sc-auth/api/user-info 
2025-06-11 15:29:05.412  INFO 1 --- [nio-8080-exec-5] s.g.m.sc.comp.util.HeaderPropgateFeign   : Gateway ID is present
2025-06-11 15:29:05.412  INFO 1 --- [nio-8080-exec-5] s.g.m.sc.comp.util.HeaderPropgateFeign   : x-app-request is present blue 
2025-06-11 15:29:05.412  INFO 1 --- [nio-8080-exec-5] s.g.m.sc.comp.util.HeaderPropgateFeign   : after feign interceptor process header ==> Cookie , [GATEWAYID=2170f50f-cc0f-4c2b-afad-4ec7bf3a9963]
2025-06-11 15:29:05.412  INFO 1 --- [nio-8080-exec-5] s.g.m.sc.comp.util.HeaderPropgateFeign   : after feign interceptor process header ==> x-app-req , [blue]
2025-06-11 15:29:05.412  INFO 1 --- [nio-8080-exec-5] s.g.m.sc.comp.util.HeaderPropgateFeign   : after feign interceptor process header ==> x-sc-user-token , [f2d71711814e4812879c418d28628eac]
2025-06-11 15:29:05.419  INFO 1 --- [nio-8080-exec-5] s.g.m.s.m.a.ScDefaultMonitorInterceptor  : Start executing the sg.gov.moe.sc.academic.service.impl.CommonServiceImpl.getLevels method
2025-06-11 15:29:05.419  INFO 1 --- [nio-8080-exec-5] s.g.m.sc.comp.util.HeaderPropgateFeign   : feign intercept request
2025-06-11 15:29:05.419  INFO 1 --- [nio-8080-exec-5] s.g.m.sc.comp.util.HeaderPropgateFeign   : Request URL  /sc-dbmaster-api/api/csr/school/level-info/2302 
2025-06-11 15:29:05.420  INFO 1 --- [nio-8080-exec-5] s.g.m.sc.comp.util.HeaderPropgateFeign   : Gateway ID is present
2025-06-11 15:29:05.420  INFO 1 --- [nio-8080-exec-5] s.g.m.sc.comp.util.HeaderPropgateFeign   : x-app-request is present blue 
2025-06-11 15:29:05.420  INFO 1 --- [nio-8080-exec-5] s.g.m.sc.comp.util.HeaderPropgateFeign   : after feign interceptor process header ==> Cookie , [GATEWAYID=2170f50f-cc0f-4c2b-afad-4ec7bf3a9963]
2025-06-11 15:29:05.420  INFO 1 --- [nio-8080-exec-5] s.g.m.sc.comp.util.HeaderPropgateFeign   : after feign interceptor process header ==> x-app-req , [blue]
2025-06-11 15:29:05.420  INFO 1 --- [nio-8080-exec-5] s.g.m.sc.comp.util.HeaderPropgateFeign   : after feign interceptor process header ==> X-SC-USER-TOKEN , [f2d71711814e4812879c418d28628eac]
2025-06-11 15:29:05.432  INFO 1 --- [nio-8080-exec-5] s.g.m.s.m.a.ScDefaultMonitorInterceptor  : Stop executing the sg.gov.moe.sc.academic.service.impl.CommonServiceImpl.getLevels method
2025-06-11 15:29:05.532  INFO 1 --- [nio-8080-exec-6] s.g.m.sc.comp.util.HeaderPropgateFeign   : feign intercept request
2025-06-11 15:29:05.533  INFO 1 --- [nio-8080-exec-6] s.g.m.sc.comp.util.HeaderPropgateFeign   : Request URL  /sc-auth/api/user-info 
2025-06-11 15:29:05.533  INFO 1 --- [nio-8080-exec-6] s.g.m.sc.comp.util.HeaderPropgateFeign   : Gateway ID is present
2025-06-11 15:29:05.533  INFO 1 --- [nio-8080-exec-6] s.g.m.sc.comp.util.HeaderPropgateFeign   : x-app-request is present blue 
2025-06-11 15:29:05.533  INFO 1 --- [nio-8080-exec-6] s.g.m.sc.comp.util.HeaderPropgateFeign   : after feign interceptor process header ==> Cookie , [GATEWAYID=2170f50f-cc0f-4c2b-afad-4ec7bf3a9963]
2025-06-11 15:29:05.533  INFO 1 --- [nio-8080-exec-6] s.g.m.sc.comp.util.HeaderPropgateFeign   : after feign interceptor process header ==> x-app-req , [blue]
2025-06-11 15:29:05.533  INFO 1 --- [nio-8080-exec-6] s.g.m.sc.comp.util.HeaderPropgateFeign   : after feign interceptor process header ==> x-sc-user-token , [f2d71711814e4812879c418d28628eac]
2025-06-11 15:29:05.538  INFO 1 --- [nio-8080-exec-6] s.g.m.s.m.a.ScDefaultMonitorInterceptor  : Start executing the sg.gov.moe.sc.academic.service.impl.SubjectCombinationServiceImpl.getConfirmResultLevelList method
2025-06-11 15:29:05.538  INFO 1 --- [nio-8080-exec-6] s.g.m.sc.comp.util.HeaderPropgateFeign   : feign intercept request
2025-06-11 15:29:05.538  INFO 1 --- [nio-8080-exec-6] s.g.m.sc.comp.util.HeaderPropgateFeign   : Request URL  /sc-dbmaster-api/api/csr/school/confirm/2302/2025 
2025-06-11 15:29:05.538  INFO 1 --- [nio-8080-exec-6] s.g.m.sc.comp.util.HeaderPropgateFeign   : Gateway ID is present
2025-06-11 15:29:05.538  INFO 1 --- [nio-8080-exec-6] s.g.m.sc.comp.util.HeaderPropgateFeign   : x-app-request is present blue 
2025-06-11 15:29:05.538  INFO 1 --- [nio-8080-exec-6] s.g.m.sc.comp.util.HeaderPropgateFeign   : after feign interceptor process header ==> Cookie , [GATEWAYID=2170f50f-cc0f-4c2b-afad-4ec7bf3a9963]
2025-06-11 15:29:05.538  INFO 1 --- [nio-8080-exec-6] s.g.m.sc.comp.util.HeaderPropgateFeign   : after feign interceptor process header ==> x-app-req , [blue]
2025-06-11 15:29:05.538  INFO 1 --- [nio-8080-exec-6] s.g.m.sc.comp.util.HeaderPropgateFeign   : after feign interceptor process header ==> X-SC-USER-TOKEN , [f2d71711814e4812879c418d28628eac]
2025-06-11 15:29:05.544  INFO 1 --- [nio-8080-exec-6] s.g.m.s.m.a.ScDefaultMonitorInterceptor  : Stop executing the sg.gov.moe.sc.academic.service.impl.SubjectCombinationServiceImpl.getConfirmResultLevelList method
2025-06-11 15:29:19.677  INFO 1 --- [nio-8080-exec-9] s.g.m.sc.comp.util.HeaderPropgateFeign   : feign intercept request
2025-06-11 15:29:19.677  INFO 1 --- [nio-8080-exec-9] s.g.m.sc.comp.util.HeaderPropgateFeign   : Request URL  /sc-auth/api/user-info 
2025-06-11 15:29:19.677  INFO 1 --- [nio-8080-exec-9] s.g.m.sc.comp.util.HeaderPropgateFeign   : Gateway ID is present
2025-06-11 15:29:19.677  INFO 1 --- [nio-8080-exec-9] s.g.m.sc.comp.util.HeaderPropgateFeign   : x-app-request is present blue 
2025-06-11 15:29:19.677  INFO 1 --- [nio-8080-exec-9] s.g.m.sc.comp.util.HeaderPropgateFeign   : after feign interceptor process header ==> Cookie , [GATEWAYID=2170f50f-cc0f-4c2b-afad-4ec7bf3a9963]
2025-06-11 15:29:19.677  INFO 1 --- [nio-8080-exec-9] s.g.m.sc.comp.util.HeaderPropgateFeign   : after feign interceptor process header ==> x-app-req , [blue]
2025-06-11 15:29:19.677  INFO 1 --- [nio-8080-exec-9] s.g.m.sc.comp.util.HeaderPropgateFeign   : after feign interceptor process header ==> x-sc-user-token , [f2d71711814e4812879c418d28628eac]
2025-06-11 15:29:19.684  INFO 1 --- [nio-8080-exec-9] s.g.m.s.m.a.ScDefaultMonitorInterceptor  : Start executing the sg.gov.moe.sc.academic.service.impl.SubjectCombinationServiceImpl.getSubjectCombinations method
2025-06-11 15:29:19.685  INFO 1 --- [nio-8080-exec-9] s.g.m.sc.comp.util.HeaderPropgateFeign   : feign intercept request
2025-06-11 15:29:19.685  INFO 1 --- [nio-8080-exec-9] s.g.m.sc.comp.util.HeaderPropgateFeign   : Request URL  /sc-dbmaster-api/api/csr/school/level-info/2302 
2025-06-11 15:29:19.685  INFO 1 --- [nio-8080-exec-9] s.g.m.sc.comp.util.HeaderPropgateFeign   : Gateway ID is present
2025-06-11 15:29:19.685  INFO 1 --- [nio-8080-exec-9] s.g.m.sc.comp.util.HeaderPropgateFeign   : x-app-request is present blue 
2025-06-11 15:29:19.685  INFO 1 --- [nio-8080-exec-9] s.g.m.sc.comp.util.HeaderPropgateFeign   : after feign interceptor process header ==> Cookie , [GATEWAYID=2170f50f-cc0f-4c2b-afad-4ec7bf3a9963]
2025-06-11 15:29:19.685  INFO 1 --- [nio-8080-exec-9] s.g.m.sc.comp.util.HeaderPropgateFeign   : after feign interceptor process header ==> x-app-req , [blue]
2025-06-11 15:29:19.685  INFO 1 --- [nio-8080-exec-9] s.g.m.sc.comp.util.HeaderPropgateFeign   : after feign interceptor process header ==> X-SC-USER-TOKEN , [f2d71711814e4812879c418d28628eac]
2025-06-11 15:29:19.737  INFO 1 --- [nio-8080-exec-9] s.g.m.sc.comp.util.HeaderPropgateFeign   : feign intercept request
2025-06-11 15:29:19.737  INFO 1 --- [nio-8080-exec-9] s.g.m.sc.comp.util.HeaderPropgateFeign   : Request URL  /sc-dbmaster-api/api/csr/config/code-detail/SUBJECTLEVEL 
2025-06-11 15:29:19.737  INFO 1 --- [nio-8080-exec-9] s.g.m.sc.comp.util.HeaderPropgateFeign   : Gateway ID is present
2025-06-11 15:29:19.737  INFO 1 --- [nio-8080-exec-9] s.g.m.sc.comp.util.HeaderPropgateFeign   : x-app-request is present blue 
2025-06-11 15:29:19.737  INFO 1 --- [nio-8080-exec-9] s.g.m.sc.comp.util.HeaderPropgateFeign   : after feign interceptor process header ==> Cookie , [GATEWAYID=2170f50f-cc0f-4c2b-afad-4ec7bf3a9963]
2025-06-11 15:29:19.737  INFO 1 --- [nio-8080-exec-9] s.g.m.sc.comp.util.HeaderPropgateFeign   : after feign interceptor process header ==> x-app-req , [blue]
2025-06-11 15:29:19.737  INFO 1 --- [nio-8080-exec-9] s.g.m.sc.comp.util.HeaderPropgateFeign   : after feign interceptor process header ==> X-SC-USER-TOKEN , [f2d71711814e4812879c418d28628eac]
2025-06-11 15:29:19.851  INFO 1 --- [nio-8080-exec-9] s.g.m.sc.comp.util.HeaderPropgateFeign   : feign intercept request
2025-06-11 15:29:19.851  INFO 1 --- [nio-8080-exec-9] s.g.m.sc.comp.util.HeaderPropgateFeign   : Request URL  /sc-dbmaster-api/api/csr/staff/staff-details?staffIds=OPM230200103 
2025-06-11 15:29:19.851  INFO 1 --- [nio-8080-exec-9] s.g.m.sc.comp.util.HeaderPropgateFeign   : Gateway ID is present
2025-06-11 15:29:19.851  INFO 1 --- [nio-8080-exec-9] s.g.m.sc.comp.util.HeaderPropgateFeign   : x-app-request is present blue 
2025-06-11 15:29:19.851  INFO 1 --- [nio-8080-exec-9] s.g.m.sc.comp.util.HeaderPropgateFeign   : after feign interceptor process header ==> Cookie , [GATEWAYID=2170f50f-cc0f-4c2b-afad-4ec7bf3a9963]
2025-06-11 15:29:19.851  INFO 1 --- [nio-8080-exec-9] s.g.m.sc.comp.util.HeaderPropgateFeign   : after feign interceptor process header ==> x-app-req , [blue]
2025-06-11 15:29:19.851  INFO 1 --- [nio-8080-exec-9] s.g.m.sc.comp.util.HeaderPropgateFeign   : after feign interceptor process header ==> X-SC-USER-TOKEN , [f2d71711814e4812879c418d28628eac]
2025-06-11 15:29:19.858  INFO 1 --- [nio-8080-exec-9] s.g.m.s.m.a.ScDefaultMonitorInterceptor  : Stop executing the sg.gov.moe.sc.academic.service.impl.SubjectCombinationServiceImpl.getSubjectCombinations method
2025-06-11 15:29:19.990  INFO 1 --- [nio-8080-exec-1] s.g.m.sc.comp.util.HeaderPropgateFeign   : feign intercept request
2025-06-11 15:29:19.990  INFO 1 --- [nio-8080-exec-1] s.g.m.sc.comp.util.HeaderPropgateFeign   : Request URL  /sc-auth/api/user-info 
2025-06-11 15:29:19.990  INFO 1 --- [nio-8080-exec-1] s.g.m.sc.comp.util.HeaderPropgateFeign   : Gateway ID is present
2025-06-11 15:29:19.990  INFO 1 --- [nio-8080-exec-1] s.g.m.sc.comp.util.HeaderPropgateFeign   : x-app-request is present blue 
2025-06-11 15:29:19.990  INFO 1 --- [nio-8080-exec-1] s.g.m.sc.comp.util.HeaderPropgateFeign   : after feign interceptor process header ==> Cookie , [GATEWAYID=2170f50f-cc0f-4c2b-afad-4ec7bf3a9963]
2025-06-11 15:29:19.990  INFO 1 --- [nio-8080-exec-1] s.g.m.sc.comp.util.HeaderPropgateFeign   : after feign interceptor process header ==> x-app-req , [blue]
2025-06-11 15:29:19.990  INFO 1 --- [nio-8080-exec-1] s.g.m.sc.comp.util.HeaderPropgateFeign   : after feign interceptor process header ==> x-sc-user-token , [f2d71711814e4812879c418d28628eac]
2025-06-11 15:29:19.996  INFO 1 --- [nio-8080-exec-1] s.g.m.s.m.a.ScDefaultMonitorInterceptor  : Start executing the sg.gov.moe.sc.academic.service.impl.SubjectCombinationServiceImpl.getSubjectsForBandedGroup method
2025-06-11 15:29:20.005  INFO 1 --- [nio-8080-exec-1] s.g.m.sc.comp.util.HeaderPropgateFeign   : feign intercept request
2025-06-11 15:29:20.005  INFO 1 --- [nio-8080-exec-1] s.g.m.sc.comp.util.HeaderPropgateFeign   : Request URL  /sc-dbmaster-api/api/csr/config/code-detail/SUBJECTLEVEL 
2025-06-11 15:29:20.005  INFO 1 --- [nio-8080-exec-1] s.g.m.sc.comp.util.HeaderPropgateFeign   : Gateway ID is present
2025-06-11 15:29:20.005  INFO 1 --- [nio-8080-exec-1] s.g.m.sc.comp.util.HeaderPropgateFeign   : x-app-request is present blue 
2025-06-11 15:29:20.005  INFO 1 --- [nio-8080-exec-1] s.g.m.sc.comp.util.HeaderPropgateFeign   : after feign interceptor process header ==> Cookie , [GATEWAYID=2170f50f-cc0f-4c2b-afad-4ec7bf3a9963]
2025-06-11 15:29:20.005  INFO 1 --- [nio-8080-exec-1] s.g.m.sc.comp.util.HeaderPropgateFeign   : after feign interceptor process header ==> x-app-req , [blue]
2025-06-11 15:29:20.005  INFO 1 --- [nio-8080-exec-1] s.g.m.sc.comp.util.HeaderPropgateFeign   : after feign interceptor process header ==> X-SC-USER-TOKEN , [f2d71711814e4812879c418d28628eac]
2025-06-11 15:29:20.071  INFO 1 --- [nio-8080-exec-1] s.g.m.s.m.a.ScDefaultMonitorInterceptor  : Stop executing the sg.gov.moe.sc.academic.service.impl.SubjectCombinationServiceImpl.getSubjectsForBandedGroup method
2025-06-11 15:37:28.604  INFO 1 --- [nio-8080-exec-1] s.g.m.sc.comp.util.HeaderPropgateFeign   : feign intercept request
2025-06-11 15:37:28.604  INFO 1 --- [nio-8080-exec-1] s.g.m.sc.comp.util.HeaderPropgateFeign   : Request URL  /sc-auth/api/user-info 
2025-06-11 15:37:28.604  INFO 1 --- [nio-8080-exec-1] s.g.m.sc.comp.util.HeaderPropgateFeign   : Gateway ID is present
2025-06-11 15:37:28.604  INFO 1 --- [nio-8080-exec-1] s.g.m.sc.comp.util.HeaderPropgateFeign   : x-app-request is present blue 
2025-06-11 15:37:28.604  INFO 1 --- [nio-8080-exec-1] s.g.m.sc.comp.util.HeaderPropgateFeign   : after feign interceptor process header ==> Cookie , [GATEWAYID=2170f50f-cc0f-4c2b-afad-4ec7bf3a9963]
2025-06-11 15:37:28.604  INFO 1 --- [nio-8080-exec-1] s.g.m.sc.comp.util.HeaderPropgateFeign   : after feign interceptor process header ==> x-app-req , [blue]
2025-06-11 15:37:28.604  INFO 1 --- [nio-8080-exec-1] s.g.m.sc.comp.util.HeaderPropgateFeign   : after feign interceptor process header ==> x-sc-user-token , [f2d71711814e4812879c418d28628eac]
[GC (Allocation Failure) [DefNew: 49461K->2390K(53568K), 0.0093607 secs] 160884K->113813K(172360K), 0.0093951 secs] [Times: user=0.01 sys=0.00, real=0.01 secs] 
2025-06-11 15:37:28.766  INFO 1 --- [nio-8080-exec-1] s.g.m.s.m.a.ScDefaultMonitorInterceptor  : Start executing the sg.gov.moe.sc.academic.service.impl.SubjectCombinationServiceImpl.saveCourseChanges method
2025-06-11 15:37:28.782  INFO 1 --- [nio-8080-exec-1] s.g.m.s.m.a.ScDefaultMonitorInterceptor  : Start executing the sg.gov.moe.sc.academic.service.impl.CSRAuditServiceImpl.saveCSRAudit method
2025-06-11 15:37:28.898  INFO 1 --- [nio-8080-exec-1] s.g.m.s.m.a.ScDefaultMonitorInterceptor  : Stop executing the sg.gov.moe.sc.academic.service.impl.CSRAuditServiceImpl.saveCSRAudit method
2025-06-11 15:37:28.942  INFO 1 --- [nio-8080-exec-1] s.g.m.sc.comp.util.HeaderPropgateFeign   : feign intercept request
2025-06-11 15:37:28.942  INFO 1 --- [nio-8080-exec-1] s.g.m.sc.comp.util.HeaderPropgateFeign   : Request URL  /sc-dbmaster-api/api/csr/subject-combination/update-hl-info?schoolCode=2302&levelList=41-0&courseSysCodes&academicYear=2025 
2025-06-11 15:37:28.942  INFO 1 --- [nio-8080-exec-1] s.g.m.sc.comp.util.HeaderPropgateFeign   : Gateway ID is present
2025-06-11 15:37:28.942  INFO 1 --- [nio-8080-exec-1] s.g.m.sc.comp.util.HeaderPropgateFeign   : x-app-request is present blue 
2025-06-11 15:37:28.942  INFO 1 --- [nio-8080-exec-1] s.g.m.sc.comp.util.HeaderPropgateFeign   : after feign interceptor process header ==> Content-Length , [3]
2025-06-11 15:37:28.942  INFO 1 --- [nio-8080-exec-1] s.g.m.sc.comp.util.HeaderPropgateFeign   : after feign interceptor process header ==> Content-Type , [application/json]
2025-06-11 15:37:28.942  INFO 1 --- [nio-8080-exec-1] s.g.m.sc.comp.util.HeaderPropgateFeign   : after feign interceptor process header ==> Cookie , [GATEWAYID=2170f50f-cc0f-4c2b-afad-4ec7bf3a9963]
2025-06-11 15:37:28.942  INFO 1 --- [nio-8080-exec-1] s.g.m.sc.comp.util.HeaderPropgateFeign   : after feign interceptor process header ==> x-app-req , [blue]
2025-06-11 15:37:28.942  INFO 1 --- [nio-8080-exec-1] s.g.m.sc.comp.util.HeaderPropgateFeign   : after feign interceptor process header ==> X-SC-USER-TOKEN , [f2d71711814e4812879c418d28628eac]
2025-06-11 15:37:28.955 ERROR 1 --- [nio-8080-exec-1] .m.s.a.s.i.SubjectCombinationServiceImpl :  Update student  HoldingList failed 
[GC (Allocation Failure) [DefNew: 50070K->2614K(53568K), 0.0101661 secs] 161493K->114037K(172360K), 0.0101985 secs] [Times: user=0.01 sys=0.00, real=0.01 secs] 
2025-06-11 15:37:29.060  INFO 1 --- [nio-8080-exec-1] s.g.m.s.m.a.ScDefaultMonitorInterceptor  : Stop executing the sg.gov.moe.sc.academic.service.impl.SubjectCombinationServiceImpl.saveCourseChanges method
2025-06-11 15:37:29.363  INFO 1 --- [nio-8080-exec-2] s.g.m.sc.comp.util.HeaderPropgateFeign   : feign intercept request
2025-06-11 15:37:29.363  INFO 1 --- [nio-8080-exec-2] s.g.m.sc.comp.util.HeaderPropgateFeign   : Request URL  /sc-auth/api/user-info 
2025-06-11 15:37:29.363  INFO 1 --- [nio-8080-exec-2] s.g.m.sc.comp.util.HeaderPropgateFeign   : Gateway ID is present
2025-06-11 15:37:29.363  INFO 1 --- [nio-8080-exec-2] s.g.m.sc.comp.util.HeaderPropgateFeign   : x-app-request is present blue 
2025-06-11 15:37:29.363  INFO 1 --- [nio-8080-exec-2] s.g.m.sc.comp.util.HeaderPropgateFeign   : after feign interceptor process header ==> Cookie , [GATEWAYID=2170f50f-cc0f-4c2b-afad-4ec7bf3a9963]
2025-06-11 15:37:29.363  INFO 1 --- [nio-8080-exec-2] s.g.m.sc.comp.util.HeaderPropgateFeign   : after feign interceptor process header ==> x-app-req , [blue]
2025-06-11 15:37:29.363  INFO 1 --- [nio-8080-exec-2] s.g.m.sc.comp.util.HeaderPropgateFeign   : after feign interceptor process header ==> x-sc-user-token , [f2d71711814e4812879c418d28628eac]
2025-06-11 15:37:29.369  INFO 1 --- [nio-8080-exec-2] s.g.m.s.m.a.ScDefaultMonitorInterceptor  : Start executing the sg.gov.moe.sc.academic.service.impl.SubjectCombinationServiceImpl.getSubjectCombinations method
2025-06-11 15:37:29.369  INFO 1 --- [nio-8080-exec-2] s.g.m.sc.comp.util.HeaderPropgateFeign   : feign intercept request
2025-06-11 15:37:29.369  INFO 1 --- [nio-8080-exec-2] s.g.m.sc.comp.util.HeaderPropgateFeign   : Request URL  /sc-dbmaster-api/api/csr/school/level-info/2302 
2025-06-11 15:37:29.369  INFO 1 --- [nio-8080-exec-2] s.g.m.sc.comp.util.HeaderPropgateFeign   : Gateway ID is present
2025-06-11 15:37:29.369  INFO 1 --- [nio-8080-exec-2] s.g.m.sc.comp.util.HeaderPropgateFeign   : x-app-request is present blue 
2025-06-11 15:37:29.369  INFO 1 --- [nio-8080-exec-2] s.g.m.sc.comp.util.HeaderPropgateFeign   : after feign interceptor process header ==> Cookie , [GATEWAYID=2170f50f-cc0f-4c2b-afad-4ec7bf3a9963]
2025-06-11 15:37:29.369  INFO 1 --- [nio-8080-exec-2] s.g.m.sc.comp.util.HeaderPropgateFeign   : after feign interceptor process header ==> x-app-req , [blue]
2025-06-11 15:37:29.369  INFO 1 --- [nio-8080-exec-2] s.g.m.sc.comp.util.HeaderPropgateFeign   : after feign interceptor process header ==> X-SC-USER-TOKEN , [f2d71711814e4812879c418d28628eac]
2025-06-11 15:37:29.389  INFO 1 --- [nio-8080-exec-2] s.g.m.sc.comp.util.HeaderPropgateFeign   : feign intercept request
2025-06-11 15:37:29.389  INFO 1 --- [nio-8080-exec-2] s.g.m.sc.comp.util.HeaderPropgateFeign   : Request URL  /sc-dbmaster-api/api/csr/config/code-detail/SUBJECTLEVEL 
2025-06-11 15:37:29.389  INFO 1 --- [nio-8080-exec-2] s.g.m.sc.comp.util.HeaderPropgateFeign   : Gateway ID is present
2025-06-11 15:37:29.389  INFO 1 --- [nio-8080-exec-2] s.g.m.sc.comp.util.HeaderPropgateFeign   : x-app-request is present blue 
2025-06-11 15:37:29.389  INFO 1 --- [nio-8080-exec-2] s.g.m.sc.comp.util.HeaderPropgateFeign   : after feign interceptor process header ==> Cookie , [GATEWAYID=2170f50f-cc0f-4c2b-afad-4ec7bf3a9963]
2025-06-11 15:37:29.389  INFO 1 --- [nio-8080-exec-2] s.g.m.sc.comp.util.HeaderPropgateFeign   : after feign interceptor process header ==> x-app-req , [blue]
2025-06-11 15:37:29.389  INFO 1 --- [nio-8080-exec-2] s.g.m.sc.comp.util.HeaderPropgateFeign   : after feign interceptor process header ==> X-SC-USER-TOKEN , [f2d71711814e4812879c418d28628eac]
2025-06-11 15:37:29.409  INFO 1 --- [nio-8080-exec-2] s.g.m.sc.comp.util.HeaderPropgateFeign   : feign intercept request
2025-06-11 15:37:29.409  INFO 1 --- [nio-8080-exec-2] s.g.m.sc.comp.util.HeaderPropgateFeign   : Request URL  /sc-dbmaster-api/api/csr/staff/staff-details?staffIds=OPM230200103 
2025-06-11 15:37:29.409  INFO 1 --- [nio-8080-exec-2] s.g.m.sc.comp.util.HeaderPropgateFeign   : Gateway ID is present
2025-06-11 15:37:29.409  INFO 1 --- [nio-8080-exec-2] s.g.m.sc.comp.util.HeaderPropgateFeign   : x-app-request is present blue 
2025-06-11 15:37:29.409  INFO 1 --- [nio-8080-exec-2] s.g.m.sc.comp.util.HeaderPropgateFeign   : after feign interceptor process header ==> Cookie , [GATEWAYID=2170f50f-cc0f-4c2b-afad-4ec7bf3a9963]
2025-06-11 15:37:29.409  INFO 1 --- [nio-8080-exec-2] s.g.m.sc.comp.util.HeaderPropgateFeign   : after feign interceptor process header ==> x-app-req , [blue]
2025-06-11 15:37:29.409  INFO 1 --- [nio-8080-exec-2] s.g.m.sc.comp.util.HeaderPropgateFeign   : after feign interceptor process header ==> X-SC-USER-TOKEN , [f2d71711814e4812879c418d28628eac]
2025-06-11 15:37:29.412  INFO 1 --- [nio-8080-exec-2] s.g.m.s.m.a.ScDefaultMonitorInterceptor  : Stop executing the sg.gov.moe.sc.academic.service.impl.SubjectCombinationServiceImpl.getSubjectCombinations method
2025-06-11 15:42:44.152  INFO 1 --- [nio-8080-exec-7] s.g.m.sc.comp.util.HeaderPropgateFeign   : feign intercept request
2025-06-11 15:42:44.152  INFO 1 --- [nio-8080-exec-7] s.g.m.sc.comp.util.HeaderPropgateFeign   : Request URL  /sc-auth/api/user-info 
2025-06-11 15:42:44.152  INFO 1 --- [nio-8080-exec-7] s.g.m.sc.comp.util.HeaderPropgateFeign   : Gateway ID is present
2025-06-11 15:42:44.152  INFO 1 --- [nio-8080-exec-7] s.g.m.sc.comp.util.HeaderPropgateFeign   : x-app-request is present blue 
2025-06-11 15:42:44.152  INFO 1 --- [nio-8080-exec-7] s.g.m.sc.comp.util.HeaderPropgateFeign   : after feign interceptor process header ==> Cookie , [GATEWAYID=2170f50f-cc0f-4c2b-afad-4ec7bf3a9963]
2025-06-11 15:42:44.153  INFO 1 --- [nio-8080-exec-7] s.g.m.sc.comp.util.HeaderPropgateFeign   : after feign interceptor process header ==> x-app-req , [blue]
2025-06-11 15:42:44.153  INFO 1 --- [nio-8080-exec-7] s.g.m.sc.comp.util.HeaderPropgateFeign   : after feign interceptor process header ==> x-sc-user-token , [f2d71711814e4812879c418d28628eac]
2025-06-11 15:42:44.155  INFO 1 --- [nio-8080-exec-8] s.g.m.sc.comp.util.HeaderPropgateFeign   : feign intercept request
2025-06-11 15:42:44.155  INFO 1 --- [nio-8080-exec-8] s.g.m.sc.comp.util.HeaderPropgateFeign   : Request URL  /sc-auth/api/user-info 
2025-06-11 15:42:44.155  INFO 1 --- [nio-8080-exec-8] s.g.m.sc.comp.util.HeaderPropgateFeign   : Gateway ID is present
2025-06-11 15:42:44.155  INFO 1 --- [nio-8080-exec-8] s.g.m.sc.comp.util.HeaderPropgateFeign   : x-app-request is present blue 
2025-06-11 15:42:44.155  INFO 1 --- [nio-8080-exec-8] s.g.m.sc.comp.util.HeaderPropgateFeign   : after feign interceptor process header ==> Cookie , [GATEWAYID=2170f50f-cc0f-4c2b-afad-4ec7bf3a9963]
2025-06-11 15:42:44.155  INFO 1 --- [nio-8080-exec-8] s.g.m.sc.comp.util.HeaderPropgateFeign   : after feign interceptor process header ==> x-app-req , [blue]
2025-06-11 15:42:44.155  INFO 1 --- [nio-8080-exec-8] s.g.m.sc.comp.util.HeaderPropgateFeign   : after feign interceptor process header ==> x-sc-user-token , [f2d71711814e4812879c418d28628eac]
2025-06-11 15:42:44.162  INFO 1 --- [nio-8080-exec-8] s.g.m.s.m.a.ScDefaultMonitorInterceptor  : Start executing the sg.gov.moe.sc.academic.service.impl.CommonServiceImpl.getLevels method
2025-06-11 15:42:44.162  INFO 1 --- [nio-8080-exec-7] s.g.m.s.m.a.ScDefaultMonitorInterceptor  : Start executing the sg.gov.moe.sc.academic.service.impl.CommonServiceImpl.getAcademicYear method
2025-06-11 15:42:44.162  INFO 1 --- [nio-8080-exec-7] s.g.m.sc.comp.util.HeaderPropgateFeign   : feign intercept request
2025-06-11 15:42:44.162  INFO 1 --- [nio-8080-exec-8] s.g.m.sc.comp.util.HeaderPropgateFeign   : feign intercept request
2025-06-11 15:42:44.162  INFO 1 --- [nio-8080-exec-8] s.g.m.sc.comp.util.HeaderPropgateFeign   : Request URL  /sc-dbmaster-api/api/csr/school/level-info/2302 
2025-06-11 15:42:44.162  INFO 1 --- [nio-8080-exec-8] s.g.m.sc.comp.util.HeaderPropgateFeign   : Gateway ID is present
2025-06-11 15:42:44.162  INFO 1 --- [nio-8080-exec-7] s.g.m.sc.comp.util.HeaderPropgateFeign   : Request URL  /sc-dbmaster-api/api/csr/config/parameter/CSR 
2025-06-11 15:42:44.162  INFO 1 --- [nio-8080-exec-8] s.g.m.sc.comp.util.HeaderPropgateFeign   : x-app-request is present blue 
2025-06-11 15:42:44.162  INFO 1 --- [nio-8080-exec-7] s.g.m.sc.comp.util.HeaderPropgateFeign   : Gateway ID is present
2025-06-11 15:42:44.162  INFO 1 --- [nio-8080-exec-7] s.g.m.sc.comp.util.HeaderPropgateFeign   : x-app-request is present blue 
2025-06-11 15:42:44.162  INFO 1 --- [nio-8080-exec-8] s.g.m.sc.comp.util.HeaderPropgateFeign   : after feign interceptor process header ==> Cookie , [GATEWAYID=2170f50f-cc0f-4c2b-afad-4ec7bf3a9963]
2025-06-11 15:42:44.162  INFO 1 --- [nio-8080-exec-8] s.g.m.sc.comp.util.HeaderPropgateFeign   : after feign interceptor process header ==> x-app-req , [blue]
2025-06-11 15:42:44.162  INFO 1 --- [nio-8080-exec-8] s.g.m.sc.comp.util.HeaderPropgateFeign   : after feign interceptor process header ==> X-SC-USER-TOKEN , [f2d71711814e4812879c418d28628eac]
2025-06-11 15:42:44.162  INFO 1 --- [nio-8080-exec-7] s.g.m.sc.comp.util.HeaderPropgateFeign   : after feign interceptor process header ==> Cookie , [GATEWAYID=2170f50f-cc0f-4c2b-afad-4ec7bf3a9963]
2025-06-11 15:42:44.162  INFO 1 --- [nio-8080-exec-7] s.g.m.sc.comp.util.HeaderPropgateFeign   : after feign interceptor process header ==> x-app-req , [blue]
2025-06-11 15:42:44.162  INFO 1 --- [nio-8080-exec-7] s.g.m.sc.comp.util.HeaderPropgateFeign   : after feign interceptor process header ==> X-SC-USER-TOKEN , [f2d71711814e4812879c418d28628eac]
2025-06-11 15:42:44.170  INFO 1 --- [nio-8080-exec-7] s.g.m.s.m.a.ScDefaultMonitorInterceptor  : Stop executing the sg.gov.moe.sc.academic.service.impl.CommonServiceImpl.getAcademicYear method
2025-06-11 15:42:44.182  INFO 1 --- [nio-8080-exec-8] s.g.m.s.m.a.ScDefaultMonitorInterceptor  : Stop executing the sg.gov.moe.sc.academic.service.impl.CommonServiceImpl.getLevels method
2025-06-11 15:42:44.256  INFO 1 --- [nio-8080-exec-9] s.g.m.sc.comp.util.HeaderPropgateFeign   : feign intercept request
2025-06-11 15:42:44.256  INFO 1 --- [nio-8080-exec-9] s.g.m.sc.comp.util.HeaderPropgateFeign   : Request URL  /sc-auth/api/user-info 
2025-06-11 15:42:44.256  INFO 1 --- [nio-8080-exec-9] s.g.m.sc.comp.util.HeaderPropgateFeign   : Gateway ID is present
2025-06-11 15:42:44.256  INFO 1 --- [nio-8080-exec-9] s.g.m.sc.comp.util.HeaderPropgateFeign   : x-app-request is present blue 
2025-06-11 15:42:44.257  INFO 1 --- [nio-8080-exec-9] s.g.m.sc.comp.util.HeaderPropgateFeign   : after feign interceptor process header ==> Cookie , [GATEWAYID=2170f50f-cc0f-4c2b-afad-4ec7bf3a9963]
2025-06-11 15:42:44.257  INFO 1 --- [nio-8080-exec-9] s.g.m.sc.comp.util.HeaderPropgateFeign   : after feign interceptor process header ==> x-app-req , [blue]
2025-06-11 15:42:44.257  INFO 1 --- [nio-8080-exec-9] s.g.m.sc.comp.util.HeaderPropgateFeign   : after feign interceptor process header ==> x-sc-user-token , [f2d71711814e4812879c418d28628eac]
2025-06-11 15:42:44.262  INFO 1 --- [nio-8080-exec-9] s.g.m.s.m.a.ScDefaultMonitorInterceptor  : Start executing the sg.gov.moe.sc.academic.service.impl.SubjectSetupServiceImpl.getSubjectCodes method
2025-06-11 15:42:44.267  INFO 1 --- [nio-8080-exec-9] s.g.m.sc.comp.util.HeaderPropgateFeign   : feign intercept request
2025-06-11 15:42:44.267  INFO 1 --- [nio-8080-exec-9] s.g.m.sc.comp.util.HeaderPropgateFeign   : Request URL  /sc-dbmaster-api/api/csr/config/subject-code/SUBJECTTYPE 
2025-06-11 15:42:44.267  INFO 1 --- [nio-8080-exec-9] s.g.m.sc.comp.util.HeaderPropgateFeign   : Gateway ID is present
2025-06-11 15:42:44.267  INFO 1 --- [nio-8080-exec-9] s.g.m.sc.comp.util.HeaderPropgateFeign   : x-app-request is present blue 
2025-06-11 15:42:44.267  INFO 1 --- [nio-8080-exec-9] s.g.m.sc.comp.util.HeaderPropgateFeign   : after feign interceptor process header ==> Cookie , [GATEWAYID=2170f50f-cc0f-4c2b-afad-4ec7bf3a9963]
2025-06-11 15:42:44.267  INFO 1 --- [nio-8080-exec-9] s.g.m.sc.comp.util.HeaderPropgateFeign   : after feign interceptor process header ==> x-app-req , [blue]
2025-06-11 15:42:44.267  INFO 1 --- [nio-8080-exec-9] s.g.m.sc.comp.util.HeaderPropgateFeign   : after feign interceptor process header ==> X-SC-USER-TOKEN , [f2d71711814e4812879c418d28628eac]
2025-06-11 15:42:44.274  INFO 1 --- [nio-8080-exec-9] s.g.m.s.m.a.ScDefaultMonitorInterceptor  : Stop executing the sg.gov.moe.sc.academic.service.impl.SubjectSetupServiceImpl.getSubjectCodes method
2025-06-11 15:42:44.276  INFO 1 --- [io-8080-exec-10] s.g.m.sc.comp.util.HeaderPropgateFeign   : feign intercept request
2025-06-11 15:42:44.276  INFO 1 --- [io-8080-exec-10] s.g.m.sc.comp.util.HeaderPropgateFeign   : Request URL  /sc-auth/api/user-info 
2025-06-11 15:42:44.276  INFO 1 --- [io-8080-exec-10] s.g.m.sc.comp.util.HeaderPropgateFeign   : Gateway ID is present
2025-06-11 15:42:44.276  INFO 1 --- [io-8080-exec-10] s.g.m.sc.comp.util.HeaderPropgateFeign   : x-app-request is present blue 
2025-06-11 15:42:44.276  INFO 1 --- [io-8080-exec-10] s.g.m.sc.comp.util.HeaderPropgateFeign   : after feign interceptor process header ==> Cookie , [GATEWAYID=2170f50f-cc0f-4c2b-afad-4ec7bf3a9963]
2025-06-11 15:42:44.276  INFO 1 --- [io-8080-exec-10] s.g.m.sc.comp.util.HeaderPropgateFeign   : after feign interceptor process header ==> x-app-req , [blue]
2025-06-11 15:42:44.276  INFO 1 --- [io-8080-exec-10] s.g.m.sc.comp.util.HeaderPropgateFeign   : after feign interceptor process header ==> x-sc-user-token , [f2d71711814e4812879c418d28628eac]
2025-06-11 15:42:44.277  INFO 1 --- [nio-8080-exec-1] s.g.m.sc.comp.util.HeaderPropgateFeign   : feign intercept request
2025-06-11 15:42:44.277  INFO 1 --- [nio-8080-exec-1] s.g.m.sc.comp.util.HeaderPropgateFeign   : Request URL  /sc-auth/api/user-info 
2025-06-11 15:42:44.277  INFO 1 --- [nio-8080-exec-1] s.g.m.sc.comp.util.HeaderPropgateFeign   : Gateway ID is present
2025-06-11 15:42:44.277  INFO 1 --- [nio-8080-exec-1] s.g.m.sc.comp.util.HeaderPropgateFeign   : x-app-request is present blue 
2025-06-11 15:42:44.277  INFO 1 --- [nio-8080-exec-1] s.g.m.sc.comp.util.HeaderPropgateFeign   : after feign interceptor process header ==> Cookie , [GATEWAYID=2170f50f-cc0f-4c2b-afad-4ec7bf3a9963]
2025-06-11 15:42:44.277  INFO 1 --- [nio-8080-exec-1] s.g.m.sc.comp.util.HeaderPropgateFeign   : after feign interceptor process header ==> x-app-req , [blue]
2025-06-11 15:42:44.277  INFO 1 --- [nio-8080-exec-1] s.g.m.sc.comp.util.HeaderPropgateFeign   : after feign interceptor process header ==> x-sc-user-token , [f2d71711814e4812879c418d28628eac]
2025-06-11 15:42:44.277  INFO 1 --- [nio-8080-exec-2] s.g.m.sc.comp.util.HeaderPropgateFeign   : feign intercept request
2025-06-11 15:42:44.277  INFO 1 --- [nio-8080-exec-2] s.g.m.sc.comp.util.HeaderPropgateFeign   : Request URL  /sc-auth/api/user-info 
2025-06-11 15:42:44.278  INFO 1 --- [nio-8080-exec-2] s.g.m.sc.comp.util.HeaderPropgateFeign   : Gateway ID is present
2025-06-11 15:42:44.278  INFO 1 --- [nio-8080-exec-2] s.g.m.sc.comp.util.HeaderPropgateFeign   : x-app-request is present blue 
2025-06-11 15:42:44.278  INFO 1 --- [nio-8080-exec-2] s.g.m.sc.comp.util.HeaderPropgateFeign   : after feign interceptor process header ==> Cookie , [GATEWAYID=2170f50f-cc0f-4c2b-afad-4ec7bf3a9963]
2025-06-11 15:42:44.278  INFO 1 --- [nio-8080-exec-2] s.g.m.sc.comp.util.HeaderPropgateFeign   : after feign interceptor process header ==> x-app-req , [blue]
2025-06-11 15:42:44.278  INFO 1 --- [nio-8080-exec-2] s.g.m.sc.comp.util.HeaderPropgateFeign   : after feign interceptor process header ==> x-sc-user-token , [f2d71711814e4812879c418d28628eac]
2025-06-11 15:42:44.279  INFO 1 --- [nio-8080-exec-4] s.g.m.sc.comp.util.HeaderPropgateFeign   : feign intercept request
2025-06-11 15:42:44.279  INFO 1 --- [nio-8080-exec-4] s.g.m.sc.comp.util.HeaderPropgateFeign   : Request URL  /sc-auth/api/user-info 
2025-06-11 15:42:44.279  INFO 1 --- [nio-8080-exec-4] s.g.m.sc.comp.util.HeaderPropgateFeign   : Gateway ID is present
2025-06-11 15:42:44.279  INFO 1 --- [nio-8080-exec-4] s.g.m.sc.comp.util.HeaderPropgateFeign   : x-app-request is present blue 
2025-06-11 15:42:44.279  INFO 1 --- [nio-8080-exec-4] s.g.m.sc.comp.util.HeaderPropgateFeign   : after feign interceptor process header ==> Cookie , [GATEWAYID=2170f50f-cc0f-4c2b-afad-4ec7bf3a9963]
2025-06-11 15:42:44.279  INFO 1 --- [nio-8080-exec-4] s.g.m.sc.comp.util.HeaderPropgateFeign   : after feign interceptor process header ==> x-app-req , [blue]
2025-06-11 15:42:44.279  INFO 1 --- [nio-8080-exec-4] s.g.m.sc.comp.util.HeaderPropgateFeign   : after feign interceptor process header ==> x-sc-user-token , [f2d71711814e4812879c418d28628eac]
2025-06-11 15:42:44.280  INFO 1 --- [io-8080-exec-10] s.g.m.s.m.a.ScDefaultMonitorInterceptor  : Start executing the sg.gov.moe.sc.academic.service.impl.SubjectSetupServiceImpl.getSubjectEntryTypeDropdownList method
2025-06-11 15:42:44.280  INFO 1 --- [io-8080-exec-10] s.g.m.s.m.a.ScDefaultMonitorInterceptor  : Stop executing the sg.gov.moe.sc.academic.service.impl.SubjectSetupServiceImpl.getSubjectEntryTypeDropdownList method
2025-06-11 15:42:44.282  INFO 1 --- [nio-8080-exec-2] s.g.m.s.m.a.ScDefaultMonitorInterceptor  : Start executing the sg.gov.moe.sc.academic.service.impl.SubjectSetupServiceImpl.getSubjectCategoryList method
2025-06-11 15:42:44.282  INFO 1 --- [nio-8080-exec-2] s.g.m.sc.comp.util.HeaderPropgateFeign   : feign intercept request
2025-06-11 15:42:44.282  INFO 1 --- [nio-8080-exec-2] s.g.m.sc.comp.util.HeaderPropgateFeign   : Request URL  /sc-dbmaster-api/api/csr/config/code-detail/SUBJECTCATEGORY 
2025-06-11 15:42:44.282  INFO 1 --- [nio-8080-exec-2] s.g.m.sc.comp.util.HeaderPropgateFeign   : Gateway ID is present
2025-06-11 15:42:44.282  INFO 1 --- [nio-8080-exec-2] s.g.m.sc.comp.util.HeaderPropgateFeign   : x-app-request is present blue 
2025-06-11 15:42:44.282  INFO 1 --- [nio-8080-exec-2] s.g.m.sc.comp.util.HeaderPropgateFeign   : after feign interceptor process header ==> Cookie , [GATEWAYID=2170f50f-cc0f-4c2b-afad-4ec7bf3a9963]
2025-06-11 15:42:44.282  INFO 1 --- [nio-8080-exec-2] s.g.m.sc.comp.util.HeaderPropgateFeign   : after feign interceptor process header ==> x-app-req , [blue]
2025-06-11 15:42:44.282  INFO 1 --- [nio-8080-exec-2] s.g.m.sc.comp.util.HeaderPropgateFeign   : after feign interceptor process header ==> X-SC-USER-TOKEN , [f2d71711814e4812879c418d28628eac]
2025-06-11 15:42:44.282  INFO 1 --- [nio-8080-exec-4] s.g.m.s.m.a.ScDefaultMonitorInterceptor  : Start executing the sg.gov.moe.sc.academic.service.impl.SubjectSetupServiceImpl.getSubjectExaminableDropdownList method
2025-06-11 15:42:44.282  INFO 1 --- [nio-8080-exec-4] s.g.m.s.m.a.ScDefaultMonitorInterceptor  : Stop executing the sg.gov.moe.sc.academic.service.impl.SubjectSetupServiceImpl.getSubjectExaminableDropdownList method
2025-06-11 15:42:44.282  INFO 1 --- [nio-8080-exec-1] s.g.m.s.m.a.ScDefaultMonitorInterceptor  : Start executing the sg.gov.moe.sc.academic.service.impl.SubjectSetupServiceImpl.getSubjectCodes method
2025-06-11 15:42:44.282  INFO 1 --- [nio-8080-exec-1] s.g.m.sc.comp.util.HeaderPropgateFeign   : feign intercept request
2025-06-11 15:42:44.282  INFO 1 --- [nio-8080-exec-1] s.g.m.sc.comp.util.HeaderPropgateFeign   : Request URL  /sc-dbmaster-api/api/csr/config/subject-code/SUBJLANGUAGEMEDIUM 
2025-06-11 15:42:44.282  INFO 1 --- [nio-8080-exec-1] s.g.m.sc.comp.util.HeaderPropgateFeign   : Gateway ID is present
2025-06-11 15:42:44.282  INFO 1 --- [nio-8080-exec-1] s.g.m.sc.comp.util.HeaderPropgateFeign   : x-app-request is present blue 
2025-06-11 15:42:44.282  INFO 1 --- [nio-8080-exec-1] s.g.m.sc.comp.util.HeaderPropgateFeign   : after feign interceptor process header ==> Cookie , [GATEWAYID=2170f50f-cc0f-4c2b-afad-4ec7bf3a9963]
2025-06-11 15:42:44.282  INFO 1 --- [nio-8080-exec-1] s.g.m.sc.comp.util.HeaderPropgateFeign   : after feign interceptor process header ==> x-app-req , [blue]
2025-06-11 15:42:44.282  INFO 1 --- [nio-8080-exec-1] s.g.m.sc.comp.util.HeaderPropgateFeign   : after feign interceptor process header ==> X-SC-USER-TOKEN , [f2d71711814e4812879c418d28628eac]
2025-06-11 15:42:44.286  INFO 1 --- [nio-8080-exec-2] s.g.m.s.m.a.ScDefaultMonitorInterceptor  : Stop executing the sg.gov.moe.sc.academic.service.impl.SubjectSetupServiceImpl.getSubjectCategoryList method
2025-06-11 15:42:44.287  INFO 1 --- [nio-8080-exec-1] s.g.m.s.m.a.ScDefaultMonitorInterceptor  : Stop executing the sg.gov.moe.sc.academic.service.impl.SubjectSetupServiceImpl.getSubjectCodes method
2025-06-11 15:42:44.677  INFO 1 --- [nio-8080-exec-3] s.g.m.sc.comp.util.HeaderPropgateFeign   : feign intercept request
2025-06-11 15:42:44.677  INFO 1 --- [nio-8080-exec-3] s.g.m.sc.comp.util.HeaderPropgateFeign   : Request URL  /sc-auth/api/user-info 
2025-06-11 15:42:44.677  INFO 1 --- [nio-8080-exec-3] s.g.m.sc.comp.util.HeaderPropgateFeign   : Gateway ID is present
2025-06-11 15:42:44.677  INFO 1 --- [nio-8080-exec-3] s.g.m.sc.comp.util.HeaderPropgateFeign   : x-app-request is present blue 
2025-06-11 15:42:44.677  INFO 1 --- [nio-8080-exec-3] s.g.m.sc.comp.util.HeaderPropgateFeign   : after feign interceptor process header ==> Cookie , [GATEWAYID=2170f50f-cc0f-4c2b-afad-4ec7bf3a9963]
2025-06-11 15:42:44.677  INFO 1 --- [nio-8080-exec-3] s.g.m.sc.comp.util.HeaderPropgateFeign   : after feign interceptor process header ==> x-app-req , [blue]
2025-06-11 15:42:44.677  INFO 1 --- [nio-8080-exec-3] s.g.m.sc.comp.util.HeaderPropgateFeign   : after feign interceptor process header ==> x-sc-user-token , [f2d71711814e4812879c418d28628eac]
2025-06-11 15:42:44.677  INFO 1 --- [nio-8080-exec-5] s.g.m.sc.comp.util.HeaderPropgateFeign   : feign intercept request
2025-06-11 15:42:44.677  INFO 1 --- [nio-8080-exec-5] s.g.m.sc.comp.util.HeaderPropgateFeign   : Request URL  /sc-auth/api/user-info 
2025-06-11 15:42:44.677  INFO 1 --- [nio-8080-exec-5] s.g.m.sc.comp.util.HeaderPropgateFeign   : Gateway ID is present
2025-06-11 15:42:44.677  INFO 1 --- [nio-8080-exec-5] s.g.m.sc.comp.util.HeaderPropgateFeign   : x-app-request is present blue 
2025-06-11 15:42:44.677  INFO 1 --- [nio-8080-exec-5] s.g.m.sc.comp.util.HeaderPropgateFeign   : after feign interceptor process header ==> Cookie , [GATEWAYID=2170f50f-cc0f-4c2b-afad-4ec7bf3a9963]
2025-06-11 15:42:44.677  INFO 1 --- [nio-8080-exec-5] s.g.m.sc.comp.util.HeaderPropgateFeign   : after feign interceptor process header ==> x-app-req , [blue]
2025-06-11 15:42:44.677  INFO 1 --- [nio-8080-exec-5] s.g.m.sc.comp.util.HeaderPropgateFeign   : after feign interceptor process header ==> x-sc-user-token , [f2d71711814e4812879c418d28628eac]
2025-06-11 15:42:44.682  INFO 1 --- [nio-8080-exec-6] s.g.m.sc.comp.util.HeaderPropgateFeign   : feign intercept request
2025-06-11 15:42:44.682  INFO 1 --- [nio-8080-exec-6] s.g.m.sc.comp.util.HeaderPropgateFeign   : Request URL  /sc-auth/api/user-info 
2025-06-11 15:42:44.682  INFO 1 --- [nio-8080-exec-6] s.g.m.sc.comp.util.HeaderPropgateFeign   : Gateway ID is present
2025-06-11 15:42:44.682  INFO 1 --- [nio-8080-exec-6] s.g.m.sc.comp.util.HeaderPropgateFeign   : x-app-request is present blue 
2025-06-11 15:42:44.682  INFO 1 --- [nio-8080-exec-6] s.g.m.sc.comp.util.HeaderPropgateFeign   : after feign interceptor process header ==> Cookie , [GATEWAYID=2170f50f-cc0f-4c2b-afad-4ec7bf3a9963]
2025-06-11 15:42:44.682  INFO 1 --- [nio-8080-exec-6] s.g.m.sc.comp.util.HeaderPropgateFeign   : after feign interceptor process header ==> x-app-req , [blue]
2025-06-11 15:42:44.682  INFO 1 --- [nio-8080-exec-6] s.g.m.sc.comp.util.HeaderPropgateFeign   : after feign interceptor process header ==> x-sc-user-token , [f2d71711814e4812879c418d28628eac]
2025-06-11 15:42:44.693  INFO 1 --- [nio-8080-exec-5] s.g.m.s.m.a.ScDefaultMonitorInterceptor  : Start executing the sg.gov.moe.sc.academic.service.impl.CommonServiceImpl.getParticularSubjectLevel method
2025-06-11 15:42:44.694  INFO 1 --- [nio-8080-exec-3] s.g.m.s.m.a.ScDefaultMonitorInterceptor  : Start executing the sg.gov.moe.sc.academic.service.impl.SubjectSetupServiceImpl.getGradingSchemeList method
2025-06-11 15:42:44.694  INFO 1 --- [nio-8080-exec-5] s.g.m.sc.comp.util.HeaderPropgateFeign   : feign intercept request
2025-06-11 15:42:44.694  INFO 1 --- [nio-8080-exec-5] s.g.m.sc.comp.util.HeaderPropgateFeign   : Request URL  /sc-dbmaster-api/api/csr/config/code-detail/particular-subject-level/41/0 
2025-06-11 15:42:44.694  INFO 1 --- [nio-8080-exec-5] s.g.m.sc.comp.util.HeaderPropgateFeign   : Gateway ID is present
2025-06-11 15:42:44.694  INFO 1 --- [nio-8080-exec-5] s.g.m.sc.comp.util.HeaderPropgateFeign   : x-app-request is present blue 
2025-06-11 15:42:44.694  INFO 1 --- [nio-8080-exec-5] s.g.m.sc.comp.util.HeaderPropgateFeign   : after feign interceptor process header ==> Cookie , [GATEWAYID=2170f50f-cc0f-4c2b-afad-4ec7bf3a9963]
2025-06-11 15:42:44.694  INFO 1 --- [nio-8080-exec-5] s.g.m.sc.comp.util.HeaderPropgateFeign   : after feign interceptor process header ==> x-app-req , [blue]
2025-06-11 15:42:44.694  INFO 1 --- [nio-8080-exec-5] s.g.m.sc.comp.util.HeaderPropgateFeign   : after feign interceptor process header ==> X-SC-USER-TOKEN , [f2d71711814e4812879c418d28628eac]
2025-06-11 15:42:44.694  INFO 1 --- [nio-8080-exec-3] s.g.m.sc.comp.util.HeaderPropgateFeign   : feign intercept request
2025-06-11 15:42:44.694  INFO 1 --- [nio-8080-exec-3] s.g.m.sc.comp.util.HeaderPropgateFeign   : Request URL  /sc-dbmaster-api/api/csr/config/subject-code/GRADINGSCHEME 
2025-06-11 15:42:44.694  INFO 1 --- [nio-8080-exec-3] s.g.m.sc.comp.util.HeaderPropgateFeign   : Gateway ID is present
2025-06-11 15:42:44.694  INFO 1 --- [nio-8080-exec-3] s.g.m.sc.comp.util.HeaderPropgateFeign   : x-app-request is present blue 
2025-06-11 15:42:44.694  INFO 1 --- [nio-8080-exec-3] s.g.m.sc.comp.util.HeaderPropgateFeign   : after feign interceptor process header ==> Cookie , [GATEWAYID=2170f50f-cc0f-4c2b-afad-4ec7bf3a9963]
2025-06-11 15:42:44.694  INFO 1 --- [nio-8080-exec-3] s.g.m.sc.comp.util.HeaderPropgateFeign   : after feign interceptor process header ==> x-app-req , [blue]
2025-06-11 15:42:44.694  INFO 1 --- [nio-8080-exec-3] s.g.m.sc.comp.util.HeaderPropgateFeign   : after feign interceptor process header ==> X-SC-USER-TOKEN , [f2d71711814e4812879c418d28628eac]
2025-06-11 15:42:44.694  INFO 1 --- [nio-8080-exec-6] s.g.m.s.m.a.ScDefaultMonitorInterceptor  : Start executing the sg.gov.moe.sc.academic.service.impl.SubjectSetupServiceImpl.getGradingSchemeListWithEquivalentAndPass method
2025-06-11 15:42:44.694  INFO 1 --- [nio-8080-exec-6] s.g.m.sc.comp.util.HeaderPropgateFeign   : feign intercept request
2025-06-11 15:42:44.694  INFO 1 --- [nio-8080-exec-6] s.g.m.sc.comp.util.HeaderPropgateFeign   : Request URL  /sc-dbmaster-api/api/csr/config/subject-code/GRADINGSCHEME 
2025-06-11 15:42:44.694  INFO 1 --- [nio-8080-exec-6] s.g.m.sc.comp.util.HeaderPropgateFeign   : Gateway ID is present
2025-06-11 15:42:44.694  INFO 1 --- [nio-8080-exec-6] s.g.m.sc.comp.util.HeaderPropgateFeign   : x-app-request is present blue 
2025-06-11 15:42:44.694  INFO 1 --- [nio-8080-exec-6] s.g.m.sc.comp.util.HeaderPropgateFeign   : after feign interceptor process header ==> Cookie , [GATEWAYID=2170f50f-cc0f-4c2b-afad-4ec7bf3a9963]
2025-06-11 15:42:44.694  INFO 1 --- [nio-8080-exec-6] s.g.m.sc.comp.util.HeaderPropgateFeign   : after feign interceptor process header ==> x-app-req , [blue]
2025-06-11 15:42:44.695  INFO 1 --- [nio-8080-exec-6] s.g.m.sc.comp.util.HeaderPropgateFeign   : after feign interceptor process header ==> X-SC-USER-TOKEN , [f2d71711814e4812879c418d28628eac]
2025-06-11 15:42:44.700  INFO 1 --- [nio-8080-exec-5] s.g.m.s.m.a.ScDefaultMonitorInterceptor  : Stop executing the sg.gov.moe.sc.academic.service.impl.CommonServiceImpl.getParticularSubjectLevel method
2025-06-11 15:42:44.723  INFO 1 --- [nio-8080-exec-3] s.g.m.s.m.a.ScDefaultMonitorInterceptor  : Stop executing the sg.gov.moe.sc.academic.service.impl.SubjectSetupServiceImpl.getGradingSchemeList method
2025-06-11 15:42:44.735  INFO 1 --- [nio-8080-exec-6] s.g.m.s.m.a.ScDefaultMonitorInterceptor  : Stop executing the sg.gov.moe.sc.academic.service.impl.SubjectSetupServiceImpl.getGradingSchemeListWithEquivalentAndPass method
2025-06-11 15:42:44.831  INFO 1 --- [nio-8080-exec-7] s.g.m.sc.comp.util.HeaderPropgateFeign   : feign intercept request
2025-06-11 15:42:44.831  INFO 1 --- [nio-8080-exec-7] s.g.m.sc.comp.util.HeaderPropgateFeign   : Request URL  /sc-auth/api/user-info 
2025-06-11 15:42:44.832  INFO 1 --- [nio-8080-exec-7] s.g.m.sc.comp.util.HeaderPropgateFeign   : Gateway ID is present
2025-06-11 15:42:44.832  INFO 1 --- [nio-8080-exec-7] s.g.m.sc.comp.util.HeaderPropgateFeign   : x-app-request is present blue 
2025-06-11 15:42:44.832  INFO 1 --- [nio-8080-exec-7] s.g.m.sc.comp.util.HeaderPropgateFeign   : after feign interceptor process header ==> Cookie , [GATEWAYID=2170f50f-cc0f-4c2b-afad-4ec7bf3a9963]
2025-06-11 15:42:44.832  INFO 1 --- [nio-8080-exec-7] s.g.m.sc.comp.util.HeaderPropgateFeign   : after feign interceptor process header ==> x-app-req , [blue]
2025-06-11 15:42:44.832  INFO 1 --- [nio-8080-exec-7] s.g.m.sc.comp.util.HeaderPropgateFeign   : after feign interceptor process header ==> x-sc-user-token , [f2d71711814e4812879c418d28628eac]
2025-06-11 15:42:44.834  INFO 1 --- [nio-8080-exec-8] s.g.m.sc.comp.util.HeaderPropgateFeign   : feign intercept request
2025-06-11 15:42:44.834  INFO 1 --- [nio-8080-exec-8] s.g.m.sc.comp.util.HeaderPropgateFeign   : Request URL  /sc-auth/api/user-info 
2025-06-11 15:42:44.834  INFO 1 --- [nio-8080-exec-8] s.g.m.sc.comp.util.HeaderPropgateFeign   : Gateway ID is present
2025-06-11 15:42:44.834  INFO 1 --- [nio-8080-exec-8] s.g.m.sc.comp.util.HeaderPropgateFeign   : x-app-request is present blue 
2025-06-11 15:42:44.834  INFO 1 --- [nio-8080-exec-8] s.g.m.sc.comp.util.HeaderPropgateFeign   : after feign interceptor process header ==> Cookie , [GATEWAYID=2170f50f-cc0f-4c2b-afad-4ec7bf3a9963]
2025-06-11 15:42:44.834  INFO 1 --- [nio-8080-exec-8] s.g.m.sc.comp.util.HeaderPropgateFeign   : after feign interceptor process header ==> x-app-req , [blue]
2025-06-11 15:42:44.834  INFO 1 --- [nio-8080-exec-8] s.g.m.sc.comp.util.HeaderPropgateFeign   : after feign interceptor process header ==> x-sc-user-token , [f2d71711814e4812879c418d28628eac]
2025-06-11 15:42:44.837  INFO 1 --- [nio-8080-exec-7] s.g.m.s.m.a.ScDefaultMonitorInterceptor  : Start executing the sg.gov.moe.sc.academic.service.impl.SubjectSetupServiceImpl.getSubjectsSummary method
2025-06-11 15:42:44.837  INFO 1 --- [nio-8080-exec-7] s.g.m.sc.comp.util.HeaderPropgateFeign   : feign intercept request
2025-06-11 15:42:44.837  INFO 1 --- [nio-8080-exec-7] s.g.m.sc.comp.util.HeaderPropgateFeign   : Request URL  /sc-dbmaster-api/api/csr/config/code-detail/AL_GRADINGSCHEME 
2025-06-11 15:42:44.837  INFO 1 --- [nio-8080-exec-7] s.g.m.sc.comp.util.HeaderPropgateFeign   : Gateway ID is present
2025-06-11 15:42:44.837  INFO 1 --- [nio-8080-exec-7] s.g.m.sc.comp.util.HeaderPropgateFeign   : x-app-request is present blue 
2025-06-11 15:42:44.837  INFO 1 --- [nio-8080-exec-7] s.g.m.sc.comp.util.HeaderPropgateFeign   : after feign interceptor process header ==> Cookie , [GATEWAYID=2170f50f-cc0f-4c2b-afad-4ec7bf3a9963]
2025-06-11 15:42:44.837  INFO 1 --- [nio-8080-exec-7] s.g.m.sc.comp.util.HeaderPropgateFeign   : after feign interceptor process header ==> x-app-req , [blue]
2025-06-11 15:42:44.837  INFO 1 --- [nio-8080-exec-7] s.g.m.sc.comp.util.HeaderPropgateFeign   : after feign interceptor process header ==> X-SC-USER-TOKEN , [f2d71711814e4812879c418d28628eac]
2025-06-11 15:42:44.838  INFO 1 --- [nio-8080-exec-8] s.g.m.s.m.a.ScDefaultMonitorInterceptor  : Start executing the sg.gov.moe.sc.academic.service.impl.SubjectSetupServiceImpl.enableToEdit method
2025-06-11 15:42:44.839  INFO 1 --- [nio-8080-exec-8] s.g.m.sc.comp.util.HeaderPropgateFeign   : feign intercept request
2025-06-11 15:42:44.839  INFO 1 --- [nio-8080-exec-8] s.g.m.sc.comp.util.HeaderPropgateFeign   : Request URL  /sc-dbmaster-api/api/csr/school/confirm/2302/2025/41 
2025-06-11 15:42:44.839  INFO 1 --- [nio-8080-exec-8] s.g.m.sc.comp.util.HeaderPropgateFeign   : Gateway ID is present
2025-06-11 15:42:44.839  INFO 1 --- [nio-8080-exec-8] s.g.m.sc.comp.util.HeaderPropgateFeign   : x-app-request is present blue 
2025-06-11 15:42:44.839  INFO 1 --- [nio-8080-exec-8] s.g.m.sc.comp.util.HeaderPropgateFeign   : after feign interceptor process header ==> Cookie , [GATEWAYID=2170f50f-cc0f-4c2b-afad-4ec7bf3a9963]
2025-06-11 15:42:44.839  INFO 1 --- [nio-8080-exec-8] s.g.m.sc.comp.util.HeaderPropgateFeign   : after feign interceptor process header ==> x-app-req , [blue]
2025-06-11 15:42:44.839  INFO 1 --- [nio-8080-exec-8] s.g.m.sc.comp.util.HeaderPropgateFeign   : after feign interceptor process header ==> X-SC-USER-TOKEN , [f2d71711814e4812879c418d28628eac]
2025-06-11 15:42:44.844  INFO 1 --- [nio-8080-exec-8] s.g.m.s.m.a.ScDefaultMonitorInterceptor  : Stop executing the sg.gov.moe.sc.academic.service.impl.SubjectSetupServiceImpl.enableToEdit method
2025-06-11 15:42:44.857  INFO 1 --- [nio-8080-exec-7] s.g.m.sc.comp.util.HeaderPropgateFeign   : feign intercept request
2025-06-11 15:42:44.857  INFO 1 --- [nio-8080-exec-7] s.g.m.sc.comp.util.HeaderPropgateFeign   : Request URL  /sc-dbmaster-api/api/csr/config/subject-code/GRADINGSCHEME 
2025-06-11 15:42:44.857  INFO 1 --- [nio-8080-exec-7] s.g.m.sc.comp.util.HeaderPropgateFeign   : Gateway ID is present
2025-06-11 15:42:44.857  INFO 1 --- [nio-8080-exec-7] s.g.m.sc.comp.util.HeaderPropgateFeign   : x-app-request is present blue 
2025-06-11 15:42:44.857  INFO 1 --- [nio-8080-exec-7] s.g.m.sc.comp.util.HeaderPropgateFeign   : after feign interceptor process header ==> Cookie , [GATEWAYID=2170f50f-cc0f-4c2b-afad-4ec7bf3a9963]
2025-06-11 15:42:44.857  INFO 1 --- [nio-8080-exec-7] s.g.m.sc.comp.util.HeaderPropgateFeign   : after feign interceptor process header ==> x-app-req , [blue]
2025-06-11 15:42:44.857  INFO 1 --- [nio-8080-exec-7] s.g.m.sc.comp.util.HeaderPropgateFeign   : after feign interceptor process header ==> X-SC-USER-TOKEN , [f2d71711814e4812879c418d28628eac]
2025-06-11 15:42:44.858  INFO 1 --- [nio-8080-exec-9] s.g.m.sc.comp.util.HeaderPropgateFeign   : feign intercept request
2025-06-11 15:42:44.858  INFO 1 --- [nio-8080-exec-9] s.g.m.sc.comp.util.HeaderPropgateFeign   : Request URL  /sc-auth/api/user-info 
2025-06-11 15:42:44.858  INFO 1 --- [nio-8080-exec-9] s.g.m.sc.comp.util.HeaderPropgateFeign   : Gateway ID is present
2025-06-11 15:42:44.858  INFO 1 --- [nio-8080-exec-9] s.g.m.sc.comp.util.HeaderPropgateFeign   : x-app-request is present blue 
2025-06-11 15:42:44.858  INFO 1 --- [nio-8080-exec-9] s.g.m.sc.comp.util.HeaderPropgateFeign   : after feign interceptor process header ==> Cookie , [GATEWAYID=2170f50f-cc0f-4c2b-afad-4ec7bf3a9963]
2025-06-11 15:42:44.858  INFO 1 --- [nio-8080-exec-9] s.g.m.sc.comp.util.HeaderPropgateFeign   : after feign interceptor process header ==> x-app-req , [blue]
2025-06-11 15:42:44.858  INFO 1 --- [nio-8080-exec-9] s.g.m.sc.comp.util.HeaderPropgateFeign   : after feign interceptor process header ==> x-sc-user-token , [f2d71711814e4812879c418d28628eac]
2025-06-11 15:42:44.859  INFO 1 --- [io-8080-exec-10] s.g.m.sc.comp.util.HeaderPropgateFeign   : feign intercept request
2025-06-11 15:42:44.859  INFO 1 --- [io-8080-exec-10] s.g.m.sc.comp.util.HeaderPropgateFeign   : Request URL  /sc-auth/api/user-info 
2025-06-11 15:42:44.859  INFO 1 --- [io-8080-exec-10] s.g.m.sc.comp.util.HeaderPropgateFeign   : Gateway ID is present
2025-06-11 15:42:44.859  INFO 1 --- [io-8080-exec-10] s.g.m.sc.comp.util.HeaderPropgateFeign   : x-app-request is present blue 
2025-06-11 15:42:44.859  INFO 1 --- [io-8080-exec-10] s.g.m.sc.comp.util.HeaderPropgateFeign   : after feign interceptor process header ==> Cookie , [GATEWAYID=2170f50f-cc0f-4c2b-afad-4ec7bf3a9963]
2025-06-11 15:42:44.859  INFO 1 --- [io-8080-exec-10] s.g.m.sc.comp.util.HeaderPropgateFeign   : after feign interceptor process header ==> x-app-req , [blue]
2025-06-11 15:42:44.859  INFO 1 --- [io-8080-exec-10] s.g.m.sc.comp.util.HeaderPropgateFeign   : after feign interceptor process header ==> x-sc-user-token , [f2d71711814e4812879c418d28628eac]
2025-06-11 15:42:44.862  INFO 1 --- [nio-8080-exec-9] s.g.m.s.m.a.ScDefaultMonitorInterceptor  : Start executing the sg.gov.moe.sc.academic.service.impl.SubjectSetupServiceImpl.checkIPOrSISSchool method
2025-06-11 15:42:44.862  INFO 1 --- [nio-8080-exec-9] s.g.m.sc.comp.util.HeaderPropgateFeign   : feign intercept request
2025-06-11 15:42:44.862  INFO 1 --- [nio-8080-exec-9] s.g.m.sc.comp.util.HeaderPropgateFeign   : Request URL  /sc-dbmaster-api/api/csr/school/ss-sis-check/2302 
2025-06-11 15:42:44.862  INFO 1 --- [nio-8080-exec-9] s.g.m.sc.comp.util.HeaderPropgateFeign   : Gateway ID is present
2025-06-11 15:42:44.862  INFO 1 --- [nio-8080-exec-9] s.g.m.sc.comp.util.HeaderPropgateFeign   : x-app-request is present blue 
2025-06-11 15:42:44.862  INFO 1 --- [nio-8080-exec-9] s.g.m.sc.comp.util.HeaderPropgateFeign   : after feign interceptor process header ==> Cookie , [GATEWAYID=2170f50f-cc0f-4c2b-afad-4ec7bf3a9963]
2025-06-11 15:42:44.862  INFO 1 --- [nio-8080-exec-9] s.g.m.sc.comp.util.HeaderPropgateFeign   : after feign interceptor process header ==> x-app-req , [blue]
2025-06-11 15:42:44.862  INFO 1 --- [nio-8080-exec-9] s.g.m.sc.comp.util.HeaderPropgateFeign   : after feign interceptor process header ==> X-SC-USER-TOKEN , [f2d71711814e4812879c418d28628eac]
2025-06-11 15:42:44.863  INFO 1 --- [io-8080-exec-10] s.g.m.s.m.a.ScDefaultMonitorInterceptor  : Start executing the sg.gov.moe.sc.academic.service.impl.SubjectSetupServiceImpl.getSchSubjects method
2025-06-11 15:42:44.866  INFO 1 --- [nio-8080-exec-9] s.g.m.s.m.a.ScDefaultMonitorInterceptor  : Stop executing the sg.gov.moe.sc.academic.service.impl.SubjectSetupServiceImpl.checkIPOrSISSchool method
2025-06-11 15:42:44.868  INFO 1 --- [nio-8080-exec-4] s.g.m.sc.comp.util.HeaderPropgateFeign   : feign intercept request
2025-06-11 15:42:44.868  INFO 1 --- [nio-8080-exec-4] s.g.m.sc.comp.util.HeaderPropgateFeign   : Request URL  /sc-auth/api/user-info 
2025-06-11 15:42:44.868  INFO 1 --- [nio-8080-exec-4] s.g.m.sc.comp.util.HeaderPropgateFeign   : Gateway ID is present
2025-06-11 15:42:44.868  INFO 1 --- [nio-8080-exec-4] s.g.m.sc.comp.util.HeaderPropgateFeign   : x-app-request is present blue 
2025-06-11 15:42:44.868  INFO 1 --- [nio-8080-exec-4] s.g.m.sc.comp.util.HeaderPropgateFeign   : after feign interceptor process header ==> Cookie , [GATEWAYID=2170f50f-cc0f-4c2b-afad-4ec7bf3a9963]
2025-06-11 15:42:44.869  INFO 1 --- [nio-8080-exec-4] s.g.m.sc.comp.util.HeaderPropgateFeign   : after feign interceptor process header ==> x-app-req , [blue]
2025-06-11 15:42:44.869  INFO 1 --- [nio-8080-exec-4] s.g.m.sc.comp.util.HeaderPropgateFeign   : after feign interceptor process header ==> x-sc-user-token , [f2d71711814e4812879c418d28628eac]
2025-06-11 15:42:44.924  INFO 1 --- [io-8080-exec-10] s.g.m.s.m.a.ScDefaultMonitorInterceptor  : Stop executing the sg.gov.moe.sc.academic.service.impl.SubjectSetupServiceImpl.getSchSubjects method
2025-06-11 15:42:44.925  INFO 1 --- [nio-8080-exec-4] s.g.m.s.m.a.ScDefaultMonitorInterceptor  : Start executing the sg.gov.moe.sc.academic.service.impl.SubjectSetupServiceImpl.getConfirmResultLevelList method
2025-06-11 15:42:44.925  INFO 1 --- [nio-8080-exec-4] s.g.m.sc.comp.util.HeaderPropgateFeign   : feign intercept request
2025-06-11 15:42:44.925  INFO 1 --- [nio-8080-exec-4] s.g.m.sc.comp.util.HeaderPropgateFeign   : Request URL  /sc-dbmaster-api/api/csr/school/confirm/2302/2025 
2025-06-11 15:42:44.925  INFO 1 --- [nio-8080-exec-4] s.g.m.sc.comp.util.HeaderPropgateFeign   : Gateway ID is present
2025-06-11 15:42:44.925  INFO 1 --- [nio-8080-exec-4] s.g.m.sc.comp.util.HeaderPropgateFeign   : x-app-request is present blue 
2025-06-11 15:42:44.925  INFO 1 --- [nio-8080-exec-4] s.g.m.sc.comp.util.HeaderPropgateFeign   : after feign interceptor process header ==> Cookie , [GATEWAYID=2170f50f-cc0f-4c2b-afad-4ec7bf3a9963]
2025-06-11 15:42:44.925  INFO 1 --- [nio-8080-exec-4] s.g.m.sc.comp.util.HeaderPropgateFeign   : after feign interceptor process header ==> x-app-req , [blue]
2025-06-11 15:42:44.925  INFO 1 --- [nio-8080-exec-4] s.g.m.sc.comp.util.HeaderPropgateFeign   : after feign interceptor process header ==> X-SC-USER-TOKEN , [f2d71711814e4812879c418d28628eac]
2025-06-11 15:42:44.930  INFO 1 --- [nio-8080-exec-4] s.g.m.s.m.a.ScDefaultMonitorInterceptor  : Stop executing the sg.gov.moe.sc.academic.service.impl.SubjectSetupServiceImpl.getConfirmResultLevelList method
2025-06-11 15:42:44.949  INFO 1 --- [nio-8080-exec-7] s.g.m.s.m.a.ScDefaultMonitorInterceptor  : Stop executing the sg.gov.moe.sc.academic.service.impl.SubjectSetupServiceImpl.getSubjectsSummary method
2025-06-11 15:42:56.978  INFO 1 --- [nio-8080-exec-3] s.g.m.sc.comp.util.HeaderPropgateFeign   : feign intercept request
2025-06-11 15:42:56.978  INFO 1 --- [nio-8080-exec-3] s.g.m.sc.comp.util.HeaderPropgateFeign   : Request URL  /sc-auth/api/user-info 
2025-06-11 15:42:56.978  INFO 1 --- [nio-8080-exec-3] s.g.m.sc.comp.util.HeaderPropgateFeign   : Gateway ID is present
2025-06-11 15:42:56.978  INFO 1 --- [nio-8080-exec-3] s.g.m.sc.comp.util.HeaderPropgateFeign   : x-app-request is present blue 
2025-06-11 15:42:56.979  INFO 1 --- [nio-8080-exec-3] s.g.m.sc.comp.util.HeaderPropgateFeign   : after feign interceptor process header ==> Cookie , [GATEWAYID=2170f50f-cc0f-4c2b-afad-4ec7bf3a9963]
2025-06-11 15:42:56.979  INFO 1 --- [nio-8080-exec-3] s.g.m.sc.comp.util.HeaderPropgateFeign   : after feign interceptor process header ==> x-app-req , [blue]
2025-06-11 15:42:56.979  INFO 1 --- [nio-8080-exec-3] s.g.m.sc.comp.util.HeaderPropgateFeign   : after feign interceptor process header ==> x-sc-user-token , [f2d71711814e4812879c418d28628eac]
2025-06-11 15:42:56.980  INFO 1 --- [nio-8080-exec-6] s.g.m.sc.comp.util.HeaderPropgateFeign   : feign intercept request
2025-06-11 15:42:56.980  INFO 1 --- [nio-8080-exec-6] s.g.m.sc.comp.util.HeaderPropgateFeign   : Request URL  /sc-auth/api/user-info 
2025-06-11 15:42:56.980  INFO 1 --- [nio-8080-exec-6] s.g.m.sc.comp.util.HeaderPropgateFeign   : Gateway ID is present
2025-06-11 15:42:56.980  INFO 1 --- [nio-8080-exec-6] s.g.m.sc.comp.util.HeaderPropgateFeign   : x-app-request is present blue 
2025-06-11 15:42:56.980  INFO 1 --- [nio-8080-exec-6] s.g.m.sc.comp.util.HeaderPropgateFeign   : after feign interceptor process header ==> Cookie , [GATEWAYID=2170f50f-cc0f-4c2b-afad-4ec7bf3a9963]
2025-06-11 15:42:56.980  INFO 1 --- [nio-8080-exec-6] s.g.m.sc.comp.util.HeaderPropgateFeign   : after feign interceptor process header ==> x-app-req , [blue]
2025-06-11 15:42:56.980  INFO 1 --- [nio-8080-exec-6] s.g.m.sc.comp.util.HeaderPropgateFeign   : after feign interceptor process header ==> x-sc-user-token , [f2d71711814e4812879c418d28628eac]
2025-06-11 15:42:56.982  INFO 1 --- [nio-8080-exec-8] s.g.m.sc.comp.util.HeaderPropgateFeign   : feign intercept request
2025-06-11 15:42:56.982  INFO 1 --- [nio-8080-exec-8] s.g.m.sc.comp.util.HeaderPropgateFeign   : Request URL  /sc-auth/api/user-info 
2025-06-11 15:42:56.982  INFO 1 --- [nio-8080-exec-8] s.g.m.sc.comp.util.HeaderPropgateFeign   : Gateway ID is present
2025-06-11 15:42:56.982  INFO 1 --- [nio-8080-exec-8] s.g.m.sc.comp.util.HeaderPropgateFeign   : x-app-request is present blue 
2025-06-11 15:42:56.982  INFO 1 --- [nio-8080-exec-8] s.g.m.sc.comp.util.HeaderPropgateFeign   : after feign interceptor process header ==> Cookie , [GATEWAYID=2170f50f-cc0f-4c2b-afad-4ec7bf3a9963]
2025-06-11 15:42:56.982  INFO 1 --- [nio-8080-exec-8] s.g.m.sc.comp.util.HeaderPropgateFeign   : after feign interceptor process header ==> x-app-req , [blue]
2025-06-11 15:42:56.982  INFO 1 --- [nio-8080-exec-8] s.g.m.sc.comp.util.HeaderPropgateFeign   : after feign interceptor process header ==> x-sc-user-token , [f2d71711814e4812879c418d28628eac]
2025-06-11 15:42:56.982  INFO 1 --- [nio-8080-exec-9] s.g.m.sc.comp.util.HeaderPropgateFeign   : feign intercept request
2025-06-11 15:42:56.982  INFO 1 --- [nio-8080-exec-9] s.g.m.sc.comp.util.HeaderPropgateFeign   : Request URL  /sc-auth/api/user-info 
2025-06-11 15:42:56.982  INFO 1 --- [nio-8080-exec-9] s.g.m.sc.comp.util.HeaderPropgateFeign   : Gateway ID is present
2025-06-11 15:42:56.982  INFO 1 --- [nio-8080-exec-9] s.g.m.sc.comp.util.HeaderPropgateFeign   : x-app-request is present blue 
2025-06-11 15:42:56.983  INFO 1 --- [nio-8080-exec-9] s.g.m.sc.comp.util.HeaderPropgateFeign   : after feign interceptor process header ==> Cookie , [GATEWAYID=2170f50f-cc0f-4c2b-afad-4ec7bf3a9963]
2025-06-11 15:42:56.983  INFO 1 --- [nio-8080-exec-9] s.g.m.sc.comp.util.HeaderPropgateFeign   : after feign interceptor process header ==> x-app-req , [blue]
2025-06-11 15:42:56.983  INFO 1 --- [nio-8080-exec-9] s.g.m.sc.comp.util.HeaderPropgateFeign   : after feign interceptor process header ==> x-sc-user-token , [f2d71711814e4812879c418d28628eac]
2025-06-11 15:42:56.983  INFO 1 --- [nio-8080-exec-3] s.g.m.s.m.a.ScDefaultMonitorInterceptor  : Start executing the sg.gov.moe.sc.academic.service.impl.CommonServiceImpl.getLevels method
2025-06-11 15:42:56.983  INFO 1 --- [nio-8080-exec-3] s.g.m.sc.comp.util.HeaderPropgateFeign   : feign intercept request
2025-06-11 15:42:56.983  INFO 1 --- [nio-8080-exec-3] s.g.m.sc.comp.util.HeaderPropgateFeign   : Request URL  /sc-dbmaster-api/api/csr/school/level-info/2302 
2025-06-11 15:42:56.983  INFO 1 --- [nio-8080-exec-3] s.g.m.sc.comp.util.HeaderPropgateFeign   : Gateway ID is present
2025-06-11 15:42:56.983  INFO 1 --- [nio-8080-exec-3] s.g.m.sc.comp.util.HeaderPropgateFeign   : x-app-request is present blue 
2025-06-11 15:42:56.983  INFO 1 --- [nio-8080-exec-3] s.g.m.sc.comp.util.HeaderPropgateFeign   : after feign interceptor process header ==> Cookie , [GATEWAYID=2170f50f-cc0f-4c2b-afad-4ec7bf3a9963]
2025-06-11 15:42:56.983  INFO 1 --- [nio-8080-exec-3] s.g.m.sc.comp.util.HeaderPropgateFeign   : after feign interceptor process header ==> x-app-req , [blue]
2025-06-11 15:42:56.983  INFO 1 --- [nio-8080-exec-3] s.g.m.sc.comp.util.HeaderPropgateFeign   : after feign interceptor process header ==> X-SC-USER-TOKEN , [f2d71711814e4812879c418d28628eac]
2025-06-11 15:42:56.983  INFO 1 --- [nio-8080-exec-6] s.g.m.s.m.a.ScDefaultMonitorInterceptor  : Start executing the sg.gov.moe.sc.academic.service.impl.CommonServiceImpl.getAcademicYear method
2025-06-11 15:42:56.983  INFO 1 --- [nio-8080-exec-6] s.g.m.sc.comp.util.HeaderPropgateFeign   : feign intercept request
2025-06-11 15:42:56.983  INFO 1 --- [nio-8080-exec-6] s.g.m.sc.comp.util.HeaderPropgateFeign   : Request URL  /sc-dbmaster-api/api/csr/config/parameter/CSR 
2025-06-11 15:42:56.983  INFO 1 --- [nio-8080-exec-6] s.g.m.sc.comp.util.HeaderPropgateFeign   : Gateway ID is present
2025-06-11 15:42:56.983  INFO 1 --- [nio-8080-exec-6] s.g.m.sc.comp.util.HeaderPropgateFeign   : x-app-request is present blue 
2025-06-11 15:42:56.983  INFO 1 --- [nio-8080-exec-6] s.g.m.sc.comp.util.HeaderPropgateFeign   : after feign interceptor process header ==> Cookie , [GATEWAYID=2170f50f-cc0f-4c2b-afad-4ec7bf3a9963]
2025-06-11 15:42:56.983  INFO 1 --- [nio-8080-exec-6] s.g.m.sc.comp.util.HeaderPropgateFeign   : after feign interceptor process header ==> x-app-req , [blue]
2025-06-11 15:42:56.983  INFO 1 --- [nio-8080-exec-6] s.g.m.sc.comp.util.HeaderPropgateFeign   : after feign interceptor process header ==> X-SC-USER-TOKEN , [f2d71711814e4812879c418d28628eac]
2025-06-11 15:42:56.985  INFO 1 --- [nio-8080-exec-2] s.g.m.sc.comp.util.HeaderPropgateFeign   : feign intercept request
2025-06-11 15:42:56.985  INFO 1 --- [nio-8080-exec-2] s.g.m.sc.comp.util.HeaderPropgateFeign   : Request URL  /sc-auth/api/user-info 
2025-06-11 15:42:56.985  INFO 1 --- [nio-8080-exec-2] s.g.m.sc.comp.util.HeaderPropgateFeign   : Gateway ID is present
2025-06-11 15:42:56.985  INFO 1 --- [nio-8080-exec-2] s.g.m.sc.comp.util.HeaderPropgateFeign   : x-app-request is present blue 
2025-06-11 15:42:56.985  INFO 1 --- [nio-8080-exec-2] s.g.m.sc.comp.util.HeaderPropgateFeign   : after feign interceptor process header ==> Cookie , [GATEWAYID=2170f50f-cc0f-4c2b-afad-4ec7bf3a9963]
2025-06-11 15:42:56.985  INFO 1 --- [nio-8080-exec-2] s.g.m.sc.comp.util.HeaderPropgateFeign   : after feign interceptor process header ==> x-app-req , [blue]
2025-06-11 15:42:56.985  INFO 1 --- [nio-8080-exec-9] s.g.m.s.m.a.ScDefaultMonitorInterceptor  : Start executing the sg.gov.moe.sc.academic.service.impl.SubjectSetupServiceImpl.getSubjectExaminableDropdownList method
2025-06-11 15:42:56.985  INFO 1 --- [nio-8080-exec-2] s.g.m.sc.comp.util.HeaderPropgateFeign   : after feign interceptor process header ==> x-sc-user-token , [f2d71711814e4812879c418d28628eac]
2025-06-11 15:42:56.985  INFO 1 --- [nio-8080-exec-9] s.g.m.s.m.a.ScDefaultMonitorInterceptor  : Stop executing the sg.gov.moe.sc.academic.service.impl.SubjectSetupServiceImpl.getSubjectExaminableDropdownList method
2025-06-11 15:42:56.986  INFO 1 --- [nio-8080-exec-8] s.g.m.s.m.a.ScDefaultMonitorInterceptor  : Start executing the sg.gov.moe.sc.academic.service.impl.SubjectSetupServiceImpl.getSubjectCodes method
2025-06-11 15:42:56.986  INFO 1 --- [io-8080-exec-10] s.g.m.sc.comp.util.HeaderPropgateFeign   : feign intercept request
2025-06-11 15:42:56.986  INFO 1 --- [io-8080-exec-10] s.g.m.sc.comp.util.HeaderPropgateFeign   : Request URL  /sc-auth/api/user-info 
2025-06-11 15:42:56.986  INFO 1 --- [io-8080-exec-10] s.g.m.sc.comp.util.HeaderPropgateFeign   : Gateway ID is present
2025-06-11 15:42:56.986  INFO 1 --- [nio-8080-exec-8] s.g.m.sc.comp.util.HeaderPropgateFeign   : feign intercept request
2025-06-11 15:42:56.986  INFO 1 --- [io-8080-exec-10] s.g.m.sc.comp.util.HeaderPropgateFeign   : x-app-request is present blue 
2025-06-11 15:42:56.986  INFO 1 --- [nio-8080-exec-8] s.g.m.sc.comp.util.HeaderPropgateFeign   : Request URL  /sc-dbmaster-api/api/csr/config/subject-code/SUBJLANGUAGEMEDIUM 
2025-06-11 15:42:56.986  INFO 1 --- [nio-8080-exec-8] s.g.m.sc.comp.util.HeaderPropgateFeign   : Gateway ID is present
2025-06-11 15:42:56.986  INFO 1 --- [io-8080-exec-10] s.g.m.sc.comp.util.HeaderPropgateFeign   : after feign interceptor process header ==> Cookie , [GATEWAYID=2170f50f-cc0f-4c2b-afad-4ec7bf3a9963]
2025-06-11 15:42:56.986  INFO 1 --- [nio-8080-exec-8] s.g.m.sc.comp.util.HeaderPropgateFeign   : x-app-request is present blue 
2025-06-11 15:42:56.986  INFO 1 --- [io-8080-exec-10] s.g.m.sc.comp.util.HeaderPropgateFeign   : after feign interceptor process header ==> x-app-req , [blue]
2025-06-11 15:42:56.986  INFO 1 --- [io-8080-exec-10] s.g.m.sc.comp.util.HeaderPropgateFeign   : after feign interceptor process header ==> x-sc-user-token , [f2d71711814e4812879c418d28628eac]
2025-06-11 15:42:56.986  INFO 1 --- [nio-8080-exec-8] s.g.m.sc.comp.util.HeaderPropgateFeign   : after feign interceptor process header ==> Cookie , [GATEWAYID=2170f50f-cc0f-4c2b-afad-4ec7bf3a9963]
2025-06-11 15:42:56.986  INFO 1 --- [nio-8080-exec-8] s.g.m.sc.comp.util.HeaderPropgateFeign   : after feign interceptor process header ==> x-app-req , [blue]
2025-06-11 15:42:56.986  INFO 1 --- [nio-8080-exec-8] s.g.m.sc.comp.util.HeaderPropgateFeign   : after feign interceptor process header ==> X-SC-USER-TOKEN , [f2d71711814e4812879c418d28628eac]
2025-06-11 15:42:56.988  INFO 1 --- [nio-8080-exec-6] s.g.m.s.m.a.ScDefaultMonitorInterceptor  : Stop executing the sg.gov.moe.sc.academic.service.impl.CommonServiceImpl.getAcademicYear method
2025-06-11 15:42:56.988  INFO 1 --- [nio-8080-exec-2] s.g.m.s.m.a.ScDefaultMonitorInterceptor  : Start executing the sg.gov.moe.sc.academic.service.impl.SubjectSetupServiceImpl.getSubjectEntryTypeDropdownList method
2025-06-11 15:42:56.988  INFO 1 --- [nio-8080-exec-2] s.g.m.s.m.a.ScDefaultMonitorInterceptor  : Stop executing the sg.gov.moe.sc.academic.service.impl.SubjectSetupServiceImpl.getSubjectEntryTypeDropdownList method
2025-06-11 15:42:56.989  INFO 1 --- [io-8080-exec-10] s.g.m.s.m.a.ScDefaultMonitorInterceptor  : Start executing the sg.gov.moe.sc.academic.service.impl.SubjectSetupServiceImpl.getSubjectCategoryList method
2025-06-11 15:42:56.989  INFO 1 --- [io-8080-exec-10] s.g.m.sc.comp.util.HeaderPropgateFeign   : feign intercept request
2025-06-11 15:42:56.989  INFO 1 --- [io-8080-exec-10] s.g.m.sc.comp.util.HeaderPropgateFeign   : Request URL  /sc-dbmaster-api/api/csr/config/code-detail/SUBJECTCATEGORY 
2025-06-11 15:42:56.989  INFO 1 --- [io-8080-exec-10] s.g.m.sc.comp.util.HeaderPropgateFeign   : Gateway ID is present
2025-06-11 15:42:56.989  INFO 1 --- [io-8080-exec-10] s.g.m.sc.comp.util.HeaderPropgateFeign   : x-app-request is present blue 
2025-06-11 15:42:56.990  INFO 1 --- [io-8080-exec-10] s.g.m.sc.comp.util.HeaderPropgateFeign   : after feign interceptor process header ==> Cookie , [GATEWAYID=2170f50f-cc0f-4c2b-afad-4ec7bf3a9963]
2025-06-11 15:42:56.990  INFO 1 --- [io-8080-exec-10] s.g.m.sc.comp.util.HeaderPropgateFeign   : after feign interceptor process header ==> x-app-req , [blue]
2025-06-11 15:42:56.990  INFO 1 --- [io-8080-exec-10] s.g.m.sc.comp.util.HeaderPropgateFeign   : after feign interceptor process header ==> X-SC-USER-TOKEN , [f2d71711814e4812879c418d28628eac]
2025-06-11 15:42:56.990  INFO 1 --- [nio-8080-exec-8] s.g.m.s.m.a.ScDefaultMonitorInterceptor  : Stop executing the sg.gov.moe.sc.academic.service.impl.SubjectSetupServiceImpl.getSubjectCodes method
2025-06-11 15:42:56.993  INFO 1 --- [io-8080-exec-10] s.g.m.s.m.a.ScDefaultMonitorInterceptor  : Stop executing the sg.gov.moe.sc.academic.service.impl.SubjectSetupServiceImpl.getSubjectCategoryList method
2025-06-11 15:42:56.993  INFO 1 --- [nio-8080-exec-3] s.g.m.s.m.a.ScDefaultMonitorInterceptor  : Stop executing the sg.gov.moe.sc.academic.service.impl.CommonServiceImpl.getLevels method
2025-06-11 15:42:57.163  INFO 1 --- [nio-8080-exec-4] s.g.m.sc.comp.util.HeaderPropgateFeign   : feign intercept request
2025-06-11 15:42:57.163  INFO 1 --- [nio-8080-exec-4] s.g.m.sc.comp.util.HeaderPropgateFeign   : Request URL  /sc-auth/api/user-info 
2025-06-11 15:42:57.163  INFO 1 --- [nio-8080-exec-4] s.g.m.sc.comp.util.HeaderPropgateFeign   : Gateway ID is present
2025-06-11 15:42:57.163  INFO 1 --- [nio-8080-exec-4] s.g.m.sc.comp.util.HeaderPropgateFeign   : x-app-request is present blue 
2025-06-11 15:42:57.163  INFO 1 --- [nio-8080-exec-4] s.g.m.sc.comp.util.HeaderPropgateFeign   : after feign interceptor process header ==> Cookie , [GATEWAYID=2170f50f-cc0f-4c2b-afad-4ec7bf3a9963]
2025-06-11 15:42:57.163  INFO 1 --- [nio-8080-exec-4] s.g.m.sc.comp.util.HeaderPropgateFeign   : after feign interceptor process header ==> x-app-req , [blue]
2025-06-11 15:42:57.163  INFO 1 --- [nio-8080-exec-4] s.g.m.sc.comp.util.HeaderPropgateFeign   : after feign interceptor process header ==> x-sc-user-token , [f2d71711814e4812879c418d28628eac]
2025-06-11 15:42:57.168  INFO 1 --- [nio-8080-exec-4] s.g.m.s.m.a.ScDefaultMonitorInterceptor  : Start executing the sg.gov.moe.sc.academic.service.impl.SubjectSetupServiceImpl.getSubjectCodes method
2025-06-11 15:42:57.168  INFO 1 --- [nio-8080-exec-4] s.g.m.sc.comp.util.HeaderPropgateFeign   : feign intercept request
2025-06-11 15:42:57.168  INFO 1 --- [nio-8080-exec-4] s.g.m.sc.comp.util.HeaderPropgateFeign   : Request URL  /sc-dbmaster-api/api/csr/config/subject-code/SUBJECTTYPE 
2025-06-11 15:42:57.168  INFO 1 --- [nio-8080-exec-4] s.g.m.sc.comp.util.HeaderPropgateFeign   : Gateway ID is present
2025-06-11 15:42:57.168  INFO 1 --- [nio-8080-exec-4] s.g.m.sc.comp.util.HeaderPropgateFeign   : x-app-request is present blue 
2025-06-11 15:42:57.168  INFO 1 --- [nio-8080-exec-4] s.g.m.sc.comp.util.HeaderPropgateFeign   : after feign interceptor process header ==> Cookie , [GATEWAYID=2170f50f-cc0f-4c2b-afad-4ec7bf3a9963]
2025-06-11 15:42:57.168  INFO 1 --- [nio-8080-exec-4] s.g.m.sc.comp.util.HeaderPropgateFeign   : after feign interceptor process header ==> x-app-req , [blue]
2025-06-11 15:42:57.168  INFO 1 --- [nio-8080-exec-4] s.g.m.sc.comp.util.HeaderPropgateFeign   : after feign interceptor process header ==> X-SC-USER-TOKEN , [f2d71711814e4812879c418d28628eac]
2025-06-11 15:42:57.173  INFO 1 --- [nio-8080-exec-4] s.g.m.s.m.a.ScDefaultMonitorInterceptor  : Stop executing the sg.gov.moe.sc.academic.service.impl.SubjectSetupServiceImpl.getSubjectCodes method
2025-06-11 15:42:59.684  INFO 1 --- [nio-8080-exec-7] s.g.m.sc.comp.util.HeaderPropgateFeign   : feign intercept request
2025-06-11 15:42:59.684  INFO 1 --- [nio-8080-exec-7] s.g.m.sc.comp.util.HeaderPropgateFeign   : Request URL  /sc-auth/api/user-info 
2025-06-11 15:42:59.684  INFO 1 --- [nio-8080-exec-7] s.g.m.sc.comp.util.HeaderPropgateFeign   : Gateway ID is present
2025-06-11 15:42:59.684  INFO 1 --- [nio-8080-exec-7] s.g.m.sc.comp.util.HeaderPropgateFeign   : x-app-request is present blue 
2025-06-11 15:42:59.684  INFO 1 --- [nio-8080-exec-7] s.g.m.sc.comp.util.HeaderPropgateFeign   : after feign interceptor process header ==> Cookie , [GATEWAYID=2170f50f-cc0f-4c2b-afad-4ec7bf3a9963]
2025-06-11 15:42:59.684  INFO 1 --- [nio-8080-exec-7] s.g.m.sc.comp.util.HeaderPropgateFeign   : after feign interceptor process header ==> x-app-req , [blue]
2025-06-11 15:42:59.684  INFO 1 --- [nio-8080-exec-7] s.g.m.sc.comp.util.HeaderPropgateFeign   : after feign interceptor process header ==> x-sc-user-token , [f2d71711814e4812879c418d28628eac]
2025-06-11 15:42:59.685  INFO 1 --- [nio-8080-exec-1] s.g.m.sc.comp.util.HeaderPropgateFeign   : feign intercept request
2025-06-11 15:42:59.685  INFO 1 --- [nio-8080-exec-1] s.g.m.sc.comp.util.HeaderPropgateFeign   : Request URL  /sc-auth/api/user-info 
2025-06-11 15:42:59.685  INFO 1 --- [nio-8080-exec-1] s.g.m.sc.comp.util.HeaderPropgateFeign   : Gateway ID is present
2025-06-11 15:42:59.685  INFO 1 --- [nio-8080-exec-1] s.g.m.sc.comp.util.HeaderPropgateFeign   : x-app-request is present blue 
2025-06-11 15:42:59.685  INFO 1 --- [nio-8080-exec-1] s.g.m.sc.comp.util.HeaderPropgateFeign   : after feign interceptor process header ==> Cookie , [GATEWAYID=2170f50f-cc0f-4c2b-afad-4ec7bf3a9963]
2025-06-11 15:42:59.685  INFO 1 --- [nio-8080-exec-1] s.g.m.sc.comp.util.HeaderPropgateFeign   : after feign interceptor process header ==> x-app-req , [blue]
2025-06-11 15:42:59.685  INFO 1 --- [nio-8080-exec-1] s.g.m.sc.comp.util.HeaderPropgateFeign   : after feign interceptor process header ==> x-sc-user-token , [f2d71711814e4812879c418d28628eac]
2025-06-11 15:42:59.686  INFO 1 --- [nio-8080-exec-5] s.g.m.sc.comp.util.HeaderPropgateFeign   : feign intercept request
2025-06-11 15:42:59.686  INFO 1 --- [nio-8080-exec-5] s.g.m.sc.comp.util.HeaderPropgateFeign   : Request URL  /sc-auth/api/user-info 
2025-06-11 15:42:59.686  INFO 1 --- [nio-8080-exec-5] s.g.m.sc.comp.util.HeaderPropgateFeign   : Gateway ID is present
2025-06-11 15:42:59.686  INFO 1 --- [nio-8080-exec-5] s.g.m.sc.comp.util.HeaderPropgateFeign   : x-app-request is present blue 
2025-06-11 15:42:59.686  INFO 1 --- [nio-8080-exec-5] s.g.m.sc.comp.util.HeaderPropgateFeign   : after feign interceptor process header ==> Cookie , [GATEWAYID=2170f50f-cc0f-4c2b-afad-4ec7bf3a9963]
2025-06-11 15:42:59.686  INFO 1 --- [nio-8080-exec-5] s.g.m.sc.comp.util.HeaderPropgateFeign   : after feign interceptor process header ==> x-app-req , [blue]
2025-06-11 15:42:59.686  INFO 1 --- [nio-8080-exec-5] s.g.m.sc.comp.util.HeaderPropgateFeign   : after feign interceptor process header ==> x-sc-user-token , [f2d71711814e4812879c418d28628eac]
2025-06-11 15:42:59.689  INFO 1 --- [nio-8080-exec-7] s.g.m.s.m.a.ScDefaultMonitorInterceptor  : Start executing the sg.gov.moe.sc.academic.service.impl.CommonServiceImpl.getParticularSubjectLevel method
2025-06-11 15:42:59.689  INFO 1 --- [nio-8080-exec-7] s.g.m.sc.comp.util.HeaderPropgateFeign   : feign intercept request
2025-06-11 15:42:59.689  INFO 1 --- [nio-8080-exec-7] s.g.m.sc.comp.util.HeaderPropgateFeign   : Request URL  /sc-dbmaster-api/api/csr/config/code-detail/particular-subject-level/41/0 
2025-06-11 15:42:59.689  INFO 1 --- [nio-8080-exec-7] s.g.m.sc.comp.util.HeaderPropgateFeign   : Gateway ID is present
2025-06-11 15:42:59.689  INFO 1 --- [nio-8080-exec-7] s.g.m.sc.comp.util.HeaderPropgateFeign   : x-app-request is present blue 
2025-06-11 15:42:59.690  INFO 1 --- [nio-8080-exec-7] s.g.m.sc.comp.util.HeaderPropgateFeign   : after feign interceptor process header ==> Cookie , [GATEWAYID=2170f50f-cc0f-4c2b-afad-4ec7bf3a9963]
2025-06-11 15:42:59.690  INFO 1 --- [nio-8080-exec-7] s.g.m.sc.comp.util.HeaderPropgateFeign   : after feign interceptor process header ==> x-app-req , [blue]
2025-06-11 15:42:59.690  INFO 1 --- [nio-8080-exec-7] s.g.m.sc.comp.util.HeaderPropgateFeign   : after feign interceptor process header ==> X-SC-USER-TOKEN , [f2d71711814e4812879c418d28628eac]
2025-06-11 15:42:59.690  INFO 1 --- [nio-8080-exec-1] s.g.m.s.m.a.ScDefaultMonitorInterceptor  : Start executing the sg.gov.moe.sc.academic.service.impl.SubjectSetupServiceImpl.getGradingSchemeList method
2025-06-11 15:42:59.690  INFO 1 --- [nio-8080-exec-1] s.g.m.sc.comp.util.HeaderPropgateFeign   : feign intercept request
2025-06-11 15:42:59.690  INFO 1 --- [nio-8080-exec-5] s.g.m.s.m.a.ScDefaultMonitorInterceptor  : Start executing the sg.gov.moe.sc.academic.service.impl.SubjectSetupServiceImpl.getGradingSchemeListWithEquivalentAndPass method
2025-06-11 15:42:59.690  INFO 1 --- [nio-8080-exec-1] s.g.m.sc.comp.util.HeaderPropgateFeign   : Request URL  /sc-dbmaster-api/api/csr/config/subject-code/GRADINGSCHEME 
2025-06-11 15:42:59.690  INFO 1 --- [nio-8080-exec-1] s.g.m.sc.comp.util.HeaderPropgateFeign   : Gateway ID is present
2025-06-11 15:42:59.690  INFO 1 --- [nio-8080-exec-1] s.g.m.sc.comp.util.HeaderPropgateFeign   : x-app-request is present blue 
2025-06-11 15:42:59.690  INFO 1 --- [nio-8080-exec-5] s.g.m.sc.comp.util.HeaderPropgateFeign   : feign intercept request
2025-06-11 15:42:59.690  INFO 1 --- [nio-8080-exec-1] s.g.m.sc.comp.util.HeaderPropgateFeign   : after feign interceptor process header ==> Cookie , [GATEWAYID=2170f50f-cc0f-4c2b-afad-4ec7bf3a9963]
2025-06-11 15:42:59.690  INFO 1 --- [nio-8080-exec-5] s.g.m.sc.comp.util.HeaderPropgateFeign   : Request URL  /sc-dbmaster-api/api/csr/config/subject-code/GRADINGSCHEME 
2025-06-11 15:42:59.690  INFO 1 --- [nio-8080-exec-1] s.g.m.sc.comp.util.HeaderPropgateFeign   : after feign interceptor process header ==> x-app-req , [blue]
2025-06-11 15:42:59.690  INFO 1 --- [nio-8080-exec-5] s.g.m.sc.comp.util.HeaderPropgateFeign   : Gateway ID is present
2025-06-11 15:42:59.690  INFO 1 --- [nio-8080-exec-1] s.g.m.sc.comp.util.HeaderPropgateFeign   : after feign interceptor process header ==> X-SC-USER-TOKEN , [f2d71711814e4812879c418d28628eac]
2025-06-11 15:42:59.690  INFO 1 --- [nio-8080-exec-5] s.g.m.sc.comp.util.HeaderPropgateFeign   : x-app-request is present blue 
2025-06-11 15:42:59.690  INFO 1 --- [nio-8080-exec-5] s.g.m.sc.comp.util.HeaderPropgateFeign   : after feign interceptor process header ==> Cookie , [GATEWAYID=2170f50f-cc0f-4c2b-afad-4ec7bf3a9963]
2025-06-11 15:42:59.690  INFO 1 --- [nio-8080-exec-5] s.g.m.sc.comp.util.HeaderPropgateFeign   : after feign interceptor process header ==> x-app-req , [blue]
2025-06-11 15:42:59.690  INFO 1 --- [nio-8080-exec-5] s.g.m.sc.comp.util.HeaderPropgateFeign   : after feign interceptor process header ==> X-SC-USER-TOKEN , [f2d71711814e4812879c418d28628eac]
2025-06-11 15:42:59.696  INFO 1 --- [nio-8080-exec-7] s.g.m.s.m.a.ScDefaultMonitorInterceptor  : Stop executing the sg.gov.moe.sc.academic.service.impl.CommonServiceImpl.getParticularSubjectLevel method
2025-06-11 15:42:59.701  INFO 1 --- [nio-8080-exec-5] s.g.m.s.m.a.ScDefaultMonitorInterceptor  : Stop executing the sg.gov.moe.sc.academic.service.impl.SubjectSetupServiceImpl.getGradingSchemeListWithEquivalentAndPass method
2025-06-11 15:42:59.705  INFO 1 --- [nio-8080-exec-1] s.g.m.s.m.a.ScDefaultMonitorInterceptor  : Stop executing the sg.gov.moe.sc.academic.service.impl.SubjectSetupServiceImpl.getGradingSchemeList method
2025-06-11 15:42:59.807  INFO 1 --- [nio-8080-exec-9] s.g.m.sc.comp.util.HeaderPropgateFeign   : feign intercept request
2025-06-11 15:42:59.807  INFO 1 --- [nio-8080-exec-9] s.g.m.sc.comp.util.HeaderPropgateFeign   : Request URL  /sc-auth/api/user-info 
2025-06-11 15:42:59.807  INFO 1 --- [nio-8080-exec-9] s.g.m.sc.comp.util.HeaderPropgateFeign   : Gateway ID is present
2025-06-11 15:42:59.807  INFO 1 --- [nio-8080-exec-9] s.g.m.sc.comp.util.HeaderPropgateFeign   : x-app-request is present blue 
2025-06-11 15:42:59.807  INFO 1 --- [nio-8080-exec-9] s.g.m.sc.comp.util.HeaderPropgateFeign   : after feign interceptor process header ==> Cookie , [GATEWAYID=2170f50f-cc0f-4c2b-afad-4ec7bf3a9963]
2025-06-11 15:42:59.807  INFO 1 --- [nio-8080-exec-9] s.g.m.sc.comp.util.HeaderPropgateFeign   : after feign interceptor process header ==> x-app-req , [blue]
2025-06-11 15:42:59.807  INFO 1 --- [nio-8080-exec-2] s.g.m.sc.comp.util.HeaderPropgateFeign   : feign intercept request
2025-06-11 15:42:59.807  INFO 1 --- [nio-8080-exec-9] s.g.m.sc.comp.util.HeaderPropgateFeign   : after feign interceptor process header ==> x-sc-user-token , [f2d71711814e4812879c418d28628eac]
2025-06-11 15:42:59.807  INFO 1 --- [nio-8080-exec-2] s.g.m.sc.comp.util.HeaderPropgateFeign   : Request URL  /sc-auth/api/user-info 
2025-06-11 15:42:59.808  INFO 1 --- [nio-8080-exec-2] s.g.m.sc.comp.util.HeaderPropgateFeign   : Gateway ID is present
2025-06-11 15:42:59.808  INFO 1 --- [nio-8080-exec-2] s.g.m.sc.comp.util.HeaderPropgateFeign   : x-app-request is present blue 
2025-06-11 15:42:59.808  INFO 1 --- [nio-8080-exec-2] s.g.m.sc.comp.util.HeaderPropgateFeign   : after feign interceptor process header ==> Cookie , [GATEWAYID=2170f50f-cc0f-4c2b-afad-4ec7bf3a9963]
2025-06-11 15:42:59.808  INFO 1 --- [nio-8080-exec-2] s.g.m.sc.comp.util.HeaderPropgateFeign   : after feign interceptor process header ==> x-app-req , [blue]
2025-06-11 15:42:59.808  INFO 1 --- [nio-8080-exec-2] s.g.m.sc.comp.util.HeaderPropgateFeign   : after feign interceptor process header ==> x-sc-user-token , [f2d71711814e4812879c418d28628eac]
2025-06-11 15:42:59.808  INFO 1 --- [nio-8080-exec-6] s.g.m.sc.comp.util.HeaderPropgateFeign   : feign intercept request
2025-06-11 15:42:59.808  INFO 1 --- [nio-8080-exec-6] s.g.m.sc.comp.util.HeaderPropgateFeign   : Request URL  /sc-auth/api/user-info 
2025-06-11 15:42:59.808  INFO 1 --- [nio-8080-exec-6] s.g.m.sc.comp.util.HeaderPropgateFeign   : Gateway ID is present
2025-06-11 15:42:59.808  INFO 1 --- [nio-8080-exec-6] s.g.m.sc.comp.util.HeaderPropgateFeign   : x-app-request is present blue 
2025-06-11 15:42:59.808  INFO 1 --- [nio-8080-exec-6] s.g.m.sc.comp.util.HeaderPropgateFeign   : after feign interceptor process header ==> Cookie , [GATEWAYID=2170f50f-cc0f-4c2b-afad-4ec7bf3a9963]
2025-06-11 15:42:59.808  INFO 1 --- [nio-8080-exec-6] s.g.m.sc.comp.util.HeaderPropgateFeign   : after feign interceptor process header ==> x-app-req , [blue]
2025-06-11 15:42:59.808  INFO 1 --- [nio-8080-exec-6] s.g.m.sc.comp.util.HeaderPropgateFeign   : after feign interceptor process header ==> x-sc-user-token , [f2d71711814e4812879c418d28628eac]
2025-06-11 15:42:59.813  INFO 1 --- [nio-8080-exec-6] s.g.m.s.m.a.ScDefaultMonitorInterceptor  : Start executing the sg.gov.moe.sc.academic.service.impl.SubjectSetupServiceImpl.enableToEdit method
2025-06-11 15:42:59.813  INFO 1 --- [nio-8080-exec-9] s.g.m.s.m.a.ScDefaultMonitorInterceptor  : Start executing the sg.gov.moe.sc.academic.service.impl.SubjectSetupServiceImpl.checkIPOrSISSchool method
2025-06-11 15:42:59.813  INFO 1 --- [nio-8080-exec-2] s.g.m.s.m.a.ScDefaultMonitorInterceptor  : Start executing the sg.gov.moe.sc.academic.service.impl.SubjectSetupServiceImpl.getSubjectsSummary method
2025-06-11 15:42:59.813  INFO 1 --- [nio-8080-exec-6] s.g.m.sc.comp.util.HeaderPropgateFeign   : feign intercept request
2025-06-11 15:42:59.813  INFO 1 --- [nio-8080-exec-9] s.g.m.sc.comp.util.HeaderPropgateFeign   : feign intercept request
2025-06-11 15:42:59.813  INFO 1 --- [nio-8080-exec-2] s.g.m.sc.comp.util.HeaderPropgateFeign   : feign intercept request
2025-06-11 15:42:59.813  INFO 1 --- [nio-8080-exec-6] s.g.m.sc.comp.util.HeaderPropgateFeign   : Request URL  /sc-dbmaster-api/api/csr/school/confirm/2302/2025/41 
2025-06-11 15:42:59.813  INFO 1 --- [nio-8080-exec-2] s.g.m.sc.comp.util.HeaderPropgateFeign   : Request URL  /sc-dbmaster-api/api/csr/config/code-detail/AL_GRADINGSCHEME 
2025-06-11 15:42:59.813  INFO 1 --- [nio-8080-exec-9] s.g.m.sc.comp.util.HeaderPropgateFeign   : Request URL  /sc-dbmaster-api/api/csr/school/ss-sis-check/2302 
2025-06-11 15:42:59.813  INFO 1 --- [nio-8080-exec-8] s.g.m.sc.comp.util.HeaderPropgateFeign   : feign intercept request
2025-06-11 15:42:59.813  INFO 1 --- [nio-8080-exec-9] s.g.m.sc.comp.util.HeaderPropgateFeign   : Gateway ID is present
2025-06-11 15:42:59.813  INFO 1 --- [nio-8080-exec-2] s.g.m.sc.comp.util.HeaderPropgateFeign   : Gateway ID is present
2025-06-11 15:42:59.813  INFO 1 --- [nio-8080-exec-6] s.g.m.sc.comp.util.HeaderPropgateFeign   : Gateway ID is present
2025-06-11 15:42:59.813  INFO 1 --- [nio-8080-exec-9] s.g.m.sc.comp.util.HeaderPropgateFeign   : x-app-request is present blue 
2025-06-11 15:42:59.813  INFO 1 --- [nio-8080-exec-2] s.g.m.sc.comp.util.HeaderPropgateFeign   : x-app-request is present blue 
2025-06-11 15:42:59.813  INFO 1 --- [nio-8080-exec-6] s.g.m.sc.comp.util.HeaderPropgateFeign   : x-app-request is present blue 
2025-06-11 15:42:59.813  INFO 1 --- [nio-8080-exec-8] s.g.m.sc.comp.util.HeaderPropgateFeign   : Request URL  /sc-auth/api/user-info 
2025-06-11 15:42:59.813  INFO 1 --- [nio-8080-exec-9] s.g.m.sc.comp.util.HeaderPropgateFeign   : after feign interceptor process header ==> Cookie , [GATEWAYID=2170f50f-cc0f-4c2b-afad-4ec7bf3a9963]
2025-06-11 15:42:59.813  INFO 1 --- [nio-8080-exec-6] s.g.m.sc.comp.util.HeaderPropgateFeign   : after feign interceptor process header ==> Cookie , [GATEWAYID=2170f50f-cc0f-4c2b-afad-4ec7bf3a9963]
2025-06-11 15:42:59.813  INFO 1 --- [nio-8080-exec-2] s.g.m.sc.comp.util.HeaderPropgateFeign   : after feign interceptor process header ==> Cookie , [GATEWAYID=2170f50f-cc0f-4c2b-afad-4ec7bf3a9963]
2025-06-11 15:42:59.813  INFO 1 --- [nio-8080-exec-6] s.g.m.sc.comp.util.HeaderPropgateFeign   : after feign interceptor process header ==> x-app-req , [blue]
2025-06-11 15:42:59.813  INFO 1 --- [nio-8080-exec-8] s.g.m.sc.comp.util.HeaderPropgateFeign   : Gateway ID is present
2025-06-11 15:42:59.813  INFO 1 --- [nio-8080-exec-9] s.g.m.sc.comp.util.HeaderPropgateFeign   : after feign interceptor process header ==> x-app-req , [blue]
2025-06-11 15:42:59.813  INFO 1 --- [nio-8080-exec-2] s.g.m.sc.comp.util.HeaderPropgateFeign   : after feign interceptor process header ==> x-app-req , [blue]
2025-06-11 15:42:59.813  INFO 1 --- [nio-8080-exec-6] s.g.m.sc.comp.util.HeaderPropgateFeign   : after feign interceptor process header ==> X-SC-USER-TOKEN , [f2d71711814e4812879c418d28628eac]
2025-06-11 15:42:59.813  INFO 1 --- [nio-8080-exec-2] s.g.m.sc.comp.util.HeaderPropgateFeign   : after feign interceptor process header ==> X-SC-USER-TOKEN , [f2d71711814e4812879c418d28628eac]
2025-06-11 15:42:59.813  INFO 1 --- [nio-8080-exec-8] s.g.m.sc.comp.util.HeaderPropgateFeign   : x-app-request is present blue 
2025-06-11 15:42:59.813  INFO 1 --- [nio-8080-exec-9] s.g.m.sc.comp.util.HeaderPropgateFeign   : after feign interceptor process header ==> X-SC-USER-TOKEN , [f2d71711814e4812879c418d28628eac]
2025-06-11 15:42:59.813  INFO 1 --- [nio-8080-exec-8] s.g.m.sc.comp.util.HeaderPropgateFeign   : after feign interceptor process header ==> Cookie , [GATEWAYID=2170f50f-cc0f-4c2b-afad-4ec7bf3a9963]
2025-06-11 15:42:59.813  INFO 1 --- [nio-8080-exec-8] s.g.m.sc.comp.util.HeaderPropgateFeign   : after feign interceptor process header ==> x-app-req , [blue]
2025-06-11 15:42:59.813  INFO 1 --- [nio-8080-exec-8] s.g.m.sc.comp.util.HeaderPropgateFeign   : after feign interceptor process header ==> x-sc-user-token , [f2d71711814e4812879c418d28628eac]
2025-06-11 15:42:59.815  INFO 1 --- [io-8080-exec-10] s.g.m.sc.comp.util.HeaderPropgateFeign   : feign intercept request
2025-06-11 15:42:59.815  INFO 1 --- [io-8080-exec-10] s.g.m.sc.comp.util.HeaderPropgateFeign   : Request URL  /sc-auth/api/user-info 
2025-06-11 15:42:59.815  INFO 1 --- [io-8080-exec-10] s.g.m.sc.comp.util.HeaderPropgateFeign   : Gateway ID is present
2025-06-11 15:42:59.815  INFO 1 --- [io-8080-exec-10] s.g.m.sc.comp.util.HeaderPropgateFeign   : x-app-request is present blue 
2025-06-11 15:42:59.815  INFO 1 --- [io-8080-exec-10] s.g.m.sc.comp.util.HeaderPropgateFeign   : after feign interceptor process header ==> Cookie , [GATEWAYID=2170f50f-cc0f-4c2b-afad-4ec7bf3a9963]
2025-06-11 15:42:59.815  INFO 1 --- [io-8080-exec-10] s.g.m.sc.comp.util.HeaderPropgateFeign   : after feign interceptor process header ==> x-app-req , [blue]
2025-06-11 15:42:59.815  INFO 1 --- [io-8080-exec-10] s.g.m.sc.comp.util.HeaderPropgateFeign   : after feign interceptor process header ==> x-sc-user-token , [f2d71711814e4812879c418d28628eac]
2025-06-11 15:42:59.817  INFO 1 --- [nio-8080-exec-8] s.g.m.s.m.a.ScDefaultMonitorInterceptor  : Start executing the sg.gov.moe.sc.academic.service.impl.SubjectSetupServiceImpl.getSchSubjects method
2025-06-11 15:42:59.818  INFO 1 --- [nio-8080-exec-9] s.g.m.s.m.a.ScDefaultMonitorInterceptor  : Stop executing the sg.gov.moe.sc.academic.service.impl.SubjectSetupServiceImpl.checkIPOrSISSchool method
2025-06-11 15:42:59.819  INFO 1 --- [nio-8080-exec-6] s.g.m.s.m.a.ScDefaultMonitorInterceptor  : Stop executing the sg.gov.moe.sc.academic.service.impl.SubjectSetupServiceImpl.enableToEdit method
2025-06-11 15:42:59.819  INFO 1 --- [io-8080-exec-10] s.g.m.s.m.a.ScDefaultMonitorInterceptor  : Start executing the sg.gov.moe.sc.academic.service.impl.SubjectSetupServiceImpl.getConfirmResultLevelList method
2025-06-11 15:42:59.820  INFO 1 --- [io-8080-exec-10] s.g.m.sc.comp.util.HeaderPropgateFeign   : feign intercept request
2025-06-11 15:42:59.820  INFO 1 --- [io-8080-exec-10] s.g.m.sc.comp.util.HeaderPropgateFeign   : Request URL  /sc-dbmaster-api/api/csr/school/confirm/2302/2025 
2025-06-11 15:42:59.820  INFO 1 --- [io-8080-exec-10] s.g.m.sc.comp.util.HeaderPropgateFeign   : Gateway ID is present
2025-06-11 15:42:59.820  INFO 1 --- [io-8080-exec-10] s.g.m.sc.comp.util.HeaderPropgateFeign   : x-app-request is present blue 
2025-06-11 15:42:59.820  INFO 1 --- [io-8080-exec-10] s.g.m.sc.comp.util.HeaderPropgateFeign   : after feign interceptor process header ==> Cookie , [GATEWAYID=2170f50f-cc0f-4c2b-afad-4ec7bf3a9963]
2025-06-11 15:42:59.820  INFO 1 --- [io-8080-exec-10] s.g.m.sc.comp.util.HeaderPropgateFeign   : after feign interceptor process header ==> x-app-req , [blue]
2025-06-11 15:42:59.820  INFO 1 --- [io-8080-exec-10] s.g.m.sc.comp.util.HeaderPropgateFeign   : after feign interceptor process header ==> X-SC-USER-TOKEN , [f2d71711814e4812879c418d28628eac]
2025-06-11 15:42:59.821  INFO 1 --- [nio-8080-exec-8] s.g.m.s.m.a.ScDefaultMonitorInterceptor  : Stop executing the sg.gov.moe.sc.academic.service.impl.SubjectSetupServiceImpl.getSchSubjects method
2025-06-11 15:42:59.824  INFO 1 --- [io-8080-exec-10] s.g.m.s.m.a.ScDefaultMonitorInterceptor  : Stop executing the sg.gov.moe.sc.academic.service.impl.SubjectSetupServiceImpl.getConfirmResultLevelList method
2025-06-11 15:42:59.828  INFO 1 --- [nio-8080-exec-2] s.g.m.sc.comp.util.HeaderPropgateFeign   : feign intercept request
2025-06-11 15:42:59.828  INFO 1 --- [nio-8080-exec-2] s.g.m.sc.comp.util.HeaderPropgateFeign   : Request URL  /sc-dbmaster-api/api/csr/config/subject-code/GRADINGSCHEME 
2025-06-11 15:42:59.828  INFO 1 --- [nio-8080-exec-2] s.g.m.sc.comp.util.HeaderPropgateFeign   : Gateway ID is present
2025-06-11 15:42:59.828  INFO 1 --- [nio-8080-exec-2] s.g.m.sc.comp.util.HeaderPropgateFeign   : x-app-request is present blue 
2025-06-11 15:42:59.828  INFO 1 --- [nio-8080-exec-2] s.g.m.sc.comp.util.HeaderPropgateFeign   : after feign interceptor process header ==> Cookie , [GATEWAYID=2170f50f-cc0f-4c2b-afad-4ec7bf3a9963]
2025-06-11 15:42:59.828  INFO 1 --- [nio-8080-exec-2] s.g.m.sc.comp.util.HeaderPropgateFeign   : after feign interceptor process header ==> x-app-req , [blue]
2025-06-11 15:42:59.828  INFO 1 --- [nio-8080-exec-2] s.g.m.sc.comp.util.HeaderPropgateFeign   : after feign interceptor process header ==> X-SC-USER-TOKEN , [f2d71711814e4812879c418d28628eac]
2025-06-11 15:42:59.859  INFO 1 --- [nio-8080-exec-2] s.g.m.s.m.a.ScDefaultMonitorInterceptor  : Stop executing the sg.gov.moe.sc.academic.service.impl.SubjectSetupServiceImpl.getSubjectsSummary method
2025-06-11 15:46:03.563  INFO 1 --- [nio-8080-exec-7] s.g.m.sc.comp.util.HeaderPropgateFeign   : feign intercept request
2025-06-11 15:46:03.563  INFO 1 --- [nio-8080-exec-7] s.g.m.sc.comp.util.HeaderPropgateFeign   : Request URL  /sc-auth/api/user-info 
2025-06-11 15:46:03.563  INFO 1 --- [nio-8080-exec-7] s.g.m.sc.comp.util.HeaderPropgateFeign   : Gateway ID is present
2025-06-11 15:46:03.563  INFO 1 --- [nio-8080-exec-7] s.g.m.sc.comp.util.HeaderPropgateFeign   : x-app-request is present blue 
2025-06-11 15:46:03.563  INFO 1 --- [nio-8080-exec-1] s.g.m.sc.comp.util.HeaderPropgateFeign   : feign intercept request
2025-06-11 15:46:03.563  INFO 1 --- [nio-8080-exec-7] s.g.m.sc.comp.util.HeaderPropgateFeign   : after feign interceptor process header ==> Cookie , [GATEWAYID=2170f50f-cc0f-4c2b-afad-4ec7bf3a9963]
2025-06-11 15:46:03.563  INFO 1 --- [nio-8080-exec-7] s.g.m.sc.comp.util.HeaderPropgateFeign   : after feign interceptor process header ==> x-app-req , [blue]
2025-06-11 15:46:03.563  INFO 1 --- [nio-8080-exec-1] s.g.m.sc.comp.util.HeaderPropgateFeign   : Request URL  /sc-auth/api/user-info 
2025-06-11 15:46:03.563  INFO 1 --- [nio-8080-exec-7] s.g.m.sc.comp.util.HeaderPropgateFeign   : after feign interceptor process header ==> x-sc-user-token , [f2d71711814e4812879c418d28628eac]
2025-06-11 15:46:03.563  INFO 1 --- [nio-8080-exec-1] s.g.m.sc.comp.util.HeaderPropgateFeign   : Gateway ID is present
2025-06-11 15:46:03.563  INFO 1 --- [nio-8080-exec-1] s.g.m.sc.comp.util.HeaderPropgateFeign   : x-app-request is present blue 
2025-06-11 15:46:03.563  INFO 1 --- [nio-8080-exec-1] s.g.m.sc.comp.util.HeaderPropgateFeign   : after feign interceptor process header ==> Cookie , [GATEWAYID=2170f50f-cc0f-4c2b-afad-4ec7bf3a9963]
2025-06-11 15:46:03.563  INFO 1 --- [nio-8080-exec-1] s.g.m.sc.comp.util.HeaderPropgateFeign   : after feign interceptor process header ==> x-app-req , [blue]
2025-06-11 15:46:03.563  INFO 1 --- [nio-8080-exec-1] s.g.m.sc.comp.util.HeaderPropgateFeign   : after feign interceptor process header ==> x-sc-user-token , [f2d71711814e4812879c418d28628eac]
2025-06-11 15:46:03.564  INFO 1 --- [nio-8080-exec-9] s.g.m.sc.comp.util.HeaderPropgateFeign   : feign intercept request
2025-06-11 15:46:03.564  INFO 1 --- [nio-8080-exec-9] s.g.m.sc.comp.util.HeaderPropgateFeign   : Request URL  /sc-auth/api/user-info 
2025-06-11 15:46:03.564  INFO 1 --- [nio-8080-exec-9] s.g.m.sc.comp.util.HeaderPropgateFeign   : Gateway ID is present
2025-06-11 15:46:03.564  INFO 1 --- [nio-8080-exec-9] s.g.m.sc.comp.util.HeaderPropgateFeign   : x-app-request is present blue 
2025-06-11 15:46:03.564  INFO 1 --- [nio-8080-exec-9] s.g.m.sc.comp.util.HeaderPropgateFeign   : after feign interceptor process header ==> Cookie , [GATEWAYID=2170f50f-cc0f-4c2b-afad-4ec7bf3a9963]
2025-06-11 15:46:03.564  INFO 1 --- [nio-8080-exec-9] s.g.m.sc.comp.util.HeaderPropgateFeign   : after feign interceptor process header ==> x-app-req , [blue]
2025-06-11 15:46:03.564  INFO 1 --- [nio-8080-exec-9] s.g.m.sc.comp.util.HeaderPropgateFeign   : after feign interceptor process header ==> x-sc-user-token , [f2d71711814e4812879c418d28628eac]
2025-06-11 15:46:03.565  INFO 1 --- [nio-8080-exec-5] s.g.m.sc.comp.util.HeaderPropgateFeign   : feign intercept request
2025-06-11 15:46:03.565  INFO 1 --- [nio-8080-exec-5] s.g.m.sc.comp.util.HeaderPropgateFeign   : Request URL  /sc-auth/api/user-info 
2025-06-11 15:46:03.565  INFO 1 --- [nio-8080-exec-5] s.g.m.sc.comp.util.HeaderPropgateFeign   : Gateway ID is present
2025-06-11 15:46:03.565  INFO 1 --- [nio-8080-exec-5] s.g.m.sc.comp.util.HeaderPropgateFeign   : x-app-request is present blue 
2025-06-11 15:46:03.565  INFO 1 --- [nio-8080-exec-5] s.g.m.sc.comp.util.HeaderPropgateFeign   : after feign interceptor process header ==> Cookie , [GATEWAYID=2170f50f-cc0f-4c2b-afad-4ec7bf3a9963]
2025-06-11 15:46:03.565  INFO 1 --- [nio-8080-exec-5] s.g.m.sc.comp.util.HeaderPropgateFeign   : after feign interceptor process header ==> x-app-req , [blue]
2025-06-11 15:46:03.565  INFO 1 --- [nio-8080-exec-5] s.g.m.sc.comp.util.HeaderPropgateFeign   : after feign interceptor process header ==> x-sc-user-token , [f2d71711814e4812879c418d28628eac]
2025-06-11 15:46:03.579  INFO 1 --- [nio-8080-exec-9] s.g.m.s.m.a.ScDefaultMonitorInterceptor  : Start executing the sg.gov.moe.sc.academic.service.impl.SubjectSetupServiceImpl.getConfirmResultLevelList method
2025-06-11 15:46:03.579  INFO 1 --- [nio-8080-exec-7] s.g.m.s.m.a.ScDefaultMonitorInterceptor  : Start executing the sg.gov.moe.sc.academic.service.impl.SubjectSetupServiceImpl.checkIPOrSISSchool method
2025-06-11 15:46:03.579  INFO 1 --- [nio-8080-exec-5] s.g.m.s.m.a.ScDefaultMonitorInterceptor  : Start executing the sg.gov.moe.sc.academic.service.impl.SubjectSetupServiceImpl.enableToEdit method
2025-06-11 15:46:03.579  INFO 1 --- [nio-8080-exec-1] s.g.m.s.m.a.ScDefaultMonitorInterceptor  : Start executing the sg.gov.moe.sc.academic.service.impl.SubjectSetupServiceImpl.getSubjectsSummary method
2025-06-11 15:46:03.580  INFO 1 --- [nio-8080-exec-7] s.g.m.sc.comp.util.HeaderPropgateFeign   : feign intercept request
2025-06-11 15:46:03.580  INFO 1 --- [nio-8080-exec-5] s.g.m.sc.comp.util.HeaderPropgateFeign   : feign intercept request
2025-06-11 15:46:03.580  INFO 1 --- [nio-8080-exec-9] s.g.m.sc.comp.util.HeaderPropgateFeign   : feign intercept request
2025-06-11 15:46:03.580  INFO 1 --- [nio-8080-exec-1] s.g.m.sc.comp.util.HeaderPropgateFeign   : feign intercept request
2025-06-11 15:46:03.580  INFO 1 --- [nio-8080-exec-5] s.g.m.sc.comp.util.HeaderPropgateFeign   : Request URL  /sc-dbmaster-api/api/csr/school/confirm/2302/2025/41 
2025-06-11 15:46:03.580  INFO 1 --- [nio-8080-exec-7] s.g.m.sc.comp.util.HeaderPropgateFeign   : Request URL  /sc-dbmaster-api/api/csr/school/ss-sis-check/2302 
2025-06-11 15:46:03.580  INFO 1 --- [nio-8080-exec-9] s.g.m.sc.comp.util.HeaderPropgateFeign   : Request URL  /sc-dbmaster-api/api/csr/school/confirm/2302/2025 
2025-06-11 15:46:03.580  INFO 1 --- [nio-8080-exec-5] s.g.m.sc.comp.util.HeaderPropgateFeign   : Gateway ID is present
2025-06-11 15:46:03.580  INFO 1 --- [nio-8080-exec-7] s.g.m.sc.comp.util.HeaderPropgateFeign   : Gateway ID is present
2025-06-11 15:46:03.580  INFO 1 --- [nio-8080-exec-1] s.g.m.sc.comp.util.HeaderPropgateFeign   : Request URL  /sc-dbmaster-api/api/csr/config/code-detail/AL_GRADINGSCHEME 
2025-06-11 15:46:03.580  INFO 1 --- [nio-8080-exec-7] s.g.m.sc.comp.util.HeaderPropgateFeign   : x-app-request is present blue 
2025-06-11 15:46:03.580  INFO 1 --- [nio-8080-exec-9] s.g.m.sc.comp.util.HeaderPropgateFeign   : Gateway ID is present
2025-06-11 15:46:03.580  INFO 1 --- [nio-8080-exec-5] s.g.m.sc.comp.util.HeaderPropgateFeign   : x-app-request is present blue 
2025-06-11 15:46:03.580  INFO 1 --- [nio-8080-exec-1] s.g.m.sc.comp.util.HeaderPropgateFeign   : Gateway ID is present
2025-06-11 15:46:03.580  INFO 1 --- [nio-8080-exec-9] s.g.m.sc.comp.util.HeaderPropgateFeign   : x-app-request is present blue 
2025-06-11 15:46:03.580  INFO 1 --- [nio-8080-exec-5] s.g.m.sc.comp.util.HeaderPropgateFeign   : after feign interceptor process header ==> Cookie , [GATEWAYID=2170f50f-cc0f-4c2b-afad-4ec7bf3a9963]
2025-06-11 15:46:03.580  INFO 1 --- [nio-8080-exec-1] s.g.m.sc.comp.util.HeaderPropgateFeign   : x-app-request is present blue 
2025-06-11 15:46:03.580  INFO 1 --- [nio-8080-exec-7] s.g.m.sc.comp.util.HeaderPropgateFeign   : after feign interceptor process header ==> Cookie , [GATEWAYID=2170f50f-cc0f-4c2b-afad-4ec7bf3a9963]
2025-06-11 15:46:03.580  INFO 1 --- [nio-8080-exec-9] s.g.m.sc.comp.util.HeaderPropgateFeign   : after feign interceptor process header ==> Cookie , [GATEWAYID=2170f50f-cc0f-4c2b-afad-4ec7bf3a9963]
2025-06-11 15:46:03.580  INFO 1 --- [nio-8080-exec-5] s.g.m.sc.comp.util.HeaderPropgateFeign   : after feign interceptor process header ==> x-app-req , [blue]
2025-06-11 15:46:03.580  INFO 1 --- [nio-8080-exec-1] s.g.m.sc.comp.util.HeaderPropgateFeign   : after feign interceptor process header ==> Cookie , [GATEWAYID=2170f50f-cc0f-4c2b-afad-4ec7bf3a9963]
2025-06-11 15:46:03.580  INFO 1 --- [nio-8080-exec-9] s.g.m.sc.comp.util.HeaderPropgateFeign   : after feign interceptor process header ==> x-app-req , [blue]
2025-06-11 15:46:03.580  INFO 1 --- [nio-8080-exec-5] s.g.m.sc.comp.util.HeaderPropgateFeign   : after feign interceptor process header ==> X-SC-USER-TOKEN , [f2d71711814e4812879c418d28628eac]
2025-06-11 15:46:03.580  INFO 1 --- [nio-8080-exec-7] s.g.m.sc.comp.util.HeaderPropgateFeign   : after feign interceptor process header ==> x-app-req , [blue]
2025-06-11 15:46:03.580  INFO 1 --- [nio-8080-exec-9] s.g.m.sc.comp.util.HeaderPropgateFeign   : after feign interceptor process header ==> X-SC-USER-TOKEN , [f2d71711814e4812879c418d28628eac]
2025-06-11 15:46:03.580  INFO 1 --- [nio-8080-exec-1] s.g.m.sc.comp.util.HeaderPropgateFeign   : after feign interceptor process header ==> x-app-req , [blue]
2025-06-11 15:46:03.580  INFO 1 --- [nio-8080-exec-7] s.g.m.sc.comp.util.HeaderPropgateFeign   : after feign interceptor process header ==> X-SC-USER-TOKEN , [f2d71711814e4812879c418d28628eac]
2025-06-11 15:46:03.580  INFO 1 --- [nio-8080-exec-1] s.g.m.sc.comp.util.HeaderPropgateFeign   : after feign interceptor process header ==> X-SC-USER-TOKEN , [f2d71711814e4812879c418d28628eac]
2025-06-11 15:46:03.586  INFO 1 --- [nio-8080-exec-5] s.g.m.s.m.a.ScDefaultMonitorInterceptor  : Stop executing the sg.gov.moe.sc.academic.service.impl.SubjectSetupServiceImpl.enableToEdit method
2025-06-11 15:46:03.587  INFO 1 --- [nio-8080-exec-7] s.g.m.s.m.a.ScDefaultMonitorInterceptor  : Stop executing the sg.gov.moe.sc.academic.service.impl.SubjectSetupServiceImpl.checkIPOrSISSchool method
2025-06-11 15:46:03.589  INFO 1 --- [nio-8080-exec-9] s.g.m.s.m.a.ScDefaultMonitorInterceptor  : Stop executing the sg.gov.moe.sc.academic.service.impl.SubjectSetupServiceImpl.getConfirmResultLevelList method
2025-06-11 15:46:03.598  INFO 1 --- [nio-8080-exec-1] s.g.m.sc.comp.util.HeaderPropgateFeign   : feign intercept request
2025-06-11 15:46:03.598  INFO 1 --- [nio-8080-exec-1] s.g.m.sc.comp.util.HeaderPropgateFeign   : Request URL  /sc-dbmaster-api/api/csr/config/subject-code/GRADINGSCHEME 
2025-06-11 15:46:03.598  INFO 1 --- [nio-8080-exec-1] s.g.m.sc.comp.util.HeaderPropgateFeign   : Gateway ID is present
2025-06-11 15:46:03.598  INFO 1 --- [nio-8080-exec-1] s.g.m.sc.comp.util.HeaderPropgateFeign   : x-app-request is present blue 
2025-06-11 15:46:03.598  INFO 1 --- [nio-8080-exec-1] s.g.m.sc.comp.util.HeaderPropgateFeign   : after feign interceptor process header ==> Cookie , [GATEWAYID=2170f50f-cc0f-4c2b-afad-4ec7bf3a9963]
2025-06-11 15:46:03.598  INFO 1 --- [nio-8080-exec-1] s.g.m.sc.comp.util.HeaderPropgateFeign   : after feign interceptor process header ==> x-app-req , [blue]
2025-06-11 15:46:03.598  INFO 1 --- [nio-8080-exec-1] s.g.m.sc.comp.util.HeaderPropgateFeign   : after feign interceptor process header ==> X-SC-USER-TOKEN , [f2d71711814e4812879c418d28628eac]
2025-06-11 15:46:03.601  INFO 1 --- [nio-8080-exec-8] s.g.m.sc.comp.util.HeaderPropgateFeign   : feign intercept request
2025-06-11 15:46:03.602  INFO 1 --- [nio-8080-exec-8] s.g.m.sc.comp.util.HeaderPropgateFeign   : Request URL  /sc-auth/api/user-info 
2025-06-11 15:46:03.602  INFO 1 --- [nio-8080-exec-8] s.g.m.sc.comp.util.HeaderPropgateFeign   : Gateway ID is present
2025-06-11 15:46:03.602  INFO 1 --- [nio-8080-exec-8] s.g.m.sc.comp.util.HeaderPropgateFeign   : x-app-request is present blue 
2025-06-11 15:46:03.602  INFO 1 --- [nio-8080-exec-8] s.g.m.sc.comp.util.HeaderPropgateFeign   : after feign interceptor process header ==> Cookie , [GATEWAYID=2170f50f-cc0f-4c2b-afad-4ec7bf3a9963]
2025-06-11 15:46:03.602  INFO 1 --- [nio-8080-exec-8] s.g.m.sc.comp.util.HeaderPropgateFeign   : after feign interceptor process header ==> x-app-req , [blue]
2025-06-11 15:46:03.602  INFO 1 --- [nio-8080-exec-8] s.g.m.sc.comp.util.HeaderPropgateFeign   : after feign interceptor process header ==> x-sc-user-token , [f2d71711814e4812879c418d28628eac]
2025-06-11 15:46:03.607  INFO 1 --- [nio-8080-exec-8] s.g.m.s.m.a.ScDefaultMonitorInterceptor  : Start executing the sg.gov.moe.sc.academic.service.impl.SubjectSetupServiceImpl.getSchSubjects method
2025-06-11 15:46:03.626  INFO 1 --- [nio-8080-exec-8] s.g.m.s.m.a.ScDefaultMonitorInterceptor  : Stop executing the sg.gov.moe.sc.academic.service.impl.SubjectSetupServiceImpl.getSchSubjects method
2025-06-11 15:46:03.654  INFO 1 --- [nio-8080-exec-1] s.g.m.s.m.a.ScDefaultMonitorInterceptor  : Stop executing the sg.gov.moe.sc.academic.service.impl.SubjectSetupServiceImpl.getSubjectsSummary method
2025-06-11 15:48:04.677  INFO 1 --- [nio-8080-exec-8] s.g.m.sc.comp.util.HeaderPropgateFeign   : feign intercept request
2025-06-11 15:48:04.677  INFO 1 --- [nio-8080-exec-8] s.g.m.sc.comp.util.HeaderPropgateFeign   : Request URL  /sc-auth/api/user-info 
2025-06-11 15:48:04.677  INFO 1 --- [nio-8080-exec-8] s.g.m.sc.comp.util.HeaderPropgateFeign   : Gateway ID is present
2025-06-11 15:48:04.677  INFO 1 --- [nio-8080-exec-8] s.g.m.sc.comp.util.HeaderPropgateFeign   : x-app-request is present blue 
2025-06-11 15:48:04.677  INFO 1 --- [nio-8080-exec-8] s.g.m.sc.comp.util.HeaderPropgateFeign   : after feign interceptor process header ==> Cookie , [GATEWAYID=2170f50f-cc0f-4c2b-afad-4ec7bf3a9963]
2025-06-11 15:48:04.677  INFO 1 --- [nio-8080-exec-8] s.g.m.sc.comp.util.HeaderPropgateFeign   : after feign interceptor process header ==> x-app-req , [blue]
2025-06-11 15:48:04.677  INFO 1 --- [nio-8080-exec-8] s.g.m.sc.comp.util.HeaderPropgateFeign   : after feign interceptor process header ==> x-sc-user-token , [f2d71711814e4812879c418d28628eac]
2025-06-11 15:48:04.683  INFO 1 --- [nio-8080-exec-8] s.g.m.s.m.a.ScDefaultMonitorInterceptor  : Start executing the sg.gov.moe.sc.academic.service.impl.AssessmentFrameworkServiceImpl.getConfirmResultLevelList method
2025-06-11 15:48:04.684  INFO 1 --- [nio-8080-exec-8] s.g.m.sc.comp.util.HeaderPropgateFeign   : feign intercept request
2025-06-11 15:48:04.684  INFO 1 --- [nio-8080-exec-8] s.g.m.sc.comp.util.HeaderPropgateFeign   : Request URL  /sc-dbmaster-api/api/csr/school/confirm/2302/2025 
2025-06-11 15:48:04.684  INFO 1 --- [nio-8080-exec-8] s.g.m.sc.comp.util.HeaderPropgateFeign   : Gateway ID is present
2025-06-11 15:48:04.684  INFO 1 --- [nio-8080-exec-8] s.g.m.sc.comp.util.HeaderPropgateFeign   : x-app-request is present blue 
2025-06-11 15:48:04.684  INFO 1 --- [nio-8080-exec-8] s.g.m.sc.comp.util.HeaderPropgateFeign   : after feign interceptor process header ==> Cookie , [GATEWAYID=2170f50f-cc0f-4c2b-afad-4ec7bf3a9963]
2025-06-11 15:48:04.684  INFO 1 --- [nio-8080-exec-8] s.g.m.sc.comp.util.HeaderPropgateFeign   : after feign interceptor process header ==> x-app-req , [blue]
2025-06-11 15:48:04.684  INFO 1 --- [nio-8080-exec-8] s.g.m.sc.comp.util.HeaderPropgateFeign   : after feign interceptor process header ==> X-SC-USER-TOKEN , [f2d71711814e4812879c418d28628eac]
2025-06-11 15:48:04.690  INFO 1 --- [nio-8080-exec-8] s.g.m.s.m.a.ScDefaultMonitorInterceptor  : Stop executing the sg.gov.moe.sc.academic.service.impl.AssessmentFrameworkServiceImpl.getConfirmResultLevelList method
2025-06-11 15:48:04.723  INFO 1 --- [nio-8080-exec-1] s.g.m.sc.comp.util.HeaderPropgateFeign   : feign intercept request
2025-06-11 15:48:04.723  INFO 1 --- [nio-8080-exec-1] s.g.m.sc.comp.util.HeaderPropgateFeign   : Request URL  /sc-auth/api/user-info 
2025-06-11 15:48:04.724  INFO 1 --- [nio-8080-exec-1] s.g.m.sc.comp.util.HeaderPropgateFeign   : Gateway ID is present
2025-06-11 15:48:04.724  INFO 1 --- [nio-8080-exec-1] s.g.m.sc.comp.util.HeaderPropgateFeign   : x-app-request is present blue 
2025-06-11 15:48:04.724  INFO 1 --- [nio-8080-exec-1] s.g.m.sc.comp.util.HeaderPropgateFeign   : after feign interceptor process header ==> Cookie , [GATEWAYID=2170f50f-cc0f-4c2b-afad-4ec7bf3a9963]
2025-06-11 15:48:04.724  INFO 1 --- [nio-8080-exec-1] s.g.m.sc.comp.util.HeaderPropgateFeign   : after feign interceptor process header ==> x-app-req , [blue]
2025-06-11 15:48:04.724  INFO 1 --- [nio-8080-exec-1] s.g.m.sc.comp.util.HeaderPropgateFeign   : after feign interceptor process header ==> x-sc-user-token , [f2d71711814e4812879c418d28628eac]
2025-06-11 15:48:04.729  INFO 1 --- [nio-8080-exec-1] s.g.m.s.m.a.ScDefaultMonitorInterceptor  : Start executing the sg.gov.moe.sc.academic.service.impl.SubjectSetupServiceImpl.getComponentsSetUpDetail method
2025-06-11 15:48:04.756  INFO 1 --- [nio-8080-exec-1] s.g.m.s.m.a.ScDefaultMonitorInterceptor  : Start executing the sg.gov.moe.sc.academic.service.impl.AssessmentFrameworkServiceImpl.getAssessmentTypeCodeDetail method
2025-06-11 15:48:04.756  INFO 1 --- [nio-8080-exec-1] s.g.m.sc.comp.util.HeaderPropgateFeign   : feign intercept request
2025-06-11 15:48:04.756  INFO 1 --- [nio-8080-exec-1] s.g.m.sc.comp.util.HeaderPropgateFeign   : Request URL  /sc-dbmaster-api/api/csr/config/code-detail/accessment-type/41/0 
2025-06-11 15:48:04.756  INFO 1 --- [nio-8080-exec-1] s.g.m.sc.comp.util.HeaderPropgateFeign   : Gateway ID is present
2025-06-11 15:48:04.756  INFO 1 --- [nio-8080-exec-1] s.g.m.sc.comp.util.HeaderPropgateFeign   : x-app-request is present blue 
2025-06-11 15:48:04.756  INFO 1 --- [nio-8080-exec-1] s.g.m.sc.comp.util.HeaderPropgateFeign   : after feign interceptor process header ==> Cookie , [GATEWAYID=2170f50f-cc0f-4c2b-afad-4ec7bf3a9963]
2025-06-11 15:48:04.756  INFO 1 --- [nio-8080-exec-1] s.g.m.sc.comp.util.HeaderPropgateFeign   : after feign interceptor process header ==> x-app-req , [blue]
2025-06-11 15:48:04.756  INFO 1 --- [nio-8080-exec-1] s.g.m.sc.comp.util.HeaderPropgateFeign   : after feign interceptor process header ==> X-SC-USER-TOKEN , [f2d71711814e4812879c418d28628eac]
2025-06-11 15:48:04.762  INFO 1 --- [nio-8080-exec-1] s.g.m.s.m.a.ScDefaultMonitorInterceptor  : Stop executing the sg.gov.moe.sc.academic.service.impl.AssessmentFrameworkServiceImpl.getAssessmentTypeCodeDetail method
2025-06-11 15:48:04.763  INFO 1 --- [nio-8080-exec-1] s.g.m.s.m.a.ScDefaultMonitorInterceptor  : Stop executing the sg.gov.moe.sc.academic.service.impl.SubjectSetupServiceImpl.getComponentsSetUpDetail method
2025-06-11 15:49:13.766  INFO 1 --- [nio-8080-exec-6] s.g.m.sc.comp.util.HeaderPropgateFeign   : feign intercept request
2025-06-11 15:49:13.766  INFO 1 --- [nio-8080-exec-6] s.g.m.sc.comp.util.HeaderPropgateFeign   : Request URL  /sc-auth/api/user-info 
2025-06-11 15:49:13.766  INFO 1 --- [nio-8080-exec-6] s.g.m.sc.comp.util.HeaderPropgateFeign   : Gateway ID is present
2025-06-11 15:49:13.766  INFO 1 --- [nio-8080-exec-6] s.g.m.sc.comp.util.HeaderPropgateFeign   : x-app-request is present blue 
2025-06-11 15:49:13.766  INFO 1 --- [nio-8080-exec-6] s.g.m.sc.comp.util.HeaderPropgateFeign   : after feign interceptor process header ==> Cookie , [GATEWAYID=2170f50f-cc0f-4c2b-afad-4ec7bf3a9963]
2025-06-11 15:49:13.766  INFO 1 --- [nio-8080-exec-6] s.g.m.sc.comp.util.HeaderPropgateFeign   : after feign interceptor process header ==> x-app-req , [blue]
2025-06-11 15:49:13.766  INFO 1 --- [nio-8080-exec-6] s.g.m.sc.comp.util.HeaderPropgateFeign   : after feign interceptor process header ==> x-sc-user-token , [f2d71711814e4812879c418d28628eac]
2025-06-11 15:49:13.804  INFO 1 --- [nio-8080-exec-6] s.g.m.s.m.a.ScDefaultMonitorInterceptor  : Start executing the sg.gov.moe.sc.academic.service.impl.SubjectSetupServiceImpl.saveAllSubjectSetup method
2025-06-11 15:49:13.804  INFO 1 --- [nio-8080-exec-6] s.g.m.s.m.a.ScDefaultMonitorInterceptor  : Start executing the sg.gov.moe.sc.academic.service.impl.AssessmentFrameworkBackUpServiceImpl.getBackupVersionNo method
2025-06-11 15:49:13.811  INFO 1 --- [nio-8080-exec-6] s.g.m.s.m.a.ScDefaultMonitorInterceptor  : Stop executing the sg.gov.moe.sc.academic.service.impl.AssessmentFrameworkBackUpServiceImpl.getBackupVersionNo method
[GC (Allocation Failure) [DefNew: 50294K->3782K(53568K), 0.0119747 secs] 161717K->115205K(172360K), 0.0120169 secs] [Times: user=0.02 sys=0.00, real=0.01 secs] 
2025-06-11 15:49:13.854  INFO 1 --- [nio-8080-exec-6] s.g.m.sc.comp.util.HeaderPropgateFeign   : feign intercept request
2025-06-11 15:49:13.854  INFO 1 --- [nio-8080-exec-6] s.g.m.sc.comp.util.HeaderPropgateFeign   : Request URL  /sc-dbmaster-api/api/csr/config/subject-code/GRADINGSCHEME 
2025-06-11 15:49:13.854  INFO 1 --- [nio-8080-exec-6] s.g.m.sc.comp.util.HeaderPropgateFeign   : Gateway ID is present
2025-06-11 15:49:13.854  INFO 1 --- [nio-8080-exec-6] s.g.m.sc.comp.util.HeaderPropgateFeign   : x-app-request is present blue 
2025-06-11 15:49:13.854  INFO 1 --- [nio-8080-exec-6] s.g.m.sc.comp.util.HeaderPropgateFeign   : after feign interceptor process header ==> Cookie , [GATEWAYID=2170f50f-cc0f-4c2b-afad-4ec7bf3a9963]
2025-06-11 15:49:13.854  INFO 1 --- [nio-8080-exec-6] s.g.m.sc.comp.util.HeaderPropgateFeign   : after feign interceptor process header ==> x-app-req , [blue]
2025-06-11 15:49:13.854  INFO 1 --- [nio-8080-exec-6] s.g.m.sc.comp.util.HeaderPropgateFeign   : after feign interceptor process header ==> X-SC-USER-TOKEN , [f2d71711814e4812879c418d28628eac]
2025-06-11 15:49:13.866  INFO 1 --- [nio-8080-exec-6] s.g.m.sc.comp.util.HeaderPropgateFeign   : feign intercept request
2025-06-11 15:49:13.866  INFO 1 --- [nio-8080-exec-6] s.g.m.sc.comp.util.HeaderPropgateFeign   : Request URL  /sc-dbmaster-api/api/csr/school/ss-sis-check/2302 
2025-06-11 15:49:13.866  INFO 1 --- [nio-8080-exec-6] s.g.m.sc.comp.util.HeaderPropgateFeign   : Gateway ID is present
2025-06-11 15:49:13.866  INFO 1 --- [nio-8080-exec-6] s.g.m.sc.comp.util.HeaderPropgateFeign   : x-app-request is present blue 
2025-06-11 15:49:13.866  INFO 1 --- [nio-8080-exec-6] s.g.m.sc.comp.util.HeaderPropgateFeign   : after feign interceptor process header ==> Cookie , [GATEWAYID=2170f50f-cc0f-4c2b-afad-4ec7bf3a9963]
2025-06-11 15:49:13.866  INFO 1 --- [nio-8080-exec-6] s.g.m.sc.comp.util.HeaderPropgateFeign   : after feign interceptor process header ==> x-app-req , [blue]
2025-06-11 15:49:13.866  INFO 1 --- [nio-8080-exec-6] s.g.m.sc.comp.util.HeaderPropgateFeign   : after feign interceptor process header ==> X-SC-USER-TOKEN , [f2d71711814e4812879c418d28628eac]
2025-06-11 15:49:13.937  INFO 1 --- [nio-8080-exec-6] s.g.m.sc.comp.util.HeaderPropgateFeign   : feign intercept request
2025-06-11 15:49:13.937  INFO 1 --- [nio-8080-exec-6] s.g.m.sc.comp.util.HeaderPropgateFeign   : Request URL  /sc-dbmaster-api/api/csr/config/level-code-detail?levelCodes=41 
2025-06-11 15:49:13.937  INFO 1 --- [nio-8080-exec-6] s.g.m.sc.comp.util.HeaderPropgateFeign   : Gateway ID is present
2025-06-11 15:49:13.937  INFO 1 --- [nio-8080-exec-6] s.g.m.sc.comp.util.HeaderPropgateFeign   : x-app-request is present blue 
2025-06-11 15:49:13.937  INFO 1 --- [nio-8080-exec-6] s.g.m.sc.comp.util.HeaderPropgateFeign   : after feign interceptor process header ==> Cookie , [GATEWAYID=2170f50f-cc0f-4c2b-afad-4ec7bf3a9963]
2025-06-11 15:49:13.937  INFO 1 --- [nio-8080-exec-6] s.g.m.sc.comp.util.HeaderPropgateFeign   : after feign interceptor process header ==> x-app-req , [blue]
2025-06-11 15:49:13.937  INFO 1 --- [nio-8080-exec-6] s.g.m.sc.comp.util.HeaderPropgateFeign   : after feign interceptor process header ==> X-SC-USER-TOKEN , [f2d71711814e4812879c418d28628eac]
2025-06-11 15:49:13.959  INFO 1 --- [nio-8080-exec-6] s.g.m.sc.comp.util.HeaderPropgateFeign   : feign intercept request
2025-06-11 15:49:13.959  INFO 1 --- [nio-8080-exec-6] s.g.m.sc.comp.util.HeaderPropgateFeign   : Request URL  /sc-dbmaster-api/api/csr/config/hq-subjects?subjectCodeList=2A-LEVELPW 
2025-06-11 15:49:13.960  INFO 1 --- [nio-8080-exec-6] s.g.m.sc.comp.util.HeaderPropgateFeign   : Gateway ID is present
2025-06-11 15:49:13.960  INFO 1 --- [nio-8080-exec-6] s.g.m.sc.comp.util.HeaderPropgateFeign   : x-app-request is present blue 
2025-06-11 15:49:13.960  INFO 1 --- [nio-8080-exec-6] s.g.m.sc.comp.util.HeaderPropgateFeign   : after feign interceptor process header ==> Cookie , [GATEWAYID=2170f50f-cc0f-4c2b-afad-4ec7bf3a9963]
2025-06-11 15:49:13.960  INFO 1 --- [nio-8080-exec-6] s.g.m.sc.comp.util.HeaderPropgateFeign   : after feign interceptor process header ==> x-app-req , [blue]
2025-06-11 15:49:13.960  INFO 1 --- [nio-8080-exec-6] s.g.m.sc.comp.util.HeaderPropgateFeign   : after feign interceptor process header ==> X-SC-USER-TOKEN , [f2d71711814e4812879c418d28628eac]
2025-06-11 15:49:13.972  INFO 1 --- [nio-8080-exec-6] s.g.m.sc.comp.util.HeaderPropgateFeign   : feign intercept request
2025-06-11 15:49:13.972  INFO 1 --- [nio-8080-exec-6] s.g.m.sc.comp.util.HeaderPropgateFeign   : Request URL  /sc-dbmaster-api/api/csr/config/stream-code-detail/00 
2025-06-11 15:49:13.972  INFO 1 --- [nio-8080-exec-6] s.g.m.sc.comp.util.HeaderPropgateFeign   : Gateway ID is present
2025-06-11 15:49:13.972  INFO 1 --- [nio-8080-exec-6] s.g.m.sc.comp.util.HeaderPropgateFeign   : x-app-request is present blue 
2025-06-11 15:49:13.972  INFO 1 --- [nio-8080-exec-6] s.g.m.sc.comp.util.HeaderPropgateFeign   : after feign interceptor process header ==> Cookie , [GATEWAYID=2170f50f-cc0f-4c2b-afad-4ec7bf3a9963]
2025-06-11 15:49:13.972  INFO 1 --- [nio-8080-exec-6] s.g.m.sc.comp.util.HeaderPropgateFeign   : after feign interceptor process header ==> x-app-req , [blue]
2025-06-11 15:49:13.972  INFO 1 --- [nio-8080-exec-6] s.g.m.sc.comp.util.HeaderPropgateFeign   : after feign interceptor process header ==> X-SC-USER-TOKEN , [f2d71711814e4812879c418d28628eac]
2025-06-11 15:49:14.025  INFO 1 --- [nio-8080-exec-6] s.g.m.sc.comp.util.HeaderPropgateFeign   : feign intercept request
2025-06-11 15:49:14.025  INFO 1 --- [nio-8080-exec-6] s.g.m.sc.comp.util.HeaderPropgateFeign   : Request URL  /sc-dbmaster-api/api/csr/subject-allocation/call-calculate-job-by-school-academic-year?academicYear=2025&schoolCode=2302&updatedBy=OPM230200103 
2025-06-11 15:49:14.025  INFO 1 --- [nio-8080-exec-6] s.g.m.sc.comp.util.HeaderPropgateFeign   : Gateway ID is present
2025-06-11 15:49:14.025  INFO 1 --- [nio-8080-exec-6] s.g.m.sc.comp.util.HeaderPropgateFeign   : x-app-request is present blue 
2025-06-11 15:49:14.025  INFO 1 --- [nio-8080-exec-6] s.g.m.sc.comp.util.HeaderPropgateFeign   : after feign interceptor process header ==> Cookie , [GATEWAYID=2170f50f-cc0f-4c2b-afad-4ec7bf3a9963]
2025-06-11 15:49:14.025  INFO 1 --- [nio-8080-exec-6] s.g.m.sc.comp.util.HeaderPropgateFeign   : after feign interceptor process header ==> x-app-req , [blue]
2025-06-11 15:49:14.025  INFO 1 --- [nio-8080-exec-6] s.g.m.sc.comp.util.HeaderPropgateFeign   : after feign interceptor process header ==> X-SC-USER-TOKEN , [f2d71711814e4812879c418d28628eac]
2025-06-11 15:49:14.136  INFO 1 --- [nio-8080-exec-6] s.g.m.s.m.a.ScDefaultMonitorInterceptor  : Start executing the sg.gov.moe.sc.academic.service.impl.CommonServiceImpl.deleteResultesMarksAndPollerData method
2025-06-11 15:49:14.136  INFO 1 --- [nio-8080-exec-6] s.g.m.s.m.a.ScDefaultMonitorInterceptor  : Stop executing the sg.gov.moe.sc.academic.service.impl.CommonServiceImpl.deleteResultesMarksAndPollerData method
2025-06-11 15:49:14.138  INFO 1 --- [nio-8080-exec-6] s.g.m.sc.comp.util.HeaderPropgateFeign   : feign intercept request
2025-06-11 15:49:14.138  INFO 1 --- [nio-8080-exec-6] s.g.m.sc.comp.util.HeaderPropgateFeign   : Request URL  /sc-dbmaster-api/api/csr/subject-allocation/call-re-trigger-results-computation 
2025-06-11 15:49:14.138  INFO 1 --- [nio-8080-exec-6] s.g.m.sc.comp.util.HeaderPropgateFeign   : Gateway ID is present
2025-06-11 15:49:14.138  INFO 1 --- [nio-8080-exec-6] s.g.m.sc.comp.util.HeaderPropgateFeign   : x-app-request is present blue 
2025-06-11 15:49:14.138  INFO 1 --- [nio-8080-exec-6] s.g.m.sc.comp.util.HeaderPropgateFeign   : after feign interceptor process header ==> Content-Length , [269]
2025-06-11 15:49:14.138  INFO 1 --- [nio-8080-exec-6] s.g.m.sc.comp.util.HeaderPropgateFeign   : after feign interceptor process header ==> Content-Type , [application/json]
2025-06-11 15:49:14.138  INFO 1 --- [nio-8080-exec-6] s.g.m.sc.comp.util.HeaderPropgateFeign   : after feign interceptor process header ==> Cookie , [GATEWAYID=2170f50f-cc0f-4c2b-afad-4ec7bf3a9963]
2025-06-11 15:49:14.138  INFO 1 --- [nio-8080-exec-6] s.g.m.sc.comp.util.HeaderPropgateFeign   : after feign interceptor process header ==> x-app-req , [blue]
2025-06-11 15:49:14.138  INFO 1 --- [nio-8080-exec-6] s.g.m.sc.comp.util.HeaderPropgateFeign   : after feign interceptor process header ==> X-SC-USER-TOKEN , [f2d71711814e4812879c418d28628eac]
2025-06-11 15:49:14.212  INFO 1 --- [nio-8080-exec-6] s.g.m.s.m.a.ScDefaultMonitorInterceptor  : Start executing the sg.gov.moe.sc.academic.service.impl.CommonServiceImpl.updateAggregatesForGrading method
2025-06-11 15:49:14.301  INFO 1 --- [nio-8080-exec-6] s.g.m.s.m.a.ScDefaultMonitorInterceptor  : Stop executing the sg.gov.moe.sc.academic.service.impl.CommonServiceImpl.updateAggregatesForGrading method
2025-06-11 15:49:14.301  INFO 1 --- [nio-8080-exec-6] s.g.m.s.m.a.ScDefaultMonitorInterceptor  : Stop executing the sg.gov.moe.sc.academic.service.impl.SubjectSetupServiceImpl.saveAllSubjectSetup method
2025-06-11 15:49:14.441  INFO 1 --- [nio-8080-exec-7] s.g.m.sc.comp.util.HeaderPropgateFeign   : feign intercept request
2025-06-11 15:49:14.441  INFO 1 --- [nio-8080-exec-7] s.g.m.sc.comp.util.HeaderPropgateFeign   : Request URL  /sc-auth/api/user-info 
2025-06-11 15:49:14.441  INFO 1 --- [nio-8080-exec-7] s.g.m.sc.comp.util.HeaderPropgateFeign   : Gateway ID is present
2025-06-11 15:49:14.441  INFO 1 --- [nio-8080-exec-7] s.g.m.sc.comp.util.HeaderPropgateFeign   : x-app-request is present blue 
2025-06-11 15:49:14.441  INFO 1 --- [nio-8080-exec-7] s.g.m.sc.comp.util.HeaderPropgateFeign   : after feign interceptor process header ==> Cookie , [GATEWAYID=2170f50f-cc0f-4c2b-afad-4ec7bf3a9963]
2025-06-11 15:49:14.441  INFO 1 --- [nio-8080-exec-7] s.g.m.sc.comp.util.HeaderPropgateFeign   : after feign interceptor process header ==> x-app-req , [blue]
2025-06-11 15:49:14.441  INFO 1 --- [nio-8080-exec-7] s.g.m.sc.comp.util.HeaderPropgateFeign   : after feign interceptor process header ==> x-sc-user-token , [f2d71711814e4812879c418d28628eac]
2025-06-11 15:49:14.448  INFO 1 --- [nio-8080-exec-7] s.g.m.s.m.a.ScDefaultMonitorInterceptor  : Start executing the sg.gov.moe.sc.academic.service.impl.SubjectSetupServiceImpl.getSubjectsSummary method
2025-06-11 15:49:14.448  INFO 1 --- [nio-8080-exec-7] s.g.m.sc.comp.util.HeaderPropgateFeign   : feign intercept request
2025-06-11 15:49:14.448  INFO 1 --- [nio-8080-exec-7] s.g.m.sc.comp.util.HeaderPropgateFeign   : Request URL  /sc-dbmaster-api/api/csr/config/code-detail/AL_GRADINGSCHEME 
2025-06-11 15:49:14.448  INFO 1 --- [nio-8080-exec-7] s.g.m.sc.comp.util.HeaderPropgateFeign   : Gateway ID is present
2025-06-11 15:49:14.448  INFO 1 --- [nio-8080-exec-7] s.g.m.sc.comp.util.HeaderPropgateFeign   : x-app-request is present blue 
2025-06-11 15:49:14.448  INFO 1 --- [nio-8080-exec-7] s.g.m.sc.comp.util.HeaderPropgateFeign   : after feign interceptor process header ==> Cookie , [GATEWAYID=2170f50f-cc0f-4c2b-afad-4ec7bf3a9963]
2025-06-11 15:49:14.448  INFO 1 --- [nio-8080-exec-7] s.g.m.sc.comp.util.HeaderPropgateFeign   : after feign interceptor process header ==> x-app-req , [blue]
2025-06-11 15:49:14.448  INFO 1 --- [nio-8080-exec-7] s.g.m.sc.comp.util.HeaderPropgateFeign   : after feign interceptor process header ==> X-SC-USER-TOKEN , [f2d71711814e4812879c418d28628eac]
2025-06-11 15:49:14.463  INFO 1 --- [nio-8080-exec-7] s.g.m.sc.comp.util.HeaderPropgateFeign   : feign intercept request
2025-06-11 15:49:14.463  INFO 1 --- [nio-8080-exec-7] s.g.m.sc.comp.util.HeaderPropgateFeign   : Request URL  /sc-dbmaster-api/api/csr/staff/staff-details?staffIds=OPM230200103 
2025-06-11 15:49:14.463  INFO 1 --- [nio-8080-exec-7] s.g.m.sc.comp.util.HeaderPropgateFeign   : Gateway ID is present
2025-06-11 15:49:14.463  INFO 1 --- [nio-8080-exec-7] s.g.m.sc.comp.util.HeaderPropgateFeign   : x-app-request is present blue 
2025-06-11 15:49:14.463  INFO 1 --- [nio-8080-exec-7] s.g.m.sc.comp.util.HeaderPropgateFeign   : after feign interceptor process header ==> Cookie , [GATEWAYID=2170f50f-cc0f-4c2b-afad-4ec7bf3a9963]
2025-06-11 15:49:14.463  INFO 1 --- [nio-8080-exec-7] s.g.m.sc.comp.util.HeaderPropgateFeign   : after feign interceptor process header ==> x-app-req , [blue]
2025-06-11 15:49:14.463  INFO 1 --- [nio-8080-exec-7] s.g.m.sc.comp.util.HeaderPropgateFeign   : after feign interceptor process header ==> X-SC-USER-TOKEN , [f2d71711814e4812879c418d28628eac]
2025-06-11 15:49:14.467  INFO 1 --- [nio-8080-exec-7] s.g.m.sc.comp.util.HeaderPropgateFeign   : feign intercept request
2025-06-11 15:49:14.468  INFO 1 --- [nio-8080-exec-7] s.g.m.sc.comp.util.HeaderPropgateFeign   : Request URL  /sc-dbmaster-api/api/csr/config/subject-code/GRADINGSCHEME 
2025-06-11 15:49:14.468  INFO 1 --- [nio-8080-exec-7] s.g.m.sc.comp.util.HeaderPropgateFeign   : Gateway ID is present
2025-06-11 15:49:14.468  INFO 1 --- [nio-8080-exec-7] s.g.m.sc.comp.util.HeaderPropgateFeign   : x-app-request is present blue 
2025-06-11 15:49:14.468  INFO 1 --- [nio-8080-exec-7] s.g.m.sc.comp.util.HeaderPropgateFeign   : after feign interceptor process header ==> Cookie , [GATEWAYID=2170f50f-cc0f-4c2b-afad-4ec7bf3a9963]
2025-06-11 15:49:14.468  INFO 1 --- [nio-8080-exec-7] s.g.m.sc.comp.util.HeaderPropgateFeign   : after feign interceptor process header ==> x-app-req , [blue]
2025-06-11 15:49:14.468  INFO 1 --- [nio-8080-exec-7] s.g.m.sc.comp.util.HeaderPropgateFeign   : after feign interceptor process header ==> X-SC-USER-TOKEN , [f2d71711814e4812879c418d28628eac]
2025-06-11 15:49:14.528  INFO 1 --- [nio-8080-exec-7] s.g.m.s.m.a.ScDefaultMonitorInterceptor  : Stop executing the sg.gov.moe.sc.academic.service.impl.SubjectSetupServiceImpl.getSubjectsSummary method
2025-06-11 15:49:16.547  INFO 1 --- [nio-8080-exec-8] s.g.m.sc.comp.util.HeaderPropgateFeign   : feign intercept request
2025-06-11 15:49:16.547  INFO 1 --- [nio-8080-exec-8] s.g.m.sc.comp.util.HeaderPropgateFeign   : Request URL  /sc-auth/api/user-info 
2025-06-11 15:49:16.547  INFO 1 --- [nio-8080-exec-8] s.g.m.sc.comp.util.HeaderPropgateFeign   : Gateway ID is present
2025-06-11 15:49:16.547  INFO 1 --- [nio-8080-exec-8] s.g.m.sc.comp.util.HeaderPropgateFeign   : x-app-request is present blue 
2025-06-11 15:49:16.547  INFO 1 --- [nio-8080-exec-8] s.g.m.sc.comp.util.HeaderPropgateFeign   : after feign interceptor process header ==> Cookie , [GATEWAYID=2170f50f-cc0f-4c2b-afad-4ec7bf3a9963]
2025-06-11 15:49:16.547  INFO 1 --- [nio-8080-exec-8] s.g.m.sc.comp.util.HeaderPropgateFeign   : after feign interceptor process header ==> x-app-req , [blue]
2025-06-11 15:49:16.547  INFO 1 --- [nio-8080-exec-8] s.g.m.sc.comp.util.HeaderPropgateFeign   : after feign interceptor process header ==> x-sc-user-token , [f2d71711814e4812879c418d28628eac]
2025-06-11 15:49:16.552  INFO 1 --- [nio-8080-exec-8] s.g.m.s.m.a.ScDefaultMonitorInterceptor  : Start executing the sg.gov.moe.sc.academic.service.impl.SubjectSetupServiceImpl.getSchSubjects method
2025-06-11 15:49:16.555  INFO 1 --- [nio-8080-exec-8] s.g.m.s.m.a.ScDefaultMonitorInterceptor  : Stop executing the sg.gov.moe.sc.academic.service.impl.SubjectSetupServiceImpl.getSchSubjects method
2025-06-11 15:49:16.590  INFO 1 --- [nio-8080-exec-1] s.g.m.sc.comp.util.HeaderPropgateFeign   : feign intercept request
2025-06-11 15:49:16.590  INFO 1 --- [nio-8080-exec-1] s.g.m.sc.comp.util.HeaderPropgateFeign   : Request URL  /sc-auth/api/user-info 
2025-06-11 15:49:16.590  INFO 1 --- [nio-8080-exec-1] s.g.m.sc.comp.util.HeaderPropgateFeign   : Gateway ID is present
2025-06-11 15:49:16.590  INFO 1 --- [nio-8080-exec-1] s.g.m.sc.comp.util.HeaderPropgateFeign   : x-app-request is present blue 
2025-06-11 15:49:16.590  INFO 1 --- [nio-8080-exec-1] s.g.m.sc.comp.util.HeaderPropgateFeign   : after feign interceptor process header ==> Cookie , [GATEWAYID=2170f50f-cc0f-4c2b-afad-4ec7bf3a9963]
2025-06-11 15:49:16.590  INFO 1 --- [nio-8080-exec-1] s.g.m.sc.comp.util.HeaderPropgateFeign   : after feign interceptor process header ==> x-app-req , [blue]
2025-06-11 15:49:16.590  INFO 1 --- [nio-8080-exec-1] s.g.m.sc.comp.util.HeaderPropgateFeign   : after feign interceptor process header ==> x-sc-user-token , [f2d71711814e4812879c418d28628eac]
2025-06-11 15:49:16.591  INFO 1 --- [io-8080-exec-10] s.g.m.sc.comp.util.HeaderPropgateFeign   : feign intercept request
2025-06-11 15:49:16.591  INFO 1 --- [io-8080-exec-10] s.g.m.sc.comp.util.HeaderPropgateFeign   : Request URL  /sc-auth/api/user-info 
2025-06-11 15:49:16.591  INFO 1 --- [io-8080-exec-10] s.g.m.sc.comp.util.HeaderPropgateFeign   : Gateway ID is present
2025-06-11 15:49:16.591  INFO 1 --- [io-8080-exec-10] s.g.m.sc.comp.util.HeaderPropgateFeign   : x-app-request is present blue 
2025-06-11 15:49:16.591  INFO 1 --- [io-8080-exec-10] s.g.m.sc.comp.util.HeaderPropgateFeign   : after feign interceptor process header ==> Cookie , [GATEWAYID=2170f50f-cc0f-4c2b-afad-4ec7bf3a9963]
2025-06-11 15:49:16.591  INFO 1 --- [io-8080-exec-10] s.g.m.sc.comp.util.HeaderPropgateFeign   : after feign interceptor process header ==> x-app-req , [blue]
2025-06-11 15:49:16.591  INFO 1 --- [io-8080-exec-10] s.g.m.sc.comp.util.HeaderPropgateFeign   : after feign interceptor process header ==> x-sc-user-token , [f2d71711814e4812879c418d28628eac]
2025-06-11 15:49:16.593  INFO 1 --- [nio-8080-exec-2] s.g.m.sc.comp.util.HeaderPropgateFeign   : feign intercept request
2025-06-11 15:49:16.593  INFO 1 --- [nio-8080-exec-2] s.g.m.sc.comp.util.HeaderPropgateFeign   : Request URL  /sc-auth/api/user-info 
2025-06-11 15:49:16.593  INFO 1 --- [nio-8080-exec-2] s.g.m.sc.comp.util.HeaderPropgateFeign   : Gateway ID is present
2025-06-11 15:49:16.593  INFO 1 --- [nio-8080-exec-2] s.g.m.sc.comp.util.HeaderPropgateFeign   : x-app-request is present blue 
2025-06-11 15:49:16.593  INFO 1 --- [nio-8080-exec-2] s.g.m.sc.comp.util.HeaderPropgateFeign   : after feign interceptor process header ==> Cookie , [GATEWAYID=2170f50f-cc0f-4c2b-afad-4ec7bf3a9963]
2025-06-11 15:49:16.593  INFO 1 --- [nio-8080-exec-2] s.g.m.sc.comp.util.HeaderPropgateFeign   : after feign interceptor process header ==> x-app-req , [blue]
2025-06-11 15:49:16.593  INFO 1 --- [nio-8080-exec-2] s.g.m.sc.comp.util.HeaderPropgateFeign   : after feign interceptor process header ==> x-sc-user-token , [f2d71711814e4812879c418d28628eac]
2025-06-11 15:49:16.595  INFO 1 --- [nio-8080-exec-1] s.g.m.s.m.a.ScDefaultMonitorInterceptor  : Start executing the sg.gov.moe.sc.academic.service.impl.SubjectSetupServiceImpl.getConfirmResultLevelList method
2025-06-11 15:49:16.595  INFO 1 --- [nio-8080-exec-1] s.g.m.sc.comp.util.HeaderPropgateFeign   : feign intercept request
2025-06-11 15:49:16.595  INFO 1 --- [nio-8080-exec-1] s.g.m.sc.comp.util.HeaderPropgateFeign   : Request URL  /sc-dbmaster-api/api/csr/school/confirm/2302/2025 
2025-06-11 15:49:16.595  INFO 1 --- [nio-8080-exec-1] s.g.m.sc.comp.util.HeaderPropgateFeign   : Gateway ID is present
2025-06-11 15:49:16.595  INFO 1 --- [nio-8080-exec-1] s.g.m.sc.comp.util.HeaderPropgateFeign   : x-app-request is present blue 
2025-06-11 15:49:16.595  INFO 1 --- [nio-8080-exec-1] s.g.m.sc.comp.util.HeaderPropgateFeign   : after feign interceptor process header ==> Cookie , [GATEWAYID=2170f50f-cc0f-4c2b-afad-4ec7bf3a9963]
2025-06-11 15:49:16.595  INFO 1 --- [nio-8080-exec-1] s.g.m.sc.comp.util.HeaderPropgateFeign   : after feign interceptor process header ==> x-app-req , [blue]
2025-06-11 15:49:16.595  INFO 1 --- [nio-8080-exec-1] s.g.m.sc.comp.util.HeaderPropgateFeign   : after feign interceptor process header ==> X-SC-USER-TOKEN , [f2d71711814e4812879c418d28628eac]
2025-06-11 15:49:16.595  INFO 1 --- [io-8080-exec-10] s.g.m.s.m.a.ScDefaultMonitorInterceptor  : Start executing the sg.gov.moe.sc.academic.service.impl.SubjectSetupServiceImpl.checkIPOrSISSchool method
2025-06-11 15:49:16.596  INFO 1 --- [io-8080-exec-10] s.g.m.sc.comp.util.HeaderPropgateFeign   : feign intercept request
2025-06-11 15:49:16.596  INFO 1 --- [io-8080-exec-10] s.g.m.sc.comp.util.HeaderPropgateFeign   : Request URL  /sc-dbmaster-api/api/csr/school/ss-sis-check/2302 
2025-06-11 15:49:16.596  INFO 1 --- [io-8080-exec-10] s.g.m.sc.comp.util.HeaderPropgateFeign   : Gateway ID is present
2025-06-11 15:49:16.596  INFO 1 --- [io-8080-exec-10] s.g.m.sc.comp.util.HeaderPropgateFeign   : x-app-request is present blue 
2025-06-11 15:49:16.596  INFO 1 --- [io-8080-exec-10] s.g.m.sc.comp.util.HeaderPropgateFeign   : after feign interceptor process header ==> Cookie , [GATEWAYID=2170f50f-cc0f-4c2b-afad-4ec7bf3a9963]
2025-06-11 15:49:16.596  INFO 1 --- [io-8080-exec-10] s.g.m.sc.comp.util.HeaderPropgateFeign   : after feign interceptor process header ==> x-app-req , [blue]
2025-06-11 15:49:16.596  INFO 1 --- [io-8080-exec-10] s.g.m.sc.comp.util.HeaderPropgateFeign   : after feign interceptor process header ==> X-SC-USER-TOKEN , [f2d71711814e4812879c418d28628eac]
2025-06-11 15:49:16.597  INFO 1 --- [nio-8080-exec-2] s.g.m.s.m.a.ScDefaultMonitorInterceptor  : Start executing the sg.gov.moe.sc.academic.service.impl.SubjectSetupServiceImpl.enableToEdit method
2025-06-11 15:49:16.597  INFO 1 --- [nio-8080-exec-2] s.g.m.sc.comp.util.HeaderPropgateFeign   : feign intercept request
2025-06-11 15:49:16.597  INFO 1 --- [nio-8080-exec-2] s.g.m.sc.comp.util.HeaderPropgateFeign   : Request URL  /sc-dbmaster-api/api/csr/school/confirm/2302/2025/41 
2025-06-11 15:49:16.597  INFO 1 --- [nio-8080-exec-2] s.g.m.sc.comp.util.HeaderPropgateFeign   : Gateway ID is present
2025-06-11 15:49:16.597  INFO 1 --- [nio-8080-exec-2] s.g.m.sc.comp.util.HeaderPropgateFeign   : x-app-request is present blue 
2025-06-11 15:49:16.597  INFO 1 --- [nio-8080-exec-2] s.g.m.sc.comp.util.HeaderPropgateFeign   : after feign interceptor process header ==> Cookie , [GATEWAYID=2170f50f-cc0f-4c2b-afad-4ec7bf3a9963]
2025-06-11 15:49:16.597  INFO 1 --- [nio-8080-exec-2] s.g.m.sc.comp.util.HeaderPropgateFeign   : after feign interceptor process header ==> x-app-req , [blue]
2025-06-11 15:49:16.597  INFO 1 --- [nio-8080-exec-2] s.g.m.sc.comp.util.HeaderPropgateFeign   : after feign interceptor process header ==> X-SC-USER-TOKEN , [f2d71711814e4812879c418d28628eac]
2025-06-11 15:49:16.601  INFO 1 --- [nio-8080-exec-1] s.g.m.s.m.a.ScDefaultMonitorInterceptor  : Stop executing the sg.gov.moe.sc.academic.service.impl.SubjectSetupServiceImpl.getConfirmResultLevelList method
2025-06-11 15:49:16.601  INFO 1 --- [io-8080-exec-10] s.g.m.s.m.a.ScDefaultMonitorInterceptor  : Stop executing the sg.gov.moe.sc.academic.service.impl.SubjectSetupServiceImpl.checkIPOrSISSchool method
2025-06-11 15:49:16.601  INFO 1 --- [nio-8080-exec-2] s.g.m.s.m.a.ScDefaultMonitorInterceptor  : Stop executing the sg.gov.moe.sc.academic.service.impl.SubjectSetupServiceImpl.enableToEdit method
2025-06-11 16:51:19.820  INFO 1 --- [io-8080-exec-10] s.g.m.sc.comp.util.HeaderPropgateFeign   : feign intercept request
2025-06-11 16:51:19.820  INFO 1 --- [io-8080-exec-10] s.g.m.sc.comp.util.HeaderPropgateFeign   : Request URL  /sc-auth/api/user-info 
2025-06-11 16:51:19.820  INFO 1 --- [io-8080-exec-10] s.g.m.sc.comp.util.HeaderPropgateFeign   : Gateway ID is present
2025-06-11 16:51:19.821  INFO 1 --- [io-8080-exec-10] s.g.m.sc.comp.util.HeaderPropgateFeign   : x-app-request is present blue 
2025-06-11 16:51:19.821  INFO 1 --- [io-8080-exec-10] s.g.m.sc.comp.util.HeaderPropgateFeign   : after feign interceptor process header ==> Cookie , [GATEWAYID=f8b73a9a-9e73-41db-9b6b-d3aba152817d]
2025-06-11 16:51:19.821  INFO 1 --- [io-8080-exec-10] s.g.m.sc.comp.util.HeaderPropgateFeign   : after feign interceptor process header ==> x-app-req , [blue]
2025-06-11 16:51:19.821  INFO 1 --- [io-8080-exec-10] s.g.m.sc.comp.util.HeaderPropgateFeign   : after feign interceptor process header ==> x-sc-user-token , [c766a30e91cd43039730a4a0ee7cc616]
2025-06-11 16:51:20.022  INFO 1 --- [io-8080-exec-10] s.g.m.s.m.a.ScDefaultMonitorInterceptor  : Start executing the sg.gov.moe.sc.academic.service.impl.CommonServiceImpl.printLogs method
2025-06-11 16:51:20.022  INFO 1 --- [io-8080-exec-10] s.g.m.s.a.s.impl.CommonServiceImpl       : Log Code: LOG_ON_INITIAL_LOAD, Log Message: The data received upon all the API calls on the initial load of the page
2025-06-11 16:51:20.022  INFO 1 --- [io-8080-exec-10] s.g.m.s.m.a.ScDefaultMonitorInterceptor  : Stop executing the sg.gov.moe.sc.academic.service.impl.CommonServiceImpl.printLogs method
2025-06-11 16:51:23.797  INFO 1 --- [nio-8080-exec-1] s.g.m.sc.comp.util.HeaderPropgateFeign   : feign intercept request
2025-06-11 16:51:23.797  INFO 1 --- [nio-8080-exec-1] s.g.m.sc.comp.util.HeaderPropgateFeign   : Request URL  /sc-auth/api/user-info 
2025-06-11 16:51:23.797  INFO 1 --- [nio-8080-exec-1] s.g.m.sc.comp.util.HeaderPropgateFeign   : Gateway ID is present
2025-06-11 16:51:23.797  INFO 1 --- [nio-8080-exec-1] s.g.m.sc.comp.util.HeaderPropgateFeign   : x-app-request is present blue 
2025-06-11 16:51:23.797  INFO 1 --- [nio-8080-exec-1] s.g.m.sc.comp.util.HeaderPropgateFeign   : after feign interceptor process header ==> Cookie , [GATEWAYID=f8b73a9a-9e73-41db-9b6b-d3aba152817d]
2025-06-11 16:51:23.797  INFO 1 --- [nio-8080-exec-1] s.g.m.sc.comp.util.HeaderPropgateFeign   : after feign interceptor process header ==> x-app-req , [blue]
2025-06-11 16:51:23.797  INFO 1 --- [nio-8080-exec-1] s.g.m.sc.comp.util.HeaderPropgateFeign   : after feign interceptor process header ==> x-sc-user-token , [c766a30e91cd43039730a4a0ee7cc616]
2025-06-11 16:51:23.849  INFO 1 --- [nio-8080-exec-1] s.g.m.s.m.a.ScDefaultMonitorInterceptor  : Start executing the sg.gov.moe.sc.academic.service.impl.CommonServiceImpl.printLogs method
2025-06-11 16:51:23.849  INFO 1 --- [nio-8080-exec-1] s.g.m.s.a.s.impl.CommonServiceImpl       : Log Code: LOG_get-stud-subject-mark-by-class_studentsMarkNoList, Log Message: studentsMarkNoList from get-stud-subject-mark-by-class API retrieved successfully
2025-06-11 16:51:23.849  INFO 1 --- [nio-8080-exec-1] s.g.m.s.a.s.impl.CommonServiceImpl       : Log Code: LOG_get-stud-subject-mark-by-class_studentsMarkNoList, Log Message: studentsMarkNoList from get-stud-subject-mark-by-class API retrieved successfully
2025-06-11 16:51:23.849  INFO 1 --- [nio-8080-exec-1] s.g.m.s.m.a.ScDefaultMonitorInterceptor  : Stop executing the sg.gov.moe.sc.academic.service.impl.CommonServiceImpl.printLogs method
[GC (Allocation Failure) [DefNew: 51462K->4145K(53568K), 0.0139385 secs] 162885K->116776K(172360K), 0.0139754 secs] [Times: user=0.01 sys=0.00, real=0.01 secs] 
2025-06-12 09:51:20.625  INFO 1 --- [nio-8080-exec-7] s.g.m.sc.comp.util.HeaderPropgateFeign   : feign intercept request
2025-06-12 09:51:20.625  INFO 1 --- [nio-8080-exec-7] s.g.m.sc.comp.util.HeaderPropgateFeign   : Request URL  /sc-auth/api/user-info 
2025-06-12 09:51:20.625  INFO 1 --- [nio-8080-exec-7] s.g.m.sc.comp.util.HeaderPropgateFeign   : Gateway ID is present
2025-06-12 09:51:20.625  INFO 1 --- [nio-8080-exec-7] s.g.m.sc.comp.util.HeaderPropgateFeign   : x-app-request is present blue 
2025-06-12 09:51:20.625  INFO 1 --- [nio-8080-exec-7] s.g.m.sc.comp.util.HeaderPropgateFeign   : after feign interceptor process header ==> Cookie , [GATEWAYID=8e06b62b-7237-4531-b409-ec4e23c49265]
2025-06-12 09:51:20.625  INFO 1 --- [nio-8080-exec-7] s.g.m.sc.comp.util.HeaderPropgateFeign   : after feign interceptor process header ==> x-app-req , [blue]
2025-06-12 09:51:20.625  INFO 1 --- [nio-8080-exec-7] s.g.m.sc.comp.util.HeaderPropgateFeign   : after feign interceptor process header ==> x-sc-user-token , [49974669133d41f0bb70a747890d400d]
2025-06-12 09:51:20.716  INFO 1 --- [nio-8080-exec-7] s.g.m.s.m.a.ScDefaultMonitorInterceptor  : Start executing the sg.gov.moe.sc.academic.service.impl.CommonServiceImpl.printLogs method
2025-06-12 09:51:20.716  INFO 1 --- [nio-8080-exec-7] s.g.m.s.a.s.impl.CommonServiceImpl       : Log Code: LOG_ON_INITIAL_LOAD, Log Message: The data received upon all the API calls on the initial load of the page
2025-06-12 09:51:20.716  INFO 1 --- [nio-8080-exec-7] s.g.m.s.m.a.ScDefaultMonitorInterceptor  : Stop executing the sg.gov.moe.sc.academic.service.impl.CommonServiceImpl.printLogs method
2025-06-12 09:51:32.065  INFO 1 --- [nio-8080-exec-9] s.g.m.sc.comp.util.HeaderPropgateFeign   : feign intercept request
2025-06-12 09:51:32.065  INFO 1 --- [nio-8080-exec-9] s.g.m.sc.comp.util.HeaderPropgateFeign   : Request URL  /sc-auth/api/user-info 
2025-06-12 09:51:32.065  INFO 1 --- [nio-8080-exec-9] s.g.m.sc.comp.util.HeaderPropgateFeign   : Gateway ID is present
2025-06-12 09:51:32.065  INFO 1 --- [nio-8080-exec-9] s.g.m.sc.comp.util.HeaderPropgateFeign   : x-app-request is present blue 
2025-06-12 09:51:32.065  INFO 1 --- [nio-8080-exec-9] s.g.m.sc.comp.util.HeaderPropgateFeign   : after feign interceptor process header ==> Cookie , [GATEWAYID=8e06b62b-7237-4531-b409-ec4e23c49265]
2025-06-12 09:51:32.065  INFO 1 --- [nio-8080-exec-9] s.g.m.sc.comp.util.HeaderPropgateFeign   : after feign interceptor process header ==> x-app-req , [blue]
2025-06-12 09:51:32.065  INFO 1 --- [nio-8080-exec-9] s.g.m.sc.comp.util.HeaderPropgateFeign   : after feign interceptor process header ==> x-sc-user-token , [49974669133d41f0bb70a747890d400d]
2025-06-12 09:51:32.070  INFO 1 --- [nio-8080-exec-9] s.g.m.s.m.a.ScDefaultMonitorInterceptor  : Start executing the sg.gov.moe.sc.academic.service.impl.CommonServiceImpl.getSectionBySearch method
2025-06-12 09:51:32.070  INFO 1 --- [nio-8080-exec-9] s.g.m.sc.comp.util.HeaderPropgateFeign   : feign intercept request
2025-06-12 09:51:32.070  INFO 1 --- [nio-8080-exec-9] s.g.m.sc.comp.util.HeaderPropgateFeign   : Request URL  /sc-dbmaster-api/api/csr/school/section-info/9808 
2025-06-12 09:51:32.070  INFO 1 --- [nio-8080-exec-9] s.g.m.sc.comp.util.HeaderPropgateFeign   : Gateway ID is present
2025-06-12 09:51:32.070  INFO 1 --- [nio-8080-exec-9] s.g.m.sc.comp.util.HeaderPropgateFeign   : x-app-request is present blue 
2025-06-12 09:51:32.070  INFO 1 --- [nio-8080-exec-9] s.g.m.sc.comp.util.HeaderPropgateFeign   : after feign interceptor process header ==> Cookie , [GATEWAYID=8e06b62b-7237-4531-b409-ec4e23c49265]
2025-06-12 09:51:32.070  INFO 1 --- [nio-8080-exec-9] s.g.m.sc.comp.util.HeaderPropgateFeign   : after feign interceptor process header ==> x-app-req , [blue]
2025-06-12 09:51:32.070  INFO 1 --- [nio-8080-exec-9] s.g.m.sc.comp.util.HeaderPropgateFeign   : after feign interceptor process header ==> X-SC-USER-TOKEN , [49974669133d41f0bb70a747890d400d]
2025-06-12 09:51:32.079  INFO 1 --- [nio-8080-exec-9] s.g.m.s.m.a.ScDefaultMonitorInterceptor  : Stop executing the sg.gov.moe.sc.academic.service.impl.CommonServiceImpl.getSectionBySearch method
2025-06-12 09:51:32.441  INFO 1 --- [nio-8080-exec-8] s.g.m.sc.comp.util.HeaderPropgateFeign   : feign intercept request
2025-06-12 09:51:32.441  INFO 1 --- [nio-8080-exec-8] s.g.m.sc.comp.util.HeaderPropgateFeign   : Request URL  /sc-auth/api/user-info 
2025-06-12 09:51:32.441  INFO 1 --- [nio-8080-exec-8] s.g.m.sc.comp.util.HeaderPropgateFeign   : Gateway ID is present
2025-06-12 09:51:32.441  INFO 1 --- [nio-8080-exec-8] s.g.m.sc.comp.util.HeaderPropgateFeign   : x-app-request is present blue 
2025-06-12 09:51:32.441  INFO 1 --- [nio-8080-exec-8] s.g.m.sc.comp.util.HeaderPropgateFeign   : after feign interceptor process header ==> Cookie , [GATEWAYID=8e06b62b-7237-4531-b409-ec4e23c49265]
2025-06-12 09:51:32.441  INFO 1 --- [nio-8080-exec-8] s.g.m.sc.comp.util.HeaderPropgateFeign   : after feign interceptor process header ==> x-app-req , [blue]
2025-06-12 09:51:32.441  INFO 1 --- [nio-8080-exec-8] s.g.m.sc.comp.util.HeaderPropgateFeign   : after feign interceptor process header ==> x-sc-user-token , [49974669133d41f0bb70a747890d400d]
2025-06-12 09:51:32.443  INFO 1 --- [nio-8080-exec-2] s.g.m.sc.comp.util.HeaderPropgateFeign   : feign intercept request
2025-06-12 09:51:32.443  INFO 1 --- [io-8080-exec-10] s.g.m.sc.comp.util.HeaderPropgateFeign   : feign intercept request
2025-06-12 09:51:32.443  INFO 1 --- [nio-8080-exec-2] s.g.m.sc.comp.util.HeaderPropgateFeign   : Request URL  /sc-auth/api/user-info 
2025-06-12 09:51:32.443  INFO 1 --- [io-8080-exec-10] s.g.m.sc.comp.util.HeaderPropgateFeign   : Request URL  /sc-auth/api/user-info 
2025-06-12 09:51:32.443  INFO 1 --- [nio-8080-exec-2] s.g.m.sc.comp.util.HeaderPropgateFeign   : Gateway ID is present
2025-06-12 09:51:32.443  INFO 1 --- [nio-8080-exec-2] s.g.m.sc.comp.util.HeaderPropgateFeign   : x-app-request is present blue 
2025-06-12 09:51:32.443  INFO 1 --- [io-8080-exec-10] s.g.m.sc.comp.util.HeaderPropgateFeign   : Gateway ID is present
2025-06-12 09:51:32.443  INFO 1 --- [io-8080-exec-10] s.g.m.sc.comp.util.HeaderPropgateFeign   : x-app-request is present blue 
2025-06-12 09:51:32.443  INFO 1 --- [nio-8080-exec-2] s.g.m.sc.comp.util.HeaderPropgateFeign   : after feign interceptor process header ==> Cookie , [GATEWAYID=8e06b62b-7237-4531-b409-ec4e23c49265]
2025-06-12 09:51:32.443  INFO 1 --- [nio-8080-exec-2] s.g.m.sc.comp.util.HeaderPropgateFeign   : after feign interceptor process header ==> x-app-req , [blue]
2025-06-12 09:51:32.443  INFO 1 --- [nio-8080-exec-2] s.g.m.sc.comp.util.HeaderPropgateFeign   : after feign interceptor process header ==> x-sc-user-token , [49974669133d41f0bb70a747890d400d]
2025-06-12 09:51:32.443  INFO 1 --- [io-8080-exec-10] s.g.m.sc.comp.util.HeaderPropgateFeign   : after feign interceptor process header ==> Cookie , [GATEWAYID=8e06b62b-7237-4531-b409-ec4e23c49265]
2025-06-12 09:51:32.443  INFO 1 --- [io-8080-exec-10] s.g.m.sc.comp.util.HeaderPropgateFeign   : after feign interceptor process header ==> x-app-req , [blue]
2025-06-12 09:51:32.443  INFO 1 --- [io-8080-exec-10] s.g.m.sc.comp.util.HeaderPropgateFeign   : after feign interceptor process header ==> x-sc-user-token , [49974669133d41f0bb70a747890d400d]
2025-06-12 09:51:32.447  INFO 1 --- [nio-8080-exec-2] s.g.m.s.m.a.ScDefaultMonitorInterceptor  : Start executing the sg.gov.moe.sc.academic.service.impl.CommonServiceImpl.getSapSchool method
2025-06-12 09:51:32.447  INFO 1 --- [nio-8080-exec-2] s.g.m.sc.comp.util.HeaderPropgateFeign   : feign intercept request
2025-06-12 09:51:32.447  INFO 1 --- [nio-8080-exec-2] s.g.m.sc.comp.util.HeaderPropgateFeign   : Request URL  /sc-dbmaster-api/api/csr/school/sapschool/9808?school-code=9808 
2025-06-12 09:51:32.447  INFO 1 --- [nio-8080-exec-2] s.g.m.sc.comp.util.HeaderPropgateFeign   : Gateway ID is present
2025-06-12 09:51:32.447  INFO 1 --- [nio-8080-exec-2] s.g.m.sc.comp.util.HeaderPropgateFeign   : x-app-request is present blue 
2025-06-12 09:51:32.447  INFO 1 --- [nio-8080-exec-2] s.g.m.sc.comp.util.HeaderPropgateFeign   : after feign interceptor process header ==> Cookie , [GATEWAYID=8e06b62b-7237-4531-b409-ec4e23c49265]
2025-06-12 09:51:32.447  INFO 1 --- [nio-8080-exec-2] s.g.m.sc.comp.util.HeaderPropgateFeign   : after feign interceptor process header ==> x-app-req , [blue]
2025-06-12 09:51:32.447  INFO 1 --- [nio-8080-exec-2] s.g.m.sc.comp.util.HeaderPropgateFeign   : after feign interceptor process header ==> X-SC-USER-TOKEN , [49974669133d41f0bb70a747890d400d]
2025-06-12 09:51:32.448  INFO 1 --- [io-8080-exec-10] s.g.m.s.m.a.ScDefaultMonitorInterceptor  : Start executing the sg.gov.moe.sc.academic.service.impl.CommonServiceImpl.getLevels method
2025-06-12 09:51:32.448  INFO 1 --- [io-8080-exec-10] s.g.m.sc.comp.util.HeaderPropgateFeign   : feign intercept request
2025-06-12 09:51:32.448  INFO 1 --- [io-8080-exec-10] s.g.m.sc.comp.util.HeaderPropgateFeign   : Request URL  /sc-dbmaster-api/api/csr/school/level-info/9808 
2025-06-12 09:51:32.448  INFO 1 --- [io-8080-exec-10] s.g.m.sc.comp.util.HeaderPropgateFeign   : Gateway ID is present
2025-06-12 09:51:32.448  INFO 1 --- [io-8080-exec-10] s.g.m.sc.comp.util.HeaderPropgateFeign   : x-app-request is present blue 
2025-06-12 09:51:32.448  INFO 1 --- [io-8080-exec-10] s.g.m.sc.comp.util.HeaderPropgateFeign   : after feign interceptor process header ==> Cookie , [GATEWAYID=8e06b62b-7237-4531-b409-ec4e23c49265]
2025-06-12 09:51:32.448  INFO 1 --- [io-8080-exec-10] s.g.m.sc.comp.util.HeaderPropgateFeign   : after feign interceptor process header ==> x-app-req , [blue]
2025-06-12 09:51:32.448  INFO 1 --- [io-8080-exec-10] s.g.m.sc.comp.util.HeaderPropgateFeign   : after feign interceptor process header ==> X-SC-USER-TOKEN , [49974669133d41f0bb70a747890d400d]
2025-06-12 09:51:32.450  INFO 1 --- [nio-8080-exec-8] s.g.m.s.m.a.ScDefaultMonitorInterceptor  : Start executing the sg.gov.moe.sc.academic.service.impl.SubjectAllocationServiceImpl.getAcademicYear method
2025-06-12 09:51:32.453  INFO 1 --- [nio-8080-exec-2] s.g.m.s.m.a.ScDefaultMonitorInterceptor  : Stop executing the sg.gov.moe.sc.academic.service.impl.CommonServiceImpl.getSapSchool method
2025-06-12 09:51:32.454  INFO 1 --- [nio-8080-exec-8] s.g.m.s.m.a.ScDefaultMonitorInterceptor  : Start executing the sg.gov.moe.sc.academic.service.impl.CommonServiceImpl.getConfigYearSearch method
2025-06-12 09:51:32.455  INFO 1 --- [nio-8080-exec-8] s.g.m.sc.comp.util.HeaderPropgateFeign   : feign intercept request
2025-06-12 09:51:32.455  INFO 1 --- [nio-8080-exec-8] s.g.m.sc.comp.util.HeaderPropgateFeign   : Request URL  /sc-dbmaster-api/api/csr/config/parameter/CSR 
2025-06-12 09:51:32.455  INFO 1 --- [nio-8080-exec-8] s.g.m.sc.comp.util.HeaderPropgateFeign   : Gateway ID is present
2025-06-12 09:51:32.455  INFO 1 --- [nio-8080-exec-8] s.g.m.sc.comp.util.HeaderPropgateFeign   : x-app-request is present blue 
2025-06-12 09:51:32.455  INFO 1 --- [nio-8080-exec-8] s.g.m.sc.comp.util.HeaderPropgateFeign   : after feign interceptor process header ==> Cookie , [GATEWAYID=8e06b62b-7237-4531-b409-ec4e23c49265]
2025-06-12 09:51:32.455  INFO 1 --- [nio-8080-exec-8] s.g.m.sc.comp.util.HeaderPropgateFeign   : after feign interceptor process header ==> x-app-req , [blue]
2025-06-12 09:51:32.455  INFO 1 --- [nio-8080-exec-8] s.g.m.sc.comp.util.HeaderPropgateFeign   : after feign interceptor process header ==> X-SC-USER-TOKEN , [49974669133d41f0bb70a747890d400d]
2025-06-12 09:51:32.458  INFO 1 --- [nio-8080-exec-8] s.g.m.s.m.a.ScDefaultMonitorInterceptor  : Stop executing the sg.gov.moe.sc.academic.service.impl.CommonServiceImpl.getConfigYearSearch method
2025-06-12 09:51:32.458  INFO 1 --- [nio-8080-exec-8] s.g.m.s.m.a.ScDefaultMonitorInterceptor  : Stop executing the sg.gov.moe.sc.academic.service.impl.SubjectAllocationServiceImpl.getAcademicYear method
2025-06-12 09:51:32.462  INFO 1 --- [io-8080-exec-10] s.g.m.s.m.a.ScDefaultMonitorInterceptor  : Stop executing the sg.gov.moe.sc.academic.service.impl.CommonServiceImpl.getLevels method
2025-06-12 09:51:33.198  INFO 1 --- [nio-8080-exec-1] s.g.m.sc.comp.util.HeaderPropgateFeign   : feign intercept request
2025-06-12 09:51:33.198  INFO 1 --- [nio-8080-exec-1] s.g.m.sc.comp.util.HeaderPropgateFeign   : Request URL  /sc-auth/api/user-info 
2025-06-12 09:51:33.198  INFO 1 --- [nio-8080-exec-1] s.g.m.sc.comp.util.HeaderPropgateFeign   : Gateway ID is present
2025-06-12 09:51:33.198  INFO 1 --- [nio-8080-exec-1] s.g.m.sc.comp.util.HeaderPropgateFeign   : x-app-request is present blue 
2025-06-12 09:51:33.198  INFO 1 --- [nio-8080-exec-1] s.g.m.sc.comp.util.HeaderPropgateFeign   : after feign interceptor process header ==> Cookie , [GATEWAYID=8e06b62b-7237-4531-b409-ec4e23c49265]
2025-06-12 09:51:33.198  INFO 1 --- [nio-8080-exec-1] s.g.m.sc.comp.util.HeaderPropgateFeign   : after feign interceptor process header ==> x-app-req , [blue]
2025-06-12 09:51:33.198  INFO 1 --- [nio-8080-exec-1] s.g.m.sc.comp.util.HeaderPropgateFeign   : after feign interceptor process header ==> x-sc-user-token , [49974669133d41f0bb70a747890d400d]
2025-06-12 09:51:33.203  INFO 1 --- [nio-8080-exec-1] s.g.m.s.m.a.ScDefaultMonitorInterceptor  : Start executing the sg.gov.moe.sc.academic.service.impl.CommonServiceImpl.getConfirmResultLevelList method
2025-06-12 09:51:33.203  INFO 1 --- [nio-8080-exec-1] s.g.m.sc.comp.util.HeaderPropgateFeign   : feign intercept request
2025-06-12 09:51:33.203  INFO 1 --- [nio-8080-exec-1] s.g.m.sc.comp.util.HeaderPropgateFeign   : Request URL  /sc-dbmaster-api/api/csr/school/confirm/9808/2025 
2025-06-12 09:51:33.203  INFO 1 --- [nio-8080-exec-1] s.g.m.sc.comp.util.HeaderPropgateFeign   : Gateway ID is present
2025-06-12 09:51:33.203  INFO 1 --- [nio-8080-exec-1] s.g.m.sc.comp.util.HeaderPropgateFeign   : x-app-request is present blue 
2025-06-12 09:51:33.203  INFO 1 --- [nio-8080-exec-1] s.g.m.sc.comp.util.HeaderPropgateFeign   : after feign interceptor process header ==> Cookie , [GATEWAYID=8e06b62b-7237-4531-b409-ec4e23c49265]
2025-06-12 09:51:33.203  INFO 1 --- [nio-8080-exec-1] s.g.m.sc.comp.util.HeaderPropgateFeign   : after feign interceptor process header ==> x-app-req , [blue]
2025-06-12 09:51:33.203  INFO 1 --- [nio-8080-exec-1] s.g.m.sc.comp.util.HeaderPropgateFeign   : after feign interceptor process header ==> X-SC-USER-TOKEN , [49974669133d41f0bb70a747890d400d]
2025-06-12 09:51:33.209  INFO 1 --- [nio-8080-exec-1] s.g.m.s.m.a.ScDefaultMonitorInterceptor  : Stop executing the sg.gov.moe.sc.academic.service.impl.CommonServiceImpl.getConfirmResultLevelList method
2025-06-12 09:51:33.576  INFO 1 --- [nio-8080-exec-3] s.g.m.sc.comp.util.HeaderPropgateFeign   : feign intercept request
2025-06-12 09:51:33.576  INFO 1 --- [nio-8080-exec-3] s.g.m.sc.comp.util.HeaderPropgateFeign   : Request URL  /sc-auth/api/user-info 
2025-06-12 09:51:33.576  INFO 1 --- [nio-8080-exec-3] s.g.m.sc.comp.util.HeaderPropgateFeign   : Gateway ID is present
2025-06-12 09:51:33.576  INFO 1 --- [nio-8080-exec-3] s.g.m.sc.comp.util.HeaderPropgateFeign   : x-app-request is present blue 
2025-06-12 09:51:33.577  INFO 1 --- [nio-8080-exec-3] s.g.m.sc.comp.util.HeaderPropgateFeign   : after feign interceptor process header ==> Cookie , [GATEWAYID=8e06b62b-7237-4531-b409-ec4e23c49265]
2025-06-12 09:51:33.577  INFO 1 --- [nio-8080-exec-3] s.g.m.sc.comp.util.HeaderPropgateFeign   : after feign interceptor process header ==> x-app-req , [blue]
2025-06-12 09:51:33.577  INFO 1 --- [nio-8080-exec-3] s.g.m.sc.comp.util.HeaderPropgateFeign   : after feign interceptor process header ==> x-sc-user-token , [49974669133d41f0bb70a747890d400d]
2025-06-12 09:51:33.581  INFO 1 --- [nio-8080-exec-3] s.g.m.s.m.a.ScDefaultMonitorInterceptor  : Start executing the sg.gov.moe.sc.academic.service.impl.SubjectAllocationServiceImpl.getSchoolClass method
2025-06-12 09:51:33.581  INFO 1 --- [nio-8080-exec-3] s.g.m.sc.comp.util.HeaderPropgateFeign   : feign intercept request
2025-06-12 09:51:33.581  INFO 1 --- [nio-8080-exec-3] s.g.m.sc.comp.util.HeaderPropgateFeign   : Request URL  /sc-dbmaster-api/api/csr/school/classes/2025/9808/31/0 
2025-06-12 09:51:33.581  INFO 1 --- [nio-8080-exec-3] s.g.m.sc.comp.util.HeaderPropgateFeign   : Gateway ID is present
2025-06-12 09:51:33.581  INFO 1 --- [nio-8080-exec-3] s.g.m.sc.comp.util.HeaderPropgateFeign   : x-app-request is present blue 
2025-06-12 09:51:33.581  INFO 1 --- [nio-8080-exec-3] s.g.m.sc.comp.util.HeaderPropgateFeign   : after feign interceptor process header ==> Cookie , [GATEWAYID=8e06b62b-7237-4531-b409-ec4e23c49265]
2025-06-12 09:51:33.581  INFO 1 --- [nio-8080-exec-3] s.g.m.sc.comp.util.HeaderPropgateFeign   : after feign interceptor process header ==> x-app-req , [blue]
2025-06-12 09:51:33.581  INFO 1 --- [nio-8080-exec-3] s.g.m.sc.comp.util.HeaderPropgateFeign   : after feign interceptor process header ==> X-SC-USER-TOKEN , [49974669133d41f0bb70a747890d400d]
2025-06-12 09:51:33.588  INFO 1 --- [nio-8080-exec-3] s.g.m.s.m.a.ScDefaultMonitorInterceptor  : Stop executing the sg.gov.moe.sc.academic.service.impl.SubjectAllocationServiceImpl.getSchoolClass method
2025-06-12 09:51:33.753  INFO 1 --- [nio-8080-exec-4] s.g.m.sc.comp.util.HeaderPropgateFeign   : feign intercept request
2025-06-12 09:51:33.753  INFO 1 --- [nio-8080-exec-4] s.g.m.sc.comp.util.HeaderPropgateFeign   : Request URL  /sc-auth/api/user-info 
2025-06-12 09:51:33.753  INFO 1 --- [nio-8080-exec-4] s.g.m.sc.comp.util.HeaderPropgateFeign   : Gateway ID is present
2025-06-12 09:51:33.753  INFO 1 --- [nio-8080-exec-4] s.g.m.sc.comp.util.HeaderPropgateFeign   : x-app-request is present blue 
2025-06-12 09:51:33.753  INFO 1 --- [nio-8080-exec-4] s.g.m.sc.comp.util.HeaderPropgateFeign   : after feign interceptor process header ==> Cookie , [GATEWAYID=8e06b62b-7237-4531-b409-ec4e23c49265]
2025-06-12 09:51:33.753  INFO 1 --- [nio-8080-exec-4] s.g.m.sc.comp.util.HeaderPropgateFeign   : after feign interceptor process header ==> x-app-req , [blue]
2025-06-12 09:51:33.753  INFO 1 --- [nio-8080-exec-4] s.g.m.sc.comp.util.HeaderPropgateFeign   : after feign interceptor process header ==> x-sc-user-token , [49974669133d41f0bb70a747890d400d]
2025-06-12 09:51:33.758  INFO 1 --- [nio-8080-exec-4] s.g.m.s.m.a.ScDefaultMonitorInterceptor  : Start executing the sg.gov.moe.sc.academic.service.impl.SubjectAllocationServiceImpl.getSchoolStream method
2025-06-12 09:51:33.758  INFO 1 --- [nio-8080-exec-4] s.g.m.sc.comp.util.HeaderPropgateFeign   : feign intercept request
2025-06-12 09:51:33.758  INFO 1 --- [nio-8080-exec-4] s.g.m.sc.comp.util.HeaderPropgateFeign   : Request URL  /sc-dbmaster-api/api/csr/school/stream/2025/9808/31/0 
2025-06-12 09:51:33.758  INFO 1 --- [nio-8080-exec-4] s.g.m.sc.comp.util.HeaderPropgateFeign   : Gateway ID is present
2025-06-12 09:51:33.758  INFO 1 --- [nio-8080-exec-4] s.g.m.sc.comp.util.HeaderPropgateFeign   : x-app-request is present blue 
2025-06-12 09:51:33.758  INFO 1 --- [nio-8080-exec-4] s.g.m.sc.comp.util.HeaderPropgateFeign   : after feign interceptor process header ==> Cookie , [GATEWAYID=8e06b62b-7237-4531-b409-ec4e23c49265]
2025-06-12 09:51:33.758  INFO 1 --- [nio-8080-exec-4] s.g.m.sc.comp.util.HeaderPropgateFeign   : after feign interceptor process header ==> x-app-req , [blue]
2025-06-12 09:51:33.758  INFO 1 --- [nio-8080-exec-4] s.g.m.sc.comp.util.HeaderPropgateFeign   : after feign interceptor process header ==> X-SC-USER-TOKEN , [49974669133d41f0bb70a747890d400d]
2025-06-12 09:51:33.765  INFO 1 --- [nio-8080-exec-4] s.g.m.s.m.a.ScDefaultMonitorInterceptor  : Stop executing the sg.gov.moe.sc.academic.service.impl.SubjectAllocationServiceImpl.getSchoolStream method
2025-06-12 09:51:33.954  INFO 1 --- [nio-8080-exec-7] s.g.m.sc.comp.util.HeaderPropgateFeign   : feign intercept request
2025-06-12 09:51:33.954  INFO 1 --- [nio-8080-exec-7] s.g.m.sc.comp.util.HeaderPropgateFeign   : Request URL  /sc-auth/api/user-info 
2025-06-12 09:51:33.954  INFO 1 --- [nio-8080-exec-7] s.g.m.sc.comp.util.HeaderPropgateFeign   : Gateway ID is present
2025-06-12 09:51:33.954  INFO 1 --- [nio-8080-exec-7] s.g.m.sc.comp.util.HeaderPropgateFeign   : x-app-request is present blue 
2025-06-12 09:51:33.954  INFO 1 --- [nio-8080-exec-7] s.g.m.sc.comp.util.HeaderPropgateFeign   : after feign interceptor process header ==> Cookie , [GATEWAYID=8e06b62b-7237-4531-b409-ec4e23c49265]
2025-06-12 09:51:33.954  INFO 1 --- [nio-8080-exec-7] s.g.m.sc.comp.util.HeaderPropgateFeign   : after feign interceptor process header ==> x-app-req , [blue]
2025-06-12 09:51:33.954  INFO 1 --- [nio-8080-exec-7] s.g.m.sc.comp.util.HeaderPropgateFeign   : after feign interceptor process header ==> x-sc-user-token , [49974669133d41f0bb70a747890d400d]
2025-06-12 09:51:33.954  INFO 1 --- [nio-8080-exec-6] s.g.m.sc.comp.util.HeaderPropgateFeign   : feign intercept request
2025-06-12 09:51:33.954  INFO 1 --- [nio-8080-exec-6] s.g.m.sc.comp.util.HeaderPropgateFeign   : Request URL  /sc-auth/api/user-info 
2025-06-12 09:51:33.954  INFO 1 --- [nio-8080-exec-6] s.g.m.sc.comp.util.HeaderPropgateFeign   : Gateway ID is present
2025-06-12 09:51:33.954  INFO 1 --- [nio-8080-exec-6] s.g.m.sc.comp.util.HeaderPropgateFeign   : x-app-request is present blue 
2025-06-12 09:51:33.954  INFO 1 --- [nio-8080-exec-6] s.g.m.sc.comp.util.HeaderPropgateFeign   : after feign interceptor process header ==> Cookie , [GATEWAYID=8e06b62b-7237-4531-b409-ec4e23c49265]
2025-06-12 09:51:33.954  INFO 1 --- [nio-8080-exec-6] s.g.m.sc.comp.util.HeaderPropgateFeign   : after feign interceptor process header ==> x-app-req , [blue]
2025-06-12 09:51:33.954  INFO 1 --- [nio-8080-exec-6] s.g.m.sc.comp.util.HeaderPropgateFeign   : after feign interceptor process header ==> x-sc-user-token , [49974669133d41f0bb70a747890d400d]
2025-06-12 09:51:33.955  INFO 1 --- [nio-8080-exec-5] s.g.m.sc.comp.util.HeaderPropgateFeign   : feign intercept request
2025-06-12 09:51:33.955  INFO 1 --- [nio-8080-exec-5] s.g.m.sc.comp.util.HeaderPropgateFeign   : Request URL  /sc-auth/api/user-info 
2025-06-12 09:51:33.955  INFO 1 --- [nio-8080-exec-5] s.g.m.sc.comp.util.HeaderPropgateFeign   : Gateway ID is present
2025-06-12 09:51:33.955  INFO 1 --- [nio-8080-exec-5] s.g.m.sc.comp.util.HeaderPropgateFeign   : x-app-request is present blue 
2025-06-12 09:51:33.955  INFO 1 --- [nio-8080-exec-5] s.g.m.sc.comp.util.HeaderPropgateFeign   : after feign interceptor process header ==> Cookie , [GATEWAYID=8e06b62b-7237-4531-b409-ec4e23c49265]
2025-06-12 09:51:33.955  INFO 1 --- [nio-8080-exec-5] s.g.m.sc.comp.util.HeaderPropgateFeign   : after feign interceptor process header ==> x-app-req , [blue]
2025-06-12 09:51:33.955  INFO 1 --- [nio-8080-exec-5] s.g.m.sc.comp.util.HeaderPropgateFeign   : after feign interceptor process header ==> x-sc-user-token , [49974669133d41f0bb70a747890d400d]
2025-06-12 09:51:33.956  INFO 1 --- [nio-8080-exec-9] s.g.m.sc.comp.util.HeaderPropgateFeign   : feign intercept request
2025-06-12 09:51:33.957  INFO 1 --- [nio-8080-exec-9] s.g.m.sc.comp.util.HeaderPropgateFeign   : Request URL  /sc-auth/api/user-info 
2025-06-12 09:51:33.957  INFO 1 --- [nio-8080-exec-9] s.g.m.sc.comp.util.HeaderPropgateFeign   : Gateway ID is present
2025-06-12 09:51:33.957  INFO 1 --- [nio-8080-exec-9] s.g.m.sc.comp.util.HeaderPropgateFeign   : x-app-request is present blue 
2025-06-12 09:51:33.957  INFO 1 --- [nio-8080-exec-9] s.g.m.sc.comp.util.HeaderPropgateFeign   : after feign interceptor process header ==> Cookie , [GATEWAYID=8e06b62b-7237-4531-b409-ec4e23c49265]
2025-06-12 09:51:33.957  INFO 1 --- [nio-8080-exec-9] s.g.m.sc.comp.util.HeaderPropgateFeign   : after feign interceptor process header ==> x-app-req , [blue]
2025-06-12 09:51:33.957  INFO 1 --- [nio-8080-exec-9] s.g.m.sc.comp.util.HeaderPropgateFeign   : after feign interceptor process header ==> x-sc-user-token , [49974669133d41f0bb70a747890d400d]
2025-06-12 09:51:33.957  INFO 1 --- [nio-8080-exec-2] s.g.m.sc.comp.util.HeaderPropgateFeign   : feign intercept request
2025-06-12 09:51:33.957  INFO 1 --- [nio-8080-exec-2] s.g.m.sc.comp.util.HeaderPropgateFeign   : Request URL  /sc-auth/api/user-info 
2025-06-12 09:51:33.957  INFO 1 --- [nio-8080-exec-2] s.g.m.sc.comp.util.HeaderPropgateFeign   : Gateway ID is present
2025-06-12 09:51:33.957  INFO 1 --- [nio-8080-exec-2] s.g.m.sc.comp.util.HeaderPropgateFeign   : x-app-request is present blue 
2025-06-12 09:51:33.957  INFO 1 --- [nio-8080-exec-2] s.g.m.sc.comp.util.HeaderPropgateFeign   : after feign interceptor process header ==> Cookie , [GATEWAYID=8e06b62b-7237-4531-b409-ec4e23c49265]
2025-06-12 09:51:33.957  INFO 1 --- [nio-8080-exec-2] s.g.m.sc.comp.util.HeaderPropgateFeign   : after feign interceptor process header ==> x-app-req , [blue]
2025-06-12 09:51:33.957  INFO 1 --- [nio-8080-exec-2] s.g.m.sc.comp.util.HeaderPropgateFeign   : after feign interceptor process header ==> x-sc-user-token , [49974669133d41f0bb70a747890d400d]
2025-06-12 09:51:33.959  INFO 1 --- [nio-8080-exec-7] s.g.m.s.m.a.ScDefaultMonitorInterceptor  : Start executing the sg.gov.moe.sc.academic.service.impl.CommonServiceImpl.getParticularSubjectLevelFSBB method
2025-06-12 09:51:33.959  INFO 1 --- [nio-8080-exec-6] s.g.m.s.m.a.ScDefaultMonitorInterceptor  : Start executing the sg.gov.moe.sc.academic.service.impl.SubjectAllocationServiceImpl.listSubjectMtModelBySchoolCodeAndAcademicYearAndLevelCodeAndProgramInd method
2025-06-12 09:51:33.959  INFO 1 --- [nio-8080-exec-5] s.g.m.s.m.a.ScDefaultMonitorInterceptor  : Start executing the sg.gov.moe.sc.academic.service.impl.SubjectAllocationServiceImpl.getCourseCombinations method
2025-06-12 09:51:33.959  INFO 1 --- [nio-8080-exec-7] s.g.m.sc.comp.util.HeaderPropgateFeign   : feign intercept request
2025-06-12 09:51:33.959  INFO 1 --- [nio-8080-exec-7] s.g.m.sc.comp.util.HeaderPropgateFeign   : Request URL  /sc-dbmaster-api/api/csr/config/code-detail/particular-subject-level/31/0 
2025-06-12 09:51:33.959  INFO 1 --- [nio-8080-exec-7] s.g.m.sc.comp.util.HeaderPropgateFeign   : Gateway ID is present
2025-06-12 09:51:33.959  INFO 1 --- [nio-8080-exec-7] s.g.m.sc.comp.util.HeaderPropgateFeign   : x-app-request is present blue 
2025-06-12 09:51:33.959  INFO 1 --- [nio-8080-exec-7] s.g.m.sc.comp.util.HeaderPropgateFeign   : after feign interceptor process header ==> Cookie , [GATEWAYID=8e06b62b-7237-4531-b409-ec4e23c49265]
2025-06-12 09:51:33.959  INFO 1 --- [nio-8080-exec-5] s.g.m.sc.comp.util.HeaderPropgateFeign   : feign intercept request
2025-06-12 09:51:33.959  INFO 1 --- [nio-8080-exec-7] s.g.m.sc.comp.util.HeaderPropgateFeign   : after feign interceptor process header ==> x-app-req , [blue]
2025-06-12 09:51:33.959  INFO 1 --- [nio-8080-exec-7] s.g.m.sc.comp.util.HeaderPropgateFeign   : after feign interceptor process header ==> X-SC-USER-TOKEN , [49974669133d41f0bb70a747890d400d]
2025-06-12 09:51:33.959  INFO 1 --- [nio-8080-exec-5] s.g.m.sc.comp.util.HeaderPropgateFeign   : Request URL  /sc-dbmaster-api/api/csr/config/code-detail/SUBJECTLEVEL 
2025-06-12 09:51:33.959  INFO 1 --- [nio-8080-exec-5] s.g.m.sc.comp.util.HeaderPropgateFeign   : Gateway ID is present
2025-06-12 09:51:33.959  INFO 1 --- [nio-8080-exec-5] s.g.m.sc.comp.util.HeaderPropgateFeign   : x-app-request is present blue 
2025-06-12 09:51:33.959  INFO 1 --- [nio-8080-exec-5] s.g.m.sc.comp.util.HeaderPropgateFeign   : after feign interceptor process header ==> Cookie , [GATEWAYID=8e06b62b-7237-4531-b409-ec4e23c49265]
2025-06-12 09:51:33.959  INFO 1 --- [nio-8080-exec-5] s.g.m.sc.comp.util.HeaderPropgateFeign   : after feign interceptor process header ==> x-app-req , [blue]
2025-06-12 09:51:33.959  INFO 1 --- [nio-8080-exec-5] s.g.m.sc.comp.util.HeaderPropgateFeign   : after feign interceptor process header ==> X-SC-USER-TOKEN , [49974669133d41f0bb70a747890d400d]
2025-06-12 09:51:33.959  INFO 1 --- [nio-8080-exec-9] s.g.m.s.m.a.ScDefaultMonitorInterceptor  : Start executing the sg.gov.moe.sc.academic.service.impl.SubjectAllocationServiceImpl.getAllSubjLanguagesMappingList method
2025-06-12 09:51:33.962  INFO 1 --- [nio-8080-exec-2] s.g.m.s.m.a.ScDefaultMonitorInterceptor  : Start executing the sg.gov.moe.sc.academic.service.impl.SubjectAllocationServiceImpl.getNationalExamCode method
2025-06-12 09:51:33.965  INFO 1 --- [nio-8080-exec-7] s.g.m.s.m.a.ScDefaultMonitorInterceptor  : Stop executing the sg.gov.moe.sc.academic.service.impl.CommonServiceImpl.getParticularSubjectLevelFSBB method
2025-06-12 09:51:33.988  INFO 1 --- [nio-8080-exec-9] s.g.m.s.m.a.ScDefaultMonitorInterceptor  : Stop executing the sg.gov.moe.sc.academic.service.impl.SubjectAllocationServiceImpl.getAllSubjLanguagesMappingList method
2025-06-12 09:51:34.024  INFO 1 --- [nio-8080-exec-2] s.g.m.s.m.a.ScDefaultMonitorInterceptor  : Stop executing the sg.gov.moe.sc.academic.service.impl.SubjectAllocationServiceImpl.getNationalExamCode method
2025-06-12 09:51:34.025  INFO 1 --- [nio-8080-exec-6] s.g.m.sc.comp.util.HeaderPropgateFeign   : feign intercept request
2025-06-12 09:51:34.025  INFO 1 --- [nio-8080-exec-6] s.g.m.sc.comp.util.HeaderPropgateFeign   : Request URL  /sc-dbmaster-api/api/csr/config/code-detail/SUBJECTLEVEL 
2025-06-12 09:51:34.026  INFO 1 --- [nio-8080-exec-6] s.g.m.sc.comp.util.HeaderPropgateFeign   : Gateway ID is present
2025-06-12 09:51:34.026  INFO 1 --- [nio-8080-exec-6] s.g.m.sc.comp.util.HeaderPropgateFeign   : x-app-request is present blue 
2025-06-12 09:51:34.026  INFO 1 --- [nio-8080-exec-6] s.g.m.sc.comp.util.HeaderPropgateFeign   : after feign interceptor process header ==> Cookie , [GATEWAYID=8e06b62b-7237-4531-b409-ec4e23c49265]
2025-06-12 09:51:34.026  INFO 1 --- [nio-8080-exec-6] s.g.m.sc.comp.util.HeaderPropgateFeign   : after feign interceptor process header ==> x-app-req , [blue]
2025-06-12 09:51:34.026  INFO 1 --- [nio-8080-exec-6] s.g.m.sc.comp.util.HeaderPropgateFeign   : after feign interceptor process header ==> X-SC-USER-TOKEN , [49974669133d41f0bb70a747890d400d]
[GC (Allocation Failure) [DefNew: 51818K->3299K(53568K), 0.0144517 secs] 164448K->117950K(172360K), 0.0144886 secs] [Times: user=0.03 sys=0.00, real=0.02 secs] 
2025-06-12 09:51:34.058  INFO 1 --- [nio-8080-exec-6] s.g.m.s.m.a.ScDefaultMonitorInterceptor  : Stop executing the sg.gov.moe.sc.academic.service.impl.SubjectAllocationServiceImpl.listSubjectMtModelBySchoolCodeAndAcademicYearAndLevelCodeAndProgramInd method
2025-06-12 09:51:34.192  INFO 1 --- [nio-8080-exec-5] s.g.m.s.m.a.ScDefaultMonitorInterceptor  : Stop executing the sg.gov.moe.sc.academic.service.impl.SubjectAllocationServiceImpl.getCourseCombinations method
2025-06-12 09:51:34.227  INFO 1 --- [nio-8080-exec-8] s.g.m.sc.comp.util.HeaderPropgateFeign   : feign intercept request
2025-06-12 09:51:34.227  INFO 1 --- [nio-8080-exec-8] s.g.m.sc.comp.util.HeaderPropgateFeign   : Request URL  /sc-auth/api/user-info 
2025-06-12 09:51:34.227  INFO 1 --- [nio-8080-exec-8] s.g.m.sc.comp.util.HeaderPropgateFeign   : Gateway ID is present
2025-06-12 09:51:34.227  INFO 1 --- [nio-8080-exec-8] s.g.m.sc.comp.util.HeaderPropgateFeign   : x-app-request is present blue 
2025-06-12 09:51:34.227  INFO 1 --- [nio-8080-exec-8] s.g.m.sc.comp.util.HeaderPropgateFeign   : after feign interceptor process header ==> Cookie , [GATEWAYID=8e06b62b-7237-4531-b409-ec4e23c49265]
2025-06-12 09:51:34.227  INFO 1 --- [nio-8080-exec-8] s.g.m.sc.comp.util.HeaderPropgateFeign   : after feign interceptor process header ==> x-app-req , [blue]
2025-06-12 09:51:34.227  INFO 1 --- [nio-8080-exec-8] s.g.m.sc.comp.util.HeaderPropgateFeign   : after feign interceptor process header ==> x-sc-user-token , [49974669133d41f0bb70a747890d400d]
2025-06-12 09:51:34.232  INFO 1 --- [nio-8080-exec-8] s.g.m.s.m.a.ScDefaultMonitorInterceptor  : Start executing the sg.gov.moe.sc.academic.service.impl.SubjectAllocationServiceImpl.getNtilSubjectCodeList method
2025-06-12 09:51:34.234  INFO 1 --- [nio-8080-exec-8] s.g.m.s.m.a.ScDefaultMonitorInterceptor  : Stop executing the sg.gov.moe.sc.academic.service.impl.SubjectAllocationServiceImpl.getNtilSubjectCodeList method
2025-06-12 09:51:40.193  INFO 1 --- [nio-8080-exec-3] s.g.m.sc.comp.util.HeaderPropgateFeign   : feign intercept request
2025-06-12 09:51:40.193  INFO 1 --- [nio-8080-exec-3] s.g.m.sc.comp.util.HeaderPropgateFeign   : Request URL  /sc-auth/api/user-info 
2025-06-12 09:51:40.194  INFO 1 --- [nio-8080-exec-3] s.g.m.sc.comp.util.HeaderPropgateFeign   : Gateway ID is present
2025-06-12 09:51:40.194  INFO 1 --- [nio-8080-exec-3] s.g.m.sc.comp.util.HeaderPropgateFeign   : x-app-request is present blue 
2025-06-12 09:51:40.194  INFO 1 --- [nio-8080-exec-3] s.g.m.sc.comp.util.HeaderPropgateFeign   : after feign interceptor process header ==> Cookie , [GATEWAYID=8e06b62b-7237-4531-b409-ec4e23c49265]
2025-06-12 09:51:40.194  INFO 1 --- [nio-8080-exec-3] s.g.m.sc.comp.util.HeaderPropgateFeign   : after feign interceptor process header ==> x-app-req , [blue]
2025-06-12 09:51:40.194  INFO 1 --- [nio-8080-exec-3] s.g.m.sc.comp.util.HeaderPropgateFeign   : after feign interceptor process header ==> x-sc-user-token , [49974669133d41f0bb70a747890d400d]
2025-06-12 09:51:40.197  INFO 1 --- [nio-8080-exec-3] s.g.m.s.m.a.ScDefaultMonitorInterceptor  : Start executing the sg.gov.moe.sc.academic.service.impl.SubjectAllocationServiceImpl.getSchoolClass method
2025-06-12 09:51:40.198  INFO 1 --- [nio-8080-exec-3] s.g.m.sc.comp.util.HeaderPropgateFeign   : feign intercept request
2025-06-12 09:51:40.198  INFO 1 --- [nio-8080-exec-3] s.g.m.sc.comp.util.HeaderPropgateFeign   : Request URL  /sc-dbmaster-api/api/csr/school/classes/2025/9808/33/0 
2025-06-12 09:51:40.198  INFO 1 --- [nio-8080-exec-3] s.g.m.sc.comp.util.HeaderPropgateFeign   : Gateway ID is present
2025-06-12 09:51:40.198  INFO 1 --- [nio-8080-exec-3] s.g.m.sc.comp.util.HeaderPropgateFeign   : x-app-request is present blue 
2025-06-12 09:51:40.198  INFO 1 --- [nio-8080-exec-3] s.g.m.sc.comp.util.HeaderPropgateFeign   : after feign interceptor process header ==> Cookie , [GATEWAYID=8e06b62b-7237-4531-b409-ec4e23c49265]
2025-06-12 09:51:40.198  INFO 1 --- [nio-8080-exec-3] s.g.m.sc.comp.util.HeaderPropgateFeign   : after feign interceptor process header ==> x-app-req , [blue]
2025-06-12 09:51:40.198  INFO 1 --- [nio-8080-exec-3] s.g.m.sc.comp.util.HeaderPropgateFeign   : after feign interceptor process header ==> X-SC-USER-TOKEN , [49974669133d41f0bb70a747890d400d]
2025-06-12 09:51:40.206  INFO 1 --- [nio-8080-exec-3] s.g.m.s.m.a.ScDefaultMonitorInterceptor  : Stop executing the sg.gov.moe.sc.academic.service.impl.SubjectAllocationServiceImpl.getSchoolClass method
2025-06-12 09:51:41.949  INFO 1 --- [nio-8080-exec-4] s.g.m.sc.comp.util.HeaderPropgateFeign   : feign intercept request
2025-06-12 09:51:41.949  INFO 1 --- [nio-8080-exec-4] s.g.m.sc.comp.util.HeaderPropgateFeign   : Request URL  /sc-auth/api/user-info 
2025-06-12 09:51:41.949  INFO 1 --- [nio-8080-exec-4] s.g.m.sc.comp.util.HeaderPropgateFeign   : Gateway ID is present
2025-06-12 09:51:41.949  INFO 1 --- [nio-8080-exec-4] s.g.m.sc.comp.util.HeaderPropgateFeign   : x-app-request is present blue 
2025-06-12 09:51:41.949  INFO 1 --- [nio-8080-exec-4] s.g.m.sc.comp.util.HeaderPropgateFeign   : after feign interceptor process header ==> Cookie , [GATEWAYID=8e06b62b-7237-4531-b409-ec4e23c49265]
2025-06-12 09:51:41.949  INFO 1 --- [nio-8080-exec-4] s.g.m.sc.comp.util.HeaderPropgateFeign   : after feign interceptor process header ==> x-app-req , [blue]
2025-06-12 09:51:41.949  INFO 1 --- [nio-8080-exec-4] s.g.m.sc.comp.util.HeaderPropgateFeign   : after feign interceptor process header ==> x-sc-user-token , [49974669133d41f0bb70a747890d400d]
2025-06-12 09:51:41.954  INFO 1 --- [nio-8080-exec-4] s.g.m.s.m.a.ScDefaultMonitorInterceptor  : Start executing the sg.gov.moe.sc.academic.service.impl.SubjectAllocationServiceImpl.getSchoolStream method
2025-06-12 09:51:41.954  INFO 1 --- [nio-8080-exec-4] s.g.m.sc.comp.util.HeaderPropgateFeign   : feign intercept request
2025-06-12 09:51:41.954  INFO 1 --- [nio-8080-exec-4] s.g.m.sc.comp.util.HeaderPropgateFeign   : Request URL  /sc-dbmaster-api/api/csr/school/stream/2025/9808/33/0 
2025-06-12 09:51:41.954  INFO 1 --- [nio-8080-exec-4] s.g.m.sc.comp.util.HeaderPropgateFeign   : Gateway ID is present
2025-06-12 09:51:41.954  INFO 1 --- [nio-8080-exec-4] s.g.m.sc.comp.util.HeaderPropgateFeign   : x-app-request is present blue 
2025-06-12 09:51:41.954  INFO 1 --- [nio-8080-exec-4] s.g.m.sc.comp.util.HeaderPropgateFeign   : after feign interceptor process header ==> Cookie , [GATEWAYID=8e06b62b-7237-4531-b409-ec4e23c49265]
2025-06-12 09:51:41.954  INFO 1 --- [nio-8080-exec-4] s.g.m.sc.comp.util.HeaderPropgateFeign   : after feign interceptor process header ==> x-app-req , [blue]
2025-06-12 09:51:41.954  INFO 1 --- [nio-8080-exec-4] s.g.m.sc.comp.util.HeaderPropgateFeign   : after feign interceptor process header ==> X-SC-USER-TOKEN , [49974669133d41f0bb70a747890d400d]
2025-06-12 09:51:41.961  INFO 1 --- [nio-8080-exec-4] s.g.m.s.m.a.ScDefaultMonitorInterceptor  : Stop executing the sg.gov.moe.sc.academic.service.impl.SubjectAllocationServiceImpl.getSchoolStream method
2025-06-12 09:51:42.739  INFO 1 --- [nio-8080-exec-7] s.g.m.sc.comp.util.HeaderPropgateFeign   : feign intercept request
2025-06-12 09:51:42.740  INFO 1 --- [nio-8080-exec-7] s.g.m.sc.comp.util.HeaderPropgateFeign   : Request URL  /sc-auth/api/user-info 
2025-06-12 09:51:42.740  INFO 1 --- [nio-8080-exec-7] s.g.m.sc.comp.util.HeaderPropgateFeign   : Gateway ID is present
2025-06-12 09:51:42.740  INFO 1 --- [nio-8080-exec-7] s.g.m.sc.comp.util.HeaderPropgateFeign   : x-app-request is present blue 
2025-06-12 09:51:42.740  INFO 1 --- [nio-8080-exec-7] s.g.m.sc.comp.util.HeaderPropgateFeign   : after feign interceptor process header ==> Cookie , [GATEWAYID=8e06b62b-7237-4531-b409-ec4e23c49265]
2025-06-12 09:51:42.740  INFO 1 --- [nio-8080-exec-7] s.g.m.sc.comp.util.HeaderPropgateFeign   : after feign interceptor process header ==> x-app-req , [blue]
2025-06-12 09:51:42.740  INFO 1 --- [nio-8080-exec-7] s.g.m.sc.comp.util.HeaderPropgateFeign   : after feign interceptor process header ==> x-sc-user-token , [49974669133d41f0bb70a747890d400d]
2025-06-12 09:51:42.743  INFO 1 --- [nio-8080-exec-9] s.g.m.sc.comp.util.HeaderPropgateFeign   : feign intercept request
2025-06-12 09:51:42.743  INFO 1 --- [nio-8080-exec-9] s.g.m.sc.comp.util.HeaderPropgateFeign   : Request URL  /sc-auth/api/user-info 
2025-06-12 09:51:42.743  INFO 1 --- [nio-8080-exec-9] s.g.m.sc.comp.util.HeaderPropgateFeign   : Gateway ID is present
2025-06-12 09:51:42.743  INFO 1 --- [nio-8080-exec-9] s.g.m.sc.comp.util.HeaderPropgateFeign   : x-app-request is present blue 
2025-06-12 09:51:42.743  INFO 1 --- [nio-8080-exec-9] s.g.m.sc.comp.util.HeaderPropgateFeign   : after feign interceptor process header ==> Cookie , [GATEWAYID=8e06b62b-7237-4531-b409-ec4e23c49265]
2025-06-12 09:51:42.743  INFO 1 --- [nio-8080-exec-9] s.g.m.sc.comp.util.HeaderPropgateFeign   : after feign interceptor process header ==> x-app-req , [blue]
2025-06-12 09:51:42.743  INFO 1 --- [nio-8080-exec-9] s.g.m.sc.comp.util.HeaderPropgateFeign   : after feign interceptor process header ==> x-sc-user-token , [49974669133d41f0bb70a747890d400d]
2025-06-12 09:51:42.744  INFO 1 --- [nio-8080-exec-7] s.g.m.s.m.a.ScDefaultMonitorInterceptor  : Start executing the sg.gov.moe.sc.academic.service.impl.CommonServiceImpl.getParticularSubjectLevelFSBB method
2025-06-12 09:51:42.744  INFO 1 --- [nio-8080-exec-7] s.g.m.sc.comp.util.HeaderPropgateFeign   : feign intercept request
2025-06-12 09:51:42.744  INFO 1 --- [nio-8080-exec-7] s.g.m.sc.comp.util.HeaderPropgateFeign   : Request URL  /sc-dbmaster-api/api/csr/config/code-detail/particular-subject-level/33/0 
2025-06-12 09:51:42.744  INFO 1 --- [nio-8080-exec-7] s.g.m.sc.comp.util.HeaderPropgateFeign   : Gateway ID is present
2025-06-12 09:51:42.744  INFO 1 --- [nio-8080-exec-7] s.g.m.sc.comp.util.HeaderPropgateFeign   : x-app-request is present blue 
2025-06-12 09:51:42.744  INFO 1 --- [nio-8080-exec-7] s.g.m.sc.comp.util.HeaderPropgateFeign   : after feign interceptor process header ==> Cookie , [GATEWAYID=8e06b62b-7237-4531-b409-ec4e23c49265]
2025-06-12 09:51:42.744  INFO 1 --- [nio-8080-exec-7] s.g.m.sc.comp.util.HeaderPropgateFeign   : after feign interceptor process header ==> x-app-req , [blue]
2025-06-12 09:51:42.744  INFO 1 --- [nio-8080-exec-7] s.g.m.sc.comp.util.HeaderPropgateFeign   : after feign interceptor process header ==> X-SC-USER-TOKEN , [49974669133d41f0bb70a747890d400d]
2025-06-12 09:51:42.745  INFO 1 --- [nio-8080-exec-2] s.g.m.sc.comp.util.HeaderPropgateFeign   : feign intercept request
2025-06-12 09:51:42.745  INFO 1 --- [nio-8080-exec-2] s.g.m.sc.comp.util.HeaderPropgateFeign   : Request URL  /sc-auth/api/user-info 
2025-06-12 09:51:42.745  INFO 1 --- [nio-8080-exec-2] s.g.m.sc.comp.util.HeaderPropgateFeign   : Gateway ID is present
2025-06-12 09:51:42.745  INFO 1 --- [nio-8080-exec-2] s.g.m.sc.comp.util.HeaderPropgateFeign   : x-app-request is present blue 
2025-06-12 09:51:42.745  INFO 1 --- [nio-8080-exec-2] s.g.m.sc.comp.util.HeaderPropgateFeign   : after feign interceptor process header ==> Cookie , [GATEWAYID=8e06b62b-7237-4531-b409-ec4e23c49265]
2025-06-12 09:51:42.745  INFO 1 --- [nio-8080-exec-2] s.g.m.sc.comp.util.HeaderPropgateFeign   : after feign interceptor process header ==> x-app-req , [blue]
2025-06-12 09:51:42.745  INFO 1 --- [nio-8080-exec-2] s.g.m.sc.comp.util.HeaderPropgateFeign   : after feign interceptor process header ==> x-sc-user-token , [49974669133d41f0bb70a747890d400d]
2025-06-12 09:51:42.746  INFO 1 --- [nio-8080-exec-9] s.g.m.s.m.a.ScDefaultMonitorInterceptor  : Start executing the sg.gov.moe.sc.academic.service.impl.SubjectAllocationServiceImpl.listSubjectMtModelBySchoolCodeAndAcademicYearAndLevelCodeAndProgramInd method
2025-06-12 09:51:42.746  INFO 1 --- [nio-8080-exec-6] s.g.m.sc.comp.util.HeaderPropgateFeign   : feign intercept request
2025-06-12 09:51:42.747  INFO 1 --- [nio-8080-exec-6] s.g.m.sc.comp.util.HeaderPropgateFeign   : Request URL  /sc-auth/api/user-info 
2025-06-12 09:51:42.747  INFO 1 --- [nio-8080-exec-6] s.g.m.sc.comp.util.HeaderPropgateFeign   : Gateway ID is present
2025-06-12 09:51:42.747  INFO 1 --- [nio-8080-exec-6] s.g.m.sc.comp.util.HeaderPropgateFeign   : x-app-request is present blue 
2025-06-12 09:51:42.747  INFO 1 --- [nio-8080-exec-6] s.g.m.sc.comp.util.HeaderPropgateFeign   : after feign interceptor process header ==> Cookie , [GATEWAYID=8e06b62b-7237-4531-b409-ec4e23c49265]
2025-06-12 09:51:42.747  INFO 1 --- [nio-8080-exec-6] s.g.m.sc.comp.util.HeaderPropgateFeign   : after feign interceptor process header ==> x-app-req , [blue]
2025-06-12 09:51:42.747  INFO 1 --- [nio-8080-exec-6] s.g.m.sc.comp.util.HeaderPropgateFeign   : after feign interceptor process header ==> x-sc-user-token , [49974669133d41f0bb70a747890d400d]
2025-06-12 09:51:42.748  INFO 1 --- [nio-8080-exec-5] s.g.m.sc.comp.util.HeaderPropgateFeign   : feign intercept request
2025-06-12 09:51:42.748  INFO 1 --- [nio-8080-exec-5] s.g.m.sc.comp.util.HeaderPropgateFeign   : Request URL  /sc-auth/api/user-info 
2025-06-12 09:51:42.748  INFO 1 --- [nio-8080-exec-5] s.g.m.sc.comp.util.HeaderPropgateFeign   : Gateway ID is present
2025-06-12 09:51:42.748  INFO 1 --- [nio-8080-exec-5] s.g.m.sc.comp.util.HeaderPropgateFeign   : x-app-request is present blue 
2025-06-12 09:51:42.748  INFO 1 --- [nio-8080-exec-5] s.g.m.sc.comp.util.HeaderPropgateFeign   : after feign interceptor process header ==> Cookie , [GATEWAYID=8e06b62b-7237-4531-b409-ec4e23c49265]
2025-06-12 09:51:42.748  INFO 1 --- [nio-8080-exec-5] s.g.m.sc.comp.util.HeaderPropgateFeign   : after feign interceptor process header ==> x-app-req , [blue]
2025-06-12 09:51:42.748  INFO 1 --- [nio-8080-exec-5] s.g.m.sc.comp.util.HeaderPropgateFeign   : after feign interceptor process header ==> x-sc-user-token , [49974669133d41f0bb70a747890d400d]
2025-06-12 09:51:42.748  INFO 1 --- [nio-8080-exec-2] s.g.m.s.m.a.ScDefaultMonitorInterceptor  : Start executing the sg.gov.moe.sc.academic.service.impl.SubjectAllocationServiceImpl.getCourseCombinations method
2025-06-12 09:51:42.749  INFO 1 --- [nio-8080-exec-2] s.g.m.sc.comp.util.HeaderPropgateFeign   : feign intercept request
2025-06-12 09:51:42.749  INFO 1 --- [nio-8080-exec-2] s.g.m.sc.comp.util.HeaderPropgateFeign   : Request URL  /sc-dbmaster-api/api/csr/config/code-detail/SUBJECTLEVEL 
2025-06-12 09:51:42.749  INFO 1 --- [nio-8080-exec-2] s.g.m.sc.comp.util.HeaderPropgateFeign   : Gateway ID is present
2025-06-12 09:51:42.749  INFO 1 --- [nio-8080-exec-2] s.g.m.sc.comp.util.HeaderPropgateFeign   : x-app-request is present blue 
2025-06-12 09:51:42.749  INFO 1 --- [nio-8080-exec-2] s.g.m.sc.comp.util.HeaderPropgateFeign   : after feign interceptor process header ==> Cookie , [GATEWAYID=8e06b62b-7237-4531-b409-ec4e23c49265]
2025-06-12 09:51:42.749  INFO 1 --- [nio-8080-exec-2] s.g.m.sc.comp.util.HeaderPropgateFeign   : after feign interceptor process header ==> x-app-req , [blue]
2025-06-12 09:51:42.749  INFO 1 --- [nio-8080-exec-2] s.g.m.sc.comp.util.HeaderPropgateFeign   : after feign interceptor process header ==> X-SC-USER-TOKEN , [49974669133d41f0bb70a747890d400d]
2025-06-12 09:51:42.749  INFO 1 --- [nio-8080-exec-6] s.g.m.s.m.a.ScDefaultMonitorInterceptor  : Start executing the sg.gov.moe.sc.academic.service.impl.SubjectAllocationServiceImpl.getAllSubjLanguagesMappingList method
2025-06-12 09:51:42.751  INFO 1 --- [nio-8080-exec-7] s.g.m.s.m.a.ScDefaultMonitorInterceptor  : Stop executing the sg.gov.moe.sc.academic.service.impl.CommonServiceImpl.getParticularSubjectLevelFSBB method
2025-06-12 09:51:42.752  INFO 1 --- [nio-8080-exec-5] s.g.m.s.m.a.ScDefaultMonitorInterceptor  : Start executing the sg.gov.moe.sc.academic.service.impl.SubjectAllocationServiceImpl.getNationalExamCode method
2025-06-12 09:51:42.752  INFO 1 --- [nio-8080-exec-6] s.g.m.s.m.a.ScDefaultMonitorInterceptor  : Stop executing the sg.gov.moe.sc.academic.service.impl.SubjectAllocationServiceImpl.getAllSubjLanguagesMappingList method
2025-06-12 09:51:42.753  INFO 1 --- [nio-8080-exec-8] s.g.m.sc.comp.util.HeaderPropgateFeign   : feign intercept request
2025-06-12 09:51:42.753  INFO 1 --- [nio-8080-exec-8] s.g.m.sc.comp.util.HeaderPropgateFeign   : Request URL  /sc-auth/api/user-info 
2025-06-12 09:51:42.753  INFO 1 --- [nio-8080-exec-8] s.g.m.sc.comp.util.HeaderPropgateFeign   : Gateway ID is present
2025-06-12 09:51:42.753  INFO 1 --- [nio-8080-exec-8] s.g.m.sc.comp.util.HeaderPropgateFeign   : x-app-request is present blue 
2025-06-12 09:51:42.753  INFO 1 --- [nio-8080-exec-8] s.g.m.sc.comp.util.HeaderPropgateFeign   : after feign interceptor process header ==> Cookie , [GATEWAYID=8e06b62b-7237-4531-b409-ec4e23c49265]
2025-06-12 09:51:42.753  INFO 1 --- [nio-8080-exec-8] s.g.m.sc.comp.util.HeaderPropgateFeign   : after feign interceptor process header ==> x-app-req , [blue]
2025-06-12 09:51:42.753  INFO 1 --- [nio-8080-exec-8] s.g.m.sc.comp.util.HeaderPropgateFeign   : after feign interceptor process header ==> x-sc-user-token , [49974669133d41f0bb70a747890d400d]
2025-06-12 09:51:42.754  INFO 1 --- [nio-8080-exec-5] s.g.m.s.m.a.ScDefaultMonitorInterceptor  : Stop executing the sg.gov.moe.sc.academic.service.impl.SubjectAllocationServiceImpl.getNationalExamCode method
2025-06-12 09:51:42.756  INFO 1 --- [nio-8080-exec-8] s.g.m.s.m.a.ScDefaultMonitorInterceptor  : Start executing the sg.gov.moe.sc.academic.service.impl.SubjectAllocationServiceImpl.getNtilSubjectCodeList method
2025-06-12 09:51:42.762  INFO 1 --- [nio-8080-exec-8] s.g.m.s.m.a.ScDefaultMonitorInterceptor  : Stop executing the sg.gov.moe.sc.academic.service.impl.SubjectAllocationServiceImpl.getNtilSubjectCodeList method
2025-06-12 09:51:42.770  INFO 1 --- [nio-8080-exec-9] s.g.m.sc.comp.util.HeaderPropgateFeign   : feign intercept request
2025-06-12 09:51:42.770  INFO 1 --- [nio-8080-exec-9] s.g.m.sc.comp.util.HeaderPropgateFeign   : Request URL  /sc-dbmaster-api/api/csr/config/code-detail/SUBJECTLEVEL 
2025-06-12 09:51:42.770  INFO 1 --- [nio-8080-exec-9] s.g.m.sc.comp.util.HeaderPropgateFeign   : Gateway ID is present
2025-06-12 09:51:42.770  INFO 1 --- [nio-8080-exec-9] s.g.m.sc.comp.util.HeaderPropgateFeign   : x-app-request is present blue 
2025-06-12 09:51:42.770  INFO 1 --- [nio-8080-exec-9] s.g.m.sc.comp.util.HeaderPropgateFeign   : after feign interceptor process header ==> Cookie , [GATEWAYID=8e06b62b-7237-4531-b409-ec4e23c49265]
2025-06-12 09:51:42.770  INFO 1 --- [nio-8080-exec-9] s.g.m.sc.comp.util.HeaderPropgateFeign   : after feign interceptor process header ==> x-app-req , [blue]
2025-06-12 09:51:42.770  INFO 1 --- [nio-8080-exec-9] s.g.m.sc.comp.util.HeaderPropgateFeign   : after feign interceptor process header ==> X-SC-USER-TOKEN , [49974669133d41f0bb70a747890d400d]
2025-06-12 09:51:42.778  INFO 1 --- [nio-8080-exec-9] s.g.m.s.m.a.ScDefaultMonitorInterceptor  : Stop executing the sg.gov.moe.sc.academic.service.impl.SubjectAllocationServiceImpl.listSubjectMtModelBySchoolCodeAndAcademicYearAndLevelCodeAndProgramInd method
2025-06-12 09:51:42.839  INFO 1 --- [nio-8080-exec-2] s.g.m.s.m.a.ScDefaultMonitorInterceptor  : Stop executing the sg.gov.moe.sc.academic.service.impl.SubjectAllocationServiceImpl.getCourseCombinations method
2025-06-12 09:51:45.225  INFO 1 --- [nio-8080-exec-1] s.g.m.sc.comp.util.HeaderPropgateFeign   : feign intercept request
2025-06-12 09:51:45.225  INFO 1 --- [nio-8080-exec-1] s.g.m.sc.comp.util.HeaderPropgateFeign   : Request URL  /sc-auth/api/user-info 
2025-06-12 09:51:45.225  INFO 1 --- [nio-8080-exec-1] s.g.m.sc.comp.util.HeaderPropgateFeign   : Gateway ID is present
2025-06-12 09:51:45.225  INFO 1 --- [nio-8080-exec-1] s.g.m.sc.comp.util.HeaderPropgateFeign   : x-app-request is present blue 
2025-06-12 09:51:45.226  INFO 1 --- [nio-8080-exec-1] s.g.m.sc.comp.util.HeaderPropgateFeign   : after feign interceptor process header ==> Cookie , [GATEWAYID=8e06b62b-7237-4531-b409-ec4e23c49265]
2025-06-12 09:51:45.226  INFO 1 --- [nio-8080-exec-1] s.g.m.sc.comp.util.HeaderPropgateFeign   : after feign interceptor process header ==> x-app-req , [blue]
2025-06-12 09:51:45.226  INFO 1 --- [nio-8080-exec-1] s.g.m.sc.comp.util.HeaderPropgateFeign   : after feign interceptor process header ==> x-sc-user-token , [49974669133d41f0bb70a747890d400d]
2025-06-12 09:51:45.230  INFO 1 --- [nio-8080-exec-1] s.g.m.s.m.a.ScDefaultMonitorInterceptor  : Start executing the sg.gov.moe.sc.academic.service.impl.SubjectAllocationServiceImpl.listSubjectAllocationStudentBy method
2025-06-12 09:51:45.231  INFO 1 --- [nio-8080-exec-1] s.g.m.sc.comp.util.HeaderPropgateFeign   : feign intercept request
2025-06-12 09:51:45.231  INFO 1 --- [nio-8080-exec-1] s.g.m.sc.comp.util.HeaderPropgateFeign   : Request URL  /sc-dbmaster-api/api/csr/subject-allocation/students?schoolCode=9808&academicYear=2025&levelCode=33&classCodes=SEC3-01&streamCode=22&programInd=0 
2025-06-12 09:51:45.231  INFO 1 --- [nio-8080-exec-1] s.g.m.sc.comp.util.HeaderPropgateFeign   : Gateway ID is present
2025-06-12 09:51:45.231  INFO 1 --- [nio-8080-exec-1] s.g.m.sc.comp.util.HeaderPropgateFeign   : x-app-request is present blue 
2025-06-12 09:51:45.231  INFO 1 --- [nio-8080-exec-1] s.g.m.sc.comp.util.HeaderPropgateFeign   : after feign interceptor process header ==> Cookie , [GATEWAYID=8e06b62b-7237-4531-b409-ec4e23c49265]
2025-06-12 09:51:45.231  INFO 1 --- [nio-8080-exec-1] s.g.m.sc.comp.util.HeaderPropgateFeign   : after feign interceptor process header ==> x-app-req , [blue]
2025-06-12 09:51:45.231  INFO 1 --- [nio-8080-exec-1] s.g.m.sc.comp.util.HeaderPropgateFeign   : after feign interceptor process header ==> X-SC-USER-TOKEN , [49974669133d41f0bb70a747890d400d]
2025-06-12 09:51:45.268  INFO 1 --- [nio-8080-exec-1] s.g.m.sc.comp.util.HeaderPropgateFeign   : feign intercept request
2025-06-12 09:51:45.268  INFO 1 --- [nio-8080-exec-1] s.g.m.sc.comp.util.HeaderPropgateFeign   : Request URL  /sc-dbmaster-api/api/csr/school/classes/2025/9808/33/0 
2025-06-12 09:51:45.268  INFO 1 --- [nio-8080-exec-1] s.g.m.sc.comp.util.HeaderPropgateFeign   : Gateway ID is present
2025-06-12 09:51:45.268  INFO 1 --- [nio-8080-exec-1] s.g.m.sc.comp.util.HeaderPropgateFeign   : x-app-request is present blue 
2025-06-12 09:51:45.268  INFO 1 --- [nio-8080-exec-1] s.g.m.sc.comp.util.HeaderPropgateFeign   : after feign interceptor process header ==> Cookie , [GATEWAYID=8e06b62b-7237-4531-b409-ec4e23c49265]
2025-06-12 09:51:45.268  INFO 1 --- [nio-8080-exec-1] s.g.m.sc.comp.util.HeaderPropgateFeign   : after feign interceptor process header ==> x-app-req , [blue]
2025-06-12 09:51:45.268  INFO 1 --- [nio-8080-exec-1] s.g.m.sc.comp.util.HeaderPropgateFeign   : after feign interceptor process header ==> X-SC-USER-TOKEN , [49974669133d41f0bb70a747890d400d]
2025-06-12 09:51:45.276  INFO 1 --- [nio-8080-exec-1] s.g.m.sc.comp.util.HeaderPropgateFeign   : feign intercept request
2025-06-12 09:51:45.277  INFO 1 --- [nio-8080-exec-1] s.g.m.sc.comp.util.HeaderPropgateFeign   : Request URL  /sc-dbmaster-api/api/csr/subject-allocation/language-abbrevation?languageCodeList=02&languageCodeList=04&languageCodeList=03&languageCodeList=05&languageCodeList=00 
2025-06-12 09:51:45.277  INFO 1 --- [nio-8080-exec-1] s.g.m.sc.comp.util.HeaderPropgateFeign   : Gateway ID is present
2025-06-12 09:51:45.277  INFO 1 --- [nio-8080-exec-1] s.g.m.sc.comp.util.HeaderPropgateFeign   : x-app-request is present blue 
2025-06-12 09:51:45.277  INFO 1 --- [nio-8080-exec-1] s.g.m.sc.comp.util.HeaderPropgateFeign   : after feign interceptor process header ==> Cookie , [GATEWAYID=8e06b62b-7237-4531-b409-ec4e23c49265]
2025-06-12 09:51:45.277  INFO 1 --- [nio-8080-exec-1] s.g.m.sc.comp.util.HeaderPropgateFeign   : after feign interceptor process header ==> x-app-req , [blue]
2025-06-12 09:51:45.277  INFO 1 --- [nio-8080-exec-1] s.g.m.sc.comp.util.HeaderPropgateFeign   : after feign interceptor process header ==> X-SC-USER-TOKEN , [49974669133d41f0bb70a747890d400d]
2025-06-12 09:51:45.362  INFO 1 --- [nio-8080-exec-1] s.g.m.sc.comp.util.HeaderPropgateFeign   : feign intercept request
2025-06-12 09:51:45.362  INFO 1 --- [nio-8080-exec-1] s.g.m.sc.comp.util.HeaderPropgateFeign   : Request URL  /sc-dbmaster-api/api/csr/staff/staff-details?staffIds=00000027933362 
2025-06-12 09:51:45.362  INFO 1 --- [nio-8080-exec-1] s.g.m.sc.comp.util.HeaderPropgateFeign   : Gateway ID is present
2025-06-12 09:51:45.362  INFO 1 --- [nio-8080-exec-1] s.g.m.sc.comp.util.HeaderPropgateFeign   : x-app-request is present blue 
2025-06-12 09:51:45.362  INFO 1 --- [nio-8080-exec-1] s.g.m.sc.comp.util.HeaderPropgateFeign   : after feign interceptor process header ==> Cookie , [GATEWAYID=8e06b62b-7237-4531-b409-ec4e23c49265]
2025-06-12 09:51:45.362  INFO 1 --- [nio-8080-exec-1] s.g.m.sc.comp.util.HeaderPropgateFeign   : after feign interceptor process header ==> x-app-req , [blue]
2025-06-12 09:51:45.362  INFO 1 --- [nio-8080-exec-1] s.g.m.sc.comp.util.HeaderPropgateFeign   : after feign interceptor process header ==> X-SC-USER-TOKEN , [49974669133d41f0bb70a747890d400d]
2025-06-12 09:51:45.487  INFO 1 --- [nio-8080-exec-1] s.g.m.s.m.a.ScDefaultMonitorInterceptor  : Stop executing the sg.gov.moe.sc.academic.service.impl.SubjectAllocationServiceImpl.listSubjectAllocationStudentBy method
2025-06-12 09:51:48.900  INFO 1 --- [nio-8080-exec-3] s.g.m.sc.comp.util.HeaderPropgateFeign   : feign intercept request
2025-06-12 09:51:48.900  INFO 1 --- [nio-8080-exec-3] s.g.m.sc.comp.util.HeaderPropgateFeign   : Request URL  /sc-auth/api/user-info 
2025-06-12 09:51:48.900  INFO 1 --- [nio-8080-exec-3] s.g.m.sc.comp.util.HeaderPropgateFeign   : Gateway ID is present
2025-06-12 09:51:48.900  INFO 1 --- [nio-8080-exec-3] s.g.m.sc.comp.util.HeaderPropgateFeign   : x-app-request is present blue 
2025-06-12 09:51:48.900  INFO 1 --- [nio-8080-exec-3] s.g.m.sc.comp.util.HeaderPropgateFeign   : after feign interceptor process header ==> Cookie , [GATEWAYID=8e06b62b-7237-4531-b409-ec4e23c49265]
2025-06-12 09:51:48.900  INFO 1 --- [nio-8080-exec-3] s.g.m.sc.comp.util.HeaderPropgateFeign   : after feign interceptor process header ==> x-app-req , [blue]
2025-06-12 09:51:48.900  INFO 1 --- [nio-8080-exec-3] s.g.m.sc.comp.util.HeaderPropgateFeign   : after feign interceptor process header ==> x-sc-user-token , [49974669133d41f0bb70a747890d400d]
2025-06-12 09:51:48.904  INFO 1 --- [nio-8080-exec-3] s.g.m.s.m.a.ScDefaultMonitorInterceptor  : Start executing the sg.gov.moe.sc.academic.service.impl.SubjectAllocationServiceImpl.listSubjectAllocationStudentBy method
2025-06-12 09:51:48.905  INFO 1 --- [nio-8080-exec-3] s.g.m.sc.comp.util.HeaderPropgateFeign   : feign intercept request
2025-06-12 09:51:48.905  INFO 1 --- [nio-8080-exec-3] s.g.m.sc.comp.util.HeaderPropgateFeign   : Request URL  /sc-dbmaster-api/api/csr/subject-allocation/students?schoolCode=9808&academicYear=2025&levelCode=33&classCodes=SEC3-02&streamCode=22&programInd=0 
2025-06-12 09:51:48.905  INFO 1 --- [nio-8080-exec-3] s.g.m.sc.comp.util.HeaderPropgateFeign   : Gateway ID is present
2025-06-12 09:51:48.905  INFO 1 --- [nio-8080-exec-3] s.g.m.sc.comp.util.HeaderPropgateFeign   : x-app-request is present blue 
2025-06-12 09:51:48.905  INFO 1 --- [nio-8080-exec-3] s.g.m.sc.comp.util.HeaderPropgateFeign   : after feign interceptor process header ==> Cookie , [GATEWAYID=8e06b62b-7237-4531-b409-ec4e23c49265]
2025-06-12 09:51:48.905  INFO 1 --- [nio-8080-exec-3] s.g.m.sc.comp.util.HeaderPropgateFeign   : after feign interceptor process header ==> x-app-req , [blue]
2025-06-12 09:51:48.905  INFO 1 --- [nio-8080-exec-3] s.g.m.sc.comp.util.HeaderPropgateFeign   : after feign interceptor process header ==> X-SC-USER-TOKEN , [49974669133d41f0bb70a747890d400d]
2025-06-12 09:51:48.918  INFO 1 --- [nio-8080-exec-3] s.g.m.sc.comp.util.HeaderPropgateFeign   : feign intercept request
2025-06-12 09:51:48.918  INFO 1 --- [nio-8080-exec-3] s.g.m.sc.comp.util.HeaderPropgateFeign   : Request URL  /sc-dbmaster-api/api/csr/school/classes/2025/9808/33/0 
2025-06-12 09:51:48.918  INFO 1 --- [nio-8080-exec-3] s.g.m.sc.comp.util.HeaderPropgateFeign   : Gateway ID is present
2025-06-12 09:51:48.918  INFO 1 --- [nio-8080-exec-3] s.g.m.sc.comp.util.HeaderPropgateFeign   : x-app-request is present blue 
2025-06-12 09:51:48.918  INFO 1 --- [nio-8080-exec-3] s.g.m.sc.comp.util.HeaderPropgateFeign   : after feign interceptor process header ==> Cookie , [GATEWAYID=8e06b62b-7237-4531-b409-ec4e23c49265]
2025-06-12 09:51:48.918  INFO 1 --- [nio-8080-exec-3] s.g.m.sc.comp.util.HeaderPropgateFeign   : after feign interceptor process header ==> x-app-req , [blue]
2025-06-12 09:51:48.918  INFO 1 --- [nio-8080-exec-3] s.g.m.sc.comp.util.HeaderPropgateFeign   : after feign interceptor process header ==> X-SC-USER-TOKEN , [49974669133d41f0bb70a747890d400d]
2025-06-12 09:51:48.929  INFO 1 --- [nio-8080-exec-3] s.g.m.sc.comp.util.HeaderPropgateFeign   : feign intercept request
2025-06-12 09:51:48.929  INFO 1 --- [nio-8080-exec-3] s.g.m.sc.comp.util.HeaderPropgateFeign   : Request URL  /sc-dbmaster-api/api/csr/subject-allocation/language-abbrevation?languageCodeList=02&languageCodeList=03&languageCodeList=04&languageCodeList=05&languageCodeList=00 
2025-06-12 09:51:48.929  INFO 1 --- [nio-8080-exec-3] s.g.m.sc.comp.util.HeaderPropgateFeign   : Gateway ID is present
2025-06-12 09:51:48.929  INFO 1 --- [nio-8080-exec-3] s.g.m.sc.comp.util.HeaderPropgateFeign   : x-app-request is present blue 
2025-06-12 09:51:48.929  INFO 1 --- [nio-8080-exec-3] s.g.m.sc.comp.util.HeaderPropgateFeign   : after feign interceptor process header ==> Cookie , [GATEWAYID=8e06b62b-7237-4531-b409-ec4e23c49265]
2025-06-12 09:51:48.929  INFO 1 --- [nio-8080-exec-3] s.g.m.sc.comp.util.HeaderPropgateFeign   : after feign interceptor process header ==> x-app-req , [blue]
2025-06-12 09:51:48.929  INFO 1 --- [nio-8080-exec-3] s.g.m.sc.comp.util.HeaderPropgateFeign   : after feign interceptor process header ==> X-SC-USER-TOKEN , [49974669133d41f0bb70a747890d400d]
2025-06-12 09:51:48.960  INFO 1 --- [nio-8080-exec-3] s.g.m.sc.comp.util.HeaderPropgateFeign   : feign intercept request
2025-06-12 09:51:48.960  INFO 1 --- [nio-8080-exec-3] s.g.m.sc.comp.util.HeaderPropgateFeign   : Request URL  /sc-dbmaster-api/api/csr/staff/staff-details?staffIds=00000027933362 
2025-06-12 09:51:48.960  INFO 1 --- [nio-8080-exec-3] s.g.m.sc.comp.util.HeaderPropgateFeign   : Gateway ID is present
2025-06-12 09:51:48.960  INFO 1 --- [nio-8080-exec-3] s.g.m.sc.comp.util.HeaderPropgateFeign   : x-app-request is present blue 
2025-06-12 09:51:48.960  INFO 1 --- [nio-8080-exec-3] s.g.m.sc.comp.util.HeaderPropgateFeign   : after feign interceptor process header ==> Cookie , [GATEWAYID=8e06b62b-7237-4531-b409-ec4e23c49265]
2025-06-12 09:51:48.960  INFO 1 --- [nio-8080-exec-3] s.g.m.sc.comp.util.HeaderPropgateFeign   : after feign interceptor process header ==> x-app-req , [blue]
2025-06-12 09:51:48.960  INFO 1 --- [nio-8080-exec-3] s.g.m.sc.comp.util.HeaderPropgateFeign   : after feign interceptor process header ==> X-SC-USER-TOKEN , [49974669133d41f0bb70a747890d400d]
2025-06-12 09:51:49.046  INFO 1 --- [nio-8080-exec-3] s.g.m.s.m.a.ScDefaultMonitorInterceptor  : Stop executing the sg.gov.moe.sc.academic.service.impl.SubjectAllocationServiceImpl.listSubjectAllocationStudentBy method
2025-06-12 09:51:57.032  INFO 1 --- [nio-8080-exec-6] s.g.m.sc.comp.util.HeaderPropgateFeign   : feign intercept request
2025-06-12 09:51:57.032  INFO 1 --- [nio-8080-exec-6] s.g.m.sc.comp.util.HeaderPropgateFeign   : Request URL  /sc-auth/api/user-info 
2025-06-12 09:51:57.032  INFO 1 --- [nio-8080-exec-6] s.g.m.sc.comp.util.HeaderPropgateFeign   : Gateway ID is present
2025-06-12 09:51:57.032  INFO 1 --- [nio-8080-exec-6] s.g.m.sc.comp.util.HeaderPropgateFeign   : x-app-request is present blue 
2025-06-12 09:51:57.032  INFO 1 --- [nio-8080-exec-6] s.g.m.sc.comp.util.HeaderPropgateFeign   : after feign interceptor process header ==> Cookie , [GATEWAYID=8e06b62b-7237-4531-b409-ec4e23c49265]
2025-06-12 09:51:57.032  INFO 1 --- [nio-8080-exec-6] s.g.m.sc.comp.util.HeaderPropgateFeign   : after feign interceptor process header ==> x-app-req , [blue]
2025-06-12 09:51:57.033  INFO 1 --- [nio-8080-exec-6] s.g.m.sc.comp.util.HeaderPropgateFeign   : after feign interceptor process header ==> x-sc-user-token , [49974669133d41f0bb70a747890d400d]
2025-06-12 09:51:57.037  INFO 1 --- [nio-8080-exec-6] s.g.m.s.m.a.ScDefaultMonitorInterceptor  : Start executing the sg.gov.moe.sc.academic.service.impl.SubjectAllocationServiceImpl.listSubjectAllocationStudentBy method
2025-06-12 09:51:57.037  INFO 1 --- [nio-8080-exec-6] s.g.m.sc.comp.util.HeaderPropgateFeign   : feign intercept request
2025-06-12 09:51:57.037  INFO 1 --- [nio-8080-exec-6] s.g.m.sc.comp.util.HeaderPropgateFeign   : Request URL  /sc-dbmaster-api/api/csr/subject-allocation/students?schoolCode=9808&academicYear=2025&levelCode=33&classCodes=SEC3-03&streamCode=22&programInd=0 
2025-06-12 09:51:57.037  INFO 1 --- [nio-8080-exec-6] s.g.m.sc.comp.util.HeaderPropgateFeign   : Gateway ID is present
2025-06-12 09:51:57.037  INFO 1 --- [nio-8080-exec-6] s.g.m.sc.comp.util.HeaderPropgateFeign   : x-app-request is present blue 
2025-06-12 09:51:57.037  INFO 1 --- [nio-8080-exec-6] s.g.m.sc.comp.util.HeaderPropgateFeign   : after feign interceptor process header ==> Cookie , [GATEWAYID=8e06b62b-7237-4531-b409-ec4e23c49265]
2025-06-12 09:51:57.037  INFO 1 --- [nio-8080-exec-6] s.g.m.sc.comp.util.HeaderPropgateFeign   : after feign interceptor process header ==> x-app-req , [blue]
2025-06-12 09:51:57.037  INFO 1 --- [nio-8080-exec-6] s.g.m.sc.comp.util.HeaderPropgateFeign   : after feign interceptor process header ==> X-SC-USER-TOKEN , [49974669133d41f0bb70a747890d400d]
2025-06-12 09:51:57.055  INFO 1 --- [nio-8080-exec-6] s.g.m.sc.comp.util.HeaderPropgateFeign   : feign intercept request
2025-06-12 09:51:57.055  INFO 1 --- [nio-8080-exec-6] s.g.m.sc.comp.util.HeaderPropgateFeign   : Request URL  /sc-dbmaster-api/api/csr/school/classes/2025/9808/33/0 
2025-06-12 09:51:57.055  INFO 1 --- [nio-8080-exec-6] s.g.m.sc.comp.util.HeaderPropgateFeign   : Gateway ID is present
2025-06-12 09:51:57.055  INFO 1 --- [nio-8080-exec-6] s.g.m.sc.comp.util.HeaderPropgateFeign   : x-app-request is present blue 
2025-06-12 09:51:57.055  INFO 1 --- [nio-8080-exec-6] s.g.m.sc.comp.util.HeaderPropgateFeign   : after feign interceptor process header ==> Cookie , [GATEWAYID=8e06b62b-7237-4531-b409-ec4e23c49265]
2025-06-12 09:51:57.055  INFO 1 --- [nio-8080-exec-6] s.g.m.sc.comp.util.HeaderPropgateFeign   : after feign interceptor process header ==> x-app-req , [blue]
2025-06-12 09:51:57.055  INFO 1 --- [nio-8080-exec-6] s.g.m.sc.comp.util.HeaderPropgateFeign   : after feign interceptor process header ==> X-SC-USER-TOKEN , [49974669133d41f0bb70a747890d400d]
2025-06-12 09:51:57.062  INFO 1 --- [nio-8080-exec-6] s.g.m.sc.comp.util.HeaderPropgateFeign   : feign intercept request
2025-06-12 09:51:57.062  INFO 1 --- [nio-8080-exec-6] s.g.m.sc.comp.util.HeaderPropgateFeign   : Request URL  /sc-dbmaster-api/api/csr/subject-allocation/language-abbrevation?languageCodeList=02&languageCodeList=03&languageCodeList=04&languageCodeList=05&languageCodeList=00 
2025-06-12 09:51:57.062  INFO 1 --- [nio-8080-exec-6] s.g.m.sc.comp.util.HeaderPropgateFeign   : Gateway ID is present
2025-06-12 09:51:57.062  INFO 1 --- [nio-8080-exec-6] s.g.m.sc.comp.util.HeaderPropgateFeign   : x-app-request is present blue 
2025-06-12 09:51:57.062  INFO 1 --- [nio-8080-exec-6] s.g.m.sc.comp.util.HeaderPropgateFeign   : after feign interceptor process header ==> Cookie , [GATEWAYID=8e06b62b-7237-4531-b409-ec4e23c49265]
2025-06-12 09:51:57.062  INFO 1 --- [nio-8080-exec-6] s.g.m.sc.comp.util.HeaderPropgateFeign   : after feign interceptor process header ==> x-app-req , [blue]
2025-06-12 09:51:57.062  INFO 1 --- [nio-8080-exec-6] s.g.m.sc.comp.util.HeaderPropgateFeign   : after feign interceptor process header ==> X-SC-USER-TOKEN , [49974669133d41f0bb70a747890d400d]
2025-06-12 09:51:57.092  INFO 1 --- [nio-8080-exec-6] s.g.m.sc.comp.util.HeaderPropgateFeign   : feign intercept request
2025-06-12 09:51:57.092  INFO 1 --- [nio-8080-exec-6] s.g.m.sc.comp.util.HeaderPropgateFeign   : Request URL  /sc-dbmaster-api/api/csr/staff/staff-details?staffIds=00000027933362 
2025-06-12 09:51:57.092  INFO 1 --- [nio-8080-exec-6] s.g.m.sc.comp.util.HeaderPropgateFeign   : Gateway ID is present
2025-06-12 09:51:57.092  INFO 1 --- [nio-8080-exec-6] s.g.m.sc.comp.util.HeaderPropgateFeign   : x-app-request is present blue 
2025-06-12 09:51:57.092  INFO 1 --- [nio-8080-exec-6] s.g.m.sc.comp.util.HeaderPropgateFeign   : after feign interceptor process header ==> Cookie , [GATEWAYID=8e06b62b-7237-4531-b409-ec4e23c49265]
2025-06-12 09:51:57.092  INFO 1 --- [nio-8080-exec-6] s.g.m.sc.comp.util.HeaderPropgateFeign   : after feign interceptor process header ==> x-app-req , [blue]
2025-06-12 09:51:57.092  INFO 1 --- [nio-8080-exec-6] s.g.m.sc.comp.util.HeaderPropgateFeign   : after feign interceptor process header ==> X-SC-USER-TOKEN , [49974669133d41f0bb70a747890d400d]
2025-06-12 09:51:57.183  INFO 1 --- [nio-8080-exec-6] s.g.m.s.m.a.ScDefaultMonitorInterceptor  : Stop executing the sg.gov.moe.sc.academic.service.impl.SubjectAllocationServiceImpl.listSubjectAllocationStudentBy method
2025-06-12 09:51:58.730  INFO 1 --- [nio-8080-exec-5] s.g.m.sc.comp.util.HeaderPropgateFeign   : feign intercept request
2025-06-12 09:51:58.730  INFO 1 --- [nio-8080-exec-5] s.g.m.sc.comp.util.HeaderPropgateFeign   : Request URL  /sc-auth/api/user-info 
2025-06-12 09:51:58.730  INFO 1 --- [nio-8080-exec-5] s.g.m.sc.comp.util.HeaderPropgateFeign   : Gateway ID is present
2025-06-12 09:51:58.730  INFO 1 --- [nio-8080-exec-5] s.g.m.sc.comp.util.HeaderPropgateFeign   : x-app-request is present blue 
2025-06-12 09:51:58.730  INFO 1 --- [nio-8080-exec-5] s.g.m.sc.comp.util.HeaderPropgateFeign   : after feign interceptor process header ==> Cookie , [GATEWAYID=8e06b62b-7237-4531-b409-ec4e23c49265]
2025-06-12 09:51:58.730  INFO 1 --- [nio-8080-exec-5] s.g.m.sc.comp.util.HeaderPropgateFeign   : after feign interceptor process header ==> x-app-req , [blue]
2025-06-12 09:51:58.730  INFO 1 --- [nio-8080-exec-5] s.g.m.sc.comp.util.HeaderPropgateFeign   : after feign interceptor process header ==> x-sc-user-token , [49974669133d41f0bb70a747890d400d]
2025-06-12 09:51:58.734  INFO 1 --- [nio-8080-exec-5] s.g.m.s.m.a.ScDefaultMonitorInterceptor  : Start executing the sg.gov.moe.sc.academic.service.impl.SubjectAllocationServiceImpl.listSubjectAllocationStudentBy method
2025-06-12 09:51:58.735  INFO 1 --- [nio-8080-exec-5] s.g.m.sc.comp.util.HeaderPropgateFeign   : feign intercept request
2025-06-12 09:51:58.735  INFO 1 --- [nio-8080-exec-5] s.g.m.sc.comp.util.HeaderPropgateFeign   : Request URL  /sc-dbmaster-api/api/csr/subject-allocation/students?schoolCode=9808&academicYear=2025&levelCode=33&classCodes=SEC3-04&streamCode=22&programInd=0 
2025-06-12 09:51:58.735  INFO 1 --- [nio-8080-exec-5] s.g.m.sc.comp.util.HeaderPropgateFeign   : Gateway ID is present
2025-06-12 09:51:58.735  INFO 1 --- [nio-8080-exec-5] s.g.m.sc.comp.util.HeaderPropgateFeign   : x-app-request is present blue 
2025-06-12 09:51:58.735  INFO 1 --- [nio-8080-exec-5] s.g.m.sc.comp.util.HeaderPropgateFeign   : after feign interceptor process header ==> Cookie , [GATEWAYID=8e06b62b-7237-4531-b409-ec4e23c49265]
2025-06-12 09:51:58.735  INFO 1 --- [nio-8080-exec-5] s.g.m.sc.comp.util.HeaderPropgateFeign   : after feign interceptor process header ==> x-app-req , [blue]
2025-06-12 09:51:58.735  INFO 1 --- [nio-8080-exec-5] s.g.m.sc.comp.util.HeaderPropgateFeign   : after feign interceptor process header ==> X-SC-USER-TOKEN , [49974669133d41f0bb70a747890d400d]
2025-06-12 09:51:58.744  INFO 1 --- [nio-8080-exec-5] s.g.m.s.m.a.ScDefaultMonitorInterceptor  : Stop executing the sg.gov.moe.sc.academic.service.impl.SubjectAllocationServiceImpl.listSubjectAllocationStudentBy method
2025-06-12 09:52:02.296  INFO 1 --- [nio-8080-exec-9] s.g.m.sc.comp.util.HeaderPropgateFeign   : feign intercept request
2025-06-12 09:52:02.296  INFO 1 --- [nio-8080-exec-9] s.g.m.sc.comp.util.HeaderPropgateFeign   : Request URL  /sc-auth/api/user-info 
2025-06-12 09:52:02.296  INFO 1 --- [nio-8080-exec-9] s.g.m.sc.comp.util.HeaderPropgateFeign   : Gateway ID is present
2025-06-12 09:52:02.296  INFO 1 --- [nio-8080-exec-9] s.g.m.sc.comp.util.HeaderPropgateFeign   : x-app-request is present blue 
2025-06-12 09:52:02.296  INFO 1 --- [nio-8080-exec-9] s.g.m.sc.comp.util.HeaderPropgateFeign   : after feign interceptor process header ==> Cookie , [GATEWAYID=8e06b62b-7237-4531-b409-ec4e23c49265]
2025-06-12 09:52:02.296  INFO 1 --- [nio-8080-exec-9] s.g.m.sc.comp.util.HeaderPropgateFeign   : after feign interceptor process header ==> x-app-req , [blue]
2025-06-12 09:52:02.296  INFO 1 --- [nio-8080-exec-9] s.g.m.sc.comp.util.HeaderPropgateFeign   : after feign interceptor process header ==> x-sc-user-token , [49974669133d41f0bb70a747890d400d]
2025-06-12 09:52:02.300  INFO 1 --- [nio-8080-exec-9] s.g.m.s.m.a.ScDefaultMonitorInterceptor  : Start executing the sg.gov.moe.sc.academic.service.impl.SubjectAllocationServiceImpl.listSubjectAllocationStudentBy method
2025-06-12 09:52:02.300  INFO 1 --- [nio-8080-exec-9] s.g.m.sc.comp.util.HeaderPropgateFeign   : feign intercept request
2025-06-12 09:52:02.300  INFO 1 --- [nio-8080-exec-9] s.g.m.sc.comp.util.HeaderPropgateFeign   : Request URL  /sc-dbmaster-api/api/csr/subject-allocation/students?schoolCode=9808&academicYear=2025&levelCode=33&classCodes=SEC3-05&classCodes=SEC3-06&classCodes=SEC3-07&streamCode=22&programInd=0 
2025-06-12 09:52:02.301  INFO 1 --- [nio-8080-exec-9] s.g.m.sc.comp.util.HeaderPropgateFeign   : Gateway ID is present
2025-06-12 09:52:02.301  INFO 1 --- [nio-8080-exec-9] s.g.m.sc.comp.util.HeaderPropgateFeign   : x-app-request is present blue 
2025-06-12 09:52:02.301  INFO 1 --- [nio-8080-exec-9] s.g.m.sc.comp.util.HeaderPropgateFeign   : after feign interceptor process header ==> Cookie , [GATEWAYID=8e06b62b-7237-4531-b409-ec4e23c49265]
2025-06-12 09:52:02.301  INFO 1 --- [nio-8080-exec-9] s.g.m.sc.comp.util.HeaderPropgateFeign   : after feign interceptor process header ==> x-app-req , [blue]
2025-06-12 09:52:02.301  INFO 1 --- [nio-8080-exec-9] s.g.m.sc.comp.util.HeaderPropgateFeign   : after feign interceptor process header ==> X-SC-USER-TOKEN , [49974669133d41f0bb70a747890d400d]
2025-06-12 09:52:02.307  INFO 1 --- [nio-8080-exec-9] s.g.m.s.m.a.ScDefaultMonitorInterceptor  : Stop executing the sg.gov.moe.sc.academic.service.impl.SubjectAllocationServiceImpl.listSubjectAllocationStudentBy method
2025-06-12 09:52:07.005  INFO 1 --- [io-8080-exec-10] s.g.m.sc.comp.util.HeaderPropgateFeign   : feign intercept request
2025-06-12 09:52:07.005  INFO 1 --- [io-8080-exec-10] s.g.m.sc.comp.util.HeaderPropgateFeign   : Request URL  /sc-auth/api/user-info 
2025-06-12 09:52:07.006  INFO 1 --- [io-8080-exec-10] s.g.m.sc.comp.util.HeaderPropgateFeign   : Gateway ID is present
2025-06-12 09:52:07.006  INFO 1 --- [io-8080-exec-10] s.g.m.sc.comp.util.HeaderPropgateFeign   : x-app-request is present blue 
2025-06-12 09:52:07.006  INFO 1 --- [io-8080-exec-10] s.g.m.sc.comp.util.HeaderPropgateFeign   : after feign interceptor process header ==> Cookie , [GATEWAYID=8e06b62b-7237-4531-b409-ec4e23c49265]
2025-06-12 09:52:07.006  INFO 1 --- [io-8080-exec-10] s.g.m.sc.comp.util.HeaderPropgateFeign   : after feign interceptor process header ==> x-app-req , [blue]
2025-06-12 09:52:07.006  INFO 1 --- [io-8080-exec-10] s.g.m.sc.comp.util.HeaderPropgateFeign   : after feign interceptor process header ==> x-sc-user-token , [49974669133d41f0bb70a747890d400d]
2025-06-12 09:52:07.010  INFO 1 --- [io-8080-exec-10] s.g.m.s.m.a.ScDefaultMonitorInterceptor  : Start executing the sg.gov.moe.sc.academic.service.impl.SubjectAllocationServiceImpl.getSchoolClass method
2025-06-12 09:52:07.010  INFO 1 --- [io-8080-exec-10] s.g.m.sc.comp.util.HeaderPropgateFeign   : feign intercept request
2025-06-12 09:52:07.010  INFO 1 --- [io-8080-exec-10] s.g.m.sc.comp.util.HeaderPropgateFeign   : Request URL  /sc-dbmaster-api/api/csr/school/classes/2025/9808/31/0 
2025-06-12 09:52:07.010  INFO 1 --- [io-8080-exec-10] s.g.m.sc.comp.util.HeaderPropgateFeign   : Gateway ID is present
2025-06-12 09:52:07.010  INFO 1 --- [io-8080-exec-10] s.g.m.sc.comp.util.HeaderPropgateFeign   : x-app-request is present blue 
2025-06-12 09:52:07.010  INFO 1 --- [io-8080-exec-10] s.g.m.sc.comp.util.HeaderPropgateFeign   : after feign interceptor process header ==> Cookie , [GATEWAYID=8e06b62b-7237-4531-b409-ec4e23c49265]
2025-06-12 09:52:07.010  INFO 1 --- [io-8080-exec-10] s.g.m.sc.comp.util.HeaderPropgateFeign   : after feign interceptor process header ==> x-app-req , [blue]
2025-06-12 09:52:07.010  INFO 1 --- [io-8080-exec-10] s.g.m.sc.comp.util.HeaderPropgateFeign   : after feign interceptor process header ==> X-SC-USER-TOKEN , [49974669133d41f0bb70a747890d400d]
2025-06-12 09:52:07.017  INFO 1 --- [io-8080-exec-10] s.g.m.s.m.a.ScDefaultMonitorInterceptor  : Stop executing the sg.gov.moe.sc.academic.service.impl.SubjectAllocationServiceImpl.getSchoolClass method
2025-06-12 09:52:07.149  INFO 1 --- [nio-8080-exec-1] s.g.m.sc.comp.util.HeaderPropgateFeign   : feign intercept request
2025-06-12 09:52:07.149  INFO 1 --- [nio-8080-exec-1] s.g.m.sc.comp.util.HeaderPropgateFeign   : Request URL  /sc-auth/api/user-info 
2025-06-12 09:52:07.149  INFO 1 --- [nio-8080-exec-1] s.g.m.sc.comp.util.HeaderPropgateFeign   : Gateway ID is present
2025-06-12 09:52:07.149  INFO 1 --- [nio-8080-exec-1] s.g.m.sc.comp.util.HeaderPropgateFeign   : x-app-request is present blue 
2025-06-12 09:52:07.149  INFO 1 --- [nio-8080-exec-1] s.g.m.sc.comp.util.HeaderPropgateFeign   : after feign interceptor process header ==> Cookie , [GATEWAYID=8e06b62b-7237-4531-b409-ec4e23c49265]
2025-06-12 09:52:07.149  INFO 1 --- [nio-8080-exec-1] s.g.m.sc.comp.util.HeaderPropgateFeign   : after feign interceptor process header ==> x-app-req , [blue]
2025-06-12 09:52:07.149  INFO 1 --- [nio-8080-exec-1] s.g.m.sc.comp.util.HeaderPropgateFeign   : after feign interceptor process header ==> x-sc-user-token , [49974669133d41f0bb70a747890d400d]
2025-06-12 09:52:07.153  INFO 1 --- [nio-8080-exec-1] s.g.m.s.m.a.ScDefaultMonitorInterceptor  : Start executing the sg.gov.moe.sc.academic.service.impl.SubjectAllocationServiceImpl.getSchoolStream method
2025-06-12 09:52:07.154  INFO 1 --- [nio-8080-exec-1] s.g.m.sc.comp.util.HeaderPropgateFeign   : feign intercept request
2025-06-12 09:52:07.154  INFO 1 --- [nio-8080-exec-1] s.g.m.sc.comp.util.HeaderPropgateFeign   : Request URL  /sc-dbmaster-api/api/csr/school/stream/2025/9808/31/0 
2025-06-12 09:52:07.154  INFO 1 --- [nio-8080-exec-1] s.g.m.sc.comp.util.HeaderPropgateFeign   : Gateway ID is present
2025-06-12 09:52:07.154  INFO 1 --- [nio-8080-exec-1] s.g.m.sc.comp.util.HeaderPropgateFeign   : x-app-request is present blue 
2025-06-12 09:52:07.154  INFO 1 --- [nio-8080-exec-1] s.g.m.sc.comp.util.HeaderPropgateFeign   : after feign interceptor process header ==> Cookie , [GATEWAYID=8e06b62b-7237-4531-b409-ec4e23c49265]
2025-06-12 09:52:07.154  INFO 1 --- [nio-8080-exec-1] s.g.m.sc.comp.util.HeaderPropgateFeign   : after feign interceptor process header ==> x-app-req , [blue]
2025-06-12 09:52:07.154  INFO 1 --- [nio-8080-exec-1] s.g.m.sc.comp.util.HeaderPropgateFeign   : after feign interceptor process header ==> X-SC-USER-TOKEN , [49974669133d41f0bb70a747890d400d]
2025-06-12 09:52:07.160  INFO 1 --- [nio-8080-exec-1] s.g.m.s.m.a.ScDefaultMonitorInterceptor  : Stop executing the sg.gov.moe.sc.academic.service.impl.SubjectAllocationServiceImpl.getSchoolStream method
2025-06-12 09:52:07.277  INFO 1 --- [nio-8080-exec-3] s.g.m.sc.comp.util.HeaderPropgateFeign   : feign intercept request
2025-06-12 09:52:07.277  INFO 1 --- [nio-8080-exec-3] s.g.m.sc.comp.util.HeaderPropgateFeign   : Request URL  /sc-auth/api/user-info 
2025-06-12 09:52:07.277  INFO 1 --- [nio-8080-exec-3] s.g.m.sc.comp.util.HeaderPropgateFeign   : Gateway ID is present
2025-06-12 09:52:07.277  INFO 1 --- [nio-8080-exec-3] s.g.m.sc.comp.util.HeaderPropgateFeign   : x-app-request is present blue 
2025-06-12 09:52:07.277  INFO 1 --- [nio-8080-exec-3] s.g.m.sc.comp.util.HeaderPropgateFeign   : after feign interceptor process header ==> Cookie , [GATEWAYID=8e06b62b-7237-4531-b409-ec4e23c49265]
2025-06-12 09:52:07.277  INFO 1 --- [nio-8080-exec-3] s.g.m.sc.comp.util.HeaderPropgateFeign   : after feign interceptor process header ==> x-app-req , [blue]
2025-06-12 09:52:07.277  INFO 1 --- [nio-8080-exec-3] s.g.m.sc.comp.util.HeaderPropgateFeign   : after feign interceptor process header ==> x-sc-user-token , [49974669133d41f0bb70a747890d400d]
2025-06-12 09:52:07.281  INFO 1 --- [nio-8080-exec-3] s.g.m.s.m.a.ScDefaultMonitorInterceptor  : Start executing the sg.gov.moe.sc.academic.service.impl.SubjectAllocationServiceImpl.getCourseCombinations method
2025-06-12 09:52:07.282  INFO 1 --- [nio-8080-exec-3] s.g.m.sc.comp.util.HeaderPropgateFeign   : feign intercept request
2025-06-12 09:52:07.282  INFO 1 --- [nio-8080-exec-3] s.g.m.sc.comp.util.HeaderPropgateFeign   : Request URL  /sc-dbmaster-api/api/csr/config/code-detail/SUBJECTLEVEL 
2025-06-12 09:52:07.282  INFO 1 --- [nio-8080-exec-3] s.g.m.sc.comp.util.HeaderPropgateFeign   : Gateway ID is present
2025-06-12 09:52:07.282  INFO 1 --- [nio-8080-exec-3] s.g.m.sc.comp.util.HeaderPropgateFeign   : x-app-request is present blue 
2025-06-12 09:52:07.282  INFO 1 --- [nio-8080-exec-3] s.g.m.sc.comp.util.HeaderPropgateFeign   : after feign interceptor process header ==> Cookie , [GATEWAYID=8e06b62b-7237-4531-b409-ec4e23c49265]
2025-06-12 09:52:07.282  INFO 1 --- [nio-8080-exec-3] s.g.m.sc.comp.util.HeaderPropgateFeign   : after feign interceptor process header ==> x-app-req , [blue]
2025-06-12 09:52:07.282  INFO 1 --- [nio-8080-exec-3] s.g.m.sc.comp.util.HeaderPropgateFeign   : after feign interceptor process header ==> X-SC-USER-TOKEN , [49974669133d41f0bb70a747890d400d]
2025-06-12 09:52:07.286  INFO 1 --- [nio-8080-exec-4] s.g.m.sc.comp.util.HeaderPropgateFeign   : feign intercept request
2025-06-12 09:52:07.286  INFO 1 --- [nio-8080-exec-4] s.g.m.sc.comp.util.HeaderPropgateFeign   : Request URL  /sc-auth/api/user-info 
2025-06-12 09:52:07.286  INFO 1 --- [nio-8080-exec-4] s.g.m.sc.comp.util.HeaderPropgateFeign   : Gateway ID is present
2025-06-12 09:52:07.286  INFO 1 --- [nio-8080-exec-4] s.g.m.sc.comp.util.HeaderPropgateFeign   : x-app-request is present blue 
2025-06-12 09:52:07.286  INFO 1 --- [nio-8080-exec-4] s.g.m.sc.comp.util.HeaderPropgateFeign   : after feign interceptor process header ==> Cookie , [GATEWAYID=8e06b62b-7237-4531-b409-ec4e23c49265]
2025-06-12 09:52:07.286  INFO 1 --- [nio-8080-exec-4] s.g.m.sc.comp.util.HeaderPropgateFeign   : after feign interceptor process header ==> x-app-req , [blue]
2025-06-12 09:52:07.286  INFO 1 --- [nio-8080-exec-4] s.g.m.sc.comp.util.HeaderPropgateFeign   : after feign interceptor process header ==> x-sc-user-token , [49974669133d41f0bb70a747890d400d]
2025-06-12 09:52:07.288  INFO 1 --- [nio-8080-exec-7] s.g.m.sc.comp.util.HeaderPropgateFeign   : feign intercept request
2025-06-12 09:52:07.288  INFO 1 --- [nio-8080-exec-7] s.g.m.sc.comp.util.HeaderPropgateFeign   : Request URL  /sc-auth/api/user-info 
2025-06-12 09:52:07.288  INFO 1 --- [nio-8080-exec-7] s.g.m.sc.comp.util.HeaderPropgateFeign   : Gateway ID is present
2025-06-12 09:52:07.288  INFO 1 --- [nio-8080-exec-7] s.g.m.sc.comp.util.HeaderPropgateFeign   : x-app-request is present blue 
2025-06-12 09:52:07.288  INFO 1 --- [nio-8080-exec-7] s.g.m.sc.comp.util.HeaderPropgateFeign   : after feign interceptor process header ==> Cookie , [GATEWAYID=8e06b62b-7237-4531-b409-ec4e23c49265]
2025-06-12 09:52:07.288  INFO 1 --- [nio-8080-exec-7] s.g.m.sc.comp.util.HeaderPropgateFeign   : after feign interceptor process header ==> x-app-req , [blue]
2025-06-12 09:52:07.288  INFO 1 --- [nio-8080-exec-7] s.g.m.sc.comp.util.HeaderPropgateFeign   : after feign interceptor process header ==> x-sc-user-token , [49974669133d41f0bb70a747890d400d]
2025-06-12 09:52:07.289  INFO 1 --- [nio-8080-exec-6] s.g.m.sc.comp.util.HeaderPropgateFeign   : feign intercept request
2025-06-12 09:52:07.289  INFO 1 --- [nio-8080-exec-6] s.g.m.sc.comp.util.HeaderPropgateFeign   : Request URL  /sc-auth/api/user-info 
2025-06-12 09:52:07.289  INFO 1 --- [nio-8080-exec-6] s.g.m.sc.comp.util.HeaderPropgateFeign   : Gateway ID is present
2025-06-12 09:52:07.289  INFO 1 --- [nio-8080-exec-6] s.g.m.sc.comp.util.HeaderPropgateFeign   : x-app-request is present blue 
2025-06-12 09:52:07.289  INFO 1 --- [nio-8080-exec-6] s.g.m.sc.comp.util.HeaderPropgateFeign   : after feign interceptor process header ==> Cookie , [GATEWAYID=8e06b62b-7237-4531-b409-ec4e23c49265]
2025-06-12 09:52:07.289  INFO 1 --- [nio-8080-exec-6] s.g.m.sc.comp.util.HeaderPropgateFeign   : after feign interceptor process header ==> x-app-req , [blue]
2025-06-12 09:52:07.289  INFO 1 --- [nio-8080-exec-6] s.g.m.sc.comp.util.HeaderPropgateFeign   : after feign interceptor process header ==> x-sc-user-token , [49974669133d41f0bb70a747890d400d]
2025-06-12 09:52:07.290  INFO 1 --- [nio-8080-exec-4] s.g.m.s.m.a.ScDefaultMonitorInterceptor  : Start executing the sg.gov.moe.sc.academic.service.impl.SubjectAllocationServiceImpl.getNationalExamCode method
2025-06-12 09:52:07.291  INFO 1 --- [nio-8080-exec-5] s.g.m.sc.comp.util.HeaderPropgateFeign   : feign intercept request
2025-06-12 09:52:07.291  INFO 1 --- [nio-8080-exec-5] s.g.m.sc.comp.util.HeaderPropgateFeign   : Request URL  /sc-auth/api/user-info 
2025-06-12 09:52:07.291  INFO 1 --- [nio-8080-exec-5] s.g.m.sc.comp.util.HeaderPropgateFeign   : Gateway ID is present
2025-06-12 09:52:07.291  INFO 1 --- [nio-8080-exec-5] s.g.m.sc.comp.util.HeaderPropgateFeign   : x-app-request is present blue 
2025-06-12 09:52:07.291  INFO 1 --- [nio-8080-exec-5] s.g.m.sc.comp.util.HeaderPropgateFeign   : after feign interceptor process header ==> Cookie , [GATEWAYID=8e06b62b-7237-4531-b409-ec4e23c49265]
2025-06-12 09:52:07.291  INFO 1 --- [nio-8080-exec-5] s.g.m.sc.comp.util.HeaderPropgateFeign   : after feign interceptor process header ==> x-app-req , [blue]
2025-06-12 09:52:07.291  INFO 1 --- [nio-8080-exec-5] s.g.m.sc.comp.util.HeaderPropgateFeign   : after feign interceptor process header ==> x-sc-user-token , [49974669133d41f0bb70a747890d400d]
2025-06-12 09:52:07.292  INFO 1 --- [nio-8080-exec-6] s.g.m.s.m.a.ScDefaultMonitorInterceptor  : Start executing the sg.gov.moe.sc.academic.service.impl.SubjectAllocationServiceImpl.getNtilSubjectCodeList method
2025-06-12 09:52:07.292  INFO 1 --- [nio-8080-exec-7] s.g.m.s.m.a.ScDefaultMonitorInterceptor  : Start executing the sg.gov.moe.sc.academic.service.impl.SubjectAllocationServiceImpl.listSubjectMtModelBySchoolCodeAndAcademicYearAndLevelCodeAndProgramInd method
2025-06-12 09:52:07.292  INFO 1 --- [nio-8080-exec-4] s.g.m.s.m.a.ScDefaultMonitorInterceptor  : Stop executing the sg.gov.moe.sc.academic.service.impl.SubjectAllocationServiceImpl.getNationalExamCode method
2025-06-12 09:52:07.293  INFO 1 --- [nio-8080-exec-8] s.g.m.sc.comp.util.HeaderPropgateFeign   : feign intercept request
2025-06-12 09:52:07.293  INFO 1 --- [nio-8080-exec-8] s.g.m.sc.comp.util.HeaderPropgateFeign   : Request URL  /sc-auth/api/user-info 
2025-06-12 09:52:07.293  INFO 1 --- [nio-8080-exec-8] s.g.m.sc.comp.util.HeaderPropgateFeign   : Gateway ID is present
2025-06-12 09:52:07.293  INFO 1 --- [nio-8080-exec-8] s.g.m.sc.comp.util.HeaderPropgateFeign   : x-app-request is present blue 
2025-06-12 09:52:07.293  INFO 1 --- [nio-8080-exec-8] s.g.m.sc.comp.util.HeaderPropgateFeign   : after feign interceptor process header ==> Cookie , [GATEWAYID=8e06b62b-7237-4531-b409-ec4e23c49265]
2025-06-12 09:52:07.293  INFO 1 --- [nio-8080-exec-8] s.g.m.sc.comp.util.HeaderPropgateFeign   : after feign interceptor process header ==> x-app-req , [blue]
2025-06-12 09:52:07.293  INFO 1 --- [nio-8080-exec-8] s.g.m.sc.comp.util.HeaderPropgateFeign   : after feign interceptor process header ==> x-sc-user-token , [49974669133d41f0bb70a747890d400d]
2025-06-12 09:52:07.294  INFO 1 --- [nio-8080-exec-5] s.g.m.s.m.a.ScDefaultMonitorInterceptor  : Start executing the sg.gov.moe.sc.academic.service.impl.SubjectAllocationServiceImpl.getAllSubjLanguagesMappingList method
2025-06-12 09:52:07.295  INFO 1 --- [nio-8080-exec-6] s.g.m.s.m.a.ScDefaultMonitorInterceptor  : Stop executing the sg.gov.moe.sc.academic.service.impl.SubjectAllocationServiceImpl.getNtilSubjectCodeList method
2025-06-12 09:52:07.295  INFO 1 --- [nio-8080-exec-5] s.g.m.s.m.a.ScDefaultMonitorInterceptor  : Stop executing the sg.gov.moe.sc.academic.service.impl.SubjectAllocationServiceImpl.getAllSubjLanguagesMappingList method
2025-06-12 09:52:07.296  INFO 1 --- [nio-8080-exec-8] s.g.m.s.m.a.ScDefaultMonitorInterceptor  : Start executing the sg.gov.moe.sc.academic.service.impl.CommonServiceImpl.getParticularSubjectLevelFSBB method
2025-06-12 09:52:07.296  INFO 1 --- [nio-8080-exec-8] s.g.m.sc.comp.util.HeaderPropgateFeign   : feign intercept request
2025-06-12 09:52:07.297  INFO 1 --- [nio-8080-exec-8] s.g.m.sc.comp.util.HeaderPropgateFeign   : Request URL  /sc-dbmaster-api/api/csr/config/code-detail/particular-subject-level/31/0 
2025-06-12 09:52:07.297  INFO 1 --- [nio-8080-exec-8] s.g.m.sc.comp.util.HeaderPropgateFeign   : Gateway ID is present
2025-06-12 09:52:07.297  INFO 1 --- [nio-8080-exec-8] s.g.m.sc.comp.util.HeaderPropgateFeign   : x-app-request is present blue 
2025-06-12 09:52:07.297  INFO 1 --- [nio-8080-exec-8] s.g.m.sc.comp.util.HeaderPropgateFeign   : after feign interceptor process header ==> Cookie , [GATEWAYID=8e06b62b-7237-4531-b409-ec4e23c49265]
2025-06-12 09:52:07.297  INFO 1 --- [nio-8080-exec-8] s.g.m.sc.comp.util.HeaderPropgateFeign   : after feign interceptor process header ==> x-app-req , [blue]
2025-06-12 09:52:07.297  INFO 1 --- [nio-8080-exec-8] s.g.m.sc.comp.util.HeaderPropgateFeign   : after feign interceptor process header ==> X-SC-USER-TOKEN , [49974669133d41f0bb70a747890d400d]
2025-06-12 09:52:07.301  INFO 1 --- [nio-8080-exec-8] s.g.m.s.m.a.ScDefaultMonitorInterceptor  : Stop executing the sg.gov.moe.sc.academic.service.impl.CommonServiceImpl.getParticularSubjectLevelFSBB method
2025-06-12 09:52:07.331  INFO 1 --- [nio-8080-exec-7] s.g.m.sc.comp.util.HeaderPropgateFeign   : feign intercept request
2025-06-12 09:52:07.331  INFO 1 --- [nio-8080-exec-7] s.g.m.sc.comp.util.HeaderPropgateFeign   : Request URL  /sc-dbmaster-api/api/csr/config/code-detail/SUBJECTLEVEL 
2025-06-12 09:52:07.331  INFO 1 --- [nio-8080-exec-7] s.g.m.sc.comp.util.HeaderPropgateFeign   : Gateway ID is present
2025-06-12 09:52:07.331  INFO 1 --- [nio-8080-exec-7] s.g.m.sc.comp.util.HeaderPropgateFeign   : x-app-request is present blue 
2025-06-12 09:52:07.332  INFO 1 --- [nio-8080-exec-7] s.g.m.sc.comp.util.HeaderPropgateFeign   : after feign interceptor process header ==> Cookie , [GATEWAYID=8e06b62b-7237-4531-b409-ec4e23c49265]
2025-06-12 09:52:07.332  INFO 1 --- [nio-8080-exec-7] s.g.m.sc.comp.util.HeaderPropgateFeign   : after feign interceptor process header ==> x-app-req , [blue]
2025-06-12 09:52:07.332  INFO 1 --- [nio-8080-exec-7] s.g.m.sc.comp.util.HeaderPropgateFeign   : after feign interceptor process header ==> X-SC-USER-TOKEN , [49974669133d41f0bb70a747890d400d]
2025-06-12 09:52:07.337  INFO 1 --- [nio-8080-exec-3] s.g.m.s.m.a.ScDefaultMonitorInterceptor  : Stop executing the sg.gov.moe.sc.academic.service.impl.SubjectAllocationServiceImpl.getCourseCombinations method
2025-06-12 09:52:07.339  INFO 1 --- [nio-8080-exec-7] s.g.m.s.m.a.ScDefaultMonitorInterceptor  : Stop executing the sg.gov.moe.sc.academic.service.impl.SubjectAllocationServiceImpl.listSubjectMtModelBySchoolCodeAndAcademicYearAndLevelCodeAndProgramInd method
2025-06-12 09:52:09.210  INFO 1 --- [nio-8080-exec-9] s.g.m.sc.comp.util.HeaderPropgateFeign   : feign intercept request
2025-06-12 09:52:09.210  INFO 1 --- [nio-8080-exec-9] s.g.m.sc.comp.util.HeaderPropgateFeign   : Request URL  /sc-auth/api/user-info 
2025-06-12 09:52:09.210  INFO 1 --- [nio-8080-exec-9] s.g.m.sc.comp.util.HeaderPropgateFeign   : Gateway ID is present
2025-06-12 09:52:09.210  INFO 1 --- [nio-8080-exec-9] s.g.m.sc.comp.util.HeaderPropgateFeign   : x-app-request is present blue 
2025-06-12 09:52:09.210  INFO 1 --- [nio-8080-exec-9] s.g.m.sc.comp.util.HeaderPropgateFeign   : after feign interceptor process header ==> Cookie , [GATEWAYID=8e06b62b-7237-4531-b409-ec4e23c49265]
2025-06-12 09:52:09.210  INFO 1 --- [nio-8080-exec-9] s.g.m.sc.comp.util.HeaderPropgateFeign   : after feign interceptor process header ==> x-app-req , [blue]
2025-06-12 09:52:09.210  INFO 1 --- [nio-8080-exec-9] s.g.m.sc.comp.util.HeaderPropgateFeign   : after feign interceptor process header ==> x-sc-user-token , [49974669133d41f0bb70a747890d400d]
2025-06-12 09:52:09.214  INFO 1 --- [nio-8080-exec-9] s.g.m.s.m.a.ScDefaultMonitorInterceptor  : Start executing the sg.gov.moe.sc.academic.service.impl.SubjectAllocationServiceImpl.listSubjectAllocationStudentBy method
2025-06-12 09:52:09.215  INFO 1 --- [nio-8080-exec-9] s.g.m.sc.comp.util.HeaderPropgateFeign   : feign intercept request
2025-06-12 09:52:09.215  INFO 1 --- [nio-8080-exec-9] s.g.m.sc.comp.util.HeaderPropgateFeign   : Request URL  /sc-dbmaster-api/api/csr/subject-allocation/students?schoolCode=9808&academicYear=2025&levelCode=31&classCodes=SEC1-01&streamCode=00&programInd=0 
2025-06-12 09:52:09.215  INFO 1 --- [nio-8080-exec-9] s.g.m.sc.comp.util.HeaderPropgateFeign   : Gateway ID is present
2025-06-12 09:52:09.215  INFO 1 --- [nio-8080-exec-9] s.g.m.sc.comp.util.HeaderPropgateFeign   : x-app-request is present blue 
2025-06-12 09:52:09.215  INFO 1 --- [nio-8080-exec-9] s.g.m.sc.comp.util.HeaderPropgateFeign   : after feign interceptor process header ==> Cookie , [GATEWAYID=8e06b62b-7237-4531-b409-ec4e23c49265]
2025-06-12 09:52:09.215  INFO 1 --- [nio-8080-exec-9] s.g.m.sc.comp.util.HeaderPropgateFeign   : after feign interceptor process header ==> x-app-req , [blue]
2025-06-12 09:52:09.215  INFO 1 --- [nio-8080-exec-9] s.g.m.sc.comp.util.HeaderPropgateFeign   : after feign interceptor process header ==> X-SC-USER-TOKEN , [49974669133d41f0bb70a747890d400d]
2025-06-12 09:52:09.224  INFO 1 --- [nio-8080-exec-9] s.g.m.sc.comp.util.HeaderPropgateFeign   : feign intercept request
2025-06-12 09:52:09.224  INFO 1 --- [nio-8080-exec-9] s.g.m.sc.comp.util.HeaderPropgateFeign   : Request URL  /sc-dbmaster-api/api/csr/school/classes/2025/9808/31/0 
2025-06-12 09:52:09.224  INFO 1 --- [nio-8080-exec-9] s.g.m.sc.comp.util.HeaderPropgateFeign   : Gateway ID is present
2025-06-12 09:52:09.224  INFO 1 --- [nio-8080-exec-9] s.g.m.sc.comp.util.HeaderPropgateFeign   : x-app-request is present blue 
2025-06-12 09:52:09.224  INFO 1 --- [nio-8080-exec-9] s.g.m.sc.comp.util.HeaderPropgateFeign   : after feign interceptor process header ==> Cookie , [GATEWAYID=8e06b62b-7237-4531-b409-ec4e23c49265]
2025-06-12 09:52:09.224  INFO 1 --- [nio-8080-exec-9] s.g.m.sc.comp.util.HeaderPropgateFeign   : after feign interceptor process header ==> x-app-req , [blue]
2025-06-12 09:52:09.224  INFO 1 --- [nio-8080-exec-9] s.g.m.sc.comp.util.HeaderPropgateFeign   : after feign interceptor process header ==> X-SC-USER-TOKEN , [49974669133d41f0bb70a747890d400d]
2025-06-12 09:52:09.231  INFO 1 --- [nio-8080-exec-9] s.g.m.sc.comp.util.HeaderPropgateFeign   : feign intercept request
2025-06-12 09:52:09.232  INFO 1 --- [nio-8080-exec-9] s.g.m.sc.comp.util.HeaderPropgateFeign   : Request URL  /sc-dbmaster-api/api/csr/subject-allocation/language-abbrevation?languageCodeList=02&languageCodeList=03&languageCodeList=05&languageCodeList=15&languageCodeList=14&languageCodeList=13&languageCodeList=04&languageCodeList=00 
2025-06-12 09:52:09.232  INFO 1 --- [nio-8080-exec-9] s.g.m.sc.comp.util.HeaderPropgateFeign   : Gateway ID is present
2025-06-12 09:52:09.232  INFO 1 --- [nio-8080-exec-9] s.g.m.sc.comp.util.HeaderPropgateFeign   : x-app-request is present blue 
2025-06-12 09:52:09.232  INFO 1 --- [nio-8080-exec-9] s.g.m.sc.comp.util.HeaderPropgateFeign   : after feign interceptor process header ==> Cookie , [GATEWAYID=8e06b62b-7237-4531-b409-ec4e23c49265]
2025-06-12 09:52:09.232  INFO 1 --- [nio-8080-exec-9] s.g.m.sc.comp.util.HeaderPropgateFeign   : after feign interceptor process header ==> x-app-req , [blue]
2025-06-12 09:52:09.232  INFO 1 --- [nio-8080-exec-9] s.g.m.sc.comp.util.HeaderPropgateFeign   : after feign interceptor process header ==> X-SC-USER-TOKEN , [49974669133d41f0bb70a747890d400d]
[GC (Allocation Failure) [DefNew: 50979K->1587K(53568K), 0.0194165 secs] 165630K->116670K(172360K), 0.0194549 secs] [Times: user=0.01 sys=0.00, real=0.02 secs] 
2025-06-12 09:52:09.345  INFO 1 --- [nio-8080-exec-9] s.g.m.s.m.a.ScDefaultMonitorInterceptor  : Stop executing the sg.gov.moe.sc.academic.service.impl.SubjectAllocationServiceImpl.listSubjectAllocationStudentBy method
2025-06-12 09:52:10.029  INFO 1 --- [io-8080-exec-10] s.g.m.sc.comp.util.HeaderPropgateFeign   : feign intercept request
2025-06-12 09:52:10.029  INFO 1 --- [io-8080-exec-10] s.g.m.sc.comp.util.HeaderPropgateFeign   : Request URL  /sc-auth/api/user-info 
2025-06-12 09:52:10.029  INFO 1 --- [io-8080-exec-10] s.g.m.sc.comp.util.HeaderPropgateFeign   : Gateway ID is present
2025-06-12 09:52:10.029  INFO 1 --- [io-8080-exec-10] s.g.m.sc.comp.util.HeaderPropgateFeign   : x-app-request is present blue 
2025-06-12 09:52:10.029  INFO 1 --- [io-8080-exec-10] s.g.m.sc.comp.util.HeaderPropgateFeign   : after feign interceptor process header ==> Cookie , [GATEWAYID=8e06b62b-7237-4531-b409-ec4e23c49265]
2025-06-12 09:52:10.029  INFO 1 --- [io-8080-exec-10] s.g.m.sc.comp.util.HeaderPropgateFeign   : after feign interceptor process header ==> x-app-req , [blue]
2025-06-12 09:52:10.029  INFO 1 --- [io-8080-exec-10] s.g.m.sc.comp.util.HeaderPropgateFeign   : after feign interceptor process header ==> x-sc-user-token , [49974669133d41f0bb70a747890d400d]
2025-06-12 09:52:10.033  INFO 1 --- [io-8080-exec-10] s.g.m.s.m.a.ScDefaultMonitorInterceptor  : Start executing the sg.gov.moe.sc.academic.service.impl.SubjectAllocationServiceImpl.listSubjectAllocationStudentBy method
2025-06-12 09:52:10.034  INFO 1 --- [io-8080-exec-10] s.g.m.sc.comp.util.HeaderPropgateFeign   : feign intercept request
2025-06-12 09:52:10.034  INFO 1 --- [io-8080-exec-10] s.g.m.sc.comp.util.HeaderPropgateFeign   : Request URL  /sc-dbmaster-api/api/csr/subject-allocation/students?schoolCode=9808&academicYear=2025&levelCode=31&classCodes=SEC1-02&streamCode=00&programInd=0 
2025-06-12 09:52:10.034  INFO 1 --- [io-8080-exec-10] s.g.m.sc.comp.util.HeaderPropgateFeign   : Gateway ID is present
2025-06-12 09:52:10.034  INFO 1 --- [io-8080-exec-10] s.g.m.sc.comp.util.HeaderPropgateFeign   : x-app-request is present blue 
2025-06-12 09:52:10.034  INFO 1 --- [io-8080-exec-10] s.g.m.sc.comp.util.HeaderPropgateFeign   : after feign interceptor process header ==> Cookie , [GATEWAYID=8e06b62b-7237-4531-b409-ec4e23c49265]
2025-06-12 09:52:10.034  INFO 1 --- [io-8080-exec-10] s.g.m.sc.comp.util.HeaderPropgateFeign   : after feign interceptor process header ==> x-app-req , [blue]
2025-06-12 09:52:10.034  INFO 1 --- [io-8080-exec-10] s.g.m.sc.comp.util.HeaderPropgateFeign   : after feign interceptor process header ==> X-SC-USER-TOKEN , [49974669133d41f0bb70a747890d400d]
2025-06-12 09:52:10.049  INFO 1 --- [io-8080-exec-10] s.g.m.sc.comp.util.HeaderPropgateFeign   : feign intercept request
2025-06-12 09:52:10.049  INFO 1 --- [io-8080-exec-10] s.g.m.sc.comp.util.HeaderPropgateFeign   : Request URL  /sc-dbmaster-api/api/csr/school/classes/2025/9808/31/0 
2025-06-12 09:52:10.049  INFO 1 --- [io-8080-exec-10] s.g.m.sc.comp.util.HeaderPropgateFeign   : Gateway ID is present
2025-06-12 09:52:10.049  INFO 1 --- [io-8080-exec-10] s.g.m.sc.comp.util.HeaderPropgateFeign   : x-app-request is present blue 
2025-06-12 09:52:10.049  INFO 1 --- [io-8080-exec-10] s.g.m.sc.comp.util.HeaderPropgateFeign   : after feign interceptor process header ==> Cookie , [GATEWAYID=8e06b62b-7237-4531-b409-ec4e23c49265]
2025-06-12 09:52:10.049  INFO 1 --- [io-8080-exec-10] s.g.m.sc.comp.util.HeaderPropgateFeign   : after feign interceptor process header ==> x-app-req , [blue]
2025-06-12 09:52:10.049  INFO 1 --- [io-8080-exec-10] s.g.m.sc.comp.util.HeaderPropgateFeign   : after feign interceptor process header ==> X-SC-USER-TOKEN , [49974669133d41f0bb70a747890d400d]
2025-06-12 09:52:10.057  INFO 1 --- [io-8080-exec-10] s.g.m.sc.comp.util.HeaderPropgateFeign   : feign intercept request
2025-06-12 09:52:10.057  INFO 1 --- [io-8080-exec-10] s.g.m.sc.comp.util.HeaderPropgateFeign   : Request URL  /sc-dbmaster-api/api/csr/subject-allocation/language-abbrevation?languageCodeList=02&languageCodeList=05&languageCodeList=03&languageCodeList=04&languageCodeList=13&languageCodeList=14&languageCodeList=15&languageCodeList=00 
2025-06-12 09:52:10.057  INFO 1 --- [io-8080-exec-10] s.g.m.sc.comp.util.HeaderPropgateFeign   : Gateway ID is present
2025-06-12 09:52:10.057  INFO 1 --- [io-8080-exec-10] s.g.m.sc.comp.util.HeaderPropgateFeign   : x-app-request is present blue 
2025-06-12 09:52:10.057  INFO 1 --- [io-8080-exec-10] s.g.m.sc.comp.util.HeaderPropgateFeign   : after feign interceptor process header ==> Cookie , [GATEWAYID=8e06b62b-7237-4531-b409-ec4e23c49265]
2025-06-12 09:52:10.057  INFO 1 --- [io-8080-exec-10] s.g.m.sc.comp.util.HeaderPropgateFeign   : after feign interceptor process header ==> x-app-req , [blue]
2025-06-12 09:52:10.057  INFO 1 --- [io-8080-exec-10] s.g.m.sc.comp.util.HeaderPropgateFeign   : after feign interceptor process header ==> X-SC-USER-TOKEN , [49974669133d41f0bb70a747890d400d]
2025-06-12 09:52:10.144  INFO 1 --- [io-8080-exec-10] s.g.m.s.m.a.ScDefaultMonitorInterceptor  : Stop executing the sg.gov.moe.sc.academic.service.impl.SubjectAllocationServiceImpl.listSubjectAllocationStudentBy method
2025-06-12 09:52:17.836  INFO 1 --- [nio-8080-exec-4] s.g.m.sc.comp.util.HeaderPropgateFeign   : feign intercept request
2025-06-12 09:52:17.836  INFO 1 --- [nio-8080-exec-4] s.g.m.sc.comp.util.HeaderPropgateFeign   : Request URL  /sc-auth/api/user-info 
2025-06-12 09:52:17.836  INFO 1 --- [nio-8080-exec-4] s.g.m.sc.comp.util.HeaderPropgateFeign   : Gateway ID is present
2025-06-12 09:52:17.837  INFO 1 --- [nio-8080-exec-4] s.g.m.sc.comp.util.HeaderPropgateFeign   : x-app-request is present blue 
2025-06-12 09:52:17.837  INFO 1 --- [nio-8080-exec-4] s.g.m.sc.comp.util.HeaderPropgateFeign   : after feign interceptor process header ==> Cookie , [GATEWAYID=8e06b62b-7237-4531-b409-ec4e23c49265]
2025-06-12 09:52:17.837  INFO 1 --- [nio-8080-exec-4] s.g.m.sc.comp.util.HeaderPropgateFeign   : after feign interceptor process header ==> x-app-req , [blue]
2025-06-12 09:52:17.837  INFO 1 --- [nio-8080-exec-4] s.g.m.sc.comp.util.HeaderPropgateFeign   : after feign interceptor process header ==> x-sc-user-token , [49974669133d41f0bb70a747890d400d]
2025-06-12 09:52:17.840  INFO 1 --- [nio-8080-exec-4] s.g.m.s.m.a.ScDefaultMonitorInterceptor  : Start executing the sg.gov.moe.sc.academic.service.impl.SubjectAllocationServiceImpl.getSchoolClass method
2025-06-12 09:52:17.841  INFO 1 --- [nio-8080-exec-4] s.g.m.sc.comp.util.HeaderPropgateFeign   : feign intercept request
2025-06-12 09:52:17.841  INFO 1 --- [nio-8080-exec-4] s.g.m.sc.comp.util.HeaderPropgateFeign   : Request URL  /sc-dbmaster-api/api/csr/school/classes/2025/9808/32/0 
2025-06-12 09:52:17.841  INFO 1 --- [nio-8080-exec-4] s.g.m.sc.comp.util.HeaderPropgateFeign   : Gateway ID is present
2025-06-12 09:52:17.841  INFO 1 --- [nio-8080-exec-4] s.g.m.sc.comp.util.HeaderPropgateFeign   : x-app-request is present blue 
2025-06-12 09:52:17.841  INFO 1 --- [nio-8080-exec-4] s.g.m.sc.comp.util.HeaderPropgateFeign   : after feign interceptor process header ==> Cookie , [GATEWAYID=8e06b62b-7237-4531-b409-ec4e23c49265]
2025-06-12 09:52:17.841  INFO 1 --- [nio-8080-exec-4] s.g.m.sc.comp.util.HeaderPropgateFeign   : after feign interceptor process header ==> x-app-req , [blue]
2025-06-12 09:52:17.841  INFO 1 --- [nio-8080-exec-4] s.g.m.sc.comp.util.HeaderPropgateFeign   : after feign interceptor process header ==> X-SC-USER-TOKEN , [49974669133d41f0bb70a747890d400d]
2025-06-12 09:52:17.848  INFO 1 --- [nio-8080-exec-4] s.g.m.s.m.a.ScDefaultMonitorInterceptor  : Stop executing the sg.gov.moe.sc.academic.service.impl.SubjectAllocationServiceImpl.getSchoolClass method
2025-06-12 09:52:17.911  INFO 1 --- [nio-8080-exec-6] s.g.m.sc.comp.util.HeaderPropgateFeign   : feign intercept request
2025-06-12 09:52:17.911  INFO 1 --- [nio-8080-exec-6] s.g.m.sc.comp.util.HeaderPropgateFeign   : Request URL  /sc-auth/api/user-info 
2025-06-12 09:52:17.911  INFO 1 --- [nio-8080-exec-6] s.g.m.sc.comp.util.HeaderPropgateFeign   : Gateway ID is present
2025-06-12 09:52:17.911  INFO 1 --- [nio-8080-exec-6] s.g.m.sc.comp.util.HeaderPropgateFeign   : x-app-request is present blue 
2025-06-12 09:52:17.911  INFO 1 --- [nio-8080-exec-6] s.g.m.sc.comp.util.HeaderPropgateFeign   : after feign interceptor process header ==> Cookie , [GATEWAYID=8e06b62b-7237-4531-b409-ec4e23c49265]
2025-06-12 09:52:17.911  INFO 1 --- [nio-8080-exec-6] s.g.m.sc.comp.util.HeaderPropgateFeign   : after feign interceptor process header ==> x-app-req , [blue]
2025-06-12 09:52:17.911  INFO 1 --- [nio-8080-exec-6] s.g.m.sc.comp.util.HeaderPropgateFeign   : after feign interceptor process header ==> x-sc-user-token , [49974669133d41f0bb70a747890d400d]
2025-06-12 09:52:17.915  INFO 1 --- [nio-8080-exec-6] s.g.m.s.m.a.ScDefaultMonitorInterceptor  : Start executing the sg.gov.moe.sc.academic.service.impl.SubjectAllocationServiceImpl.getSchoolStream method
2025-06-12 09:52:17.915  INFO 1 --- [nio-8080-exec-6] s.g.m.sc.comp.util.HeaderPropgateFeign   : feign intercept request
2025-06-12 09:52:17.915  INFO 1 --- [nio-8080-exec-6] s.g.m.sc.comp.util.HeaderPropgateFeign   : Request URL  /sc-dbmaster-api/api/csr/school/stream/2025/9808/32/0 
2025-06-12 09:52:17.915  INFO 1 --- [nio-8080-exec-6] s.g.m.sc.comp.util.HeaderPropgateFeign   : Gateway ID is present
2025-06-12 09:52:17.915  INFO 1 --- [nio-8080-exec-6] s.g.m.sc.comp.util.HeaderPropgateFeign   : x-app-request is present blue 
2025-06-12 09:52:17.916  INFO 1 --- [nio-8080-exec-6] s.g.m.sc.comp.util.HeaderPropgateFeign   : after feign interceptor process header ==> Cookie , [GATEWAYID=8e06b62b-7237-4531-b409-ec4e23c49265]
2025-06-12 09:52:17.916  INFO 1 --- [nio-8080-exec-6] s.g.m.sc.comp.util.HeaderPropgateFeign   : after feign interceptor process header ==> x-app-req , [blue]
2025-06-12 09:52:17.916  INFO 1 --- [nio-8080-exec-6] s.g.m.sc.comp.util.HeaderPropgateFeign   : after feign interceptor process header ==> X-SC-USER-TOKEN , [49974669133d41f0bb70a747890d400d]
2025-06-12 09:52:17.921  INFO 1 --- [nio-8080-exec-6] s.g.m.s.m.a.ScDefaultMonitorInterceptor  : Stop executing the sg.gov.moe.sc.academic.service.impl.SubjectAllocationServiceImpl.getSchoolStream method
2025-06-12 09:52:17.968  INFO 1 --- [nio-8080-exec-5] s.g.m.sc.comp.util.HeaderPropgateFeign   : feign intercept request
2025-06-12 09:52:17.968  INFO 1 --- [nio-8080-exec-5] s.g.m.sc.comp.util.HeaderPropgateFeign   : Request URL  /sc-auth/api/user-info 
2025-06-12 09:52:17.968  INFO 1 --- [nio-8080-exec-5] s.g.m.sc.comp.util.HeaderPropgateFeign   : Gateway ID is present
2025-06-12 09:52:17.968  INFO 1 --- [nio-8080-exec-5] s.g.m.sc.comp.util.HeaderPropgateFeign   : x-app-request is present blue 
2025-06-12 09:52:17.968  INFO 1 --- [nio-8080-exec-5] s.g.m.sc.comp.util.HeaderPropgateFeign   : after feign interceptor process header ==> Cookie , [GATEWAYID=8e06b62b-7237-4531-b409-ec4e23c49265]
2025-06-12 09:52:17.968  INFO 1 --- [nio-8080-exec-5] s.g.m.sc.comp.util.HeaderPropgateFeign   : after feign interceptor process header ==> x-app-req , [blue]
2025-06-12 09:52:17.968  INFO 1 --- [nio-8080-exec-5] s.g.m.sc.comp.util.HeaderPropgateFeign   : after feign interceptor process header ==> x-sc-user-token , [49974669133d41f0bb70a747890d400d]
2025-06-12 09:52:17.968  INFO 1 --- [nio-8080-exec-8] s.g.m.sc.comp.util.HeaderPropgateFeign   : feign intercept request
2025-06-12 09:52:17.968  INFO 1 --- [nio-8080-exec-8] s.g.m.sc.comp.util.HeaderPropgateFeign   : Request URL  /sc-auth/api/user-info 
2025-06-12 09:52:17.968  INFO 1 --- [nio-8080-exec-8] s.g.m.sc.comp.util.HeaderPropgateFeign   : Gateway ID is present
2025-06-12 09:52:17.968  INFO 1 --- [nio-8080-exec-8] s.g.m.sc.comp.util.HeaderPropgateFeign   : x-app-request is present blue 
2025-06-12 09:52:17.968  INFO 1 --- [nio-8080-exec-8] s.g.m.sc.comp.util.HeaderPropgateFeign   : after feign interceptor process header ==> Cookie , [GATEWAYID=8e06b62b-7237-4531-b409-ec4e23c49265]
2025-06-12 09:52:17.968  INFO 1 --- [nio-8080-exec-8] s.g.m.sc.comp.util.HeaderPropgateFeign   : after feign interceptor process header ==> x-app-req , [blue]
2025-06-12 09:52:17.968  INFO 1 --- [nio-8080-exec-8] s.g.m.sc.comp.util.HeaderPropgateFeign   : after feign interceptor process header ==> x-sc-user-token , [49974669133d41f0bb70a747890d400d]
2025-06-12 09:52:17.969  INFO 1 --- [nio-8080-exec-3] s.g.m.sc.comp.util.HeaderPropgateFeign   : feign intercept request
2025-06-12 09:52:17.969  INFO 1 --- [nio-8080-exec-3] s.g.m.sc.comp.util.HeaderPropgateFeign   : Request URL  /sc-auth/api/user-info 
2025-06-12 09:52:17.969  INFO 1 --- [nio-8080-exec-3] s.g.m.sc.comp.util.HeaderPropgateFeign   : Gateway ID is present
2025-06-12 09:52:17.969  INFO 1 --- [nio-8080-exec-3] s.g.m.sc.comp.util.HeaderPropgateFeign   : x-app-request is present blue 
2025-06-12 09:52:17.969  INFO 1 --- [nio-8080-exec-3] s.g.m.sc.comp.util.HeaderPropgateFeign   : after feign interceptor process header ==> Cookie , [GATEWAYID=8e06b62b-7237-4531-b409-ec4e23c49265]
2025-06-12 09:52:17.969  INFO 1 --- [nio-8080-exec-3] s.g.m.sc.comp.util.HeaderPropgateFeign   : after feign interceptor process header ==> x-app-req , [blue]
2025-06-12 09:52:17.969  INFO 1 --- [nio-8080-exec-3] s.g.m.sc.comp.util.HeaderPropgateFeign   : after feign interceptor process header ==> x-sc-user-token , [49974669133d41f0bb70a747890d400d]
2025-06-12 09:52:17.969  INFO 1 --- [nio-8080-exec-7] s.g.m.sc.comp.util.HeaderPropgateFeign   : feign intercept request
2025-06-12 09:52:17.970  INFO 1 --- [nio-8080-exec-7] s.g.m.sc.comp.util.HeaderPropgateFeign   : Request URL  /sc-auth/api/user-info 
2025-06-12 09:52:17.970  INFO 1 --- [nio-8080-exec-7] s.g.m.sc.comp.util.HeaderPropgateFeign   : Gateway ID is present
2025-06-12 09:52:17.970  INFO 1 --- [nio-8080-exec-7] s.g.m.sc.comp.util.HeaderPropgateFeign   : x-app-request is present blue 
2025-06-12 09:52:17.970  INFO 1 --- [nio-8080-exec-7] s.g.m.sc.comp.util.HeaderPropgateFeign   : after feign interceptor process header ==> Cookie , [GATEWAYID=8e06b62b-7237-4531-b409-ec4e23c49265]
2025-06-12 09:52:17.970  INFO 1 --- [nio-8080-exec-7] s.g.m.sc.comp.util.HeaderPropgateFeign   : after feign interceptor process header ==> x-app-req , [blue]
2025-06-12 09:52:17.970  INFO 1 --- [nio-8080-exec-7] s.g.m.sc.comp.util.HeaderPropgateFeign   : after feign interceptor process header ==> x-sc-user-token , [49974669133d41f0bb70a747890d400d]
2025-06-12 09:52:17.970  INFO 1 --- [nio-8080-exec-9] s.g.m.sc.comp.util.HeaderPropgateFeign   : feign intercept request
2025-06-12 09:52:17.970  INFO 1 --- [nio-8080-exec-9] s.g.m.sc.comp.util.HeaderPropgateFeign   : Request URL  /sc-auth/api/user-info 
2025-06-12 09:52:17.970  INFO 1 --- [nio-8080-exec-9] s.g.m.sc.comp.util.HeaderPropgateFeign   : Gateway ID is present
2025-06-12 09:52:17.970  INFO 1 --- [nio-8080-exec-9] s.g.m.sc.comp.util.HeaderPropgateFeign   : x-app-request is present blue 
2025-06-12 09:52:17.970  INFO 1 --- [nio-8080-exec-9] s.g.m.sc.comp.util.HeaderPropgateFeign   : after feign interceptor process header ==> Cookie , [GATEWAYID=8e06b62b-7237-4531-b409-ec4e23c49265]
2025-06-12 09:52:17.970  INFO 1 --- [nio-8080-exec-9] s.g.m.sc.comp.util.HeaderPropgateFeign   : after feign interceptor process header ==> x-app-req , [blue]
2025-06-12 09:52:17.970  INFO 1 --- [nio-8080-exec-9] s.g.m.sc.comp.util.HeaderPropgateFeign   : after feign interceptor process header ==> x-sc-user-token , [49974669133d41f0bb70a747890d400d]
2025-06-12 09:52:17.971  INFO 1 --- [nio-8080-exec-2] s.g.m.sc.comp.util.HeaderPropgateFeign   : feign intercept request
2025-06-12 09:52:17.971  INFO 1 --- [nio-8080-exec-2] s.g.m.sc.comp.util.HeaderPropgateFeign   : Request URL  /sc-auth/api/user-info 
2025-06-12 09:52:17.971  INFO 1 --- [nio-8080-exec-2] s.g.m.sc.comp.util.HeaderPropgateFeign   : Gateway ID is present
2025-06-12 09:52:17.971  INFO 1 --- [nio-8080-exec-2] s.g.m.sc.comp.util.HeaderPropgateFeign   : x-app-request is present blue 
2025-06-12 09:52:17.971  INFO 1 --- [nio-8080-exec-2] s.g.m.sc.comp.util.HeaderPropgateFeign   : after feign interceptor process header ==> Cookie , [GATEWAYID=8e06b62b-7237-4531-b409-ec4e23c49265]
2025-06-12 09:52:17.971  INFO 1 --- [nio-8080-exec-2] s.g.m.sc.comp.util.HeaderPropgateFeign   : after feign interceptor process header ==> x-app-req , [blue]
2025-06-12 09:52:17.971  INFO 1 --- [nio-8080-exec-2] s.g.m.sc.comp.util.HeaderPropgateFeign   : after feign interceptor process header ==> x-sc-user-token , [49974669133d41f0bb70a747890d400d]
2025-06-12 09:52:17.972  INFO 1 --- [nio-8080-exec-5] s.g.m.s.m.a.ScDefaultMonitorInterceptor  : Start executing the sg.gov.moe.sc.academic.service.impl.SubjectAllocationServiceImpl.getCourseCombinations method
2025-06-12 09:52:17.972  INFO 1 --- [nio-8080-exec-8] s.g.m.s.m.a.ScDefaultMonitorInterceptor  : Start executing the sg.gov.moe.sc.academic.service.impl.SubjectAllocationServiceImpl.listSubjectMtModelBySchoolCodeAndAcademicYearAndLevelCodeAndProgramInd method
2025-06-12 09:52:17.972  INFO 1 --- [nio-8080-exec-3] s.g.m.s.m.a.ScDefaultMonitorInterceptor  : Start executing the sg.gov.moe.sc.academic.service.impl.SubjectAllocationServiceImpl.getAllSubjLanguagesMappingList method
2025-06-12 09:52:17.972  INFO 1 --- [nio-8080-exec-5] s.g.m.sc.comp.util.HeaderPropgateFeign   : feign intercept request
2025-06-12 09:52:17.972  INFO 1 --- [nio-8080-exec-5] s.g.m.sc.comp.util.HeaderPropgateFeign   : Request URL  /sc-dbmaster-api/api/csr/config/code-detail/SUBJECTLEVEL 
2025-06-12 09:52:17.972  INFO 1 --- [nio-8080-exec-5] s.g.m.sc.comp.util.HeaderPropgateFeign   : Gateway ID is present
2025-06-12 09:52:17.972  INFO 1 --- [nio-8080-exec-5] s.g.m.sc.comp.util.HeaderPropgateFeign   : x-app-request is present blue 
2025-06-12 09:52:17.972  INFO 1 --- [nio-8080-exec-5] s.g.m.sc.comp.util.HeaderPropgateFeign   : after feign interceptor process header ==> Cookie , [GATEWAYID=8e06b62b-7237-4531-b409-ec4e23c49265]
2025-06-12 09:52:17.972  INFO 1 --- [nio-8080-exec-5] s.g.m.sc.comp.util.HeaderPropgateFeign   : after feign interceptor process header ==> x-app-req , [blue]
2025-06-12 09:52:17.972  INFO 1 --- [nio-8080-exec-5] s.g.m.sc.comp.util.HeaderPropgateFeign   : after feign interceptor process header ==> X-SC-USER-TOKEN , [49974669133d41f0bb70a747890d400d]
2025-06-12 09:52:17.972  INFO 1 --- [nio-8080-exec-7] s.g.m.s.m.a.ScDefaultMonitorInterceptor  : Start executing the sg.gov.moe.sc.academic.service.impl.SubjectAllocationServiceImpl.getNtilSubjectCodeList method
2025-06-12 09:52:17.974  INFO 1 --- [nio-8080-exec-2] s.g.m.s.m.a.ScDefaultMonitorInterceptor  : Start executing the sg.gov.moe.sc.academic.service.impl.SubjectAllocationServiceImpl.getNationalExamCode method
2025-06-12 09:52:17.974  INFO 1 --- [nio-8080-exec-9] s.g.m.s.m.a.ScDefaultMonitorInterceptor  : Start executing the sg.gov.moe.sc.academic.service.impl.CommonServiceImpl.getParticularSubjectLevelFSBB method
2025-06-12 09:52:17.974  INFO 1 --- [nio-8080-exec-9] s.g.m.sc.comp.util.HeaderPropgateFeign   : feign intercept request
2025-06-12 09:52:17.974  INFO 1 --- [nio-8080-exec-9] s.g.m.sc.comp.util.HeaderPropgateFeign   : Request URL  /sc-dbmaster-api/api/csr/config/code-detail/particular-subject-level/32/0 
2025-06-12 09:52:17.974  INFO 1 --- [nio-8080-exec-9] s.g.m.sc.comp.util.HeaderPropgateFeign   : Gateway ID is present
2025-06-12 09:52:17.974  INFO 1 --- [nio-8080-exec-3] s.g.m.s.m.a.ScDefaultMonitorInterceptor  : Stop executing the sg.gov.moe.sc.academic.service.impl.SubjectAllocationServiceImpl.getAllSubjLanguagesMappingList method
2025-06-12 09:52:17.974  INFO 1 --- [nio-8080-exec-9] s.g.m.sc.comp.util.HeaderPropgateFeign   : x-app-request is present blue 
2025-06-12 09:52:17.974  INFO 1 --- [nio-8080-exec-7] s.g.m.s.m.a.ScDefaultMonitorInterceptor  : Stop executing the sg.gov.moe.sc.academic.service.impl.SubjectAllocationServiceImpl.getNtilSubjectCodeList method
2025-06-12 09:52:17.974  INFO 1 --- [nio-8080-exec-9] s.g.m.sc.comp.util.HeaderPropgateFeign   : after feign interceptor process header ==> Cookie , [GATEWAYID=8e06b62b-7237-4531-b409-ec4e23c49265]
2025-06-12 09:52:17.974  INFO 1 --- [nio-8080-exec-9] s.g.m.sc.comp.util.HeaderPropgateFeign   : after feign interceptor process header ==> x-app-req , [blue]
2025-06-12 09:52:17.974  INFO 1 --- [nio-8080-exec-9] s.g.m.sc.comp.util.HeaderPropgateFeign   : after feign interceptor process header ==> X-SC-USER-TOKEN , [49974669133d41f0bb70a747890d400d]
2025-06-12 09:52:17.975  INFO 1 --- [nio-8080-exec-2] s.g.m.s.m.a.ScDefaultMonitorInterceptor  : Stop executing the sg.gov.moe.sc.academic.service.impl.SubjectAllocationServiceImpl.getNationalExamCode method
2025-06-12 09:52:17.978  INFO 1 --- [nio-8080-exec-9] s.g.m.s.m.a.ScDefaultMonitorInterceptor  : Stop executing the sg.gov.moe.sc.academic.service.impl.CommonServiceImpl.getParticularSubjectLevelFSBB method
2025-06-12 09:52:17.990  INFO 1 --- [nio-8080-exec-8] s.g.m.sc.comp.util.HeaderPropgateFeign   : feign intercept request
2025-06-12 09:52:17.990  INFO 1 --- [nio-8080-exec-8] s.g.m.sc.comp.util.HeaderPropgateFeign   : Request URL  /sc-dbmaster-api/api/csr/config/code-detail/SUBJECTLEVEL 
2025-06-12 09:52:17.990  INFO 1 --- [nio-8080-exec-8] s.g.m.sc.comp.util.HeaderPropgateFeign   : Gateway ID is present
2025-06-12 09:52:17.990  INFO 1 --- [nio-8080-exec-8] s.g.m.sc.comp.util.HeaderPropgateFeign   : x-app-request is present blue 
2025-06-12 09:52:17.991  INFO 1 --- [nio-8080-exec-8] s.g.m.sc.comp.util.HeaderPropgateFeign   : after feign interceptor process header ==> Cookie , [GATEWAYID=8e06b62b-7237-4531-b409-ec4e23c49265]
2025-06-12 09:52:17.991  INFO 1 --- [nio-8080-exec-8] s.g.m.sc.comp.util.HeaderPropgateFeign   : after feign interceptor process header ==> x-app-req , [blue]
2025-06-12 09:52:17.991  INFO 1 --- [nio-8080-exec-8] s.g.m.sc.comp.util.HeaderPropgateFeign   : after feign interceptor process header ==> X-SC-USER-TOKEN , [49974669133d41f0bb70a747890d400d]
2025-06-12 09:52:17.997  INFO 1 --- [nio-8080-exec-8] s.g.m.s.m.a.ScDefaultMonitorInterceptor  : Stop executing the sg.gov.moe.sc.academic.service.impl.SubjectAllocationServiceImpl.listSubjectMtModelBySchoolCodeAndAcademicYearAndLevelCodeAndProgramInd method
2025-06-12 09:52:18.006  INFO 1 --- [nio-8080-exec-5] s.g.m.s.m.a.ScDefaultMonitorInterceptor  : Stop executing the sg.gov.moe.sc.academic.service.impl.SubjectAllocationServiceImpl.getCourseCombinations method
2025-06-12 09:52:19.501  INFO 1 --- [io-8080-exec-10] s.g.m.sc.comp.util.HeaderPropgateFeign   : feign intercept request
2025-06-12 09:52:19.501  INFO 1 --- [io-8080-exec-10] s.g.m.sc.comp.util.HeaderPropgateFeign   : Request URL  /sc-auth/api/user-info 
2025-06-12 09:52:19.501  INFO 1 --- [io-8080-exec-10] s.g.m.sc.comp.util.HeaderPropgateFeign   : Gateway ID is present
2025-06-12 09:52:19.501  INFO 1 --- [io-8080-exec-10] s.g.m.sc.comp.util.HeaderPropgateFeign   : x-app-request is present blue 
2025-06-12 09:52:19.501  INFO 1 --- [io-8080-exec-10] s.g.m.sc.comp.util.HeaderPropgateFeign   : after feign interceptor process header ==> Cookie , [GATEWAYID=8e06b62b-7237-4531-b409-ec4e23c49265]
2025-06-12 09:52:19.501  INFO 1 --- [io-8080-exec-10] s.g.m.sc.comp.util.HeaderPropgateFeign   : after feign interceptor process header ==> x-app-req , [blue]
2025-06-12 09:52:19.501  INFO 1 --- [io-8080-exec-10] s.g.m.sc.comp.util.HeaderPropgateFeign   : after feign interceptor process header ==> x-sc-user-token , [49974669133d41f0bb70a747890d400d]
2025-06-12 09:52:19.505  INFO 1 --- [io-8080-exec-10] s.g.m.s.m.a.ScDefaultMonitorInterceptor  : Start executing the sg.gov.moe.sc.academic.service.impl.SubjectAllocationServiceImpl.listSubjectAllocationStudentBy method
2025-06-12 09:52:19.505  INFO 1 --- [io-8080-exec-10] s.g.m.sc.comp.util.HeaderPropgateFeign   : feign intercept request
2025-06-12 09:52:19.506  INFO 1 --- [io-8080-exec-10] s.g.m.sc.comp.util.HeaderPropgateFeign   : Request URL  /sc-dbmaster-api/api/csr/subject-allocation/students?schoolCode=9808&academicYear=2025&levelCode=32&classCodes=SEC2-01&streamCode=22&programInd=0 
2025-06-12 09:52:19.506  INFO 1 --- [io-8080-exec-10] s.g.m.sc.comp.util.HeaderPropgateFeign   : Gateway ID is present
2025-06-12 09:52:19.506  INFO 1 --- [io-8080-exec-10] s.g.m.sc.comp.util.HeaderPropgateFeign   : x-app-request is present blue 
2025-06-12 09:52:19.506  INFO 1 --- [io-8080-exec-10] s.g.m.sc.comp.util.HeaderPropgateFeign   : after feign interceptor process header ==> Cookie , [GATEWAYID=8e06b62b-7237-4531-b409-ec4e23c49265]
2025-06-12 09:52:19.506  INFO 1 --- [io-8080-exec-10] s.g.m.sc.comp.util.HeaderPropgateFeign   : after feign interceptor process header ==> x-app-req , [blue]
2025-06-12 09:52:19.506  INFO 1 --- [io-8080-exec-10] s.g.m.sc.comp.util.HeaderPropgateFeign   : after feign interceptor process header ==> X-SC-USER-TOKEN , [49974669133d41f0bb70a747890d400d]
2025-06-12 09:52:19.519  INFO 1 --- [io-8080-exec-10] s.g.m.sc.comp.util.HeaderPropgateFeign   : feign intercept request
2025-06-12 09:52:19.519  INFO 1 --- [io-8080-exec-10] s.g.m.sc.comp.util.HeaderPropgateFeign   : Request URL  /sc-dbmaster-api/api/csr/school/classes/2025/9808/32/0 
2025-06-12 09:52:19.519  INFO 1 --- [io-8080-exec-10] s.g.m.sc.comp.util.HeaderPropgateFeign   : Gateway ID is present
2025-06-12 09:52:19.519  INFO 1 --- [io-8080-exec-10] s.g.m.sc.comp.util.HeaderPropgateFeign   : x-app-request is present blue 
2025-06-12 09:52:19.519  INFO 1 --- [io-8080-exec-10] s.g.m.sc.comp.util.HeaderPropgateFeign   : after feign interceptor process header ==> Cookie , [GATEWAYID=8e06b62b-7237-4531-b409-ec4e23c49265]
2025-06-12 09:52:19.519  INFO 1 --- [io-8080-exec-10] s.g.m.sc.comp.util.HeaderPropgateFeign   : after feign interceptor process header ==> x-app-req , [blue]
2025-06-12 09:52:19.519  INFO 1 --- [io-8080-exec-10] s.g.m.sc.comp.util.HeaderPropgateFeign   : after feign interceptor process header ==> X-SC-USER-TOKEN , [49974669133d41f0bb70a747890d400d]
2025-06-12 09:52:19.527  INFO 1 --- [io-8080-exec-10] s.g.m.sc.comp.util.HeaderPropgateFeign   : feign intercept request
2025-06-12 09:52:19.527  INFO 1 --- [io-8080-exec-10] s.g.m.sc.comp.util.HeaderPropgateFeign   : Request URL  /sc-dbmaster-api/api/csr/subject-allocation/language-abbrevation?languageCodeList=02&languageCodeList=03&languageCodeList=04&languageCodeList=05&languageCodeList=00 
2025-06-12 09:52:19.527  INFO 1 --- [io-8080-exec-10] s.g.m.sc.comp.util.HeaderPropgateFeign   : Gateway ID is present
2025-06-12 09:52:19.527  INFO 1 --- [io-8080-exec-10] s.g.m.sc.comp.util.HeaderPropgateFeign   : x-app-request is present blue 
2025-06-12 09:52:19.527  INFO 1 --- [io-8080-exec-10] s.g.m.sc.comp.util.HeaderPropgateFeign   : after feign interceptor process header ==> Cookie , [GATEWAYID=8e06b62b-7237-4531-b409-ec4e23c49265]
2025-06-12 09:52:19.527  INFO 1 --- [io-8080-exec-10] s.g.m.sc.comp.util.HeaderPropgateFeign   : after feign interceptor process header ==> x-app-req , [blue]
2025-06-12 09:52:19.527  INFO 1 --- [io-8080-exec-10] s.g.m.sc.comp.util.HeaderPropgateFeign   : after feign interceptor process header ==> X-SC-USER-TOKEN , [49974669133d41f0bb70a747890d400d]
2025-06-12 09:52:19.559  WARN 1 --- [io-8080-exec-10] o.h.engine.jdbc.spi.SqlExceptionHelper   : SQL Error: 0, SQLState: 21000
2025-06-12 09:52:19.559 ERROR 1 --- [io-8080-exec-10] o.h.engine.jdbc.spi.SqlExceptionHelper   : ERROR: more than one row returned by a subquery used as an expression
2025-06-12 09:52:19.572 ERROR 1 --- [io-8080-exec-10] .GlobalExceptionHandlerAutoConfiguration : could not extract ResultSet; SQL [n/a]; nested exception is org.hibernate.exception.DataException: could not extract ResultSet

org.springframework.dao.DataIntegrityViolationException: could not extract ResultSet; SQL [n/a]; nested exception is org.hibernate.exception.DataException: could not extract ResultSet
	at org.springframework.orm.jpa.vendor.HibernateJpaDialect.convertHibernateAccessException(HibernateJpaDialect.java:280) ~[spring-orm-5.3.18.jar!/:5.3.18]
	at org.springframework.orm.jpa.vendor.HibernateJpaDialect.translateExceptionIfPossible(HibernateJpaDialect.java:233) ~[spring-orm-5.3.18.jar!/:5.3.18]
	at org.springframework.orm.jpa.AbstractEntityManagerFactoryBean.translateExceptionIfPossible(AbstractEntityManagerFactoryBean.java:551) ~[spring-orm-5.3.18.jar!/:5.3.18]
	at org.springframework.dao.support.ChainedPersistenceExceptionTranslator.translateExceptionIfPossible(ChainedPersistenceExceptionTranslator.java:61) ~[spring-tx-5.3.18.jar!/:5.3.18]
	at org.springframework.dao.support.DataAccessUtils.translateIfNecessary(DataAccessUtils.java:242) ~[spring-tx-5.3.18.jar!/:5.3.18]
	at org.springframework.dao.support.PersistenceExceptionTranslationInterceptor.invoke(PersistenceExceptionTranslationInterceptor.java:152) ~[spring-tx-5.3.18.jar!/:5.3.18]
	at org.springframework.aop.framework.ReflectiveMethodInvocation.proceed(ReflectiveMethodInvocation.java:186) ~[spring-aop-5.3.18.jar!/:5.3.18]
	at org.springframework.data.jpa.repository.support.CrudMethodMetadataPostProcessor$CrudMethodMetadataPopulatingMethodInterceptor.invoke(CrudMethodMetadataPostProcessor.java:145) ~[spring-data-jpa-2.4.5.jar!/:2.4.5]
	at org.springframework.aop.framework.ReflectiveMethodInvocation.proceed(ReflectiveMethodInvocation.java:186) ~[spring-aop-5.3.18.jar!/:5.3.18]
	at org.springframework.aop.interceptor.ExposeInvocationInterceptor.invoke(ExposeInvocationInterceptor.java:97) ~[spring-aop-5.3.18.jar!/:5.3.18]
	at org.springframework.aop.framework.ReflectiveMethodInvocation.proceed(ReflectiveMethodInvocation.java:186) ~[spring-aop-5.3.18.jar!/:5.3.18]
	at org.springframework.aop.framework.JdkDynamicAopProxy.invoke(JdkDynamicAopProxy.java:215) ~[spring-aop-5.3.18.jar!/:5.3.18]
	at com.sun.proxy.$Proxy231.findNewStudentSubjectOnlyListBy(Unknown Source) ~[na:na]
	at sun.reflect.NativeMethodAccessorImpl.invoke0(Native Method) ~[na:1.8.0_452]
	at sun.reflect.NativeMethodAccessorImpl.invoke(NativeMethodAccessorImpl.java:62) ~[na:1.8.0_452]
	at sun.reflect.DelegatingMethodAccessorImpl.invoke(DelegatingMethodAccessorImpl.java:43) ~[na:1.8.0_452]
	at java.lang.reflect.Method.invoke(Method.java:498) ~[na:1.8.0_452]
	at org.springframework.aop.support.AopUtils.invokeJoinpointUsingReflection(AopUtils.java:344) ~[spring-aop-5.3.18.jar!/:5.3.18]
	at org.springframework.aop.framework.ReflectiveMethodInvocation.invokeJoinpoint(ReflectiveMethodInvocation.java:198) ~[spring-aop-5.3.18.jar!/:5.3.18]
	at org.springframework.aop.framework.ReflectiveMethodInvocation.proceed(ReflectiveMethodInvocation.java:163) ~[spring-aop-5.3.18.jar!/:5.3.18]
	at org.springframework.aop.interceptor.ExposeInvocationInterceptor.invoke(ExposeInvocationInterceptor.java:97) ~[spring-aop-5.3.18.jar!/:5.3.18]
	at org.springframework.aop.framework.ReflectiveMethodInvocation.proceed(ReflectiveMethodInvocation.java:186) ~[spring-aop-5.3.18.jar!/:5.3.18]
	at org.springframework.aop.framework.JdkDynamicAopProxy.invoke(JdkDynamicAopProxy.java:215) ~[spring-aop-5.3.18.jar!/:5.3.18]
	at com.sun.proxy.$Proxy231.findNewStudentSubjectOnlyListBy(Unknown Source) ~[na:na]
	at sg.gov.moe.sc.academic.service.impl.SubjectAllocationServiceImpl.listSubjectAllocationStudentBy(SubjectAllocationServiceImpl.java:440) ~[classes!/:na]
	at sg.gov.moe.sc.academic.service.impl.SubjectAllocationServiceImpl$$FastClassBySpringCGLIB$$57594bf0.invoke(<generated>) ~[classes!/:na]
	at org.springframework.cglib.proxy.MethodProxy.invoke(MethodProxy.java:218) ~[spring-core-5.3.18.jar!/:5.3.18]
	at org.springframework.aop.framework.CglibAopProxy$CglibMethodInvocation.invokeJoinpoint(CglibAopProxy.java:783) ~[spring-aop-5.3.18.jar!/:5.3.18]
	at org.springframework.aop.framework.ReflectiveMethodInvocation.proceed(ReflectiveMethodInvocation.java:163) ~[spring-aop-5.3.18.jar!/:5.3.18]
	at org.springframework.aop.framework.CglibAopProxy$CglibMethodInvocation.proceed(CglibAopProxy.java:753) ~[spring-aop-5.3.18.jar!/:5.3.18]
	at sg.gov.moe.sc.monitor.autoconfiguration.ScDefaultMonitorInterceptor.invoke(ScDefaultMonitorInterceptor.java:22) ~[sc-monitor-develop-53.jar!/:na]
	at org.springframework.aop.framework.ReflectiveMethodInvocation.proceed(ReflectiveMethodInvocation.java:175) ~[spring-aop-5.3.18.jar!/:5.3.18]
	at org.springframework.aop.framework.CglibAopProxy$CglibMethodInvocation.proceed(CglibAopProxy.java:753) ~[spring-aop-5.3.18.jar!/:5.3.18]
	at org.springframework.aop.interceptor.ExposeInvocationInterceptor.invoke(ExposeInvocationInterceptor.java:97) ~[spring-aop-5.3.18.jar!/:5.3.18]
	at org.springframework.aop.framework.ReflectiveMethodInvocation.proceed(ReflectiveMethodInvocation.java:186) ~[spring-aop-5.3.18.jar!/:5.3.18]
	at org.springframework.aop.framework.CglibAopProxy$CglibMethodInvocation.proceed(CglibAopProxy.java:753) ~[spring-aop-5.3.18.jar!/:5.3.18]
	at org.springframework.aop.framework.CglibAopProxy$DynamicAdvisedInterceptor.intercept(CglibAopProxy.java:698) ~[spring-aop-5.3.18.jar!/:5.3.18]
	at sg.gov.moe.sc.academic.service.impl.SubjectAllocationServiceImpl$$EnhancerBySpringCGLIB$$c704b02c.listSubjectAllocationStudentBy(<generated>) ~[classes!/:na]
	at sg.gov.moe.sc.academic.controller.SubjectAllocationController.getSubjectAllocationStudents(SubjectAllocationController.java:109) ~[classes!/:na]
	at sg.gov.moe.sc.academic.controller.SubjectAllocationController$$FastClassBySpringCGLIB$$80620da4.invoke(<generated>) ~[classes!/:na]
	at org.springframework.cglib.proxy.MethodProxy.invoke(MethodProxy.java:218) ~[spring-core-5.3.18.jar!/:5.3.18]
	at org.springframework.aop.framework.CglibAopProxy$CglibMethodInvocation.invokeJoinpoint(CglibAopProxy.java:783) ~[spring-aop-5.3.18.jar!/:5.3.18]
	at org.springframework.aop.framework.ReflectiveMethodInvocation.proceed(ReflectiveMethodInvocation.java:163) ~[spring-aop-5.3.18.jar!/:5.3.18]
	at org.springframework.aop.framework.CglibAopProxy$CglibMethodInvocation.proceed(CglibAopProxy.java:753) ~[spring-aop-5.3.18.jar!/:5.3.18]
	at org.springframework.security.access.intercept.aopalliance.MethodSecurityInterceptor.invoke(MethodSecurityInterceptor.java:61) ~[spring-security-core-5.4.5.jar!/:5.4.5]
	at org.springframework.aop.framework.ReflectiveMethodInvocation.proceed(ReflectiveMethodInvocation.java:186) ~[spring-aop-5.3.18.jar!/:5.3.18]
	at org.springframework.aop.framework.CglibAopProxy$CglibMethodInvocation.proceed(CglibAopProxy.java:753) ~[spring-aop-5.3.18.jar!/:5.3.18]
	at org.springframework.aop.framework.CglibAopProxy$DynamicAdvisedInterceptor.intercept(CglibAopProxy.java:698) ~[spring-aop-5.3.18.jar!/:5.3.18]
	at sg.gov.moe.sc.academic.controller.SubjectAllocationController$$EnhancerBySpringCGLIB$$c7776571.getSubjectAllocationStudents(<generated>) ~[classes!/:na]
	at sun.reflect.NativeMethodAccessorImpl.invoke0(Native Method) ~[na:1.8.0_452]
	at sun.reflect.NativeMethodAccessorImpl.invoke(NativeMethodAccessorImpl.java:62) ~[na:1.8.0_452]
	at sun.reflect.DelegatingMethodAccessorImpl.invoke(DelegatingMethodAccessorImpl.java:43) ~[na:1.8.0_452]
	at java.lang.reflect.Method.invoke(Method.java:498) ~[na:1.8.0_452]
	at org.springframework.web.method.support.InvocableHandlerMethod.doInvoke(InvocableHandlerMethod.java:205) ~[spring-web-5.3.18.jar!/:5.3.18]
	at org.springframework.web.method.support.InvocableHandlerMethod.invokeForRequest(InvocableHandlerMethod.java:150) ~[spring-web-5.3.18.jar!/:5.3.18]
	at org.springframework.web.servlet.mvc.method.annotation.ServletInvocableHandlerMethod.invokeAndHandle(ServletInvocableHandlerMethod.java:117) ~[spring-webmvc-5.3.18.jar!/:5.3.18]
	at org.springframework.web.servlet.mvc.method.annotation.RequestMappingHandlerAdapter.invokeHandlerMethod(RequestMappingHandlerAdapter.java:895) ~[spring-webmvc-5.3.18.jar!/:5.3.18]
	at org.springframework.web.servlet.mvc.method.annotation.RequestMappingHandlerAdapter.handleInternal(RequestMappingHandlerAdapter.java:808) ~[spring-webmvc-5.3.18.jar!/:5.3.18]
	at org.springframework.web.servlet.mvc.method.AbstractHandlerMethodAdapter.handle(AbstractHandlerMethodAdapter.java:87) ~[spring-webmvc-5.3.18.jar!/:5.3.18]
	at org.springframework.web.servlet.DispatcherServlet.doDispatch(DispatcherServlet.java:1067) ~[spring-webmvc-5.3.18.jar!/:5.3.18]
	at org.springframework.web.servlet.DispatcherServlet.doService(DispatcherServlet.java:963) ~[spring-webmvc-5.3.18.jar!/:5.3.18]
	at org.springframework.web.servlet.FrameworkServlet.processRequest(FrameworkServlet.java:1006) [spring-webmvc-5.3.18.jar!/:5.3.18]
	at org.springframework.web.servlet.FrameworkServlet.doGet(FrameworkServlet.java:898) [spring-webmvc-5.3.18.jar!/:5.3.18]
	at javax.servlet.http.HttpServlet.service(HttpServlet.java:626) [tomcat-embed-core-9.0.43.jar!/:4.0.FR]
	at org.springframework.web.servlet.FrameworkServlet.service(FrameworkServlet.java:883) [spring-webmvc-5.3.18.jar!/:5.3.18]
	at javax.servlet.http.HttpServlet.service(HttpServlet.java:733) [tomcat-embed-core-9.0.43.jar!/:4.0.FR]
	at org.apache.catalina.core.ApplicationFilterChain.internalDoFilter(ApplicationFilterChain.java:227) [tomcat-embed-core-9.0.43.jar!/:9.0.43]
	at org.apache.catalina.core.ApplicationFilterChain.doFilter(ApplicationFilterChain.java:162) [tomcat-embed-core-9.0.43.jar!/:9.0.43]
	at org.apache.tomcat.websocket.server.WsFilter.doFilter(WsFilter.java:53) [tomcat-embed-websocket-9.0.43.jar!/:9.0.43]
	at org.apache.catalina.core.ApplicationFilterChain.internalDoFilter(ApplicationFilterChain.java:189) [tomcat-embed-core-9.0.43.jar!/:9.0.43]
	at org.apache.catalina.core.ApplicationFilterChain.doFilter(ApplicationFilterChain.java:162) [tomcat-embed-core-9.0.43.jar!/:9.0.43]
	at org.springframework.security.web.FilterChainProxy$VirtualFilterChain.doFilter(FilterChainProxy.java:327) [spring-security-web-5.4.5.jar!/:5.4.5]
	at org.springframework.security.web.access.intercept.FilterSecurityInterceptor.invoke(FilterSecurityInterceptor.java:115) [spring-security-web-5.4.5.jar!/:5.4.5]
	at org.springframework.security.web.access.intercept.FilterSecurityInterceptor.doFilter(FilterSecurityInterceptor.java:81) [spring-security-web-5.4.5.jar!/:5.4.5]
	at org.springframework.security.web.FilterChainProxy$VirtualFilterChain.doFilter(FilterChainProxy.java:336) [spring-security-web-5.4.5.jar!/:5.4.5]
	at org.springframework.security.web.access.ExceptionTranslationFilter.doFilter(ExceptionTranslationFilter.java:119) [spring-security-web-5.4.5.jar!/:5.4.5]
	at org.springframework.security.web.access.ExceptionTranslationFilter.doFilter(ExceptionTranslationFilter.java:113) [spring-security-web-5.4.5.jar!/:5.4.5]
	at org.springframework.security.web.FilterChainProxy$VirtualFilterChain.doFilter(FilterChainProxy.java:336) [spring-security-web-5.4.5.jar!/:5.4.5]
	at org.springframework.security.web.session.SessionManagementFilter.doFilter(SessionManagementFilter.java:126) [spring-security-web-5.4.5.jar!/:5.4.5]
	at org.springframework.security.web.session.SessionManagementFilter.doFilter(SessionManagementFilter.java:81) [spring-security-web-5.4.5.jar!/:5.4.5]
	at org.springframework.security.web.FilterChainProxy$VirtualFilterChain.doFilter(FilterChainProxy.java:336) [spring-security-web-5.4.5.jar!/:5.4.5]
	at org.springframework.security.web.authentication.AnonymousAuthenticationFilter.doFilter(AnonymousAuthenticationFilter.java:105) [spring-security-web-5.4.5.jar!/:5.4.5]
	at org.springframework.security.web.FilterChainProxy$VirtualFilterChain.doFilter(FilterChainProxy.java:336) [spring-security-web-5.4.5.jar!/:5.4.5]
	at org.springframework.security.web.servletapi.SecurityContextHolderAwareRequestFilter.doFilter(SecurityContextHolderAwareRequestFilter.java:149) [spring-security-web-5.4.5.jar!/:5.4.5]
	at org.springframework.security.web.FilterChainProxy$VirtualFilterChain.doFilter(FilterChainProxy.java:336) [spring-security-web-5.4.5.jar!/:5.4.5]
	at org.springframework.security.web.savedrequest.RequestCacheAwareFilter.doFilter(RequestCacheAwareFilter.java:63) [spring-security-web-5.4.5.jar!/:5.4.5]
	at org.springframework.security.web.FilterChainProxy$VirtualFilterChain.doFilter(FilterChainProxy.java:336) [spring-security-web-5.4.5.jar!/:5.4.5]
	at sg.gov.moe.sc.comp.security.common.autoconfiguration.filter.AuthenticationFilter.authenticationTokenHandler(AuthenticationFilter.java:66) [sc-security-config-develop-53.jar!/:na]
	at sg.gov.moe.sc.comp.security.common.autoconfiguration.filter.AuthenticationFilter.doFilterInternal(AuthenticationFilter.java:51) [sc-security-config-develop-53.jar!/:na]
	at org.springframework.web.filter.OncePerRequestFilter.doFilter(OncePerRequestFilter.java:117) [spring-web-5.3.18.jar!/:5.3.18]
	at org.springframework.security.web.FilterChainProxy$VirtualFilterChain.doFilter(FilterChainProxy.java:336) [spring-security-web-5.4.5.jar!/:5.4.5]
	at org.springframework.security.web.authentication.logout.LogoutFilter.doFilter(LogoutFilter.java:103) [spring-security-web-5.4.5.jar!/:5.4.5]
	at org.springframework.security.web.authentication.logout.LogoutFilter.doFilter(LogoutFilter.java:89) [spring-security-web-5.4.5.jar!/:5.4.5]
	at org.springframework.security.web.FilterChainProxy$VirtualFilterChain.doFilter(FilterChainProxy.java:336) [spring-security-web-5.4.5.jar!/:5.4.5]
	at org.springframework.web.filter.CorsFilter.doFilterInternal(CorsFilter.java:91) [spring-web-5.3.18.jar!/:5.3.18]
	at org.springframework.web.filter.OncePerRequestFilter.doFilter(OncePerRequestFilter.java:117) [spring-web-5.3.18.jar!/:5.3.18]
	at org.springframework.security.web.FilterChainProxy$VirtualFilterChain.doFilter(FilterChainProxy.java:336) [spring-security-web-5.4.5.jar!/:5.4.5]
	at org.springframework.security.web.header.HeaderWriterFilter.doHeadersAfter(HeaderWriterFilter.java:90) [spring-security-web-5.4.5.jar!/:5.4.5]
	at org.springframework.security.web.header.HeaderWriterFilter.doFilterInternal(HeaderWriterFilter.java:75) [spring-security-web-5.4.5.jar!/:5.4.5]
	at org.springframework.web.filter.OncePerRequestFilter.doFilter(OncePerRequestFilter.java:117) [spring-web-5.3.18.jar!/:5.3.18]
	at org.springframework.security.web.FilterChainProxy$VirtualFilterChain.doFilter(FilterChainProxy.java:336) [spring-security-web-5.4.5.jar!/:5.4.5]
	at org.springframework.security.web.context.SecurityContextPersistenceFilter.doFilter(SecurityContextPersistenceFilter.java:110) [spring-security-web-5.4.5.jar!/:5.4.5]
	at org.springframework.security.web.context.SecurityContextPersistenceFilter.doFilter(SecurityContextPersistenceFilter.java:80) [spring-security-web-5.4.5.jar!/:5.4.5]
	at org.springframework.security.web.FilterChainProxy$VirtualFilterChain.doFilter(FilterChainProxy.java:336) [spring-security-web-5.4.5.jar!/:5.4.5]
	at org.springframework.security.web.context.request.async.WebAsyncManagerIntegrationFilter.doFilterInternal(WebAsyncManagerIntegrationFilter.java:55) [spring-security-web-5.4.5.jar!/:5.4.5]
	at org.springframework.web.filter.OncePerRequestFilter.doFilter(OncePerRequestFilter.java:117) [spring-web-5.3.18.jar!/:5.3.18]
	at org.springframework.security.web.FilterChainProxy$VirtualFilterChain.doFilter(FilterChainProxy.java:336) [spring-security-web-5.4.5.jar!/:5.4.5]
	at org.springframework.security.web.FilterChainProxy.doFilterInternal(FilterChainProxy.java:211) [spring-security-web-5.4.5.jar!/:5.4.5]
	at org.springframework.security.web.FilterChainProxy.doFilter(FilterChainProxy.java:183) [spring-security-web-5.4.5.jar!/:5.4.5]
	at org.springframework.web.filter.DelegatingFilterProxy.invokeDelegate(DelegatingFilterProxy.java:354) [spring-web-5.3.18.jar!/:5.3.18]
	at org.springframework.web.filter.DelegatingFilterProxy.doFilter(DelegatingFilterProxy.java:267) [spring-web-5.3.18.jar!/:5.3.18]
	at org.apache.catalina.core.ApplicationFilterChain.internalDoFilter(ApplicationFilterChain.java:189) [tomcat-embed-core-9.0.43.jar!/:9.0.43]
	at org.apache.catalina.core.ApplicationFilterChain.doFilter(ApplicationFilterChain.java:162) [tomcat-embed-core-9.0.43.jar!/:9.0.43]
	at org.springframework.web.filter.RequestContextFilter.doFilterInternal(RequestContextFilter.java:100) [spring-web-5.3.18.jar!/:5.3.18]
	at org.springframework.web.filter.OncePerRequestFilter.doFilter(OncePerRequestFilter.java:117) [spring-web-5.3.18.jar!/:5.3.18]
	at org.apache.catalina.core.ApplicationFilterChain.internalDoFilter(ApplicationFilterChain.java:189) [tomcat-embed-core-9.0.43.jar!/:9.0.43]
	at org.apache.catalina.core.ApplicationFilterChain.doFilter(ApplicationFilterChain.java:162) [tomcat-embed-core-9.0.43.jar!/:9.0.43]
	at org.springframework.web.filter.FormContentFilter.doFilterInternal(FormContentFilter.java:93) [spring-web-5.3.18.jar!/:5.3.18]
	at org.springframework.web.filter.OncePerRequestFilter.doFilter(OncePerRequestFilter.java:117) [spring-web-5.3.18.jar!/:5.3.18]
	at org.apache.catalina.core.ApplicationFilterChain.internalDoFilter(ApplicationFilterChain.java:189) [tomcat-embed-core-9.0.43.jar!/:9.0.43]
	at org.apache.catalina.core.ApplicationFilterChain.doFilter(ApplicationFilterChain.java:162) [tomcat-embed-core-9.0.43.jar!/:9.0.43]
	at org.springframework.boot.actuate.metrics.web.servlet.WebMvcMetricsFilter.doFilterInternal(WebMvcMetricsFilter.java:93) [spring-boot-actuator-2.4.3.jar!/:2.4.3]
	at org.springframework.web.filter.OncePerRequestFilter.doFilter(OncePerRequestFilter.java:117) [spring-web-5.3.18.jar!/:5.3.18]
	at org.apache.catalina.core.ApplicationFilterChain.internalDoFilter(ApplicationFilterChain.java:189) [tomcat-embed-core-9.0.43.jar!/:9.0.43]
	at org.apache.catalina.core.ApplicationFilterChain.doFilter(ApplicationFilterChain.java:162) [tomcat-embed-core-9.0.43.jar!/:9.0.43]
	at org.springframework.web.filter.CharacterEncodingFilter.doFilterInternal(CharacterEncodingFilter.java:201) [spring-web-5.3.18.jar!/:5.3.18]
	at org.springframework.web.filter.OncePerRequestFilter.doFilter(OncePerRequestFilter.java:117) [spring-web-5.3.18.jar!/:5.3.18]
	at org.apache.catalina.core.ApplicationFilterChain.internalDoFilter(ApplicationFilterChain.java:189) [tomcat-embed-core-9.0.43.jar!/:9.0.43]
	at org.apache.catalina.core.ApplicationFilterChain.doFilter(ApplicationFilterChain.java:162) [tomcat-embed-core-9.0.43.jar!/:9.0.43]
	at org.apache.catalina.core.StandardWrapperValve.invoke(StandardWrapperValve.java:202) [tomcat-embed-core-9.0.43.jar!/:9.0.43]
	at org.apache.catalina.core.StandardContextValve.invoke(StandardContextValve.java:97) [tomcat-embed-core-9.0.43.jar!/:9.0.43]
	at org.apache.catalina.authenticator.AuthenticatorBase.invoke(AuthenticatorBase.java:542) [tomcat-embed-core-9.0.43.jar!/:9.0.43]
	at org.apache.catalina.core.StandardHostValve.invoke(StandardHostValve.java:143) [tomcat-embed-core-9.0.43.jar!/:9.0.43]
	at org.apache.catalina.valves.ErrorReportValve.invoke(ErrorReportValve.java:92) [tomcat-embed-core-9.0.43.jar!/:9.0.43]
	at org.apache.catalina.core.StandardEngineValve.invoke(StandardEngineValve.java:78) [tomcat-embed-core-9.0.43.jar!/:9.0.43]
	at org.apache.catalina.valves.RemoteIpValve.invoke(RemoteIpValve.java:764) [tomcat-embed-core-9.0.43.jar!/:9.0.43]
	at org.apache.catalina.connector.CoyoteAdapter.service(CoyoteAdapter.java:346) [tomcat-embed-core-9.0.43.jar!/:9.0.43]
	at org.apache.coyote.http11.Http11Processor.service(Http11Processor.java:374) [tomcat-embed-core-9.0.43.jar!/:9.0.43]
	at org.apache.coyote.AbstractProcessorLight.process(AbstractProcessorLight.java:65) [tomcat-embed-core-9.0.43.jar!/:9.0.43]
	at org.apache.coyote.AbstractProtocol$ConnectionHandler.process(AbstractProtocol.java:887) [tomcat-embed-core-9.0.43.jar!/:9.0.43]
	at org.apache.tomcat.util.net.NioEndpoint$SocketProcessor.doRun(NioEndpoint.java:1684) [tomcat-embed-core-9.0.43.jar!/:9.0.43]
	at org.apache.tomcat.util.net.SocketProcessorBase.run(SocketProcessorBase.java:49) [tomcat-embed-core-9.0.43.jar!/:9.0.43]
	at java.util.concurrent.ThreadPoolExecutor.runWorker(ThreadPoolExecutor.java:1149) [na:1.8.0_452]
	at java.util.concurrent.ThreadPoolExecutor$Worker.run(ThreadPoolExecutor.java:624) [na:1.8.0_452]
	at org.apache.tomcat.util.threads.TaskThread$WrappingRunnable.run(TaskThread.java:61) [tomcat-embed-core-9.0.43.jar!/:9.0.43]
	at java.lang.Thread.run(Thread.java:750) [na:1.8.0_452]
Caused by: org.hibernate.exception.DataException: could not extract ResultSet
	at org.hibernate.exception.internal.SQLStateConversionDelegate.convert(SQLStateConversionDelegate.java:115) ~[hibernate-core-5.4.28.Final.jar!/:5.4.28.Final]
	at org.hibernate.exception.internal.StandardSQLExceptionConverter.convert(StandardSQLExceptionConverter.java:42) ~[hibernate-core-5.4.28.Final.jar!/:5.4.28.Final]
	at org.hibernate.engine.jdbc.spi.SqlExceptionHelper.convert(SqlExceptionHelper.java:113) ~[hibernate-core-5.4.28.Final.jar!/:5.4.28.Final]
	at org.hibernate.engine.jdbc.spi.SqlExceptionHelper.convert(SqlExceptionHelper.java:99) ~[hibernate-core-5.4.28.Final.jar!/:5.4.28.Final]
	at org.hibernate.engine.jdbc.internal.ResultSetReturnImpl.extract(ResultSetReturnImpl.java:67) ~[hibernate-core-5.4.28.Final.jar!/:5.4.28.Final]
	at org.hibernate.loader.Loader.getResultSet(Loader.java:2303) ~[hibernate-core-5.4.28.Final.jar!/:5.4.28.Final]
	at org.hibernate.loader.Loader.executeQueryStatement(Loader.java:2056) ~[hibernate-core-5.4.28.Final.jar!/:5.4.28.Final]
	at org.hibernate.loader.Loader.executeQueryStatement(Loader.java:2018) ~[hibernate-core-5.4.28.Final.jar!/:5.4.28.Final]
	at org.hibernate.loader.Loader.doQuery(Loader.java:948) ~[hibernate-core-5.4.28.Final.jar!/:5.4.28.Final]
	at org.hibernate.loader.Loader.doQueryAndInitializeNonLazyCollections(Loader.java:349) ~[hibernate-core-5.4.28.Final.jar!/:5.4.28.Final]
	at org.hibernate.loader.Loader.doList(Loader.java:2849) ~[hibernate-core-5.4.28.Final.jar!/:5.4.28.Final]
	at org.hibernate.loader.Loader.doList(Loader.java:2831) ~[hibernate-core-5.4.28.Final.jar!/:5.4.28.Final]
	at org.hibernate.loader.Loader.listIgnoreQueryCache(Loader.java:2663) ~[hibernate-core-5.4.28.Final.jar!/:5.4.28.Final]
	at org.hibernate.loader.Loader.list(Loader.java:2658) ~[hibernate-core-5.4.28.Final.jar!/:5.4.28.Final]
	at org.hibernate.loader.custom.CustomLoader.list(CustomLoader.java:338) ~[hibernate-core-5.4.28.Final.jar!/:5.4.28.Final]
	at org.hibernate.internal.SessionImpl.listCustomQuery(SessionImpl.java:2141) ~[hibernate-core-5.4.28.Final.jar!/:5.4.28.Final]
	at org.hibernate.internal.AbstractSharedSessionContract.list(AbstractSharedSessionContract.java:1172) ~[hibernate-core-5.4.28.Final.jar!/:5.4.28.Final]
	at org.hibernate.query.internal.NativeQueryImpl.doList(NativeQueryImpl.java:176) ~[hibernate-core-5.4.28.Final.jar!/:5.4.28.Final]
	at org.hibernate.query.internal.AbstractProducedQuery.list(AbstractProducedQuery.java:1593) ~[hibernate-core-5.4.28.Final.jar!/:5.4.28.Final]
	at org.hibernate.query.Query.getResultList(Query.java:165) ~[hibernate-core-5.4.28.Final.jar!/:5.4.28.Final]
	at org.springframework.data.jpa.repository.query.JpaQueryExecution$CollectionExecution.doExecute(JpaQueryExecution.java:126) ~[spring-data-jpa-2.4.5.jar!/:2.4.5]
	at org.springframework.data.jpa.repository.query.JpaQueryExecution.execute(JpaQueryExecution.java:88) ~[spring-data-jpa-2.4.5.jar!/:2.4.5]
	at org.springframework.data.jpa.repository.query.AbstractJpaQuery.doExecute(AbstractJpaQuery.java:155) ~[spring-data-jpa-2.4.5.jar!/:2.4.5]
	at org.springframework.data.jpa.repository.query.AbstractJpaQuery.execute(AbstractJpaQuery.java:143) ~[spring-data-jpa-2.4.5.jar!/:2.4.5]
	at org.springframework.data.repository.core.support.RepositoryMethodInvoker.doInvoke(RepositoryMethodInvoker.java:137) ~[spring-data-commons-2.4.5.jar!/:2.4.5]
	at org.springframework.data.repository.core.support.RepositoryMethodInvoker.invoke(RepositoryMethodInvoker.java:121) ~[spring-data-commons-2.4.5.jar!/:2.4.5]
	at org.springframework.data.repository.core.support.QueryExecutorMethodInterceptor.doInvoke(QueryExecutorMethodInterceptor.java:152) ~[spring-data-commons-2.4.5.jar!/:2.4.5]
	at org.springframework.data.repository.core.support.QueryExecutorMethodInterceptor.invoke(QueryExecutorMethodInterceptor.java:131) ~[spring-data-commons-2.4.5.jar!/:2.4.5]
	at org.springframework.aop.framework.ReflectiveMethodInvocation.proceed(ReflectiveMethodInvocation.java:186) ~[spring-aop-5.3.18.jar!/:5.3.18]
	at org.springframework.transaction.interceptor.TransactionInterceptor$1.proceedWithInvocation(TransactionInterceptor.java:123) ~[spring-tx-5.3.18.jar!/:5.3.18]
	at org.springframework.transaction.interceptor.TransactionAspectSupport.invokeWithinTransaction(TransactionAspectSupport.java:388) ~[spring-tx-5.3.18.jar!/:5.3.18]
	at org.springframework.transaction.interceptor.TransactionInterceptor.invoke(TransactionInterceptor.java:119) ~[spring-tx-5.3.18.jar!/:5.3.18]
	at org.springframework.aop.framework.ReflectiveMethodInvocation.proceed(ReflectiveMethodInvocation.java:186) ~[spring-aop-5.3.18.jar!/:5.3.18]
	at org.springframework.dao.support.PersistenceExceptionTranslationInterceptor.invoke(PersistenceExceptionTranslationInterceptor.java:137) ~[spring-tx-5.3.18.jar!/:5.3.18]
	... 140 common frames omitted
Caused by: org.postgresql.util.PSQLException: ERROR: more than one row returned by a subquery used as an expression
	at org.postgresql.core.v3.QueryExecutorImpl.receiveErrorResponse(QueryExecutorImpl.java:2553) ~[postgresql-42.2.19.jar!/:42.2.19]
	at org.postgresql.core.v3.QueryExecutorImpl.processResults(QueryExecutorImpl.java:2285) ~[postgresql-42.2.19.jar!/:42.2.19]
	at org.postgresql.core.v3.QueryExecutorImpl.execute(QueryExecutorImpl.java:323) ~[postgresql-42.2.19.jar!/:42.2.19]
	at org.postgresql.jdbc.PgStatement.executeInternal(PgStatement.java:481) ~[postgresql-42.2.19.jar!/:42.2.19]
	at org.postgresql.jdbc.PgStatement.execute(PgStatement.java:401) ~[postgresql-42.2.19.jar!/:42.2.19]
	at org.postgresql.jdbc.PgPreparedStatement.executeWithFlags(PgPreparedStatement.java:164) ~[postgresql-42.2.19.jar!/:42.2.19]
	at org.postgresql.jdbc.PgPreparedStatement.executeQuery(PgPreparedStatement.java:114) ~[postgresql-42.2.19.jar!/:42.2.19]
	at com.zaxxer.hikari.pool.ProxyPreparedStatement.executeQuery(ProxyPreparedStatement.java:52) ~[HikariCP-4.0.3.jar!/:na]
	at com.zaxxer.hikari.pool.HikariProxyPreparedStatement.executeQuery(HikariProxyPreparedStatement.java) ~[HikariCP-4.0.3.jar!/:na]
	at com.p6spy.engine.wrapper.PreparedStatementWrapper.executeQuery(PreparedStatementWrapper.java:78) ~[p6spy-3.9.0.jar!/:na]
	at org.hibernate.engine.jdbc.internal.ResultSetReturnImpl.extract(ResultSetReturnImpl.java:57) ~[hibernate-core-5.4.28.Final.jar!/:5.4.28.Final]
	... 169 common frames omitted

2025-06-12 09:52:21.693  INFO 1 --- [nio-8080-exec-4] s.g.m.sc.comp.util.HeaderPropgateFeign   : feign intercept request
2025-06-12 09:52:21.693  INFO 1 --- [nio-8080-exec-4] s.g.m.sc.comp.util.HeaderPropgateFeign   : Request URL  /sc-auth/api/user-info 
2025-06-12 09:52:21.693  INFO 1 --- [nio-8080-exec-4] s.g.m.sc.comp.util.HeaderPropgateFeign   : Gateway ID is present
2025-06-12 09:52:21.694  INFO 1 --- [nio-8080-exec-4] s.g.m.sc.comp.util.HeaderPropgateFeign   : x-app-request is present blue 
2025-06-12 09:52:21.694  INFO 1 --- [nio-8080-exec-4] s.g.m.sc.comp.util.HeaderPropgateFeign   : after feign interceptor process header ==> Cookie , [GATEWAYID=8e06b62b-7237-4531-b409-ec4e23c49265]
2025-06-12 09:52:21.694  INFO 1 --- [nio-8080-exec-4] s.g.m.sc.comp.util.HeaderPropgateFeign   : after feign interceptor process header ==> x-app-req , [blue]
2025-06-12 09:52:21.694  INFO 1 --- [nio-8080-exec-4] s.g.m.sc.comp.util.HeaderPropgateFeign   : after feign interceptor process header ==> x-sc-user-token , [49974669133d41f0bb70a747890d400d]
2025-06-12 09:52:21.694  INFO 1 --- [nio-8080-exec-6] s.g.m.sc.comp.util.HeaderPropgateFeign   : feign intercept request
2025-06-12 09:52:21.694  INFO 1 --- [nio-8080-exec-6] s.g.m.sc.comp.util.HeaderPropgateFeign   : Request URL  /sc-auth/api/user-info 
2025-06-12 09:52:21.694  INFO 1 --- [nio-8080-exec-6] s.g.m.sc.comp.util.HeaderPropgateFeign   : Gateway ID is present
2025-06-12 09:52:21.694  INFO 1 --- [nio-8080-exec-6] s.g.m.sc.comp.util.HeaderPropgateFeign   : x-app-request is present blue 
2025-06-12 09:52:21.694  INFO 1 --- [nio-8080-exec-6] s.g.m.sc.comp.util.HeaderPropgateFeign   : after feign interceptor process header ==> Cookie , [GATEWAYID=8e06b62b-7237-4531-b409-ec4e23c49265]
2025-06-12 09:52:21.694  INFO 1 --- [nio-8080-exec-6] s.g.m.sc.comp.util.HeaderPropgateFeign   : after feign interceptor process header ==> x-app-req , [blue]
2025-06-12 09:52:21.694  INFO 1 --- [nio-8080-exec-6] s.g.m.sc.comp.util.HeaderPropgateFeign   : after feign interceptor process header ==> x-sc-user-token , [49974669133d41f0bb70a747890d400d]
2025-06-12 09:52:21.694  INFO 1 --- [nio-8080-exec-7] s.g.m.sc.comp.util.HeaderPropgateFeign   : feign intercept request
2025-06-12 09:52:21.694  INFO 1 --- [nio-8080-exec-7] s.g.m.sc.comp.util.HeaderPropgateFeign   : Request URL  /sc-auth/api/user-info 
2025-06-12 09:52:21.694  INFO 1 --- [nio-8080-exec-7] s.g.m.sc.comp.util.HeaderPropgateFeign   : Gateway ID is present
2025-06-12 09:52:21.694  INFO 1 --- [nio-8080-exec-7] s.g.m.sc.comp.util.HeaderPropgateFeign   : x-app-request is present blue 
2025-06-12 09:52:21.694  INFO 1 --- [nio-8080-exec-7] s.g.m.sc.comp.util.HeaderPropgateFeign   : after feign interceptor process header ==> Cookie , [GATEWAYID=8e06b62b-7237-4531-b409-ec4e23c49265]
2025-06-12 09:52:21.695  INFO 1 --- [nio-8080-exec-7] s.g.m.sc.comp.util.HeaderPropgateFeign   : after feign interceptor process header ==> x-app-req , [blue]
2025-06-12 09:52:21.695  INFO 1 --- [nio-8080-exec-7] s.g.m.sc.comp.util.HeaderPropgateFeign   : after feign interceptor process header ==> x-sc-user-token , [49974669133d41f0bb70a747890d400d]
2025-06-12 09:52:21.697  INFO 1 --- [nio-8080-exec-4] s.g.m.s.m.a.ScDefaultMonitorInterceptor  : Start executing the sg.gov.moe.sc.academic.service.impl.CommonServiceImpl.getConfigYearSearch method
2025-06-12 09:52:21.697  INFO 1 --- [nio-8080-exec-6] s.g.m.s.m.a.ScDefaultMonitorInterceptor  : Start executing the sg.gov.moe.sc.academic.service.impl.CommonServiceImpl.getSectionBySearch method
2025-06-12 09:52:21.697  INFO 1 --- [nio-8080-exec-7] s.g.m.s.m.a.ScDefaultMonitorInterceptor  : Start executing the sg.gov.moe.sc.academic.service.impl.CommonServiceImpl.getAcademicYear method
2025-06-12 09:52:21.697  INFO 1 --- [nio-8080-exec-4] s.g.m.sc.comp.util.HeaderPropgateFeign   : feign intercept request
2025-06-12 09:52:21.697  INFO 1 --- [nio-8080-exec-4] s.g.m.sc.comp.util.HeaderPropgateFeign   : Request URL  /sc-dbmaster-api/api/csr/config/parameter/CSR 
2025-06-12 09:52:21.697  INFO 1 --- [nio-8080-exec-6] s.g.m.sc.comp.util.HeaderPropgateFeign   : feign intercept request
2025-06-12 09:52:21.698  INFO 1 --- [nio-8080-exec-4] s.g.m.sc.comp.util.HeaderPropgateFeign   : Gateway ID is present
2025-06-12 09:52:21.698  INFO 1 --- [nio-8080-exec-7] s.g.m.sc.comp.util.HeaderPropgateFeign   : feign intercept request
2025-06-12 09:52:21.698  INFO 1 --- [nio-8080-exec-6] s.g.m.sc.comp.util.HeaderPropgateFeign   : Request URL  /sc-dbmaster-api/api/csr/school/section-info/9808 
2025-06-12 09:52:21.698  INFO 1 --- [nio-8080-exec-4] s.g.m.sc.comp.util.HeaderPropgateFeign   : x-app-request is present blue 
2025-06-12 09:52:21.698  INFO 1 --- [nio-8080-exec-6] s.g.m.sc.comp.util.HeaderPropgateFeign   : Gateway ID is present
2025-06-12 09:52:21.698  INFO 1 --- [nio-8080-exec-7] s.g.m.sc.comp.util.HeaderPropgateFeign   : Request URL  /sc-dbmaster-api/api/csr/config/parameter/CSR 
2025-06-12 09:52:21.698  INFO 1 --- [nio-8080-exec-4] s.g.m.sc.comp.util.HeaderPropgateFeign   : after feign interceptor process header ==> Cookie , [GATEWAYID=8e06b62b-7237-4531-b409-ec4e23c49265]
2025-06-12 09:52:21.698  INFO 1 --- [nio-8080-exec-6] s.g.m.sc.comp.util.HeaderPropgateFeign   : x-app-request is present blue 
2025-06-12 09:52:21.698  INFO 1 --- [nio-8080-exec-7] s.g.m.sc.comp.util.HeaderPropgateFeign   : Gateway ID is present
2025-06-12 09:52:21.698  INFO 1 --- [nio-8080-exec-4] s.g.m.sc.comp.util.HeaderPropgateFeign   : after feign interceptor process header ==> x-app-req , [blue]
2025-06-12 09:52:21.698  INFO 1 --- [nio-8080-exec-7] s.g.m.sc.comp.util.HeaderPropgateFeign   : x-app-request is present blue 
2025-06-12 09:52:21.698  INFO 1 --- [nio-8080-exec-4] s.g.m.sc.comp.util.HeaderPropgateFeign   : after feign interceptor process header ==> X-SC-USER-TOKEN , [49974669133d41f0bb70a747890d400d]
2025-06-12 09:52:21.698  INFO 1 --- [nio-8080-exec-6] s.g.m.sc.comp.util.HeaderPropgateFeign   : after feign interceptor process header ==> Cookie , [GATEWAYID=8e06b62b-7237-4531-b409-ec4e23c49265]
2025-06-12 09:52:21.698  INFO 1 --- [nio-8080-exec-7] s.g.m.sc.comp.util.HeaderPropgateFeign   : after feign interceptor process header ==> Cookie , [GATEWAYID=8e06b62b-7237-4531-b409-ec4e23c49265]
2025-06-12 09:52:21.698  INFO 1 --- [nio-8080-exec-6] s.g.m.sc.comp.util.HeaderPropgateFeign   : after feign interceptor process header ==> x-app-req , [blue]
2025-06-12 09:52:21.698  INFO 1 --- [nio-8080-exec-7] s.g.m.sc.comp.util.HeaderPropgateFeign   : after feign interceptor process header ==> x-app-req , [blue]
2025-06-12 09:52:21.698  INFO 1 --- [nio-8080-exec-6] s.g.m.sc.comp.util.HeaderPropgateFeign   : after feign interceptor process header ==> X-SC-USER-TOKEN , [49974669133d41f0bb70a747890d400d]
2025-06-12 09:52:21.698  INFO 1 --- [nio-8080-exec-7] s.g.m.sc.comp.util.HeaderPropgateFeign   : after feign interceptor process header ==> X-SC-USER-TOKEN , [49974669133d41f0bb70a747890d400d]
2025-06-12 09:52:21.702  INFO 1 --- [nio-8080-exec-4] s.g.m.s.m.a.ScDefaultMonitorInterceptor  : Stop executing the sg.gov.moe.sc.academic.service.impl.CommonServiceImpl.getConfigYearSearch method
2025-06-12 09:52:21.704  INFO 1 --- [nio-8080-exec-6] s.g.m.s.m.a.ScDefaultMonitorInterceptor  : Stop executing the sg.gov.moe.sc.academic.service.impl.CommonServiceImpl.getSectionBySearch method
2025-06-12 09:52:21.708  INFO 1 --- [nio-8080-exec-7] s.g.m.s.m.a.ScDefaultMonitorInterceptor  : Stop executing the sg.gov.moe.sc.academic.service.impl.CommonServiceImpl.getAcademicYear method
2025-06-12 09:52:21.762  INFO 1 --- [nio-8080-exec-3] s.g.m.sc.comp.util.HeaderPropgateFeign   : feign intercept request
2025-06-12 09:52:21.762  INFO 1 --- [nio-8080-exec-3] s.g.m.sc.comp.util.HeaderPropgateFeign   : Request URL  /sc-auth/api/user-info 
2025-06-12 09:52:21.763  INFO 1 --- [nio-8080-exec-3] s.g.m.sc.comp.util.HeaderPropgateFeign   : Gateway ID is present
2025-06-12 09:52:21.763  INFO 1 --- [nio-8080-exec-3] s.g.m.sc.comp.util.HeaderPropgateFeign   : x-app-request is present blue 
2025-06-12 09:52:21.763  INFO 1 --- [nio-8080-exec-3] s.g.m.sc.comp.util.HeaderPropgateFeign   : after feign interceptor process header ==> Cookie , [GATEWAYID=8e06b62b-7237-4531-b409-ec4e23c49265]
2025-06-12 09:52:21.763  INFO 1 --- [nio-8080-exec-3] s.g.m.sc.comp.util.HeaderPropgateFeign   : after feign interceptor process header ==> x-app-req , [blue]
2025-06-12 09:52:21.763  INFO 1 --- [nio-8080-exec-3] s.g.m.sc.comp.util.HeaderPropgateFeign   : after feign interceptor process header ==> x-sc-user-token , [49974669133d41f0bb70a747890d400d]
2025-06-12 09:52:21.767  INFO 1 --- [nio-8080-exec-3] s.g.m.s.m.a.ScDefaultMonitorInterceptor  : Start executing the sg.gov.moe.sc.academic.service.impl.AssessmentFrameworkServiceImpl.getConfirmResultLevelList method
2025-06-12 09:52:21.767  INFO 1 --- [nio-8080-exec-3] s.g.m.sc.comp.util.HeaderPropgateFeign   : feign intercept request
2025-06-12 09:52:21.767  INFO 1 --- [nio-8080-exec-3] s.g.m.sc.comp.util.HeaderPropgateFeign   : Request URL  /sc-dbmaster-api/api/csr/school/confirm/9808/2025 
2025-06-12 09:52:21.767  INFO 1 --- [nio-8080-exec-3] s.g.m.sc.comp.util.HeaderPropgateFeign   : Gateway ID is present
2025-06-12 09:52:21.767  INFO 1 --- [nio-8080-exec-3] s.g.m.sc.comp.util.HeaderPropgateFeign   : x-app-request is present blue 
2025-06-12 09:52:21.767  INFO 1 --- [nio-8080-exec-3] s.g.m.sc.comp.util.HeaderPropgateFeign   : after feign interceptor process header ==> Cookie , [GATEWAYID=8e06b62b-7237-4531-b409-ec4e23c49265]
2025-06-12 09:52:21.767  INFO 1 --- [nio-8080-exec-3] s.g.m.sc.comp.util.HeaderPropgateFeign   : after feign interceptor process header ==> x-app-req , [blue]
2025-06-12 09:52:21.767  INFO 1 --- [nio-8080-exec-3] s.g.m.sc.comp.util.HeaderPropgateFeign   : after feign interceptor process header ==> X-SC-USER-TOKEN , [49974669133d41f0bb70a747890d400d]
2025-06-12 09:52:21.772  INFO 1 --- [nio-8080-exec-3] s.g.m.s.m.a.ScDefaultMonitorInterceptor  : Stop executing the sg.gov.moe.sc.academic.service.impl.AssessmentFrameworkServiceImpl.getConfirmResultLevelList method
2025-06-12 09:52:21.837  INFO 1 --- [nio-8080-exec-2] s.g.m.sc.comp.util.HeaderPropgateFeign   : feign intercept request
2025-06-12 09:52:21.837  INFO 1 --- [nio-8080-exec-2] s.g.m.sc.comp.util.HeaderPropgateFeign   : Request URL  /sc-auth/api/user-info 
2025-06-12 09:52:21.837  INFO 1 --- [nio-8080-exec-2] s.g.m.sc.comp.util.HeaderPropgateFeign   : Gateway ID is present
2025-06-12 09:52:21.837  INFO 1 --- [nio-8080-exec-2] s.g.m.sc.comp.util.HeaderPropgateFeign   : x-app-request is present blue 
2025-06-12 09:52:21.837  INFO 1 --- [nio-8080-exec-2] s.g.m.sc.comp.util.HeaderPropgateFeign   : after feign interceptor process header ==> Cookie , [GATEWAYID=8e06b62b-7237-4531-b409-ec4e23c49265]
2025-06-12 09:52:21.837  INFO 1 --- [nio-8080-exec-2] s.g.m.sc.comp.util.HeaderPropgateFeign   : after feign interceptor process header ==> x-app-req , [blue]
2025-06-12 09:52:21.837  INFO 1 --- [nio-8080-exec-2] s.g.m.sc.comp.util.HeaderPropgateFeign   : after feign interceptor process header ==> x-sc-user-token , [49974669133d41f0bb70a747890d400d]
2025-06-12 09:52:21.841  INFO 1 --- [nio-8080-exec-2] s.g.m.s.m.a.ScDefaultMonitorInterceptor  : Start executing the sg.gov.moe.sc.academic.service.impl.AssessmentFrameworkServiceImpl.getAssessmentFrameworkSummarise method
2025-06-12 09:52:21.841  INFO 1 --- [nio-8080-exec-2] s.g.m.sc.comp.util.HeaderPropgateFeign   : feign intercept request
2025-06-12 09:52:21.841  INFO 1 --- [nio-8080-exec-2] s.g.m.sc.comp.util.HeaderPropgateFeign   : Request URL  /sc-dbmaster-api/api/csr/school/level-info/9808 
2025-06-12 09:52:21.841  INFO 1 --- [nio-8080-exec-2] s.g.m.sc.comp.util.HeaderPropgateFeign   : Gateway ID is present
2025-06-12 09:52:21.841  INFO 1 --- [nio-8080-exec-2] s.g.m.sc.comp.util.HeaderPropgateFeign   : x-app-request is present blue 
2025-06-12 09:52:21.842  INFO 1 --- [nio-8080-exec-2] s.g.m.sc.comp.util.HeaderPropgateFeign   : after feign interceptor process header ==> Cookie , [GATEWAYID=8e06b62b-7237-4531-b409-ec4e23c49265]
2025-06-12 09:52:21.842  INFO 1 --- [nio-8080-exec-2] s.g.m.sc.comp.util.HeaderPropgateFeign   : after feign interceptor process header ==> x-app-req , [blue]
2025-06-12 09:52:21.842  INFO 1 --- [nio-8080-exec-2] s.g.m.sc.comp.util.HeaderPropgateFeign   : after feign interceptor process header ==> X-SC-USER-TOKEN , [49974669133d41f0bb70a747890d400d]
2025-06-12 09:52:21.855  INFO 1 --- [nio-8080-exec-2] s.g.m.sc.comp.util.HeaderPropgateFeign   : feign intercept request
2025-06-12 09:52:21.855  INFO 1 --- [nio-8080-exec-2] s.g.m.sc.comp.util.HeaderPropgateFeign   : Request URL  /sc-dbmaster-api/api/csr/config/code-detail/ASSESSMENT_TYPE 
2025-06-12 09:52:21.855  INFO 1 --- [nio-8080-exec-2] s.g.m.sc.comp.util.HeaderPropgateFeign   : Gateway ID is present
2025-06-12 09:52:21.855  INFO 1 --- [nio-8080-exec-2] s.g.m.sc.comp.util.HeaderPropgateFeign   : x-app-request is present blue 
2025-06-12 09:52:21.855  INFO 1 --- [nio-8080-exec-2] s.g.m.sc.comp.util.HeaderPropgateFeign   : after feign interceptor process header ==> Cookie , [GATEWAYID=8e06b62b-7237-4531-b409-ec4e23c49265]
2025-06-12 09:52:21.855  INFO 1 --- [nio-8080-exec-2] s.g.m.sc.comp.util.HeaderPropgateFeign   : after feign interceptor process header ==> x-app-req , [blue]
2025-06-12 09:52:21.855  INFO 1 --- [nio-8080-exec-2] s.g.m.sc.comp.util.HeaderPropgateFeign   : after feign interceptor process header ==> X-SC-USER-TOKEN , [49974669133d41f0bb70a747890d400d]
2025-06-12 09:52:21.896  INFO 1 --- [nio-8080-exec-2] s.g.m.sc.comp.util.HeaderPropgateFeign   : feign intercept request
2025-06-12 09:52:21.896  INFO 1 --- [nio-8080-exec-2] s.g.m.sc.comp.util.HeaderPropgateFeign   : Request URL  /sc-dbmaster-api/api/csr/staff/staff-details?staffIds=LT_DATAPREP 
2025-06-12 09:52:21.896  INFO 1 --- [nio-8080-exec-2] s.g.m.sc.comp.util.HeaderPropgateFeign   : Gateway ID is present
2025-06-12 09:52:21.896  INFO 1 --- [nio-8080-exec-2] s.g.m.sc.comp.util.HeaderPropgateFeign   : x-app-request is present blue 
2025-06-12 09:52:21.896  INFO 1 --- [nio-8080-exec-2] s.g.m.sc.comp.util.HeaderPropgateFeign   : after feign interceptor process header ==> Cookie , [GATEWAYID=8e06b62b-7237-4531-b409-ec4e23c49265]
2025-06-12 09:52:21.896  INFO 1 --- [nio-8080-exec-2] s.g.m.sc.comp.util.HeaderPropgateFeign   : after feign interceptor process header ==> x-app-req , [blue]
2025-06-12 09:52:21.896  INFO 1 --- [nio-8080-exec-2] s.g.m.sc.comp.util.HeaderPropgateFeign   : after feign interceptor process header ==> X-SC-USER-TOKEN , [49974669133d41f0bb70a747890d400d]
2025-06-12 09:52:21.901  INFO 1 --- [nio-8080-exec-2] s.g.m.s.m.a.ScDefaultMonitorInterceptor  : Stop executing the sg.gov.moe.sc.academic.service.impl.AssessmentFrameworkServiceImpl.getAssessmentFrameworkSummarise method
2025-06-12 11:08:16.465  INFO 1 --- [nio-8080-exec-6] s.g.m.sc.comp.util.HeaderPropgateFeign   : feign intercept request
2025-06-12 11:08:16.465  INFO 1 --- [nio-8080-exec-6] s.g.m.sc.comp.util.HeaderPropgateFeign   : Request URL  /sc-auth/api/user-info 
2025-06-12 11:08:16.465  INFO 1 --- [nio-8080-exec-6] s.g.m.sc.comp.util.HeaderPropgateFeign   : Gateway ID is present
2025-06-12 11:08:16.465  INFO 1 --- [nio-8080-exec-6] s.g.m.sc.comp.util.HeaderPropgateFeign   : x-app-request is present blue 
2025-06-12 11:08:16.465  INFO 1 --- [nio-8080-exec-6] s.g.m.sc.comp.util.HeaderPropgateFeign   : after feign interceptor process header ==> Cookie , [GATEWAYID=0fc81652-c5d9-496c-bf19-b9d0dd5d3b55]
2025-06-12 11:08:16.465  INFO 1 --- [nio-8080-exec-6] s.g.m.sc.comp.util.HeaderPropgateFeign   : after feign interceptor process header ==> x-app-req , [blue]
2025-06-12 11:08:16.465  INFO 1 --- [nio-8080-exec-6] s.g.m.sc.comp.util.HeaderPropgateFeign   : after feign interceptor process header ==> x-sc-user-token , [66518e30db8b4b9e8476a50ac6f5fad1]
2025-06-12 11:08:16.560  INFO 1 --- [nio-8080-exec-6] s.g.m.s.m.a.ScDefaultMonitorInterceptor  : Start executing the sg.gov.moe.sc.academic.service.impl.CommonServiceImpl.printLogs method
2025-06-12 11:08:16.560  INFO 1 --- [nio-8080-exec-6] s.g.m.s.a.s.impl.CommonServiceImpl       : Log Code: LOG_get-stud-subject-mark-by-class_studentsMarkNoList, Log Message: studentsMarkNoList from get-stud-subject-mark-by-class API retrieved successfully
2025-06-12 11:08:16.560  INFO 1 --- [nio-8080-exec-6] s.g.m.s.a.s.impl.CommonServiceImpl       : Log Code: LOG_get-stud-subject-mark-by-class_studentsMarkNoList, Log Message: studentsMarkNoList from get-stud-subject-mark-by-class API retrieved successfully
2025-06-12 11:08:16.560  INFO 1 --- [nio-8080-exec-6] s.g.m.s.a.s.impl.CommonServiceImpl       : Log Code: LOG_get-stud-subject-mark-by-class_studentsMarkNoList, Log Message: studentsMarkNoList from get-stud-subject-mark-by-class API retrieved successfully
2025-06-12 11:08:16.560  INFO 1 --- [nio-8080-exec-6] s.g.m.s.m.a.ScDefaultMonitorInterceptor  : Stop executing the sg.gov.moe.sc.academic.service.impl.CommonServiceImpl.printLogs method
2025-06-12 11:17:34.946  INFO 1 --- [nio-8080-exec-9] s.g.m.sc.comp.util.HeaderPropgateFeign   : feign intercept request
2025-06-12 11:17:34.947  INFO 1 --- [nio-8080-exec-9] s.g.m.sc.comp.util.HeaderPropgateFeign   : Request URL  /sc-auth/api/user-info 
2025-06-12 11:17:34.947  INFO 1 --- [nio-8080-exec-9] s.g.m.sc.comp.util.HeaderPropgateFeign   : Gateway ID is present
2025-06-12 11:17:34.947  INFO 1 --- [nio-8080-exec-9] s.g.m.sc.comp.util.HeaderPropgateFeign   : x-app-request is present blue 
2025-06-12 11:17:34.947  INFO 1 --- [nio-8080-exec-9] s.g.m.sc.comp.util.HeaderPropgateFeign   : after feign interceptor process header ==> Cookie , [GATEWAYID=5dfe6068-8de2-4cf5-bca9-1024d642a08f]
2025-06-12 11:17:34.947  INFO 1 --- [nio-8080-exec-9] s.g.m.sc.comp.util.HeaderPropgateFeign   : after feign interceptor process header ==> x-app-req , [blue]
2025-06-12 11:17:34.947  INFO 1 --- [nio-8080-exec-9] s.g.m.sc.comp.util.HeaderPropgateFeign   : after feign interceptor process header ==> x-sc-user-token , [4cea2d5cc2fd4e698763a28c55c09758]
2025-06-12 11:17:35.002  INFO 1 --- [nio-8080-exec-9] s.g.m.s.m.a.ScDefaultMonitorInterceptor  : Start executing the sg.gov.moe.sc.academic.service.impl.CommonServiceImpl.printLogs method
2025-06-12 11:17:35.002  INFO 1 --- [nio-8080-exec-9] s.g.m.s.a.s.impl.CommonServiceImpl       : Log Code: LOG_ON_INITIAL_LOAD, Log Message: The data received upon all the API calls on the initial load of the page
2025-06-12 11:17:35.002  INFO 1 --- [nio-8080-exec-9] s.g.m.s.m.a.ScDefaultMonitorInterceptor  : Stop executing the sg.gov.moe.sc.academic.service.impl.CommonServiceImpl.printLogs method
2025-06-12 11:17:41.859  INFO 1 --- [nio-8080-exec-1] s.g.m.sc.comp.util.HeaderPropgateFeign   : feign intercept request
2025-06-12 11:17:41.859  INFO 1 --- [nio-8080-exec-1] s.g.m.sc.comp.util.HeaderPropgateFeign   : Request URL  /sc-auth/api/user-info 
2025-06-12 11:17:41.859  INFO 1 --- [nio-8080-exec-1] s.g.m.sc.comp.util.HeaderPropgateFeign   : Gateway ID is present
2025-06-12 11:17:41.859  INFO 1 --- [nio-8080-exec-1] s.g.m.sc.comp.util.HeaderPropgateFeign   : x-app-request is present blue 
2025-06-12 11:17:41.859  INFO 1 --- [nio-8080-exec-1] s.g.m.sc.comp.util.HeaderPropgateFeign   : after feign interceptor process header ==> Cookie , [GATEWAYID=5dfe6068-8de2-4cf5-bca9-1024d642a08f]
2025-06-12 11:17:41.859  INFO 1 --- [nio-8080-exec-1] s.g.m.sc.comp.util.HeaderPropgateFeign   : after feign interceptor process header ==> x-app-req , [blue]
2025-06-12 11:17:41.859  INFO 1 --- [nio-8080-exec-1] s.g.m.sc.comp.util.HeaderPropgateFeign   : after feign interceptor process header ==> x-sc-user-token , [4cea2d5cc2fd4e698763a28c55c09758]
2025-06-12 11:17:41.863  INFO 1 --- [nio-8080-exec-1] s.g.m.s.m.a.ScDefaultMonitorInterceptor  : Start executing the sg.gov.moe.sc.academic.service.impl.CommonServiceImpl.getSectionBySearch method
2025-06-12 11:17:41.864  INFO 1 --- [nio-8080-exec-1] s.g.m.sc.comp.util.HeaderPropgateFeign   : feign intercept request
2025-06-12 11:17:41.864  INFO 1 --- [nio-8080-exec-1] s.g.m.sc.comp.util.HeaderPropgateFeign   : Request URL  /sc-dbmaster-api/api/csr/school/section-info/9808 
2025-06-12 11:17:41.864  INFO 1 --- [nio-8080-exec-1] s.g.m.sc.comp.util.HeaderPropgateFeign   : Gateway ID is present
2025-06-12 11:17:41.864  INFO 1 --- [nio-8080-exec-1] s.g.m.sc.comp.util.HeaderPropgateFeign   : x-app-request is present blue 
2025-06-12 11:17:41.864  INFO 1 --- [nio-8080-exec-1] s.g.m.sc.comp.util.HeaderPropgateFeign   : after feign interceptor process header ==> Cookie , [GATEWAYID=5dfe6068-8de2-4cf5-bca9-1024d642a08f]
2025-06-12 11:17:41.864  INFO 1 --- [nio-8080-exec-1] s.g.m.sc.comp.util.HeaderPropgateFeign   : after feign interceptor process header ==> x-app-req , [blue]
2025-06-12 11:17:41.864  INFO 1 --- [nio-8080-exec-1] s.g.m.sc.comp.util.HeaderPropgateFeign   : after feign interceptor process header ==> X-SC-USER-TOKEN , [4cea2d5cc2fd4e698763a28c55c09758]
2025-06-12 11:17:41.871  INFO 1 --- [nio-8080-exec-1] s.g.m.s.m.a.ScDefaultMonitorInterceptor  : Stop executing the sg.gov.moe.sc.academic.service.impl.CommonServiceImpl.getSectionBySearch method
2025-06-12 11:17:41.934  INFO 1 --- [io-8080-exec-10] s.g.m.sc.comp.util.HeaderPropgateFeign   : feign intercept request
2025-06-12 11:17:41.934  INFO 1 --- [io-8080-exec-10] s.g.m.sc.comp.util.HeaderPropgateFeign   : Request URL  /sc-auth/api/user-info 
2025-06-12 11:17:41.934  INFO 1 --- [io-8080-exec-10] s.g.m.sc.comp.util.HeaderPropgateFeign   : Gateway ID is present
2025-06-12 11:17:41.934  INFO 1 --- [io-8080-exec-10] s.g.m.sc.comp.util.HeaderPropgateFeign   : x-app-request is present blue 
2025-06-12 11:17:41.934  INFO 1 --- [io-8080-exec-10] s.g.m.sc.comp.util.HeaderPropgateFeign   : after feign interceptor process header ==> Cookie , [GATEWAYID=5dfe6068-8de2-4cf5-bca9-1024d642a08f]
2025-06-12 11:17:41.934  INFO 1 --- [io-8080-exec-10] s.g.m.sc.comp.util.HeaderPropgateFeign   : after feign interceptor process header ==> x-app-req , [blue]
2025-06-12 11:17:41.934  INFO 1 --- [io-8080-exec-10] s.g.m.sc.comp.util.HeaderPropgateFeign   : after feign interceptor process header ==> x-sc-user-token , [4cea2d5cc2fd4e698763a28c55c09758]
2025-06-12 11:17:41.935  INFO 1 --- [nio-8080-exec-5] s.g.m.sc.comp.util.HeaderPropgateFeign   : feign intercept request
2025-06-12 11:17:41.935  INFO 1 --- [nio-8080-exec-5] s.g.m.sc.comp.util.HeaderPropgateFeign   : Request URL  /sc-auth/api/user-info 
2025-06-12 11:17:41.935  INFO 1 --- [nio-8080-exec-4] s.g.m.sc.comp.util.HeaderPropgateFeign   : feign intercept request
2025-06-12 11:17:41.935  INFO 1 --- [nio-8080-exec-5] s.g.m.sc.comp.util.HeaderPropgateFeign   : Gateway ID is present
2025-06-12 11:17:41.935  INFO 1 --- [nio-8080-exec-4] s.g.m.sc.comp.util.HeaderPropgateFeign   : Request URL  /sc-auth/api/user-info 
2025-06-12 11:17:41.935  INFO 1 --- [nio-8080-exec-5] s.g.m.sc.comp.util.HeaderPropgateFeign   : x-app-request is present blue 
2025-06-12 11:17:41.935  INFO 1 --- [nio-8080-exec-4] s.g.m.sc.comp.util.HeaderPropgateFeign   : Gateway ID is present
2025-06-12 11:17:41.935  INFO 1 --- [nio-8080-exec-5] s.g.m.sc.comp.util.HeaderPropgateFeign   : after feign interceptor process header ==> Cookie , [GATEWAYID=5dfe6068-8de2-4cf5-bca9-1024d642a08f]
2025-06-12 11:17:41.935  INFO 1 --- [nio-8080-exec-4] s.g.m.sc.comp.util.HeaderPropgateFeign   : x-app-request is present blue 
2025-06-12 11:17:41.935  INFO 1 --- [nio-8080-exec-5] s.g.m.sc.comp.util.HeaderPropgateFeign   : after feign interceptor process header ==> x-app-req , [blue]
2025-06-12 11:17:41.935  INFO 1 --- [nio-8080-exec-5] s.g.m.sc.comp.util.HeaderPropgateFeign   : after feign interceptor process header ==> x-sc-user-token , [4cea2d5cc2fd4e698763a28c55c09758]
2025-06-12 11:17:41.935  INFO 1 --- [nio-8080-exec-4] s.g.m.sc.comp.util.HeaderPropgateFeign   : after feign interceptor process header ==> Cookie , [GATEWAYID=5dfe6068-8de2-4cf5-bca9-1024d642a08f]
2025-06-12 11:17:41.935  INFO 1 --- [nio-8080-exec-4] s.g.m.sc.comp.util.HeaderPropgateFeign   : after feign interceptor process header ==> x-app-req , [blue]
2025-06-12 11:17:41.935  INFO 1 --- [nio-8080-exec-4] s.g.m.sc.comp.util.HeaderPropgateFeign   : after feign interceptor process header ==> x-sc-user-token , [4cea2d5cc2fd4e698763a28c55c09758]
2025-06-12 11:17:41.937  INFO 1 --- [io-8080-exec-10] s.g.m.s.m.a.ScDefaultMonitorInterceptor  : Start executing the sg.gov.moe.sc.academic.service.impl.SubjectAllocationServiceImpl.getAcademicYear method
2025-06-12 11:17:41.937  INFO 1 --- [io-8080-exec-10] s.g.m.s.m.a.ScDefaultMonitorInterceptor  : Start executing the sg.gov.moe.sc.academic.service.impl.CommonServiceImpl.getConfigYearSearch method
2025-06-12 11:17:41.937  INFO 1 --- [io-8080-exec-10] s.g.m.sc.comp.util.HeaderPropgateFeign   : feign intercept request
2025-06-12 11:17:41.937  INFO 1 --- [io-8080-exec-10] s.g.m.sc.comp.util.HeaderPropgateFeign   : Request URL  /sc-dbmaster-api/api/csr/config/parameter/CSR 
2025-06-12 11:17:41.937  INFO 1 --- [io-8080-exec-10] s.g.m.sc.comp.util.HeaderPropgateFeign   : Gateway ID is present
2025-06-12 11:17:41.937  INFO 1 --- [io-8080-exec-10] s.g.m.sc.comp.util.HeaderPropgateFeign   : x-app-request is present blue 
2025-06-12 11:17:41.937  INFO 1 --- [io-8080-exec-10] s.g.m.sc.comp.util.HeaderPropgateFeign   : after feign interceptor process header ==> Cookie , [GATEWAYID=5dfe6068-8de2-4cf5-bca9-1024d642a08f]
2025-06-12 11:17:41.937  INFO 1 --- [io-8080-exec-10] s.g.m.sc.comp.util.HeaderPropgateFeign   : after feign interceptor process header ==> x-app-req , [blue]
2025-06-12 11:17:41.937  INFO 1 --- [io-8080-exec-10] s.g.m.sc.comp.util.HeaderPropgateFeign   : after feign interceptor process header ==> X-SC-USER-TOKEN , [4cea2d5cc2fd4e698763a28c55c09758]
2025-06-12 11:17:41.939  INFO 1 --- [nio-8080-exec-5] s.g.m.s.m.a.ScDefaultMonitorInterceptor  : Start executing the sg.gov.moe.sc.academic.service.impl.CommonServiceImpl.getSapSchool method
2025-06-12 11:17:41.939  INFO 1 --- [nio-8080-exec-5] s.g.m.sc.comp.util.HeaderPropgateFeign   : feign intercept request
2025-06-12 11:17:41.939  INFO 1 --- [nio-8080-exec-5] s.g.m.sc.comp.util.HeaderPropgateFeign   : Request URL  /sc-dbmaster-api/api/csr/school/sapschool/9808?school-code=9808 
2025-06-12 11:17:41.939  INFO 1 --- [nio-8080-exec-5] s.g.m.sc.comp.util.HeaderPropgateFeign   : Gateway ID is present
2025-06-12 11:17:41.939  INFO 1 --- [nio-8080-exec-5] s.g.m.sc.comp.util.HeaderPropgateFeign   : x-app-request is present blue 
2025-06-12 11:17:41.939  INFO 1 --- [nio-8080-exec-5] s.g.m.sc.comp.util.HeaderPropgateFeign   : after feign interceptor process header ==> Cookie , [GATEWAYID=5dfe6068-8de2-4cf5-bca9-1024d642a08f]
2025-06-12 11:17:41.939  INFO 1 --- [nio-8080-exec-5] s.g.m.sc.comp.util.HeaderPropgateFeign   : after feign interceptor process header ==> x-app-req , [blue]
2025-06-12 11:17:41.939  INFO 1 --- [nio-8080-exec-5] s.g.m.sc.comp.util.HeaderPropgateFeign   : after feign interceptor process header ==> X-SC-USER-TOKEN , [4cea2d5cc2fd4e698763a28c55c09758]
2025-06-12 11:17:41.939  INFO 1 --- [nio-8080-exec-4] s.g.m.s.m.a.ScDefaultMonitorInterceptor  : Start executing the sg.gov.moe.sc.academic.service.impl.CommonServiceImpl.getLevels method
2025-06-12 11:17:41.940  INFO 1 --- [nio-8080-exec-4] s.g.m.sc.comp.util.HeaderPropgateFeign   : feign intercept request
2025-06-12 11:17:41.940  INFO 1 --- [nio-8080-exec-4] s.g.m.sc.comp.util.HeaderPropgateFeign   : Request URL  /sc-dbmaster-api/api/csr/school/level-info/9808 
2025-06-12 11:17:41.940  INFO 1 --- [nio-8080-exec-4] s.g.m.sc.comp.util.HeaderPropgateFeign   : Gateway ID is present
2025-06-12 11:17:41.940  INFO 1 --- [nio-8080-exec-4] s.g.m.sc.comp.util.HeaderPropgateFeign   : x-app-request is present blue 
2025-06-12 11:17:41.940  INFO 1 --- [nio-8080-exec-4] s.g.m.sc.comp.util.HeaderPropgateFeign   : after feign interceptor process header ==> Cookie , [GATEWAYID=5dfe6068-8de2-4cf5-bca9-1024d642a08f]
2025-06-12 11:17:41.940  INFO 1 --- [nio-8080-exec-4] s.g.m.sc.comp.util.HeaderPropgateFeign   : after feign interceptor process header ==> x-app-req , [blue]
2025-06-12 11:17:41.940  INFO 1 --- [nio-8080-exec-4] s.g.m.sc.comp.util.HeaderPropgateFeign   : after feign interceptor process header ==> X-SC-USER-TOKEN , [4cea2d5cc2fd4e698763a28c55c09758]
2025-06-12 11:17:41.944  INFO 1 --- [io-8080-exec-10] s.g.m.s.m.a.ScDefaultMonitorInterceptor  : Stop executing the sg.gov.moe.sc.academic.service.impl.CommonServiceImpl.getConfigYearSearch method
2025-06-12 11:17:41.944  INFO 1 --- [io-8080-exec-10] s.g.m.s.m.a.ScDefaultMonitorInterceptor  : Stop executing the sg.gov.moe.sc.academic.service.impl.SubjectAllocationServiceImpl.getAcademicYear method
2025-06-12 11:17:41.944  INFO 1 --- [nio-8080-exec-5] s.g.m.s.m.a.ScDefaultMonitorInterceptor  : Stop executing the sg.gov.moe.sc.academic.service.impl.CommonServiceImpl.getSapSchool method
2025-06-12 11:17:41.953  INFO 1 --- [nio-8080-exec-4] s.g.m.s.m.a.ScDefaultMonitorInterceptor  : Stop executing the sg.gov.moe.sc.academic.service.impl.CommonServiceImpl.getLevels method
2025-06-12 11:17:42.015  INFO 1 --- [nio-8080-exec-6] s.g.m.sc.comp.util.HeaderPropgateFeign   : feign intercept request
2025-06-12 11:17:42.016  INFO 1 --- [nio-8080-exec-6] s.g.m.sc.comp.util.HeaderPropgateFeign   : Request URL  /sc-auth/api/user-info 
2025-06-12 11:17:42.016  INFO 1 --- [nio-8080-exec-6] s.g.m.sc.comp.util.HeaderPropgateFeign   : Gateway ID is present
2025-06-12 11:17:42.016  INFO 1 --- [nio-8080-exec-6] s.g.m.sc.comp.util.HeaderPropgateFeign   : x-app-request is present blue 
2025-06-12 11:17:42.016  INFO 1 --- [nio-8080-exec-6] s.g.m.sc.comp.util.HeaderPropgateFeign   : after feign interceptor process header ==> Cookie , [GATEWAYID=5dfe6068-8de2-4cf5-bca9-1024d642a08f]
2025-06-12 11:17:42.016  INFO 1 --- [nio-8080-exec-6] s.g.m.sc.comp.util.HeaderPropgateFeign   : after feign interceptor process header ==> x-app-req , [blue]
2025-06-12 11:17:42.016  INFO 1 --- [nio-8080-exec-6] s.g.m.sc.comp.util.HeaderPropgateFeign   : after feign interceptor process header ==> x-sc-user-token , [4cea2d5cc2fd4e698763a28c55c09758]
2025-06-12 11:17:42.020  INFO 1 --- [nio-8080-exec-6] s.g.m.s.m.a.ScDefaultMonitorInterceptor  : Start executing the sg.gov.moe.sc.academic.service.impl.CommonServiceImpl.getConfirmResultLevelList method
2025-06-12 11:17:42.021  INFO 1 --- [nio-8080-exec-6] s.g.m.sc.comp.util.HeaderPropgateFeign   : feign intercept request
2025-06-12 11:17:42.021  INFO 1 --- [nio-8080-exec-6] s.g.m.sc.comp.util.HeaderPropgateFeign   : Request URL  /sc-dbmaster-api/api/csr/school/confirm/9808/2025 
2025-06-12 11:17:42.021  INFO 1 --- [nio-8080-exec-6] s.g.m.sc.comp.util.HeaderPropgateFeign   : Gateway ID is present
2025-06-12 11:17:42.021  INFO 1 --- [nio-8080-exec-6] s.g.m.sc.comp.util.HeaderPropgateFeign   : x-app-request is present blue 
2025-06-12 11:17:42.021  INFO 1 --- [nio-8080-exec-6] s.g.m.sc.comp.util.HeaderPropgateFeign   : after feign interceptor process header ==> Cookie , [GATEWAYID=5dfe6068-8de2-4cf5-bca9-1024d642a08f]
2025-06-12 11:17:42.021  INFO 1 --- [nio-8080-exec-6] s.g.m.sc.comp.util.HeaderPropgateFeign   : after feign interceptor process header ==> x-app-req , [blue]
2025-06-12 11:17:42.021  INFO 1 --- [nio-8080-exec-6] s.g.m.sc.comp.util.HeaderPropgateFeign   : after feign interceptor process header ==> X-SC-USER-TOKEN , [4cea2d5cc2fd4e698763a28c55c09758]
2025-06-12 11:17:42.027  INFO 1 --- [nio-8080-exec-6] s.g.m.s.m.a.ScDefaultMonitorInterceptor  : Stop executing the sg.gov.moe.sc.academic.service.impl.CommonServiceImpl.getConfirmResultLevelList method
2025-06-12 11:17:42.082  INFO 1 --- [nio-8080-exec-7] s.g.m.sc.comp.util.HeaderPropgateFeign   : feign intercept request
2025-06-12 11:17:42.082  INFO 1 --- [nio-8080-exec-7] s.g.m.sc.comp.util.HeaderPropgateFeign   : Request URL  /sc-auth/api/user-info 
2025-06-12 11:17:42.082  INFO 1 --- [nio-8080-exec-7] s.g.m.sc.comp.util.HeaderPropgateFeign   : Gateway ID is present
2025-06-12 11:17:42.082  INFO 1 --- [nio-8080-exec-7] s.g.m.sc.comp.util.HeaderPropgateFeign   : x-app-request is present blue 
2025-06-12 11:17:42.083  INFO 1 --- [nio-8080-exec-7] s.g.m.sc.comp.util.HeaderPropgateFeign   : after feign interceptor process header ==> Cookie , [GATEWAYID=5dfe6068-8de2-4cf5-bca9-1024d642a08f]
2025-06-12 11:17:42.083  INFO 1 --- [nio-8080-exec-7] s.g.m.sc.comp.util.HeaderPropgateFeign   : after feign interceptor process header ==> x-app-req , [blue]
2025-06-12 11:17:42.083  INFO 1 --- [nio-8080-exec-7] s.g.m.sc.comp.util.HeaderPropgateFeign   : after feign interceptor process header ==> x-sc-user-token , [4cea2d5cc2fd4e698763a28c55c09758]
2025-06-12 11:17:42.086  INFO 1 --- [nio-8080-exec-7] s.g.m.s.m.a.ScDefaultMonitorInterceptor  : Start executing the sg.gov.moe.sc.academic.service.impl.SubjectAllocationServiceImpl.getSchoolClass method
2025-06-12 11:17:42.086  INFO 1 --- [nio-8080-exec-7] s.g.m.sc.comp.util.HeaderPropgateFeign   : feign intercept request
2025-06-12 11:17:42.086  INFO 1 --- [nio-8080-exec-7] s.g.m.sc.comp.util.HeaderPropgateFeign   : Request URL  /sc-dbmaster-api/api/csr/school/classes/2025/9808/31/0 
2025-06-12 11:17:42.086  INFO 1 --- [nio-8080-exec-7] s.g.m.sc.comp.util.HeaderPropgateFeign   : Gateway ID is present
2025-06-12 11:17:42.086  INFO 1 --- [nio-8080-exec-7] s.g.m.sc.comp.util.HeaderPropgateFeign   : x-app-request is present blue 
2025-06-12 11:17:42.086  INFO 1 --- [nio-8080-exec-7] s.g.m.sc.comp.util.HeaderPropgateFeign   : after feign interceptor process header ==> Cookie , [GATEWAYID=5dfe6068-8de2-4cf5-bca9-1024d642a08f]
2025-06-12 11:17:42.086  INFO 1 --- [nio-8080-exec-7] s.g.m.sc.comp.util.HeaderPropgateFeign   : after feign interceptor process header ==> x-app-req , [blue]
2025-06-12 11:17:42.086  INFO 1 --- [nio-8080-exec-7] s.g.m.sc.comp.util.HeaderPropgateFeign   : after feign interceptor process header ==> X-SC-USER-TOKEN , [4cea2d5cc2fd4e698763a28c55c09758]
2025-06-12 11:17:42.093  INFO 1 --- [nio-8080-exec-7] s.g.m.s.m.a.ScDefaultMonitorInterceptor  : Stop executing the sg.gov.moe.sc.academic.service.impl.SubjectAllocationServiceImpl.getSchoolClass method
2025-06-12 11:17:42.143  INFO 1 --- [nio-8080-exec-3] s.g.m.sc.comp.util.HeaderPropgateFeign   : feign intercept request
2025-06-12 11:17:42.143  INFO 1 --- [nio-8080-exec-3] s.g.m.sc.comp.util.HeaderPropgateFeign   : Request URL  /sc-auth/api/user-info 
2025-06-12 11:17:42.143  INFO 1 --- [nio-8080-exec-3] s.g.m.sc.comp.util.HeaderPropgateFeign   : Gateway ID is present
2025-06-12 11:17:42.143  INFO 1 --- [nio-8080-exec-3] s.g.m.sc.comp.util.HeaderPropgateFeign   : x-app-request is present blue 
2025-06-12 11:17:42.143  INFO 1 --- [nio-8080-exec-3] s.g.m.sc.comp.util.HeaderPropgateFeign   : after feign interceptor process header ==> Cookie , [GATEWAYID=5dfe6068-8de2-4cf5-bca9-1024d642a08f]
2025-06-12 11:17:42.143  INFO 1 --- [nio-8080-exec-3] s.g.m.sc.comp.util.HeaderPropgateFeign   : after feign interceptor process header ==> x-app-req , [blue]
2025-06-12 11:17:42.143  INFO 1 --- [nio-8080-exec-3] s.g.m.sc.comp.util.HeaderPropgateFeign   : after feign interceptor process header ==> x-sc-user-token , [4cea2d5cc2fd4e698763a28c55c09758]
2025-06-12 11:17:42.146  INFO 1 --- [nio-8080-exec-3] s.g.m.s.m.a.ScDefaultMonitorInterceptor  : Start executing the sg.gov.moe.sc.academic.service.impl.SubjectAllocationServiceImpl.getSchoolStream method
2025-06-12 11:17:42.147  INFO 1 --- [nio-8080-exec-3] s.g.m.sc.comp.util.HeaderPropgateFeign   : feign intercept request
2025-06-12 11:17:42.147  INFO 1 --- [nio-8080-exec-3] s.g.m.sc.comp.util.HeaderPropgateFeign   : Request URL  /sc-dbmaster-api/api/csr/school/stream/2025/9808/31/0 
2025-06-12 11:17:42.147  INFO 1 --- [nio-8080-exec-3] s.g.m.sc.comp.util.HeaderPropgateFeign   : Gateway ID is present
2025-06-12 11:17:42.147  INFO 1 --- [nio-8080-exec-3] s.g.m.sc.comp.util.HeaderPropgateFeign   : x-app-request is present blue 
2025-06-12 11:17:42.147  INFO 1 --- [nio-8080-exec-3] s.g.m.sc.comp.util.HeaderPropgateFeign   : after feign interceptor process header ==> Cookie , [GATEWAYID=5dfe6068-8de2-4cf5-bca9-1024d642a08f]
2025-06-12 11:17:42.147  INFO 1 --- [nio-8080-exec-3] s.g.m.sc.comp.util.HeaderPropgateFeign   : after feign interceptor process header ==> x-app-req , [blue]
2025-06-12 11:17:42.147  INFO 1 --- [nio-8080-exec-3] s.g.m.sc.comp.util.HeaderPropgateFeign   : after feign interceptor process header ==> X-SC-USER-TOKEN , [4cea2d5cc2fd4e698763a28c55c09758]
2025-06-12 11:17:42.153  INFO 1 --- [nio-8080-exec-3] s.g.m.s.m.a.ScDefaultMonitorInterceptor  : Stop executing the sg.gov.moe.sc.academic.service.impl.SubjectAllocationServiceImpl.getSchoolStream method
2025-06-12 11:17:42.194  INFO 1 --- [nio-8080-exec-2] s.g.m.sc.comp.util.HeaderPropgateFeign   : feign intercept request
2025-06-12 11:17:42.194  INFO 1 --- [nio-8080-exec-2] s.g.m.sc.comp.util.HeaderPropgateFeign   : Request URL  /sc-auth/api/user-info 
2025-06-12 11:17:42.194  INFO 1 --- [nio-8080-exec-2] s.g.m.sc.comp.util.HeaderPropgateFeign   : Gateway ID is present
2025-06-12 11:17:42.194  INFO 1 --- [nio-8080-exec-2] s.g.m.sc.comp.util.HeaderPropgateFeign   : x-app-request is present blue 
2025-06-12 11:17:42.194  INFO 1 --- [nio-8080-exec-2] s.g.m.sc.comp.util.HeaderPropgateFeign   : after feign interceptor process header ==> Cookie , [GATEWAYID=5dfe6068-8de2-4cf5-bca9-1024d642a08f]
2025-06-12 11:17:42.194  INFO 1 --- [nio-8080-exec-2] s.g.m.sc.comp.util.HeaderPropgateFeign   : after feign interceptor process header ==> x-app-req , [blue]
2025-06-12 11:17:42.194  INFO 1 --- [nio-8080-exec-2] s.g.m.sc.comp.util.HeaderPropgateFeign   : after feign interceptor process header ==> x-sc-user-token , [4cea2d5cc2fd4e698763a28c55c09758]
2025-06-12 11:17:42.194  INFO 1 --- [nio-8080-exec-9] s.g.m.sc.comp.util.HeaderPropgateFeign   : feign intercept request
2025-06-12 11:17:42.194  INFO 1 --- [nio-8080-exec-9] s.g.m.sc.comp.util.HeaderPropgateFeign   : Request URL  /sc-auth/api/user-info 
2025-06-12 11:17:42.194  INFO 1 --- [nio-8080-exec-9] s.g.m.sc.comp.util.HeaderPropgateFeign   : Gateway ID is present
2025-06-12 11:17:42.195  INFO 1 --- [nio-8080-exec-9] s.g.m.sc.comp.util.HeaderPropgateFeign   : x-app-request is present blue 
2025-06-12 11:17:42.195  INFO 1 --- [nio-8080-exec-9] s.g.m.sc.comp.util.HeaderPropgateFeign   : after feign interceptor process header ==> Cookie , [GATEWAYID=5dfe6068-8de2-4cf5-bca9-1024d642a08f]
2025-06-12 11:17:42.195  INFO 1 --- [nio-8080-exec-9] s.g.m.sc.comp.util.HeaderPropgateFeign   : after feign interceptor process header ==> x-app-req , [blue]
2025-06-12 11:17:42.195  INFO 1 --- [nio-8080-exec-9] s.g.m.sc.comp.util.HeaderPropgateFeign   : after feign interceptor process header ==> x-sc-user-token , [4cea2d5cc2fd4e698763a28c55c09758]
2025-06-12 11:17:42.196  INFO 1 --- [nio-8080-exec-8] s.g.m.sc.comp.util.HeaderPropgateFeign   : feign intercept request
2025-06-12 11:17:42.196  INFO 1 --- [nio-8080-exec-8] s.g.m.sc.comp.util.HeaderPropgateFeign   : Request URL  /sc-auth/api/user-info 
2025-06-12 11:17:42.196  INFO 1 --- [nio-8080-exec-8] s.g.m.sc.comp.util.HeaderPropgateFeign   : Gateway ID is present
2025-06-12 11:17:42.196  INFO 1 --- [nio-8080-exec-8] s.g.m.sc.comp.util.HeaderPropgateFeign   : x-app-request is present blue 
2025-06-12 11:17:42.196  INFO 1 --- [nio-8080-exec-8] s.g.m.sc.comp.util.HeaderPropgateFeign   : after feign interceptor process header ==> Cookie , [GATEWAYID=5dfe6068-8de2-4cf5-bca9-1024d642a08f]
2025-06-12 11:17:42.196  INFO 1 --- [nio-8080-exec-8] s.g.m.sc.comp.util.HeaderPropgateFeign   : after feign interceptor process header ==> x-app-req , [blue]
2025-06-12 11:17:42.196  INFO 1 --- [nio-8080-exec-8] s.g.m.sc.comp.util.HeaderPropgateFeign   : after feign interceptor process header ==> x-sc-user-token , [4cea2d5cc2fd4e698763a28c55c09758]
2025-06-12 11:17:42.197  INFO 1 --- [nio-8080-exec-2] s.g.m.s.m.a.ScDefaultMonitorInterceptor  : Start executing the sg.gov.moe.sc.academic.service.impl.SubjectAllocationServiceImpl.listSubjectMtModelBySchoolCodeAndAcademicYearAndLevelCodeAndProgramInd method
2025-06-12 11:17:42.198  INFO 1 --- [nio-8080-exec-1] s.g.m.sc.comp.util.HeaderPropgateFeign   : feign intercept request
2025-06-12 11:17:42.198  INFO 1 --- [nio-8080-exec-1] s.g.m.sc.comp.util.HeaderPropgateFeign   : Request URL  /sc-auth/api/user-info 
2025-06-12 11:17:42.198  INFO 1 --- [nio-8080-exec-1] s.g.m.sc.comp.util.HeaderPropgateFeign   : Gateway ID is present
2025-06-12 11:17:42.198  INFO 1 --- [nio-8080-exec-1] s.g.m.sc.comp.util.HeaderPropgateFeign   : x-app-request is present blue 
2025-06-12 11:17:42.198  INFO 1 --- [nio-8080-exec-1] s.g.m.sc.comp.util.HeaderPropgateFeign   : after feign interceptor process header ==> Cookie , [GATEWAYID=5dfe6068-8de2-4cf5-bca9-1024d642a08f]
2025-06-12 11:17:42.198  INFO 1 --- [nio-8080-exec-1] s.g.m.sc.comp.util.HeaderPropgateFeign   : after feign interceptor process header ==> x-app-req , [blue]
2025-06-12 11:17:42.198  INFO 1 --- [nio-8080-exec-1] s.g.m.sc.comp.util.HeaderPropgateFeign   : after feign interceptor process header ==> x-sc-user-token , [4cea2d5cc2fd4e698763a28c55c09758]
2025-06-12 11:17:42.199  INFO 1 --- [nio-8080-exec-9] s.g.m.s.m.a.ScDefaultMonitorInterceptor  : Start executing the sg.gov.moe.sc.academic.service.impl.SubjectAllocationServiceImpl.getCourseCombinations method
2025-06-12 11:17:42.199  INFO 1 --- [nio-8080-exec-9] s.g.m.sc.comp.util.HeaderPropgateFeign   : feign intercept request
2025-06-12 11:17:42.199  INFO 1 --- [nio-8080-exec-9] s.g.m.sc.comp.util.HeaderPropgateFeign   : Request URL  /sc-dbmaster-api/api/csr/config/code-detail/SUBJECTLEVEL 
2025-06-12 11:17:42.199  INFO 1 --- [nio-8080-exec-9] s.g.m.sc.comp.util.HeaderPropgateFeign   : Gateway ID is present
2025-06-12 11:17:42.199  INFO 1 --- [nio-8080-exec-9] s.g.m.sc.comp.util.HeaderPropgateFeign   : x-app-request is present blue 
2025-06-12 11:17:42.199  INFO 1 --- [nio-8080-exec-8] s.g.m.s.m.a.ScDefaultMonitorInterceptor  : Start executing the sg.gov.moe.sc.academic.service.impl.SubjectAllocationServiceImpl.getNtilSubjectCodeList method
2025-06-12 11:17:42.199  INFO 1 --- [nio-8080-exec-9] s.g.m.sc.comp.util.HeaderPropgateFeign   : after feign interceptor process header ==> Cookie , [GATEWAYID=5dfe6068-8de2-4cf5-bca9-1024d642a08f]
2025-06-12 11:17:42.199  INFO 1 --- [nio-8080-exec-9] s.g.m.sc.comp.util.HeaderPropgateFeign   : after feign interceptor process header ==> x-app-req , [blue]
2025-06-12 11:17:42.199  INFO 1 --- [nio-8080-exec-9] s.g.m.sc.comp.util.HeaderPropgateFeign   : after feign interceptor process header ==> X-SC-USER-TOKEN , [4cea2d5cc2fd4e698763a28c55c09758]
2025-06-12 11:17:42.200  INFO 1 --- [io-8080-exec-10] s.g.m.sc.comp.util.HeaderPropgateFeign   : feign intercept request
2025-06-12 11:17:42.200  INFO 1 --- [io-8080-exec-10] s.g.m.sc.comp.util.HeaderPropgateFeign   : Request URL  /sc-auth/api/user-info 
2025-06-12 11:17:42.200  INFO 1 --- [io-8080-exec-10] s.g.m.sc.comp.util.HeaderPropgateFeign   : Gateway ID is present
2025-06-12 11:17:42.200  INFO 1 --- [io-8080-exec-10] s.g.m.sc.comp.util.HeaderPropgateFeign   : x-app-request is present blue 
2025-06-12 11:17:42.200  INFO 1 --- [io-8080-exec-10] s.g.m.sc.comp.util.HeaderPropgateFeign   : after feign interceptor process header ==> Cookie , [GATEWAYID=5dfe6068-8de2-4cf5-bca9-1024d642a08f]
2025-06-12 11:17:42.200  INFO 1 --- [io-8080-exec-10] s.g.m.sc.comp.util.HeaderPropgateFeign   : after feign interceptor process header ==> x-app-req , [blue]
2025-06-12 11:17:42.200  INFO 1 --- [io-8080-exec-10] s.g.m.sc.comp.util.HeaderPropgateFeign   : after feign interceptor process header ==> x-sc-user-token , [4cea2d5cc2fd4e698763a28c55c09758]
2025-06-12 11:17:42.200  INFO 1 --- [nio-8080-exec-5] s.g.m.sc.comp.util.HeaderPropgateFeign   : feign intercept request
2025-06-12 11:17:42.201  INFO 1 --- [nio-8080-exec-5] s.g.m.sc.comp.util.HeaderPropgateFeign   : Request URL  /sc-auth/api/user-info 
2025-06-12 11:17:42.201  INFO 1 --- [nio-8080-exec-5] s.g.m.sc.comp.util.HeaderPropgateFeign   : Gateway ID is present
2025-06-12 11:17:42.201  INFO 1 --- [nio-8080-exec-5] s.g.m.sc.comp.util.HeaderPropgateFeign   : x-app-request is present blue 
2025-06-12 11:17:42.201  INFO 1 --- [nio-8080-exec-5] s.g.m.sc.comp.util.HeaderPropgateFeign   : after feign interceptor process header ==> Cookie , [GATEWAYID=5dfe6068-8de2-4cf5-bca9-1024d642a08f]
2025-06-12 11:17:42.201  INFO 1 --- [nio-8080-exec-5] s.g.m.sc.comp.util.HeaderPropgateFeign   : after feign interceptor process header ==> x-app-req , [blue]
2025-06-12 11:17:42.201  INFO 1 --- [nio-8080-exec-5] s.g.m.sc.comp.util.HeaderPropgateFeign   : after feign interceptor process header ==> x-sc-user-token , [4cea2d5cc2fd4e698763a28c55c09758]
2025-06-12 11:17:42.202  INFO 1 --- [nio-8080-exec-1] s.g.m.s.m.a.ScDefaultMonitorInterceptor  : Start executing the sg.gov.moe.sc.academic.service.impl.SubjectAllocationServiceImpl.getNationalExamCode method
2025-06-12 11:17:42.203  INFO 1 --- [io-8080-exec-10] s.g.m.s.m.a.ScDefaultMonitorInterceptor  : Start executing the sg.gov.moe.sc.academic.service.impl.SubjectAllocationServiceImpl.getAllSubjLanguagesMappingList method
2025-06-12 11:17:42.204  INFO 1 --- [nio-8080-exec-5] s.g.m.s.m.a.ScDefaultMonitorInterceptor  : Start executing the sg.gov.moe.sc.academic.service.impl.CommonServiceImpl.getParticularSubjectLevelFSBB method
2025-06-12 11:17:42.204  INFO 1 --- [nio-8080-exec-5] s.g.m.sc.comp.util.HeaderPropgateFeign   : feign intercept request
2025-06-12 11:17:42.204  INFO 1 --- [nio-8080-exec-5] s.g.m.sc.comp.util.HeaderPropgateFeign   : Request URL  /sc-dbmaster-api/api/csr/config/code-detail/particular-subject-level/31/0 
2025-06-12 11:17:42.204  INFO 1 --- [nio-8080-exec-5] s.g.m.sc.comp.util.HeaderPropgateFeign   : Gateway ID is present
2025-06-12 11:17:42.204  INFO 1 --- [nio-8080-exec-5] s.g.m.sc.comp.util.HeaderPropgateFeign   : x-app-request is present blue 
2025-06-12 11:17:42.204  INFO 1 --- [nio-8080-exec-5] s.g.m.sc.comp.util.HeaderPropgateFeign   : after feign interceptor process header ==> Cookie , [GATEWAYID=5dfe6068-8de2-4cf5-bca9-1024d642a08f]
2025-06-12 11:17:42.204  INFO 1 --- [nio-8080-exec-5] s.g.m.sc.comp.util.HeaderPropgateFeign   : after feign interceptor process header ==> x-app-req , [blue]
2025-06-12 11:17:42.204  INFO 1 --- [nio-8080-exec-5] s.g.m.sc.comp.util.HeaderPropgateFeign   : after feign interceptor process header ==> X-SC-USER-TOKEN , [4cea2d5cc2fd4e698763a28c55c09758]
2025-06-12 11:17:42.209  INFO 1 --- [nio-8080-exec-5] s.g.m.s.m.a.ScDefaultMonitorInterceptor  : Stop executing the sg.gov.moe.sc.academic.service.impl.CommonServiceImpl.getParticularSubjectLevelFSBB method
2025-06-12 11:17:42.219  INFO 1 --- [nio-8080-exec-8] s.g.m.s.m.a.ScDefaultMonitorInterceptor  : Stop executing the sg.gov.moe.sc.academic.service.impl.SubjectAllocationServiceImpl.getNtilSubjectCodeList method
2025-06-12 11:17:42.223  INFO 1 --- [nio-8080-exec-1] s.g.m.s.m.a.ScDefaultMonitorInterceptor  : Stop executing the sg.gov.moe.sc.academic.service.impl.SubjectAllocationServiceImpl.getNationalExamCode method
2025-06-12 11:17:42.225  INFO 1 --- [io-8080-exec-10] s.g.m.s.m.a.ScDefaultMonitorInterceptor  : Stop executing the sg.gov.moe.sc.academic.service.impl.SubjectAllocationServiceImpl.getAllSubjLanguagesMappingList method
2025-06-12 11:17:42.229  INFO 1 --- [nio-8080-exec-2] s.g.m.sc.comp.util.HeaderPropgateFeign   : feign intercept request
2025-06-12 11:17:42.229  INFO 1 --- [nio-8080-exec-2] s.g.m.sc.comp.util.HeaderPropgateFeign   : Request URL  /sc-dbmaster-api/api/csr/config/code-detail/SUBJECTLEVEL 
2025-06-12 11:17:42.229  INFO 1 --- [nio-8080-exec-2] s.g.m.sc.comp.util.HeaderPropgateFeign   : Gateway ID is present
2025-06-12 11:17:42.229  INFO 1 --- [nio-8080-exec-2] s.g.m.sc.comp.util.HeaderPropgateFeign   : x-app-request is present blue 
2025-06-12 11:17:42.229  INFO 1 --- [nio-8080-exec-2] s.g.m.sc.comp.util.HeaderPropgateFeign   : after feign interceptor process header ==> Cookie , [GATEWAYID=5dfe6068-8de2-4cf5-bca9-1024d642a08f]
2025-06-12 11:17:42.229  INFO 1 --- [nio-8080-exec-2] s.g.m.sc.comp.util.HeaderPropgateFeign   : after feign interceptor process header ==> x-app-req , [blue]
2025-06-12 11:17:42.229  INFO 1 --- [nio-8080-exec-2] s.g.m.sc.comp.util.HeaderPropgateFeign   : after feign interceptor process header ==> X-SC-USER-TOKEN , [4cea2d5cc2fd4e698763a28c55c09758]
2025-06-12 11:17:42.235  INFO 1 --- [nio-8080-exec-2] s.g.m.s.m.a.ScDefaultMonitorInterceptor  : Stop executing the sg.gov.moe.sc.academic.service.impl.SubjectAllocationServiceImpl.listSubjectMtModelBySchoolCodeAndAcademicYearAndLevelCodeAndProgramInd method
2025-06-12 11:17:42.281  INFO 1 --- [nio-8080-exec-9] s.g.m.s.m.a.ScDefaultMonitorInterceptor  : Stop executing the sg.gov.moe.sc.academic.service.impl.SubjectAllocationServiceImpl.getCourseCombinations method
2025-06-12 11:19:15.245  INFO 1 --- [nio-8080-exec-5] s.g.m.sc.comp.util.HeaderPropgateFeign   : feign intercept request
2025-06-12 11:19:15.245  INFO 1 --- [nio-8080-exec-5] s.g.m.sc.comp.util.HeaderPropgateFeign   : Request URL  /sc-auth/api/user-info 
2025-06-12 11:19:15.245  INFO 1 --- [nio-8080-exec-5] s.g.m.sc.comp.util.HeaderPropgateFeign   : Gateway ID is present
2025-06-12 11:19:15.245  INFO 1 --- [nio-8080-exec-5] s.g.m.sc.comp.util.HeaderPropgateFeign   : x-app-request is present blue 
2025-06-12 11:19:15.245  INFO 1 --- [nio-8080-exec-5] s.g.m.sc.comp.util.HeaderPropgateFeign   : after feign interceptor process header ==> Cookie , [GATEWAYID=5dfe6068-8de2-4cf5-bca9-1024d642a08f]
2025-06-12 11:19:15.245  INFO 1 --- [nio-8080-exec-5] s.g.m.sc.comp.util.HeaderPropgateFeign   : after feign interceptor process header ==> x-app-req , [blue]
2025-06-12 11:19:15.245  INFO 1 --- [nio-8080-exec-5] s.g.m.sc.comp.util.HeaderPropgateFeign   : after feign interceptor process header ==> x-sc-user-token , [4cea2d5cc2fd4e698763a28c55c09758]
2025-06-12 11:19:15.250  INFO 1 --- [nio-8080-exec-5] s.g.m.s.m.a.ScDefaultMonitorInterceptor  : Start executing the sg.gov.moe.sc.academic.service.impl.SubjectAllocationServiceImpl.listSubjectAllocationStudentBy method
2025-06-12 11:19:15.250  INFO 1 --- [nio-8080-exec-5] s.g.m.sc.comp.util.HeaderPropgateFeign   : feign intercept request
2025-06-12 11:19:15.250  INFO 1 --- [nio-8080-exec-5] s.g.m.sc.comp.util.HeaderPropgateFeign   : Request URL  /sc-dbmaster-api/api/csr/subject-allocation/students?schoolCode=9808&academicYear=2025&levelCode=31&classCodes=SEC1-01&streamCode=00&programInd=0 
2025-06-12 11:19:15.250  INFO 1 --- [nio-8080-exec-5] s.g.m.sc.comp.util.HeaderPropgateFeign   : Gateway ID is present
2025-06-12 11:19:15.250  INFO 1 --- [nio-8080-exec-5] s.g.m.sc.comp.util.HeaderPropgateFeign   : x-app-request is present blue 
2025-06-12 11:19:15.250  INFO 1 --- [nio-8080-exec-5] s.g.m.sc.comp.util.HeaderPropgateFeign   : after feign interceptor process header ==> Cookie , [GATEWAYID=5dfe6068-8de2-4cf5-bca9-1024d642a08f]
2025-06-12 11:19:15.250  INFO 1 --- [nio-8080-exec-5] s.g.m.sc.comp.util.HeaderPropgateFeign   : after feign interceptor process header ==> x-app-req , [blue]
2025-06-12 11:19:15.250  INFO 1 --- [nio-8080-exec-5] s.g.m.sc.comp.util.HeaderPropgateFeign   : after feign interceptor process header ==> X-SC-USER-TOKEN , [4cea2d5cc2fd4e698763a28c55c09758]
2025-06-12 11:19:15.261  INFO 1 --- [nio-8080-exec-5] s.g.m.sc.comp.util.HeaderPropgateFeign   : feign intercept request
2025-06-12 11:19:15.261  INFO 1 --- [nio-8080-exec-5] s.g.m.sc.comp.util.HeaderPropgateFeign   : Request URL  /sc-dbmaster-api/api/csr/school/classes/2025/9808/31/0 
2025-06-12 11:19:15.261  INFO 1 --- [nio-8080-exec-5] s.g.m.sc.comp.util.HeaderPropgateFeign   : Gateway ID is present
2025-06-12 11:19:15.261  INFO 1 --- [nio-8080-exec-5] s.g.m.sc.comp.util.HeaderPropgateFeign   : x-app-request is present blue 
2025-06-12 11:19:15.261  INFO 1 --- [nio-8080-exec-5] s.g.m.sc.comp.util.HeaderPropgateFeign   : after feign interceptor process header ==> Cookie , [GATEWAYID=5dfe6068-8de2-4cf5-bca9-1024d642a08f]
2025-06-12 11:19:15.261  INFO 1 --- [nio-8080-exec-5] s.g.m.sc.comp.util.HeaderPropgateFeign   : after feign interceptor process header ==> x-app-req , [blue]
2025-06-12 11:19:15.261  INFO 1 --- [nio-8080-exec-5] s.g.m.sc.comp.util.HeaderPropgateFeign   : after feign interceptor process header ==> X-SC-USER-TOKEN , [4cea2d5cc2fd4e698763a28c55c09758]
2025-06-12 11:19:15.268  INFO 1 --- [nio-8080-exec-5] s.g.m.sc.comp.util.HeaderPropgateFeign   : feign intercept request
2025-06-12 11:19:15.269  INFO 1 --- [nio-8080-exec-5] s.g.m.sc.comp.util.HeaderPropgateFeign   : Request URL  /sc-dbmaster-api/api/csr/subject-allocation/language-abbrevation?languageCodeList=02&languageCodeList=03&languageCodeList=05&languageCodeList=15&languageCodeList=14&languageCodeList=13&languageCodeList=04&languageCodeList=00 
2025-06-12 11:19:15.269  INFO 1 --- [nio-8080-exec-5] s.g.m.sc.comp.util.HeaderPropgateFeign   : Gateway ID is present
2025-06-12 11:19:15.269  INFO 1 --- [nio-8080-exec-5] s.g.m.sc.comp.util.HeaderPropgateFeign   : x-app-request is present blue 
2025-06-12 11:19:15.269  INFO 1 --- [nio-8080-exec-5] s.g.m.sc.comp.util.HeaderPropgateFeign   : after feign interceptor process header ==> Cookie , [GATEWAYID=5dfe6068-8de2-4cf5-bca9-1024d642a08f]
2025-06-12 11:19:15.269  INFO 1 --- [nio-8080-exec-5] s.g.m.sc.comp.util.HeaderPropgateFeign   : after feign interceptor process header ==> x-app-req , [blue]
2025-06-12 11:19:15.269  INFO 1 --- [nio-8080-exec-5] s.g.m.sc.comp.util.HeaderPropgateFeign   : after feign interceptor process header ==> X-SC-USER-TOKEN , [4cea2d5cc2fd4e698763a28c55c09758]
2025-06-12 11:19:15.374  INFO 1 --- [nio-8080-exec-5] s.g.m.s.m.a.ScDefaultMonitorInterceptor  : Stop executing the sg.gov.moe.sc.academic.service.impl.SubjectAllocationServiceImpl.listSubjectAllocationStudentBy method
2025-06-12 11:19:15.963  INFO 1 --- [nio-8080-exec-7] s.g.m.sc.comp.util.HeaderPropgateFeign   : feign intercept request
2025-06-12 11:19:15.963  INFO 1 --- [nio-8080-exec-7] s.g.m.sc.comp.util.HeaderPropgateFeign   : Request URL  /sc-auth/api/user-info 
2025-06-12 11:19:15.963  INFO 1 --- [nio-8080-exec-7] s.g.m.sc.comp.util.HeaderPropgateFeign   : Gateway ID is present
2025-06-12 11:19:15.963  INFO 1 --- [nio-8080-exec-7] s.g.m.sc.comp.util.HeaderPropgateFeign   : x-app-request is present blue 
2025-06-12 11:19:15.963  INFO 1 --- [nio-8080-exec-7] s.g.m.sc.comp.util.HeaderPropgateFeign   : after feign interceptor process header ==> Cookie , [GATEWAYID=5dfe6068-8de2-4cf5-bca9-1024d642a08f]
2025-06-12 11:19:15.963  INFO 1 --- [nio-8080-exec-7] s.g.m.sc.comp.util.HeaderPropgateFeign   : after feign interceptor process header ==> x-app-req , [blue]
2025-06-12 11:19:15.963  INFO 1 --- [nio-8080-exec-7] s.g.m.sc.comp.util.HeaderPropgateFeign   : after feign interceptor process header ==> x-sc-user-token , [4cea2d5cc2fd4e698763a28c55c09758]
2025-06-12 11:19:15.968  INFO 1 --- [nio-8080-exec-7] s.g.m.s.m.a.ScDefaultMonitorInterceptor  : Start executing the sg.gov.moe.sc.academic.service.impl.SubjectAllocationServiceImpl.listSubjectAllocationStudentBy method
2025-06-12 11:19:15.968  INFO 1 --- [nio-8080-exec-7] s.g.m.sc.comp.util.HeaderPropgateFeign   : feign intercept request
2025-06-12 11:19:15.968  INFO 1 --- [nio-8080-exec-7] s.g.m.sc.comp.util.HeaderPropgateFeign   : Request URL  /sc-dbmaster-api/api/csr/subject-allocation/students?schoolCode=9808&academicYear=2025&levelCode=31&classCodes=SEC1-02&streamCode=00&programInd=0 
2025-06-12 11:19:15.968  INFO 1 --- [nio-8080-exec-7] s.g.m.sc.comp.util.HeaderPropgateFeign   : Gateway ID is present
2025-06-12 11:19:15.968  INFO 1 --- [nio-8080-exec-7] s.g.m.sc.comp.util.HeaderPropgateFeign   : x-app-request is present blue 
2025-06-12 11:19:15.968  INFO 1 --- [nio-8080-exec-7] s.g.m.sc.comp.util.HeaderPropgateFeign   : after feign interceptor process header ==> Cookie , [GATEWAYID=5dfe6068-8de2-4cf5-bca9-1024d642a08f]
2025-06-12 11:19:15.968  INFO 1 --- [nio-8080-exec-7] s.g.m.sc.comp.util.HeaderPropgateFeign   : after feign interceptor process header ==> x-app-req , [blue]
2025-06-12 11:19:15.968  INFO 1 --- [nio-8080-exec-7] s.g.m.sc.comp.util.HeaderPropgateFeign   : after feign interceptor process header ==> X-SC-USER-TOKEN , [4cea2d5cc2fd4e698763a28c55c09758]
2025-06-12 11:19:15.976  INFO 1 --- [nio-8080-exec-7] s.g.m.sc.comp.util.HeaderPropgateFeign   : feign intercept request
2025-06-12 11:19:15.976  INFO 1 --- [nio-8080-exec-7] s.g.m.sc.comp.util.HeaderPropgateFeign   : Request URL  /sc-dbmaster-api/api/csr/school/classes/2025/9808/31/0 
2025-06-12 11:19:15.976  INFO 1 --- [nio-8080-exec-7] s.g.m.sc.comp.util.HeaderPropgateFeign   : Gateway ID is present
2025-06-12 11:19:15.976  INFO 1 --- [nio-8080-exec-7] s.g.m.sc.comp.util.HeaderPropgateFeign   : x-app-request is present blue 
2025-06-12 11:19:15.976  INFO 1 --- [nio-8080-exec-7] s.g.m.sc.comp.util.HeaderPropgateFeign   : after feign interceptor process header ==> Cookie , [GATEWAYID=5dfe6068-8de2-4cf5-bca9-1024d642a08f]
2025-06-12 11:19:15.976  INFO 1 --- [nio-8080-exec-7] s.g.m.sc.comp.util.HeaderPropgateFeign   : after feign interceptor process header ==> x-app-req , [blue]
2025-06-12 11:19:15.976  INFO 1 --- [nio-8080-exec-7] s.g.m.sc.comp.util.HeaderPropgateFeign   : after feign interceptor process header ==> X-SC-USER-TOKEN , [4cea2d5cc2fd4e698763a28c55c09758]
2025-06-12 11:19:15.985  INFO 1 --- [nio-8080-exec-7] s.g.m.sc.comp.util.HeaderPropgateFeign   : feign intercept request
2025-06-12 11:19:15.985  INFO 1 --- [nio-8080-exec-7] s.g.m.sc.comp.util.HeaderPropgateFeign   : Request URL  /sc-dbmaster-api/api/csr/subject-allocation/language-abbrevation?languageCodeList=02&languageCodeList=05&languageCodeList=03&languageCodeList=04&languageCodeList=13&languageCodeList=14&languageCodeList=15&languageCodeList=00 
2025-06-12 11:19:15.985  INFO 1 --- [nio-8080-exec-7] s.g.m.sc.comp.util.HeaderPropgateFeign   : Gateway ID is present
2025-06-12 11:19:15.985  INFO 1 --- [nio-8080-exec-7] s.g.m.sc.comp.util.HeaderPropgateFeign   : x-app-request is present blue 
2025-06-12 11:19:15.985  INFO 1 --- [nio-8080-exec-7] s.g.m.sc.comp.util.HeaderPropgateFeign   : after feign interceptor process header ==> Cookie , [GATEWAYID=5dfe6068-8de2-4cf5-bca9-1024d642a08f]
2025-06-12 11:19:15.985  INFO 1 --- [nio-8080-exec-7] s.g.m.sc.comp.util.HeaderPropgateFeign   : after feign interceptor process header ==> x-app-req , [blue]
2025-06-12 11:19:15.985  INFO 1 --- [nio-8080-exec-7] s.g.m.sc.comp.util.HeaderPropgateFeign   : after feign interceptor process header ==> X-SC-USER-TOKEN , [4cea2d5cc2fd4e698763a28c55c09758]
2025-06-12 11:19:16.070  INFO 1 --- [nio-8080-exec-7] s.g.m.s.m.a.ScDefaultMonitorInterceptor  : Stop executing the sg.gov.moe.sc.academic.service.impl.SubjectAllocationServiceImpl.listSubjectAllocationStudentBy method
2025-06-12 11:19:20.087  INFO 1 --- [nio-8080-exec-2] s.g.m.sc.comp.util.HeaderPropgateFeign   : feign intercept request
2025-06-12 11:19:20.087  INFO 1 --- [nio-8080-exec-2] s.g.m.sc.comp.util.HeaderPropgateFeign   : Request URL  /sc-auth/api/user-info 
2025-06-12 11:19:20.087  INFO 1 --- [nio-8080-exec-2] s.g.m.sc.comp.util.HeaderPropgateFeign   : Gateway ID is present
2025-06-12 11:19:20.087  INFO 1 --- [nio-8080-exec-2] s.g.m.sc.comp.util.HeaderPropgateFeign   : x-app-request is present blue 
2025-06-12 11:19:20.087  INFO 1 --- [nio-8080-exec-2] s.g.m.sc.comp.util.HeaderPropgateFeign   : after feign interceptor process header ==> Cookie , [GATEWAYID=5dfe6068-8de2-4cf5-bca9-1024d642a08f]
2025-06-12 11:19:20.087  INFO 1 --- [nio-8080-exec-2] s.g.m.sc.comp.util.HeaderPropgateFeign   : after feign interceptor process header ==> x-app-req , [blue]
2025-06-12 11:19:20.087  INFO 1 --- [nio-8080-exec-2] s.g.m.sc.comp.util.HeaderPropgateFeign   : after feign interceptor process header ==> x-sc-user-token , [4cea2d5cc2fd4e698763a28c55c09758]
2025-06-12 11:19:20.091  INFO 1 --- [nio-8080-exec-2] s.g.m.s.m.a.ScDefaultMonitorInterceptor  : Start executing the sg.gov.moe.sc.academic.service.impl.SubjectAllocationServiceImpl.getSchoolClass method
2025-06-12 11:19:20.091  INFO 1 --- [nio-8080-exec-2] s.g.m.sc.comp.util.HeaderPropgateFeign   : feign intercept request
2025-06-12 11:19:20.091  INFO 1 --- [nio-8080-exec-2] s.g.m.sc.comp.util.HeaderPropgateFeign   : Request URL  /sc-dbmaster-api/api/csr/school/classes/2025/9808/32/0 
2025-06-12 11:19:20.091  INFO 1 --- [nio-8080-exec-2] s.g.m.sc.comp.util.HeaderPropgateFeign   : Gateway ID is present
2025-06-12 11:19:20.091  INFO 1 --- [nio-8080-exec-2] s.g.m.sc.comp.util.HeaderPropgateFeign   : x-app-request is present blue 
2025-06-12 11:19:20.091  INFO 1 --- [nio-8080-exec-2] s.g.m.sc.comp.util.HeaderPropgateFeign   : after feign interceptor process header ==> Cookie , [GATEWAYID=5dfe6068-8de2-4cf5-bca9-1024d642a08f]
2025-06-12 11:19:20.091  INFO 1 --- [nio-8080-exec-2] s.g.m.sc.comp.util.HeaderPropgateFeign   : after feign interceptor process header ==> x-app-req , [blue]
2025-06-12 11:19:20.091  INFO 1 --- [nio-8080-exec-2] s.g.m.sc.comp.util.HeaderPropgateFeign   : after feign interceptor process header ==> X-SC-USER-TOKEN , [4cea2d5cc2fd4e698763a28c55c09758]
2025-06-12 11:19:20.099  INFO 1 --- [nio-8080-exec-2] s.g.m.s.m.a.ScDefaultMonitorInterceptor  : Stop executing the sg.gov.moe.sc.academic.service.impl.SubjectAllocationServiceImpl.getSchoolClass method
2025-06-12 11:19:20.665  INFO 1 --- [nio-8080-exec-9] s.g.m.sc.comp.util.HeaderPropgateFeign   : feign intercept request
2025-06-12 11:19:20.665  INFO 1 --- [nio-8080-exec-9] s.g.m.sc.comp.util.HeaderPropgateFeign   : Request URL  /sc-auth/api/user-info 
2025-06-12 11:19:20.665  INFO 1 --- [nio-8080-exec-9] s.g.m.sc.comp.util.HeaderPropgateFeign   : Gateway ID is present
2025-06-12 11:19:20.665  INFO 1 --- [nio-8080-exec-9] s.g.m.sc.comp.util.HeaderPropgateFeign   : x-app-request is present blue 
2025-06-12 11:19:20.665  INFO 1 --- [nio-8080-exec-9] s.g.m.sc.comp.util.HeaderPropgateFeign   : after feign interceptor process header ==> Cookie , [GATEWAYID=5dfe6068-8de2-4cf5-bca9-1024d642a08f]
2025-06-12 11:19:20.665  INFO 1 --- [nio-8080-exec-9] s.g.m.sc.comp.util.HeaderPropgateFeign   : after feign interceptor process header ==> x-app-req , [blue]
2025-06-12 11:19:20.665  INFO 1 --- [nio-8080-exec-9] s.g.m.sc.comp.util.HeaderPropgateFeign   : after feign interceptor process header ==> x-sc-user-token , [4cea2d5cc2fd4e698763a28c55c09758]
2025-06-12 11:19:20.669  INFO 1 --- [nio-8080-exec-9] s.g.m.s.m.a.ScDefaultMonitorInterceptor  : Start executing the sg.gov.moe.sc.academic.service.impl.SubjectAllocationServiceImpl.getSchoolStream method
2025-06-12 11:19:20.669  INFO 1 --- [nio-8080-exec-9] s.g.m.sc.comp.util.HeaderPropgateFeign   : feign intercept request
2025-06-12 11:19:20.669  INFO 1 --- [nio-8080-exec-9] s.g.m.sc.comp.util.HeaderPropgateFeign   : Request URL  /sc-dbmaster-api/api/csr/school/stream/2025/9808/32/0 
2025-06-12 11:19:20.669  INFO 1 --- [nio-8080-exec-9] s.g.m.sc.comp.util.HeaderPropgateFeign   : Gateway ID is present
2025-06-12 11:19:20.669  INFO 1 --- [nio-8080-exec-9] s.g.m.sc.comp.util.HeaderPropgateFeign   : x-app-request is present blue 
2025-06-12 11:19:20.669  INFO 1 --- [nio-8080-exec-9] s.g.m.sc.comp.util.HeaderPropgateFeign   : after feign interceptor process header ==> Cookie , [GATEWAYID=5dfe6068-8de2-4cf5-bca9-1024d642a08f]
2025-06-12 11:19:20.669  INFO 1 --- [nio-8080-exec-9] s.g.m.sc.comp.util.HeaderPropgateFeign   : after feign interceptor process header ==> x-app-req , [blue]
2025-06-12 11:19:20.669  INFO 1 --- [nio-8080-exec-9] s.g.m.sc.comp.util.HeaderPropgateFeign   : after feign interceptor process header ==> X-SC-USER-TOKEN , [4cea2d5cc2fd4e698763a28c55c09758]
2025-06-12 11:19:20.675  INFO 1 --- [nio-8080-exec-9] s.g.m.s.m.a.ScDefaultMonitorInterceptor  : Stop executing the sg.gov.moe.sc.academic.service.impl.SubjectAllocationServiceImpl.getSchoolStream method
2025-06-12 11:19:20.740  INFO 1 --- [nio-8080-exec-4] s.g.m.sc.comp.util.HeaderPropgateFeign   : feign intercept request
2025-06-12 11:19:20.740  INFO 1 --- [nio-8080-exec-4] s.g.m.sc.comp.util.HeaderPropgateFeign   : Request URL  /sc-auth/api/user-info 
2025-06-12 11:19:20.740  INFO 1 --- [nio-8080-exec-4] s.g.m.sc.comp.util.HeaderPropgateFeign   : Gateway ID is present
2025-06-12 11:19:20.740  INFO 1 --- [nio-8080-exec-4] s.g.m.sc.comp.util.HeaderPropgateFeign   : x-app-request is present blue 
2025-06-12 11:19:20.740  INFO 1 --- [nio-8080-exec-4] s.g.m.sc.comp.util.HeaderPropgateFeign   : after feign interceptor process header ==> Cookie , [GATEWAYID=5dfe6068-8de2-4cf5-bca9-1024d642a08f]
2025-06-12 11:19:20.740  INFO 1 --- [nio-8080-exec-4] s.g.m.sc.comp.util.HeaderPropgateFeign   : after feign interceptor process header ==> x-app-req , [blue]
2025-06-12 11:19:20.740  INFO 1 --- [nio-8080-exec-4] s.g.m.sc.comp.util.HeaderPropgateFeign   : after feign interceptor process header ==> x-sc-user-token , [4cea2d5cc2fd4e698763a28c55c09758]
2025-06-12 11:19:20.743  INFO 1 --- [nio-8080-exec-6] s.g.m.sc.comp.util.HeaderPropgateFeign   : feign intercept request
2025-06-12 11:19:20.743  INFO 1 --- [nio-8080-exec-6] s.g.m.sc.comp.util.HeaderPropgateFeign   : Request URL  /sc-auth/api/user-info 
2025-06-12 11:19:20.743  INFO 1 --- [nio-8080-exec-6] s.g.m.sc.comp.util.HeaderPropgateFeign   : Gateway ID is present
2025-06-12 11:19:20.743  INFO 1 --- [nio-8080-exec-6] s.g.m.sc.comp.util.HeaderPropgateFeign   : x-app-request is present blue 
2025-06-12 11:19:20.743  INFO 1 --- [nio-8080-exec-6] s.g.m.sc.comp.util.HeaderPropgateFeign   : after feign interceptor process header ==> Cookie , [GATEWAYID=5dfe6068-8de2-4cf5-bca9-1024d642a08f]
2025-06-12 11:19:20.743  INFO 1 --- [nio-8080-exec-6] s.g.m.sc.comp.util.HeaderPropgateFeign   : after feign interceptor process header ==> x-app-req , [blue]
2025-06-12 11:19:20.743  INFO 1 --- [nio-8080-exec-6] s.g.m.sc.comp.util.HeaderPropgateFeign   : after feign interceptor process header ==> x-sc-user-token , [4cea2d5cc2fd4e698763a28c55c09758]
2025-06-12 11:19:20.744  INFO 1 --- [nio-8080-exec-4] s.g.m.s.m.a.ScDefaultMonitorInterceptor  : Start executing the sg.gov.moe.sc.academic.service.impl.SubjectAllocationServiceImpl.getCourseCombinations method
2025-06-12 11:19:20.744  INFO 1 --- [nio-8080-exec-4] s.g.m.sc.comp.util.HeaderPropgateFeign   : feign intercept request
2025-06-12 11:19:20.744  INFO 1 --- [nio-8080-exec-4] s.g.m.sc.comp.util.HeaderPropgateFeign   : Request URL  /sc-dbmaster-api/api/csr/config/code-detail/SUBJECTLEVEL 
2025-06-12 11:19:20.744  INFO 1 --- [nio-8080-exec-4] s.g.m.sc.comp.util.HeaderPropgateFeign   : Gateway ID is present
2025-06-12 11:19:20.744  INFO 1 --- [nio-8080-exec-4] s.g.m.sc.comp.util.HeaderPropgateFeign   : x-app-request is present blue 
2025-06-12 11:19:20.744  INFO 1 --- [nio-8080-exec-4] s.g.m.sc.comp.util.HeaderPropgateFeign   : after feign interceptor process header ==> Cookie , [GATEWAYID=5dfe6068-8de2-4cf5-bca9-1024d642a08f]
2025-06-12 11:19:20.744  INFO 1 --- [nio-8080-exec-4] s.g.m.sc.comp.util.HeaderPropgateFeign   : after feign interceptor process header ==> x-app-req , [blue]
2025-06-12 11:19:20.744  INFO 1 --- [nio-8080-exec-4] s.g.m.sc.comp.util.HeaderPropgateFeign   : after feign interceptor process header ==> X-SC-USER-TOKEN , [4cea2d5cc2fd4e698763a28c55c09758]
2025-06-12 11:19:20.744  INFO 1 --- [nio-8080-exec-8] s.g.m.sc.comp.util.HeaderPropgateFeign   : feign intercept request
2025-06-12 11:19:20.744  INFO 1 --- [nio-8080-exec-8] s.g.m.sc.comp.util.HeaderPropgateFeign   : Request URL  /sc-auth/api/user-info 
2025-06-12 11:19:20.744  INFO 1 --- [nio-8080-exec-8] s.g.m.sc.comp.util.HeaderPropgateFeign   : Gateway ID is present
2025-06-12 11:19:20.744  INFO 1 --- [nio-8080-exec-8] s.g.m.sc.comp.util.HeaderPropgateFeign   : x-app-request is present blue 
2025-06-12 11:19:20.744  INFO 1 --- [nio-8080-exec-8] s.g.m.sc.comp.util.HeaderPropgateFeign   : after feign interceptor process header ==> Cookie , [GATEWAYID=5dfe6068-8de2-4cf5-bca9-1024d642a08f]
2025-06-12 11:19:20.745  INFO 1 --- [nio-8080-exec-8] s.g.m.sc.comp.util.HeaderPropgateFeign   : after feign interceptor process header ==> x-app-req , [blue]
2025-06-12 11:19:20.745  INFO 1 --- [nio-8080-exec-8] s.g.m.sc.comp.util.HeaderPropgateFeign   : after feign interceptor process header ==> x-sc-user-token , [4cea2d5cc2fd4e698763a28c55c09758]
2025-06-12 11:19:20.745  INFO 1 --- [nio-8080-exec-1] s.g.m.sc.comp.util.HeaderPropgateFeign   : feign intercept request
2025-06-12 11:19:20.745  INFO 1 --- [nio-8080-exec-1] s.g.m.sc.comp.util.HeaderPropgateFeign   : Request URL  /sc-auth/api/user-info 
2025-06-12 11:19:20.745  INFO 1 --- [nio-8080-exec-1] s.g.m.sc.comp.util.HeaderPropgateFeign   : Gateway ID is present
2025-06-12 11:19:20.745  INFO 1 --- [nio-8080-exec-1] s.g.m.sc.comp.util.HeaderPropgateFeign   : x-app-request is present blue 
2025-06-12 11:19:20.745  INFO 1 --- [nio-8080-exec-1] s.g.m.sc.comp.util.HeaderPropgateFeign   : after feign interceptor process header ==> Cookie , [GATEWAYID=5dfe6068-8de2-4cf5-bca9-1024d642a08f]
2025-06-12 11:19:20.745  INFO 1 --- [nio-8080-exec-1] s.g.m.sc.comp.util.HeaderPropgateFeign   : after feign interceptor process header ==> x-app-req , [blue]
2025-06-12 11:19:20.745  INFO 1 --- [nio-8080-exec-1] s.g.m.sc.comp.util.HeaderPropgateFeign   : after feign interceptor process header ==> x-sc-user-token , [4cea2d5cc2fd4e698763a28c55c09758]
2025-06-12 11:19:20.746  INFO 1 --- [nio-8080-exec-6] s.g.m.s.m.a.ScDefaultMonitorInterceptor  : Start executing the sg.gov.moe.sc.academic.service.impl.SubjectAllocationServiceImpl.listSubjectMtModelBySchoolCodeAndAcademicYearAndLevelCodeAndProgramInd method
2025-06-12 11:19:20.748  INFO 1 --- [nio-8080-exec-8] s.g.m.s.m.a.ScDefaultMonitorInterceptor  : Start executing the sg.gov.moe.sc.academic.service.impl.SubjectAllocationServiceImpl.getNationalExamCode method
2025-06-12 11:19:20.749  INFO 1 --- [nio-8080-exec-1] s.g.m.s.m.a.ScDefaultMonitorInterceptor  : Start executing the sg.gov.moe.sc.academic.service.impl.CommonServiceImpl.getParticularSubjectLevelFSBB method
2025-06-12 11:19:20.749  INFO 1 --- [nio-8080-exec-1] s.g.m.sc.comp.util.HeaderPropgateFeign   : feign intercept request
2025-06-12 11:19:20.749  INFO 1 --- [nio-8080-exec-1] s.g.m.sc.comp.util.HeaderPropgateFeign   : Request URL  /sc-dbmaster-api/api/csr/config/code-detail/particular-subject-level/32/0 
2025-06-12 11:19:20.749  INFO 1 --- [nio-8080-exec-1] s.g.m.sc.comp.util.HeaderPropgateFeign   : Gateway ID is present
2025-06-12 11:19:20.749  INFO 1 --- [nio-8080-exec-1] s.g.m.sc.comp.util.HeaderPropgateFeign   : x-app-request is present blue 
2025-06-12 11:19:20.749  INFO 1 --- [nio-8080-exec-1] s.g.m.sc.comp.util.HeaderPropgateFeign   : after feign interceptor process header ==> Cookie , [GATEWAYID=5dfe6068-8de2-4cf5-bca9-1024d642a08f]
2025-06-12 11:19:20.749  INFO 1 --- [nio-8080-exec-1] s.g.m.sc.comp.util.HeaderPropgateFeign   : after feign interceptor process header ==> x-app-req , [blue]
2025-06-12 11:19:20.749  INFO 1 --- [nio-8080-exec-1] s.g.m.sc.comp.util.HeaderPropgateFeign   : after feign interceptor process header ==> X-SC-USER-TOKEN , [4cea2d5cc2fd4e698763a28c55c09758]
2025-06-12 11:19:20.753  INFO 1 --- [io-8080-exec-10] s.g.m.sc.comp.util.HeaderPropgateFeign   : feign intercept request
2025-06-12 11:19:20.753  INFO 1 --- [io-8080-exec-10] s.g.m.sc.comp.util.HeaderPropgateFeign   : Request URL  /sc-auth/api/user-info 
2025-06-12 11:19:20.754  INFO 1 --- [io-8080-exec-10] s.g.m.sc.comp.util.HeaderPropgateFeign   : Gateway ID is present
2025-06-12 11:19:20.754  INFO 1 --- [io-8080-exec-10] s.g.m.sc.comp.util.HeaderPropgateFeign   : x-app-request is present blue 
2025-06-12 11:19:20.754  INFO 1 --- [nio-8080-exec-1] s.g.m.s.m.a.ScDefaultMonitorInterceptor  : Stop executing the sg.gov.moe.sc.academic.service.impl.CommonServiceImpl.getParticularSubjectLevelFSBB method
2025-06-12 11:19:20.754  INFO 1 --- [io-8080-exec-10] s.g.m.sc.comp.util.HeaderPropgateFeign   : after feign interceptor process header ==> Cookie , [GATEWAYID=5dfe6068-8de2-4cf5-bca9-1024d642a08f]
2025-06-12 11:19:20.754  INFO 1 --- [io-8080-exec-10] s.g.m.sc.comp.util.HeaderPropgateFeign   : after feign interceptor process header ==> x-app-req , [blue]
2025-06-12 11:19:20.754  INFO 1 --- [io-8080-exec-10] s.g.m.sc.comp.util.HeaderPropgateFeign   : after feign interceptor process header ==> x-sc-user-token , [4cea2d5cc2fd4e698763a28c55c09758]
2025-06-12 11:19:20.755  INFO 1 --- [nio-8080-exec-8] s.g.m.s.m.a.ScDefaultMonitorInterceptor  : Stop executing the sg.gov.moe.sc.academic.service.impl.SubjectAllocationServiceImpl.getNationalExamCode method
2025-06-12 11:19:20.757  INFO 1 --- [io-8080-exec-10] s.g.m.s.m.a.ScDefaultMonitorInterceptor  : Start executing the sg.gov.moe.sc.academic.service.impl.SubjectAllocationServiceImpl.getAllSubjLanguagesMappingList method
2025-06-12 11:19:20.772  INFO 1 --- [io-8080-exec-10] s.g.m.s.m.a.ScDefaultMonitorInterceptor  : Stop executing the sg.gov.moe.sc.academic.service.impl.SubjectAllocationServiceImpl.getAllSubjLanguagesMappingList method
2025-06-12 11:19:20.774  INFO 1 --- [nio-8080-exec-6] s.g.m.sc.comp.util.HeaderPropgateFeign   : feign intercept request
2025-06-12 11:19:20.774  INFO 1 --- [nio-8080-exec-6] s.g.m.sc.comp.util.HeaderPropgateFeign   : Request URL  /sc-dbmaster-api/api/csr/config/code-detail/SUBJECTLEVEL 
2025-06-12 11:19:20.774  INFO 1 --- [nio-8080-exec-6] s.g.m.sc.comp.util.HeaderPropgateFeign   : Gateway ID is present
2025-06-12 11:19:20.774  INFO 1 --- [nio-8080-exec-6] s.g.m.sc.comp.util.HeaderPropgateFeign   : x-app-request is present blue 
2025-06-12 11:19:20.774  INFO 1 --- [nio-8080-exec-6] s.g.m.sc.comp.util.HeaderPropgateFeign   : after feign interceptor process header ==> Cookie , [GATEWAYID=5dfe6068-8de2-4cf5-bca9-1024d642a08f]
2025-06-12 11:19:20.774  INFO 1 --- [nio-8080-exec-6] s.g.m.sc.comp.util.HeaderPropgateFeign   : after feign interceptor process header ==> x-app-req , [blue]
2025-06-12 11:19:20.774  INFO 1 --- [nio-8080-exec-6] s.g.m.sc.comp.util.HeaderPropgateFeign   : after feign interceptor process header ==> X-SC-USER-TOKEN , [4cea2d5cc2fd4e698763a28c55c09758]
2025-06-12 11:19:20.780  INFO 1 --- [nio-8080-exec-6] s.g.m.s.m.a.ScDefaultMonitorInterceptor  : Stop executing the sg.gov.moe.sc.academic.service.impl.SubjectAllocationServiceImpl.listSubjectMtModelBySchoolCodeAndAcademicYearAndLevelCodeAndProgramInd method
2025-06-12 11:19:20.782  INFO 1 --- [nio-8080-exec-5] s.g.m.sc.comp.util.HeaderPropgateFeign   : feign intercept request
2025-06-12 11:19:20.782  INFO 1 --- [nio-8080-exec-5] s.g.m.sc.comp.util.HeaderPropgateFeign   : Request URL  /sc-auth/api/user-info 
2025-06-12 11:19:20.782  INFO 1 --- [nio-8080-exec-5] s.g.m.sc.comp.util.HeaderPropgateFeign   : Gateway ID is present
2025-06-12 11:19:20.782  INFO 1 --- [nio-8080-exec-5] s.g.m.sc.comp.util.HeaderPropgateFeign   : x-app-request is present blue 
2025-06-12 11:19:20.782  INFO 1 --- [nio-8080-exec-5] s.g.m.sc.comp.util.HeaderPropgateFeign   : after feign interceptor process header ==> Cookie , [GATEWAYID=5dfe6068-8de2-4cf5-bca9-1024d642a08f]
2025-06-12 11:19:20.782  INFO 1 --- [nio-8080-exec-5] s.g.m.sc.comp.util.HeaderPropgateFeign   : after feign interceptor process header ==> x-app-req , [blue]
2025-06-12 11:19:20.782  INFO 1 --- [nio-8080-exec-5] s.g.m.sc.comp.util.HeaderPropgateFeign   : after feign interceptor process header ==> x-sc-user-token , [4cea2d5cc2fd4e698763a28c55c09758]
2025-06-12 11:19:20.785  INFO 1 --- [nio-8080-exec-5] s.g.m.s.m.a.ScDefaultMonitorInterceptor  : Start executing the sg.gov.moe.sc.academic.service.impl.SubjectAllocationServiceImpl.getNtilSubjectCodeList method
2025-06-12 11:19:20.786  INFO 1 --- [nio-8080-exec-5] s.g.m.s.m.a.ScDefaultMonitorInterceptor  : Stop executing the sg.gov.moe.sc.academic.service.impl.SubjectAllocationServiceImpl.getNtilSubjectCodeList method
2025-06-12 11:19:20.816  INFO 1 --- [nio-8080-exec-4] s.g.m.s.m.a.ScDefaultMonitorInterceptor  : Stop executing the sg.gov.moe.sc.academic.service.impl.SubjectAllocationServiceImpl.getCourseCombinations method
2025-06-12 11:19:38.578  INFO 1 --- [nio-8080-exec-9] s.g.m.sc.comp.util.HeaderPropgateFeign   : feign intercept request
2025-06-12 11:19:38.578  INFO 1 --- [nio-8080-exec-9] s.g.m.sc.comp.util.HeaderPropgateFeign   : Request URL  /sc-auth/api/user-info 
2025-06-12 11:19:38.578  INFO 1 --- [nio-8080-exec-9] s.g.m.sc.comp.util.HeaderPropgateFeign   : Gateway ID is present
2025-06-12 11:19:38.578  INFO 1 --- [nio-8080-exec-9] s.g.m.sc.comp.util.HeaderPropgateFeign   : x-app-request is present blue 
2025-06-12 11:19:38.578  INFO 1 --- [nio-8080-exec-9] s.g.m.sc.comp.util.HeaderPropgateFeign   : after feign interceptor process header ==> Cookie , [GATEWAYID=5dfe6068-8de2-4cf5-bca9-1024d642a08f]
2025-06-12 11:19:38.578  INFO 1 --- [nio-8080-exec-9] s.g.m.sc.comp.util.HeaderPropgateFeign   : after feign interceptor process header ==> x-app-req , [blue]
2025-06-12 11:19:38.578  INFO 1 --- [nio-8080-exec-9] s.g.m.sc.comp.util.HeaderPropgateFeign   : after feign interceptor process header ==> x-sc-user-token , [4cea2d5cc2fd4e698763a28c55c09758]
2025-06-12 11:19:38.582  INFO 1 --- [nio-8080-exec-9] s.g.m.s.m.a.ScDefaultMonitorInterceptor  : Start executing the sg.gov.moe.sc.academic.service.impl.SubjectAllocationServiceImpl.listSubjectAllocationStudentBy method
2025-06-12 11:19:38.582  INFO 1 --- [nio-8080-exec-9] s.g.m.sc.comp.util.HeaderPropgateFeign   : feign intercept request
2025-06-12 11:19:38.582  INFO 1 --- [nio-8080-exec-9] s.g.m.sc.comp.util.HeaderPropgateFeign   : Request URL  /sc-dbmaster-api/api/csr/subject-allocation/students?schoolCode=9808&academicYear=2025&levelCode=32&classCodes=SEC2-01&streamCode=22&programInd=0 
2025-06-12 11:19:38.582  INFO 1 --- [nio-8080-exec-9] s.g.m.sc.comp.util.HeaderPropgateFeign   : Gateway ID is present
2025-06-12 11:19:38.582  INFO 1 --- [nio-8080-exec-9] s.g.m.sc.comp.util.HeaderPropgateFeign   : x-app-request is present blue 
2025-06-12 11:19:38.582  INFO 1 --- [nio-8080-exec-9] s.g.m.sc.comp.util.HeaderPropgateFeign   : after feign interceptor process header ==> Cookie , [GATEWAYID=5dfe6068-8de2-4cf5-bca9-1024d642a08f]
2025-06-12 11:19:38.582  INFO 1 --- [nio-8080-exec-9] s.g.m.sc.comp.util.HeaderPropgateFeign   : after feign interceptor process header ==> x-app-req , [blue]
2025-06-12 11:19:38.582  INFO 1 --- [nio-8080-exec-9] s.g.m.sc.comp.util.HeaderPropgateFeign   : after feign interceptor process header ==> X-SC-USER-TOKEN , [4cea2d5cc2fd4e698763a28c55c09758]
2025-06-12 11:19:38.592  INFO 1 --- [nio-8080-exec-9] s.g.m.sc.comp.util.HeaderPropgateFeign   : feign intercept request
2025-06-12 11:19:38.592  INFO 1 --- [nio-8080-exec-9] s.g.m.sc.comp.util.HeaderPropgateFeign   : Request URL  /sc-dbmaster-api/api/csr/school/classes/2025/9808/32/0 
2025-06-12 11:19:38.592  INFO 1 --- [nio-8080-exec-9] s.g.m.sc.comp.util.HeaderPropgateFeign   : Gateway ID is present
2025-06-12 11:19:38.592  INFO 1 --- [nio-8080-exec-9] s.g.m.sc.comp.util.HeaderPropgateFeign   : x-app-request is present blue 
2025-06-12 11:19:38.592  INFO 1 --- [nio-8080-exec-9] s.g.m.sc.comp.util.HeaderPropgateFeign   : after feign interceptor process header ==> Cookie , [GATEWAYID=5dfe6068-8de2-4cf5-bca9-1024d642a08f]
2025-06-12 11:19:38.592  INFO 1 --- [nio-8080-exec-9] s.g.m.sc.comp.util.HeaderPropgateFeign   : after feign interceptor process header ==> x-app-req , [blue]
2025-06-12 11:19:38.592  INFO 1 --- [nio-8080-exec-9] s.g.m.sc.comp.util.HeaderPropgateFeign   : after feign interceptor process header ==> X-SC-USER-TOKEN , [4cea2d5cc2fd4e698763a28c55c09758]
2025-06-12 11:19:38.599  INFO 1 --- [nio-8080-exec-9] s.g.m.sc.comp.util.HeaderPropgateFeign   : feign intercept request
2025-06-12 11:19:38.599  INFO 1 --- [nio-8080-exec-9] s.g.m.sc.comp.util.HeaderPropgateFeign   : Request URL  /sc-dbmaster-api/api/csr/subject-allocation/language-abbrevation?languageCodeList=02&languageCodeList=03&languageCodeList=04&languageCodeList=05&languageCodeList=00 
2025-06-12 11:19:38.599  INFO 1 --- [nio-8080-exec-9] s.g.m.sc.comp.util.HeaderPropgateFeign   : Gateway ID is present
2025-06-12 11:19:38.599  INFO 1 --- [nio-8080-exec-9] s.g.m.sc.comp.util.HeaderPropgateFeign   : x-app-request is present blue 
2025-06-12 11:19:38.599  INFO 1 --- [nio-8080-exec-9] s.g.m.sc.comp.util.HeaderPropgateFeign   : after feign interceptor process header ==> Cookie , [GATEWAYID=5dfe6068-8de2-4cf5-bca9-1024d642a08f]
2025-06-12 11:19:38.599  INFO 1 --- [nio-8080-exec-9] s.g.m.sc.comp.util.HeaderPropgateFeign   : after feign interceptor process header ==> x-app-req , [blue]
2025-06-12 11:19:38.599  INFO 1 --- [nio-8080-exec-9] s.g.m.sc.comp.util.HeaderPropgateFeign   : after feign interceptor process header ==> X-SC-USER-TOKEN , [4cea2d5cc2fd4e698763a28c55c09758]
2025-06-12 11:19:38.615  WARN 1 --- [nio-8080-exec-9] o.h.engine.jdbc.spi.SqlExceptionHelper   : SQL Error: 0, SQLState: 21000
2025-06-12 11:19:38.615 ERROR 1 --- [nio-8080-exec-9] o.h.engine.jdbc.spi.SqlExceptionHelper   : ERROR: more than one row returned by a subquery used as an expression
[GC (Allocation Failure) [DefNew: 49267K->2246K(53568K), 0.0079840 secs] 164350K->117330K(172360K), 0.0080180 secs] [Times: user=0.01 sys=0.00, real=0.01 secs] 
2025-06-12 11:19:38.619 ERROR 1 --- [nio-8080-exec-9] .GlobalExceptionHandlerAutoConfiguration : could not extract ResultSet; SQL [n/a]; nested exception is org.hibernate.exception.DataException: could not extract ResultSet

org.springframework.dao.DataIntegrityViolationException: could not extract ResultSet; SQL [n/a]; nested exception is org.hibernate.exception.DataException: could not extract ResultSet
	at org.springframework.orm.jpa.vendor.HibernateJpaDialect.convertHibernateAccessException(HibernateJpaDialect.java:280) ~[spring-orm-5.3.18.jar!/:5.3.18]
	at org.springframework.orm.jpa.vendor.HibernateJpaDialect.translateExceptionIfPossible(HibernateJpaDialect.java:233) ~[spring-orm-5.3.18.jar!/:5.3.18]
	at org.springframework.orm.jpa.AbstractEntityManagerFactoryBean.translateExceptionIfPossible(AbstractEntityManagerFactoryBean.java:551) ~[spring-orm-5.3.18.jar!/:5.3.18]
	at org.springframework.dao.support.ChainedPersistenceExceptionTranslator.translateExceptionIfPossible(ChainedPersistenceExceptionTranslator.java:61) ~[spring-tx-5.3.18.jar!/:5.3.18]
	at org.springframework.dao.support.DataAccessUtils.translateIfNecessary(DataAccessUtils.java:242) ~[spring-tx-5.3.18.jar!/:5.3.18]
	at org.springframework.dao.support.PersistenceExceptionTranslationInterceptor.invoke(PersistenceExceptionTranslationInterceptor.java:152) ~[spring-tx-5.3.18.jar!/:5.3.18]
	at org.springframework.aop.framework.ReflectiveMethodInvocation.proceed(ReflectiveMethodInvocation.java:186) ~[spring-aop-5.3.18.jar!/:5.3.18]
	at org.springframework.data.jpa.repository.support.CrudMethodMetadataPostProcessor$CrudMethodMetadataPopulatingMethodInterceptor.invoke(CrudMethodMetadataPostProcessor.java:145) ~[spring-data-jpa-2.4.5.jar!/:2.4.5]
	at org.springframework.aop.framework.ReflectiveMethodInvocation.proceed(ReflectiveMethodInvocation.java:186) ~[spring-aop-5.3.18.jar!/:5.3.18]
	at org.springframework.aop.interceptor.ExposeInvocationInterceptor.invoke(ExposeInvocationInterceptor.java:97) ~[spring-aop-5.3.18.jar!/:5.3.18]
	at org.springframework.aop.framework.ReflectiveMethodInvocation.proceed(ReflectiveMethodInvocation.java:186) ~[spring-aop-5.3.18.jar!/:5.3.18]
	at org.springframework.aop.framework.JdkDynamicAopProxy.invoke(JdkDynamicAopProxy.java:215) ~[spring-aop-5.3.18.jar!/:5.3.18]
	at com.sun.proxy.$Proxy231.findNewStudentSubjectOnlyListBy(Unknown Source) ~[na:na]
	at sun.reflect.NativeMethodAccessorImpl.invoke0(Native Method) ~[na:1.8.0_452]
	at sun.reflect.NativeMethodAccessorImpl.invoke(NativeMethodAccessorImpl.java:62) ~[na:1.8.0_452]
	at sun.reflect.DelegatingMethodAccessorImpl.invoke(DelegatingMethodAccessorImpl.java:43) ~[na:1.8.0_452]
	at java.lang.reflect.Method.invoke(Method.java:498) ~[na:1.8.0_452]
	at org.springframework.aop.support.AopUtils.invokeJoinpointUsingReflection(AopUtils.java:344) ~[spring-aop-5.3.18.jar!/:5.3.18]
	at org.springframework.aop.framework.ReflectiveMethodInvocation.invokeJoinpoint(ReflectiveMethodInvocation.java:198) ~[spring-aop-5.3.18.jar!/:5.3.18]
	at org.springframework.aop.framework.ReflectiveMethodInvocation.proceed(ReflectiveMethodInvocation.java:163) ~[spring-aop-5.3.18.jar!/:5.3.18]
	at org.springframework.aop.interceptor.ExposeInvocationInterceptor.invoke(ExposeInvocationInterceptor.java:97) ~[spring-aop-5.3.18.jar!/:5.3.18]
	at org.springframework.aop.framework.ReflectiveMethodInvocation.proceed(ReflectiveMethodInvocation.java:186) ~[spring-aop-5.3.18.jar!/:5.3.18]
	at org.springframework.aop.framework.JdkDynamicAopProxy.invoke(JdkDynamicAopProxy.java:215) ~[spring-aop-5.3.18.jar!/:5.3.18]
	at com.sun.proxy.$Proxy231.findNewStudentSubjectOnlyListBy(Unknown Source) ~[na:na]
	at sg.gov.moe.sc.academic.service.impl.SubjectAllocationServiceImpl.listSubjectAllocationStudentBy(SubjectAllocationServiceImpl.java:440) ~[classes!/:na]
	at sg.gov.moe.sc.academic.service.impl.SubjectAllocationServiceImpl$$FastClassBySpringCGLIB$$57594bf0.invoke(<generated>) ~[classes!/:na]
	at org.springframework.cglib.proxy.MethodProxy.invoke(MethodProxy.java:218) ~[spring-core-5.3.18.jar!/:5.3.18]
	at org.springframework.aop.framework.CglibAopProxy$CglibMethodInvocation.invokeJoinpoint(CglibAopProxy.java:783) ~[spring-aop-5.3.18.jar!/:5.3.18]
	at org.springframework.aop.framework.ReflectiveMethodInvocation.proceed(ReflectiveMethodInvocation.java:163) ~[spring-aop-5.3.18.jar!/:5.3.18]
	at org.springframework.aop.framework.CglibAopProxy$CglibMethodInvocation.proceed(CglibAopProxy.java:753) ~[spring-aop-5.3.18.jar!/:5.3.18]
	at sg.gov.moe.sc.monitor.autoconfiguration.ScDefaultMonitorInterceptor.invoke(ScDefaultMonitorInterceptor.java:22) ~[sc-monitor-develop-53.jar!/:na]
	at org.springframework.aop.framework.ReflectiveMethodInvocation.proceed(ReflectiveMethodInvocation.java:175) ~[spring-aop-5.3.18.jar!/:5.3.18]
	at org.springframework.aop.framework.CglibAopProxy$CglibMethodInvocation.proceed(CglibAopProxy.java:753) ~[spring-aop-5.3.18.jar!/:5.3.18]
	at org.springframework.aop.interceptor.ExposeInvocationInterceptor.invoke(ExposeInvocationInterceptor.java:97) ~[spring-aop-5.3.18.jar!/:5.3.18]
	at org.springframework.aop.framework.ReflectiveMethodInvocation.proceed(ReflectiveMethodInvocation.java:186) ~[spring-aop-5.3.18.jar!/:5.3.18]
	at org.springframework.aop.framework.CglibAopProxy$CglibMethodInvocation.proceed(CglibAopProxy.java:753) ~[spring-aop-5.3.18.jar!/:5.3.18]
	at org.springframework.aop.framework.CglibAopProxy$DynamicAdvisedInterceptor.intercept(CglibAopProxy.java:698) ~[spring-aop-5.3.18.jar!/:5.3.18]
	at sg.gov.moe.sc.academic.service.impl.SubjectAllocationServiceImpl$$EnhancerBySpringCGLIB$$c704b02c.listSubjectAllocationStudentBy(<generated>) ~[classes!/:na]
	at sg.gov.moe.sc.academic.controller.SubjectAllocationController.getSubjectAllocationStudents(SubjectAllocationController.java:109) ~[classes!/:na]
	at sg.gov.moe.sc.academic.controller.SubjectAllocationController$$FastClassBySpringCGLIB$$80620da4.invoke(<generated>) ~[classes!/:na]
	at org.springframework.cglib.proxy.MethodProxy.invoke(MethodProxy.java:218) ~[spring-core-5.3.18.jar!/:5.3.18]
	at org.springframework.aop.framework.CglibAopProxy$CglibMethodInvocation.invokeJoinpoint(CglibAopProxy.java:783) ~[spring-aop-5.3.18.jar!/:5.3.18]
	at org.springframework.aop.framework.ReflectiveMethodInvocation.proceed(ReflectiveMethodInvocation.java:163) ~[spring-aop-5.3.18.jar!/:5.3.18]
	at org.springframework.aop.framework.CglibAopProxy$CglibMethodInvocation.proceed(CglibAopProxy.java:753) ~[spring-aop-5.3.18.jar!/:5.3.18]
	at org.springframework.security.access.intercept.aopalliance.MethodSecurityInterceptor.invoke(MethodSecurityInterceptor.java:61) ~[spring-security-core-5.4.5.jar!/:5.4.5]
	at org.springframework.aop.framework.ReflectiveMethodInvocation.proceed(ReflectiveMethodInvocation.java:186) ~[spring-aop-5.3.18.jar!/:5.3.18]
	at org.springframework.aop.framework.CglibAopProxy$CglibMethodInvocation.proceed(CglibAopProxy.java:753) ~[spring-aop-5.3.18.jar!/:5.3.18]
	at org.springframework.aop.framework.CglibAopProxy$DynamicAdvisedInterceptor.intercept(CglibAopProxy.java:698) ~[spring-aop-5.3.18.jar!/:5.3.18]
	at sg.gov.moe.sc.academic.controller.SubjectAllocationController$$EnhancerBySpringCGLIB$$c7776571.getSubjectAllocationStudents(<generated>) ~[classes!/:na]
	at sun.reflect.NativeMethodAccessorImpl.invoke0(Native Method) ~[na:1.8.0_452]
	at sun.reflect.NativeMethodAccessorImpl.invoke(NativeMethodAccessorImpl.java:62) ~[na:1.8.0_452]
	at sun.reflect.DelegatingMethodAccessorImpl.invoke(DelegatingMethodAccessorImpl.java:43) ~[na:1.8.0_452]
	at java.lang.reflect.Method.invoke(Method.java:498) ~[na:1.8.0_452]
	at org.springframework.web.method.support.InvocableHandlerMethod.doInvoke(InvocableHandlerMethod.java:205) ~[spring-web-5.3.18.jar!/:5.3.18]
	at org.springframework.web.method.support.InvocableHandlerMethod.invokeForRequest(InvocableHandlerMethod.java:150) ~[spring-web-5.3.18.jar!/:5.3.18]
	at org.springframework.web.servlet.mvc.method.annotation.ServletInvocableHandlerMethod.invokeAndHandle(ServletInvocableHandlerMethod.java:117) ~[spring-webmvc-5.3.18.jar!/:5.3.18]
	at org.springframework.web.servlet.mvc.method.annotation.RequestMappingHandlerAdapter.invokeHandlerMethod(RequestMappingHandlerAdapter.java:895) ~[spring-webmvc-5.3.18.jar!/:5.3.18]
	at org.springframework.web.servlet.mvc.method.annotation.RequestMappingHandlerAdapter.handleInternal(RequestMappingHandlerAdapter.java:808) ~[spring-webmvc-5.3.18.jar!/:5.3.18]
	at org.springframework.web.servlet.mvc.method.AbstractHandlerMethodAdapter.handle(AbstractHandlerMethodAdapter.java:87) ~[spring-webmvc-5.3.18.jar!/:5.3.18]
	at org.springframework.web.servlet.DispatcherServlet.doDispatch(DispatcherServlet.java:1067) ~[spring-webmvc-5.3.18.jar!/:5.3.18]
	at org.springframework.web.servlet.DispatcherServlet.doService(DispatcherServlet.java:963) ~[spring-webmvc-5.3.18.jar!/:5.3.18]
	at org.springframework.web.servlet.FrameworkServlet.processRequest(FrameworkServlet.java:1006) [spring-webmvc-5.3.18.jar!/:5.3.18]
	at org.springframework.web.servlet.FrameworkServlet.doGet(FrameworkServlet.java:898) [spring-webmvc-5.3.18.jar!/:5.3.18]
	at javax.servlet.http.HttpServlet.service(HttpServlet.java:626) [tomcat-embed-core-9.0.43.jar!/:4.0.FR]
	at org.springframework.web.servlet.FrameworkServlet.service(FrameworkServlet.java:883) [spring-webmvc-5.3.18.jar!/:5.3.18]
	at javax.servlet.http.HttpServlet.service(HttpServlet.java:733) [tomcat-embed-core-9.0.43.jar!/:4.0.FR]
	at org.apache.catalina.core.ApplicationFilterChain.internalDoFilter(ApplicationFilterChain.java:227) [tomcat-embed-core-9.0.43.jar!/:9.0.43]
	at org.apache.catalina.core.ApplicationFilterChain.doFilter(ApplicationFilterChain.java:162) [tomcat-embed-core-9.0.43.jar!/:9.0.43]
	at org.apache.tomcat.websocket.server.WsFilter.doFilter(WsFilter.java:53) [tomcat-embed-websocket-9.0.43.jar!/:9.0.43]
	at org.apache.catalina.core.ApplicationFilterChain.internalDoFilter(ApplicationFilterChain.java:189) [tomcat-embed-core-9.0.43.jar!/:9.0.43]
	at org.apache.catalina.core.ApplicationFilterChain.doFilter(ApplicationFilterChain.java:162) [tomcat-embed-core-9.0.43.jar!/:9.0.43]
	at org.springframework.security.web.FilterChainProxy$VirtualFilterChain.doFilter(FilterChainProxy.java:327) [spring-security-web-5.4.5.jar!/:5.4.5]
	at org.springframework.security.web.access.intercept.FilterSecurityInterceptor.invoke(FilterSecurityInterceptor.java:115) [spring-security-web-5.4.5.jar!/:5.4.5]
	at org.springframework.security.web.access.intercept.FilterSecurityInterceptor.doFilter(FilterSecurityInterceptor.java:81) [spring-security-web-5.4.5.jar!/:5.4.5]
	at org.springframework.security.web.FilterChainProxy$VirtualFilterChain.doFilter(FilterChainProxy.java:336) [spring-security-web-5.4.5.jar!/:5.4.5]
	at org.springframework.security.web.access.ExceptionTranslationFilter.doFilter(ExceptionTranslationFilter.java:119) [spring-security-web-5.4.5.jar!/:5.4.5]
	at org.springframework.security.web.access.ExceptionTranslationFilter.doFilter(ExceptionTranslationFilter.java:113) [spring-security-web-5.4.5.jar!/:5.4.5]
	at org.springframework.security.web.FilterChainProxy$VirtualFilterChain.doFilter(FilterChainProxy.java:336) [spring-security-web-5.4.5.jar!/:5.4.5]
	at org.springframework.security.web.session.SessionManagementFilter.doFilter(SessionManagementFilter.java:126) [spring-security-web-5.4.5.jar!/:5.4.5]
	at org.springframework.security.web.session.SessionManagementFilter.doFilter(SessionManagementFilter.java:81) [spring-security-web-5.4.5.jar!/:5.4.5]
	at org.springframework.security.web.FilterChainProxy$VirtualFilterChain.doFilter(FilterChainProxy.java:336) [spring-security-web-5.4.5.jar!/:5.4.5]
	at org.springframework.security.web.authentication.AnonymousAuthenticationFilter.doFilter(AnonymousAuthenticationFilter.java:105) [spring-security-web-5.4.5.jar!/:5.4.5]
	at org.springframework.security.web.FilterChainProxy$VirtualFilterChain.doFilter(FilterChainProxy.java:336) [spring-security-web-5.4.5.jar!/:5.4.5]
	at org.springframework.security.web.servletapi.SecurityContextHolderAwareRequestFilter.doFilter(SecurityContextHolderAwareRequestFilter.java:149) [spring-security-web-5.4.5.jar!/:5.4.5]
	at org.springframework.security.web.FilterChainProxy$VirtualFilterChain.doFilter(FilterChainProxy.java:336) [spring-security-web-5.4.5.jar!/:5.4.5]
	at org.springframework.security.web.savedrequest.RequestCacheAwareFilter.doFilter(RequestCacheAwareFilter.java:63) [spring-security-web-5.4.5.jar!/:5.4.5]
	at org.springframework.security.web.FilterChainProxy$VirtualFilterChain.doFilter(FilterChainProxy.java:336) [spring-security-web-5.4.5.jar!/:5.4.5]
	at sg.gov.moe.sc.comp.security.common.autoconfiguration.filter.AuthenticationFilter.authenticationTokenHandler(AuthenticationFilter.java:66) [sc-security-config-develop-53.jar!/:na]
	at sg.gov.moe.sc.comp.security.common.autoconfiguration.filter.AuthenticationFilter.doFilterInternal(AuthenticationFilter.java:51) [sc-security-config-develop-53.jar!/:na]
	at org.springframework.web.filter.OncePerRequestFilter.doFilter(OncePerRequestFilter.java:117) [spring-web-5.3.18.jar!/:5.3.18]
	at org.springframework.security.web.FilterChainProxy$VirtualFilterChain.doFilter(FilterChainProxy.java:336) [spring-security-web-5.4.5.jar!/:5.4.5]
	at org.springframework.security.web.authentication.logout.LogoutFilter.doFilter(LogoutFilter.java:103) [spring-security-web-5.4.5.jar!/:5.4.5]
	at org.springframework.security.web.authentication.logout.LogoutFilter.doFilter(LogoutFilter.java:89) [spring-security-web-5.4.5.jar!/:5.4.5]
	at org.springframework.security.web.FilterChainProxy$VirtualFilterChain.doFilter(FilterChainProxy.java:336) [spring-security-web-5.4.5.jar!/:5.4.5]
	at org.springframework.web.filter.CorsFilter.doFilterInternal(CorsFilter.java:91) [spring-web-5.3.18.jar!/:5.3.18]
	at org.springframework.web.filter.OncePerRequestFilter.doFilter(OncePerRequestFilter.java:117) [spring-web-5.3.18.jar!/:5.3.18]
	at org.springframework.security.web.FilterChainProxy$VirtualFilterChain.doFilter(FilterChainProxy.java:336) [spring-security-web-5.4.5.jar!/:5.4.5]
	at org.springframework.security.web.header.HeaderWriterFilter.doHeadersAfter(HeaderWriterFilter.java:90) [spring-security-web-5.4.5.jar!/:5.4.5]
	at org.springframework.security.web.header.HeaderWriterFilter.doFilterInternal(HeaderWriterFilter.java:75) [spring-security-web-5.4.5.jar!/:5.4.5]
	at org.springframework.web.filter.OncePerRequestFilter.doFilter(OncePerRequestFilter.java:117) [spring-web-5.3.18.jar!/:5.3.18]
	at org.springframework.security.web.FilterChainProxy$VirtualFilterChain.doFilter(FilterChainProxy.java:336) [spring-security-web-5.4.5.jar!/:5.4.5]
	at org.springframework.security.web.context.SecurityContextPersistenceFilter.doFilter(SecurityContextPersistenceFilter.java:110) [spring-security-web-5.4.5.jar!/:5.4.5]
	at org.springframework.security.web.context.SecurityContextPersistenceFilter.doFilter(SecurityContextPersistenceFilter.java:80) [spring-security-web-5.4.5.jar!/:5.4.5]
	at org.springframework.security.web.FilterChainProxy$VirtualFilterChain.doFilter(FilterChainProxy.java:336) [spring-security-web-5.4.5.jar!/:5.4.5]
	at org.springframework.security.web.context.request.async.WebAsyncManagerIntegrationFilter.doFilterInternal(WebAsyncManagerIntegrationFilter.java:55) [spring-security-web-5.4.5.jar!/:5.4.5]
	at org.springframework.web.filter.OncePerRequestFilter.doFilter(OncePerRequestFilter.java:117) [spring-web-5.3.18.jar!/:5.3.18]
	at org.springframework.security.web.FilterChainProxy$VirtualFilterChain.doFilter(FilterChainProxy.java:336) [spring-security-web-5.4.5.jar!/:5.4.5]
	at org.springframework.security.web.FilterChainProxy.doFilterInternal(FilterChainProxy.java:211) [spring-security-web-5.4.5.jar!/:5.4.5]
	at org.springframework.security.web.FilterChainProxy.doFilter(FilterChainProxy.java:183) [spring-security-web-5.4.5.jar!/:5.4.5]
	at org.springframework.web.filter.DelegatingFilterProxy.invokeDelegate(DelegatingFilterProxy.java:354) [spring-web-5.3.18.jar!/:5.3.18]
	at org.springframework.web.filter.DelegatingFilterProxy.doFilter(DelegatingFilterProxy.java:267) [spring-web-5.3.18.jar!/:5.3.18]
	at org.apache.catalina.core.ApplicationFilterChain.internalDoFilter(ApplicationFilterChain.java:189) [tomcat-embed-core-9.0.43.jar!/:9.0.43]
	at org.apache.catalina.core.ApplicationFilterChain.doFilter(ApplicationFilterChain.java:162) [tomcat-embed-core-9.0.43.jar!/:9.0.43]
	at org.springframework.web.filter.RequestContextFilter.doFilterInternal(RequestContextFilter.java:100) [spring-web-5.3.18.jar!/:5.3.18]
	at org.springframework.web.filter.OncePerRequestFilter.doFilter(OncePerRequestFilter.java:117) [spring-web-5.3.18.jar!/:5.3.18]
	at org.apache.catalina.core.ApplicationFilterChain.internalDoFilter(ApplicationFilterChain.java:189) [tomcat-embed-core-9.0.43.jar!/:9.0.43]
	at org.apache.catalina.core.ApplicationFilterChain.doFilter(ApplicationFilterChain.java:162) [tomcat-embed-core-9.0.43.jar!/:9.0.43]
	at org.springframework.web.filter.FormContentFilter.doFilterInternal(FormContentFilter.java:93) [spring-web-5.3.18.jar!/:5.3.18]
	at org.springframework.web.filter.OncePerRequestFilter.doFilter(OncePerRequestFilter.java:117) [spring-web-5.3.18.jar!/:5.3.18]
	at org.apache.catalina.core.ApplicationFilterChain.internalDoFilter(ApplicationFilterChain.java:189) [tomcat-embed-core-9.0.43.jar!/:9.0.43]
	at org.apache.catalina.core.ApplicationFilterChain.doFilter(ApplicationFilterChain.java:162) [tomcat-embed-core-9.0.43.jar!/:9.0.43]
	at org.springframework.boot.actuate.metrics.web.servlet.WebMvcMetricsFilter.doFilterInternal(WebMvcMetricsFilter.java:93) [spring-boot-actuator-2.4.3.jar!/:2.4.3]
	at org.springframework.web.filter.OncePerRequestFilter.doFilter(OncePerRequestFilter.java:117) [spring-web-5.3.18.jar!/:5.3.18]
	at org.apache.catalina.core.ApplicationFilterChain.internalDoFilter(ApplicationFilterChain.java:189) [tomcat-embed-core-9.0.43.jar!/:9.0.43]
	at org.apache.catalina.core.ApplicationFilterChain.doFilter(ApplicationFilterChain.java:162) [tomcat-embed-core-9.0.43.jar!/:9.0.43]
	at org.springframework.web.filter.CharacterEncodingFilter.doFilterInternal(CharacterEncodingFilter.java:201) [spring-web-5.3.18.jar!/:5.3.18]
	at org.springframework.web.filter.OncePerRequestFilter.doFilter(OncePerRequestFilter.java:117) [spring-web-5.3.18.jar!/:5.3.18]
	at org.apache.catalina.core.ApplicationFilterChain.internalDoFilter(ApplicationFilterChain.java:189) [tomcat-embed-core-9.0.43.jar!/:9.0.43]
	at org.apache.catalina.core.ApplicationFilterChain.doFilter(ApplicationFilterChain.java:162) [tomcat-embed-core-9.0.43.jar!/:9.0.43]
	at org.apache.catalina.core.StandardWrapperValve.invoke(StandardWrapperValve.java:202) [tomcat-embed-core-9.0.43.jar!/:9.0.43]
	at org.apache.catalina.core.StandardContextValve.invoke(StandardContextValve.java:97) [tomcat-embed-core-9.0.43.jar!/:9.0.43]
	at org.apache.catalina.authenticator.AuthenticatorBase.invoke(AuthenticatorBase.java:542) [tomcat-embed-core-9.0.43.jar!/:9.0.43]
	at org.apache.catalina.core.StandardHostValve.invoke(StandardHostValve.java:143) [tomcat-embed-core-9.0.43.jar!/:9.0.43]
	at org.apache.catalina.valves.ErrorReportValve.invoke(ErrorReportValve.java:92) [tomcat-embed-core-9.0.43.jar!/:9.0.43]
	at org.apache.catalina.core.StandardEngineValve.invoke(StandardEngineValve.java:78) [tomcat-embed-core-9.0.43.jar!/:9.0.43]
	at org.apache.catalina.valves.RemoteIpValve.invoke(RemoteIpValve.java:764) [tomcat-embed-core-9.0.43.jar!/:9.0.43]
	at org.apache.catalina.connector.CoyoteAdapter.service(CoyoteAdapter.java:346) [tomcat-embed-core-9.0.43.jar!/:9.0.43]
	at org.apache.coyote.http11.Http11Processor.service(Http11Processor.java:374) [tomcat-embed-core-9.0.43.jar!/:9.0.43]
	at org.apache.coyote.AbstractProcessorLight.process(AbstractProcessorLight.java:65) [tomcat-embed-core-9.0.43.jar!/:9.0.43]
	at org.apache.coyote.AbstractProtocol$ConnectionHandler.process(AbstractProtocol.java:887) [tomcat-embed-core-9.0.43.jar!/:9.0.43]
	at org.apache.tomcat.util.net.NioEndpoint$SocketProcessor.doRun(NioEndpoint.java:1684) [tomcat-embed-core-9.0.43.jar!/:9.0.43]
	at org.apache.tomcat.util.net.SocketProcessorBase.run(SocketProcessorBase.java:49) [tomcat-embed-core-9.0.43.jar!/:9.0.43]
	at java.util.concurrent.ThreadPoolExecutor.runWorker(ThreadPoolExecutor.java:1149) [na:1.8.0_452]
	at java.util.concurrent.ThreadPoolExecutor$Worker.run(ThreadPoolExecutor.java:624) [na:1.8.0_452]
	at org.apache.tomcat.util.threads.TaskThread$WrappingRunnable.run(TaskThread.java:61) [tomcat-embed-core-9.0.43.jar!/:9.0.43]
	at java.lang.Thread.run(Thread.java:750) [na:1.8.0_452]
Caused by: org.hibernate.exception.DataException: could not extract ResultSet
	at org.hibernate.exception.internal.SQLStateConversionDelegate.convert(SQLStateConversionDelegate.java:115) ~[hibernate-core-5.4.28.Final.jar!/:5.4.28.Final]
	at org.hibernate.exception.internal.StandardSQLExceptionConverter.convert(StandardSQLExceptionConverter.java:42) ~[hibernate-core-5.4.28.Final.jar!/:5.4.28.Final]
	at org.hibernate.engine.jdbc.spi.SqlExceptionHelper.convert(SqlExceptionHelper.java:113) ~[hibernate-core-5.4.28.Final.jar!/:5.4.28.Final]
	at org.hibernate.engine.jdbc.spi.SqlExceptionHelper.convert(SqlExceptionHelper.java:99) ~[hibernate-core-5.4.28.Final.jar!/:5.4.28.Final]
	at org.hibernate.engine.jdbc.internal.ResultSetReturnImpl.extract(ResultSetReturnImpl.java:67) ~[hibernate-core-5.4.28.Final.jar!/:5.4.28.Final]
	at org.hibernate.loader.Loader.getResultSet(Loader.java:2303) ~[hibernate-core-5.4.28.Final.jar!/:5.4.28.Final]
	at org.hibernate.loader.Loader.executeQueryStatement(Loader.java:2056) ~[hibernate-core-5.4.28.Final.jar!/:5.4.28.Final]
	at org.hibernate.loader.Loader.executeQueryStatement(Loader.java:2018) ~[hibernate-core-5.4.28.Final.jar!/:5.4.28.Final]
	at org.hibernate.loader.Loader.doQuery(Loader.java:948) ~[hibernate-core-5.4.28.Final.jar!/:5.4.28.Final]
	at org.hibernate.loader.Loader.doQueryAndInitializeNonLazyCollections(Loader.java:349) ~[hibernate-core-5.4.28.Final.jar!/:5.4.28.Final]
	at org.hibernate.loader.Loader.doList(Loader.java:2849) ~[hibernate-core-5.4.28.Final.jar!/:5.4.28.Final]
	at org.hibernate.loader.Loader.doList(Loader.java:2831) ~[hibernate-core-5.4.28.Final.jar!/:5.4.28.Final]
	at org.hibernate.loader.Loader.listIgnoreQueryCache(Loader.java:2663) ~[hibernate-core-5.4.28.Final.jar!/:5.4.28.Final]
	at org.hibernate.loader.Loader.list(Loader.java:2658) ~[hibernate-core-5.4.28.Final.jar!/:5.4.28.Final]
	at org.hibernate.loader.custom.CustomLoader.list(CustomLoader.java:338) ~[hibernate-core-5.4.28.Final.jar!/:5.4.28.Final]
	at org.hibernate.internal.SessionImpl.listCustomQuery(SessionImpl.java:2141) ~[hibernate-core-5.4.28.Final.jar!/:5.4.28.Final]
	at org.hibernate.internal.AbstractSharedSessionContract.list(AbstractSharedSessionContract.java:1172) ~[hibernate-core-5.4.28.Final.jar!/:5.4.28.Final]
	at org.hibernate.query.internal.NativeQueryImpl.doList(NativeQueryImpl.java:176) ~[hibernate-core-5.4.28.Final.jar!/:5.4.28.Final]
	at org.hibernate.query.internal.AbstractProducedQuery.list(AbstractProducedQuery.java:1593) ~[hibernate-core-5.4.28.Final.jar!/:5.4.28.Final]
	at org.hibernate.query.Query.getResultList(Query.java:165) ~[hibernate-core-5.4.28.Final.jar!/:5.4.28.Final]
	at org.springframework.data.jpa.repository.query.JpaQueryExecution$CollectionExecution.doExecute(JpaQueryExecution.java:126) ~[spring-data-jpa-2.4.5.jar!/:2.4.5]
	at org.springframework.data.jpa.repository.query.JpaQueryExecution.execute(JpaQueryExecution.java:88) ~[spring-data-jpa-2.4.5.jar!/:2.4.5]
	at org.springframework.data.jpa.repository.query.AbstractJpaQuery.doExecute(AbstractJpaQuery.java:155) ~[spring-data-jpa-2.4.5.jar!/:2.4.5]
	at org.springframework.data.jpa.repository.query.AbstractJpaQuery.execute(AbstractJpaQuery.java:143) ~[spring-data-jpa-2.4.5.jar!/:2.4.5]
	at org.springframework.data.repository.core.support.RepositoryMethodInvoker.doInvoke(RepositoryMethodInvoker.java:137) ~[spring-data-commons-2.4.5.jar!/:2.4.5]
	at org.springframework.data.repository.core.support.RepositoryMethodInvoker.invoke(RepositoryMethodInvoker.java:121) ~[spring-data-commons-2.4.5.jar!/:2.4.5]
	at org.springframework.data.repository.core.support.QueryExecutorMethodInterceptor.doInvoke(QueryExecutorMethodInterceptor.java:152) ~[spring-data-commons-2.4.5.jar!/:2.4.5]
	at org.springframework.data.repository.core.support.QueryExecutorMethodInterceptor.invoke(QueryExecutorMethodInterceptor.java:131) ~[spring-data-commons-2.4.5.jar!/:2.4.5]
	at org.springframework.aop.framework.ReflectiveMethodInvocation.proceed(ReflectiveMethodInvocation.java:186) ~[spring-aop-5.3.18.jar!/:5.3.18]
	at org.springframework.transaction.interceptor.TransactionInterceptor$1.proceedWithInvocation(TransactionInterceptor.java:123) ~[spring-tx-5.3.18.jar!/:5.3.18]
	at org.springframework.transaction.interceptor.TransactionAspectSupport.invokeWithinTransaction(TransactionAspectSupport.java:388) ~[spring-tx-5.3.18.jar!/:5.3.18]
	at org.springframework.transaction.interceptor.TransactionInterceptor.invoke(TransactionInterceptor.java:119) ~[spring-tx-5.3.18.jar!/:5.3.18]
	at org.springframework.aop.framework.ReflectiveMethodInvocation.proceed(ReflectiveMethodInvocation.java:186) ~[spring-aop-5.3.18.jar!/:5.3.18]
	at org.springframework.dao.support.PersistenceExceptionTranslationInterceptor.invoke(PersistenceExceptionTranslationInterceptor.java:137) ~[spring-tx-5.3.18.jar!/:5.3.18]
	... 140 common frames omitted
Caused by: org.postgresql.util.PSQLException: ERROR: more than one row returned by a subquery used as an expression
	at org.postgresql.core.v3.QueryExecutorImpl.receiveErrorResponse(QueryExecutorImpl.java:2553) ~[postgresql-42.2.19.jar!/:42.2.19]
	at org.postgresql.core.v3.QueryExecutorImpl.processResults(QueryExecutorImpl.java:2285) ~[postgresql-42.2.19.jar!/:42.2.19]
	at org.postgresql.core.v3.QueryExecutorImpl.execute(QueryExecutorImpl.java:323) ~[postgresql-42.2.19.jar!/:42.2.19]
	at org.postgresql.jdbc.PgStatement.executeInternal(PgStatement.java:481) ~[postgresql-42.2.19.jar!/:42.2.19]
	at org.postgresql.jdbc.PgStatement.execute(PgStatement.java:401) ~[postgresql-42.2.19.jar!/:42.2.19]
	at org.postgresql.jdbc.PgPreparedStatement.executeWithFlags(PgPreparedStatement.java:164) ~[postgresql-42.2.19.jar!/:42.2.19]
	at org.postgresql.jdbc.PgPreparedStatement.executeQuery(PgPreparedStatement.java:114) ~[postgresql-42.2.19.jar!/:42.2.19]
	at com.zaxxer.hikari.pool.ProxyPreparedStatement.executeQuery(ProxyPreparedStatement.java:52) ~[HikariCP-4.0.3.jar!/:na]
	at com.zaxxer.hikari.pool.HikariProxyPreparedStatement.executeQuery(HikariProxyPreparedStatement.java) ~[HikariCP-4.0.3.jar!/:na]
	at com.p6spy.engine.wrapper.PreparedStatementWrapper.executeQuery(PreparedStatementWrapper.java:78) ~[p6spy-3.9.0.jar!/:na]
	at org.hibernate.engine.jdbc.internal.ResultSetReturnImpl.extract(ResultSetReturnImpl.java:57) ~[hibernate-core-5.4.28.Final.jar!/:5.4.28.Final]
	... 169 common frames omitted

